
Note: Compatibility modes selected: hs a

Warning: m=xx on .subckt line will override multiplier m hierarchy!


Circuit: * a44 actual analog core with fixed tt timed behavioral sar control.

Reducing trtol to 1 for xspice 'A' devices
Doing analysis at TEMP = 27.000000 and TNOM = 27.000000

Using SPARSE 1.3 as Direct Linear Solver

Initial Transient Solution
--------------------------

Node                                   Voltage
----                                   -------
vdd                                        3.3
vrefp_src                                  2.5
vrefp                                      2.5
vrefp_cap                                  2.5
vrefn_src                                  0.8
vrefn                                      0.8
vrefn_cap                                  0.8
vinp_src                               2.29142
vinn_src                               1.00858
vinp                                   2.29142
vinn                                   1.00858
clks_src                                     0
clks                                         0
cmp_noise                          -0.00228858
xcore.xcdacp.vbot1                         2.5
dctrlp1                                      0
xcore.vresp_raw                    0.000981506
xcore.xcdacp.vbot2                         2.5
dctrlp2                                      0
xcore.xcdacp.vbot3                         2.5
dctrlp3                                      0
xcore.xcdacp.vbot4                         2.5
dctrlp4                                      0
xcore.xcdacp.vbot5                         2.5
dctrlp5                                      0
xcore.xcdacp.vbot6                         2.5
dctrlp6                                      0
xcore.xcdacp.vbot7                         2.5
dctrlp7                                      0
xcore.xcdacp.x1.clksb                      3.3
xcore.xcdacp.x1.net2               1.50432e-10
xcore.xcdacp.x1.net1                       3.3
xcore.xcdacp.x1.bottom_gate        6.15694e-09
xcore.xcdacp.x1.net4               3.09523e-09
xcore.xcdacp.x1.net3                       3.3
xcore.xcdacn.vbot1                         2.5
dctrln1                                      0
xcore.vresn_raw                    3.65677e-05
xcore.xcdacn.vbot2                         2.5
dctrln2                                      0
xcore.xcdacn.vbot3                         2.5
dctrln3                                      0
xcore.xcdacn.vbot4                         2.5
dctrln4                                      0
xcore.xcdacn.vbot5                         2.5
dctrln5                                      0
xcore.xcdacn.vbot6                         2.5
dctrln6                                      0
xcore.xcdacn.vbot7                         2.5
dctrln7                                      0
xcore.xcdacn.x1.clksb                      3.3
xcore.xcdacn.x1.net2               1.17463e-10
xcore.xcdacn.x1.net1                       3.3
xcore.xcdacn.x1.bottom_gate        6.15988e-09
xcore.xcdacn.x1.net4                3.0755e-09
xcore.xcdacn.x1.net3                       3.3
vresp                             -0.000162783
vresn                               0.00118086
xcore.xcmp.net1                      0.0216833
cmpck                                        0
xcore.xcmp.xp                              3.3
xcore.xcmp.xn                              3.3
xcore.xcmp.ln                              3.3
xcore.xcmp.lp                              3.3
dcmpn                              3.66619e-09
dcmpp                              3.65776e-09
sampled_diff                       -0.00134364
input_diff                             1.28284
cmpck_drv                                    0
dctrlp7_drv                                  0
dctrlp6_drv                                  0
dctrlp5_drv                                  0
dctrlp4_drv                                  0
dctrlp3_drv                                  0
dctrlp2_drv                                  0
dctrlp1_drv                                  0
dctrln7_drv                                  0
dctrln6_drv                                  0
dctrln5_drv                                  0
dctrln4_drv                                  0
dctrln3_drv                                  0
dctrln2_drv                                  0
dctrln1_drv                                  0
dout7_drv                                    0
dout6_drv                                    0
dout5_drv                                    0
dout4_drv                                    0
dout3_drv                                    0
dout2_drv                                    0
dout1_drv                                    0
dout0_drv                                    0
eoc                                          0
invalid0                                     0
timeout0                                     0
complete                                     0
dout7_rx                                     0
dout6_rx                                     0
dout5_rx                                     0
dout4_rx                                     0
dout3_rx                                     0
dout2_rx                                     0
dout1_rx                                     0
dout0_rx                                     0
e_input_diff#branch               -1.28284e-10
e_sample_diff#branch               1.34364e-13
e.xcore.e_cmp_noise_n#branch      -1.18086e-13
e.xcore.e_cmp_noise_p#branch       1.62783e-14
vcmp_noise#branch                  2.28858e-13
vclks_id#branch                              0
vvinn_id#branch                   -4.15668e-10
vvinp_id#branch                   -9.44289e-10
vvrefn_id#branch                  -1.76652e-09
vvrefp_id#branch                  -1.52074e-08
vvdd#branch                       -1.77526e-08
a_status#branch_1_0                          0
a_status#branch_1_1                          0
a_status#branch_1_2                          0
a_status#branch_1_3                          0
a_dout#branch_1_0                            0
a_dout#branch_1_1                            0
a_dout#branch_1_2                            0
a_dout#branch_1_3                            0
a_dout#branch_1_4                            0
a_dout#branch_1_5                            0
a_dout#branch_1_6                            0
a_dout#branch_1_7                            0
a_dctrln#branch_1_0                          0
a_dctrln#branch_1_1                          0
a_dctrln#branch_1_2                          0
a_dctrln#branch_1_3                          0
a_dctrln#branch_1_4                          0
a_dctrln#branch_1_5                          0
a_dctrln#branch_1_6                          0
a_dctrlp#branch_1_0                          0
a_dctrlp#branch_1_1                          0
a_dctrlp#branch_1_2                          0
a_dctrlp#branch_1_3                          0
a_dctrlp#branch_1_4                          0
a_dctrlp#branch_1_5                          0
a_dctrlp#branch_1_6                          0
a_cmpck#branch_1_0                           0


Instance: abeh   Message: WARNING: output scheduled with impossible delay (-4.01e-12) at 5.01e-12/0.

Instance: abeh   Message: XSPICE time is behind vtime:
XSPICE 2.005179413585739e-07
Cosim  2.00548e-07

Instance: abeh   Message: XSPICE time is behind vtime:
XSPICE 7.005163433710528e-07
Cosim  7.0055e-07

Instance: abeh   Message: XSPICE time is behind vtime:
XSPICE 1.200533914453126e-06
Cosim  1.20055e-06

Instance: abeh   Message: XSPICE time is behind vtime:
XSPICE 2.200534004299044e-06
Cosim  2.200541e-06

Instance: abeh   Message: XSPICE time is behind vtime:
XSPICE 2.700522676048355e-06
Cosim  2.700556e-06

Instance: abeh   Message: XSPICE time is behind vtime:
XSPICE 3.200515833515098e-06
Cosim  3.200548e-06

Instance: abeh   Message: XSPICE time is behind vtime:
XSPICE 4.700529203565414e-06
Cosim  4.700555e-06

Instance: abeh   Message: XSPICE time is behind vtime:
XSPICE 5.200514343376561e-06
Cosim  5.200548e-06

Instance: abeh   Message: XSPICE time is behind vtime:
XSPICE 5.700527551874937e-06
Cosim  5.700549e-06

Instance: abeh   Message: XSPICE time is behind vtime:
XSPICE 7.200518676037799e-06
Cosim  7.200552e-06

Instance: abeh   Message: XSPICE time is behind vtime:
XSPICE 7.700522676039476e-06
Cosim  7.700556e-06

Instance: abeh   Message: XSPICE time is behind vtime:
XSPICE 9.200528066042741e-06
Cosim  9.200549e-06

Instance: abeh   Message: XSPICE time is behind vtime:
XSPICE 9.700514343375308e-06
Cosim  9.700547999999999e-06

Instance: abeh   Message: XSPICE time is behind vtime:
XSPICE 1.020050475490163e-05
Cosim  1.0200531e-05

Instance: abeh   Message: XSPICE time is behind vtime:
XSPICE 1.170051616828865e-05
Cosim  1.1700548e-05

Instance: abeh   Message: XSPICE time is behind vtime:
XSPICE 1.220052267604822e-05
Cosim  1.2200556e-05

Instance: abeh   Message: XSPICE time is behind vtime:
XSPICE 1.270052936100934e-05
Cosim  1.2700537e-05

Instance: abeh   Message: XSPICE time is behind vtime:
XSPICE 1.370053547705833e-05
Cosim  1.3700551e-05

Instance: abeh   Message: XSPICE time is behind vtime:
XSPICE 1.420051634337249e-05
Cosim  1.420055e-05

Instance: abeh   Message: XSPICE time is behind vtime:
XSPICE 1.470051655488239e-05
Cosim  1.4700547e-05

Instance: abeh   Message: XSPICE time is behind vtime:
XSPICE 1.620051990876139e-05
Cosim  1.6200548e-05

Instance: abeh   Message: XSPICE time is behind vtime:
XSPICE 1.67005176760559e-05
Cosim  1.6700551e-05

Instance: abeh   Message: XSPICE time is behind vtime:
XSPICE 1.720053631195583e-05
Cosim  1.720055e-05

Instance: abeh   Message: XSPICE time is behind vtime:
XSPICE 1.820053138225467e-05
Cosim  1.8200541e-05

Instance: abeh   Message: XSPICE time is behind vtime:
XSPICE 1.870049734336412e-05
Cosim  1.8700531e-05

Instance: abeh   Message: XSPICE time is behind vtime:
XSPICE 1.92005143433507e-05
Cosim  1.9200548e-05

Instance: abeh   Message: XSPICE time is behind vtime:
XSPICE 2.070053129789214e-05
Cosim  2.0700555e-05

Instance: abeh   Message: XSPICE time is behind vtime:
XSPICE 2.120051567606082e-05
Cosim  2.1200549e-05

Instance: abeh   Message: XSPICE time is behind vtime:
XSPICE 2.170052978808823e-05
Cosim  2.1700549e-05

Instance: abeh   Message: XSPICE time is behind vtime:
XSPICE 2.320052334335745e-05
Cosim  2.3200557e-05

Instance: abeh   Message: XSPICE time is behind vtime:
XSPICE 2.370050034335697e-05
Cosim  2.3700534e-05

Instance: abeh   Message: XSPICE time is behind vtime:
XSPICE 2.520053032584114e-05
Cosim  2.5200549e-05

Instance: abeh   Message: XSPICE time is behind vtime:
XSPICE 2.570051567605895e-05
Cosim  2.5700549e-05

Instance: abeh   Message: XSPICE time is behind vtime:
XSPICE 2.620050683255839e-05
Cosim  2.6200531e-05

Instance: abeh   Message: XSPICE time is behind vtime:
XSPICE 2.770051434335121e-05
Cosim  2.7700548e-05

Instance: abeh   Message: XSPICE time is behind vtime:
XSPICE 2.820049634336558e-05
Cosim  2.820053e-05

Instance: abeh   Message: XSPICE time is behind vtime:
XSPICE 2.870052777086755e-05
Cosim  2.8700538e-05

Instance: abeh   Message: XSPICE time is behind vtime:
XSPICE 2.970053789660412e-05
Cosim  2.9700551e-05

Instance: abeh   Message: XSPICE time is behind vtime:
XSPICE 3.020051867605386e-05
Cosim  3.0200552e-05

Instance: abeh   Message: XSPICE time is behind vtime:
XSPICE 3.070052250015034e-05
Cosim  3.0700551e-05

Instance: abeh   Message: XSPICE time is behind vtime:
XSPICE 3.220051794141747e-05
Cosim  3.2200548e-05

Instance: abeh   Message: XSPICE time is behind vtime:
XSPICE 3.270051634336902e-05
Cosim  3.270055e-05

Instance: abeh   Message: XSPICE time is behind vtime:
XSPICE 3.320053391372575e-05
Cosim  3.320055e-05

No. of Data Rows : 735146
f000_d7             =  3.30000e+00
f000_d6             =  3.30000e+00
f000_d5             =  3.30000e+00
f000_d4             =  0.00000e+00
f000_d3             =  0.00000e+00
f000_d2             =  0.00000e+00
f000_d1             =  0.00000e+00
f000_d0             =  0.00000e+00
f000_complete       =  3.30000e+00
f000_invalid        =  0.00000e+00
f000_timeout        =  0.00000e+00
f000_sampled        =  1.28055e+00
f000_input          =  1.28284e+00
f000_tcomplete      =  3.75498e-07
f001_d7             =  3.30000e+00
f001_d6             =  3.30000e+00
f001_d5             =  3.30000e+00
f001_d4             =  0.00000e+00
f001_d3             =  3.30000e+00
f001_d2             =  3.30000e+00
f001_d1             =  3.30000e+00
f001_d0             =  3.30000e+00
f001_complete       =  3.30000e+00
f001_invalid        =  0.00000e+00
f001_timeout        =  0.00000e+00
f001_sampled        =  1.48343e+00
f001_input          =  1.48481e+00
f001_tcomplete      =  8.75500e-07
f002_d7             =  3.30000e+00
f002_d6             =  3.30000e+00
f002_d5             =  5.28721e-297
f002_d4             =  0.00000e+00
f002_d3             =  3.30000e+00
f002_d2             =  3.30000e+00
f002_d1             =  5.28721e-297
f002_d0             =  5.28721e-297
f002_complete       =  3.30000e+00
f002_invalid        =  0.00000e+00
f002_timeout        =  0.00000e+00
f002_sampled        =  1.01257e+00
f002_input          =  1.01267e+00
f002_tcomplete      =  1.37550e-06
f003_d7             =  3.30000e+00
f003_d6             =  4.97347e-297
f003_d5             =  4.08882e-312
f003_d4             =  0.00000e+00
f003_d3             =  4.97347e-297
f003_d2             =  3.30000e+00
f003_d1             =  3.30000e+00
f003_d0             =  4.08882e-312
f003_complete       =  3.30000e+00
f003_invalid        =  0.00000e+00
f003_timeout        =  0.00000e+00
f003_sampled        =  7.97839e-02
f003_input          =  8.09162e-02
f003_tcomplete      =  1.87550e-06
f004_d7             =  4.77937e-297
f004_d6             =  4.08882e-312
f004_d5             =  3.30000e+00
f004_d4             =  3.30000e+00
f004_d3             =  3.30000e+00
f004_d2             =  3.30000e+00
f004_d1             =  4.77937e-297
f004_d0             =  4.08882e-312
f004_complete       =  3.30000e+00
f004_invalid        =  0.00000e+00
f004_timeout        =  0.00000e+00
f004_sampled        =  -8.88686e-01
f004_input          =  -8.87524e-01
f004_tcomplete      =  2.37549e-06
f005_d7             =  4.08882e-312
f005_d6             =  4.08882e-312
f005_d5             =  5.25480e-297
f005_d4             =  3.30000e+00
f005_d3             =  5.25480e-297
f005_d2             =  5.25480e-297
f005_d1             =  3.30000e+00
f005_d0             =  4.08882e-312
f005_complete       =  3.30000e+00
f005_invalid        =  0.00000e+00
f005_timeout        =  0.00000e+00
f005_sampled        =  -1.45297e+00
f005_input          =  -1.45325e+00
f005_tcomplete      =  2.87551e-06
f006_d7             =  4.08882e-312
f006_d6             =  4.08882e-312
f006_d5             =  4.08882e-312
f006_d4             =  3.30000e+00
f006_d3             =  3.30000e+00
f006_d2             =  4.08882e-312
f006_d1             =  5.04598e-297
f006_d0             =  3.30000e+00
f006_complete       =  3.30000e+00
f006_invalid        =  0.00000e+00
f006_timeout        =  0.00000e+00
f006_sampled        =  -1.35602e+00
f006_input          =  -1.35906e+00
f006_tcomplete      =  3.37550e-06
f007_d7             =  4.08882e-312
f007_d6             =  3.30000e+00
f007_d5             =  4.08882e-312
f007_d4             =  5.02734e-297
f007_d3             =  3.30000e+00
f007_d2             =  3.30000e+00
f007_d1             =  3.30000e+00
f007_d0             =  5.02734e-297
f007_complete       =  3.30000e+00
f007_invalid        =  0.00000e+00
f007_timeout        =  0.00000e+00
f007_sampled        =  -6.47400e-01
f007_input          =  -6.48016e-01
f007_tcomplete      =  3.87550e-06
f008_d7             =  3.30000e+00
f008_d6             =  5.07538e-297
f008_d5             =  4.08882e-312
f008_d4             =  3.30000e+00
f008_d3             =  3.30000e+00
f008_d2             =  5.07538e-297
f008_d1             =  3.30000e+00
f008_d0             =  4.08882e-312
f008_complete       =  3.30000e+00
f008_invalid        =  0.00000e+00
f008_timeout        =  0.00000e+00
f008_sampled        =  3.58315e-01
f008_input          =  3.57335e-01
f008_tcomplete      =  4.37550e-06
f009_d7             =  3.30000e+00
f009_d6             =  3.30000e+00
f009_d5             =  4.08882e-312
f009_d4             =  3.30000e+00
f009_d3             =  3.30000e+00
f009_d2             =  4.08882e-312
f009_d1             =  3.30000e+00
f009_d0             =  4.08882e-312
f009_complete       =  3.30000e+00
f009_invalid        =  0.00000e+00
f009_timeout        =  0.00000e+00
f009_sampled        =  1.19892e+00
f009_input          =  1.20046e+00
f009_tcomplete      =  4.87551e-06
f010_d7             =  3.30000e+00
f010_d6             =  3.30000e+00
f010_d5             =  3.30000e+00
f010_d4             =  3.30000e+00
f010_d3             =  4.97633e-297
f010_d2             =  4.08882e-312
f010_d1             =  4.97633e-297
f010_d0             =  4.08882e-312
f010_complete       =  3.30000e+00
f010_invalid        =  0.00000e+00
f010_timeout        =  0.00000e+00
f010_sampled        =  1.49897e+00
f010_input          =  1.49857e+00
f010_tcomplete      =  5.37550e-06
f011_d7             =  3.30000e+00
f011_d6             =  3.30000e+00
f011_d5             =  5.03144e-297
f011_d4             =  3.30000e+00
f011_d3             =  4.08882e-312
f011_d2             =  3.30000e+00
f011_d1             =  4.08882e-312
f011_d0             =  4.08882e-312
f011_complete       =  3.30000e+00
f011_invalid        =  0.00000e+00
f011_timeout        =  0.00000e+00
f011_sampled        =  1.11489e+00
f011_input          =  1.11636e+00
f011_tcomplete      =  5.87550e-06
f012_d7             =  3.30000e+00
f012_d6             =  5.25006e-297
f012_d5             =  4.08882e-312
f012_d4             =  3.30000e+00
f012_d3             =  4.08882e-312
f012_d2             =  5.25006e-297
f012_d1             =  4.08882e-312
f012_d0             =  3.30000e+00
f012_complete       =  3.30000e+00
f012_invalid        =  0.00000e+00
f012_timeout        =  0.00000e+00
f012_sampled        =  2.26075e-01
f012_input          =  2.27357e-01
f012_tcomplete      =  6.37550e-06
f013_d7             =  4.90305e-297
f013_d6             =  3.30000e+00
f013_d5             =  4.08882e-312
f013_d4             =  4.90305e-297
f013_d3             =  4.08882e-312
f013_d2             =  3.30000e+00
f013_d1             =  4.08882e-312
f013_d0             =  3.30000e+00
f013_complete       =  3.30000e+00
f013_invalid        =  0.00000e+00
f013_timeout        =  0.00000e+00
f013_sampled        =  -7.65445e-01
f013_input          =  -7.64798e-01
f013_tcomplete      =  6.87550e-06
f014_d7             =  4.08882e-312
f014_d6             =  5.10832e-297
f014_d5             =  4.08882e-312
f014_d4             =  3.30000e+00
f014_d3             =  4.08882e-312
f014_d2             =  3.30000e+00
f014_d1             =  4.08882e-312
f014_d0             =  3.30000e+00
f014_complete       =  3.30000e+00
f014_invalid        =  0.00000e+00
f014_timeout        =  0.00000e+00
f014_sampled        =  -1.40739e+00
f014_input          =  -1.40991e+00
f014_tcomplete      =  7.37550e-06
f015_d7             =  4.08882e-312
f015_d6             =  4.08882e-312
f015_d5             =  4.08882e-312
f015_d4             =  3.30000e+00
f015_d3             =  4.08882e-312
f015_d2             =  3.30000e+00
f015_d1             =  4.08882e-312
f015_d0             =  3.30000e+00
f015_complete       =  3.30000e+00
f015_invalid        =  0.00000e+00
f015_timeout        =  0.00000e+00
f015_sampled        =  -1.41427e+00
f015_input          =  -1.41468e+00
f015_tcomplete      =  7.87551e-06
f016_d7             =  4.08882e-312
f016_d6             =  3.30000e+00
f016_d5             =  4.08882e-312
f016_d4             =  4.97835e-297
f016_d3             =  4.08882e-312
f016_d2             =  3.30000e+00
f016_d1             =  4.08882e-312
f016_d0             =  3.30000e+00
f016_complete       =  3.30000e+00
f016_invalid        =  0.00000e+00
f016_timeout        =  0.00000e+00
f016_sampled        =  -7.80792e-01
f016_input          =  -7.77407e-01
f016_tcomplete      =  8.37550e-06
f017_d7             =  3.30000e+00
f017_d6             =  5.19217e-297
f017_d5             =  4.08882e-312
f017_d4             =  3.30000e+00
f017_d3             =  4.08882e-312
f017_d2             =  5.19217e-297
f017_d1             =  4.08882e-312
f017_d0             =  5.19217e-297
f017_complete       =  3.30000e+00
f017_invalid        =  0.00000e+00
f017_timeout        =  0.00000e+00
f017_sampled        =  2.15530e-01
f017_input          =  2.12752e-01
f017_tcomplete      =  8.87550e-06
f018_d7             =  3.30000e+00
f018_d6             =  3.30000e+00
f018_d5             =  4.08882e-312
f018_d4             =  3.30000e+00
f018_d3             =  4.08882e-312
f018_d2             =  4.08882e-312
f018_d1             =  3.30000e+00
f018_d0             =  3.30000e+00
f018_complete       =  3.30000e+00
f018_invalid        =  0.00000e+00
f018_timeout        =  0.00000e+00
f018_sampled        =  1.10573e+00
f018_input          =  1.10645e+00
f018_tcomplete      =  9.37550e-06
f019_d7             =  3.30000e+00
f019_d6             =  3.30000e+00
f019_d5             =  3.30000e+00
f019_d4             =  3.30000e+00
f019_d3             =  4.08882e-312
f019_d2             =  4.08882e-312
f019_d1             =  5.00164e-297
f019_d0             =  5.00164e-297
f019_complete       =  3.30000e+00
f019_invalid        =  0.00000e+00
f019_timeout        =  0.00000e+00
f019_sampled        =  1.49725e+00
f019_input          =  1.49775e+00
f019_tcomplete      =  9.87550e-06
f020_d7             =  3.30000e+00
f020_d6             =  3.30000e+00
f020_d5             =  4.46750e-297
f020_d4             =  3.30000e+00
f020_d3             =  3.30000e+00
f020_d2             =  4.08882e-312
f020_d1             =  3.30000e+00
f020_d0             =  3.30000e+00
f020_complete       =  3.30000e+00
f020_invalid        =  0.00000e+00
f020_timeout        =  0.00000e+00
f020_sampled        =  1.20922e+00
f020_input          =  1.20911e+00
f020_tcomplete      =  1.03755e-05
f021_d7             =  3.30000e+00
f021_d6             =  4.53591e-297
f021_d5             =  4.08882e-312
f021_d4             =  3.30000e+00
f021_d3             =  3.30000e+00
f021_d2             =  3.30000e+00
f021_d1             =  4.53591e-297
f021_d0             =  4.53591e-297
f021_complete       =  3.30000e+00
f021_invalid        =  0.00000e+00
f021_timeout        =  0.00000e+00
f021_sampled        =  3.72220e-01
f021_input          =  3.71720e-01
f021_tcomplete      =  1.08755e-05
f022_d7             =  4.49933e-297
f022_d6             =  3.30000e+00
f022_d5             =  4.08882e-312
f022_d4             =  4.49933e-297
f022_d3             =  3.30000e+00
f022_d2             =  3.30000e+00
f022_d1             =  3.30000e+00
f022_d0             =  3.30000e+00
f022_complete       =  3.30000e+00
f022_invalid        =  0.00000e+00
f022_timeout        =  0.00000e+00
f022_sampled        =  -6.33529e-01
f022_input          =  -6.34564e-01
f022_tcomplete      =  1.13755e-05
f023_d7             =  4.08882e-312
f023_d6             =  4.99872e-297
f023_d5             =  4.08882e-312
f023_d4             =  3.30000e+00
f023_d3             =  3.30000e+00
f023_d2             =  4.99872e-297
f023_d1             =  4.99872e-297
f023_d0             =  3.30000e+00
f023_complete       =  3.30000e+00
f023_invalid        =  0.00000e+00
f023_timeout        =  0.00000e+00
f023_sampled        =  -1.35162e+00
f023_input          =  -1.35280e+00
f023_tcomplete      =  1.18755e-05
f024_d7             =  4.08882e-312
f024_d6             =  4.08882e-312
f024_d5             =  4.08882e-312
f024_d4             =  3.30000e+00
f024_d3             =  5.26949e-297
f024_d2             =  4.08882e-312
f024_d1             =  3.30000e+00
f024_d0             =  5.26949e-297
f024_complete       =  3.30000e+00
f024_invalid        =  0.00000e+00
f024_timeout        =  0.00000e+00
f024_sampled        =  -1.45937e+00
f024_input          =  -1.45680e+00
f024_tcomplete      =  1.23755e-05
f025_d7             =  4.08882e-312
f025_d6             =  4.08882e-312
f025_d5             =  3.30000e+00
f025_d4             =  3.30000e+00
f025_d3             =  3.30000e+00
f025_d2             =  3.30000e+00
f025_d1             =  4.69158e-297
f025_d0             =  4.08882e-312
f025_complete       =  3.30000e+00
f025_invalid        =  0.00000e+00
f025_timeout        =  0.00000e+00
f025_sampled        =  -8.99716e-01
f025_input          =  -8.99555e-01
f025_tcomplete      =  1.28755e-05
f026_d7             =  3.30000e+00
f026_d6             =  4.08882e-312
f026_d5             =  5.01203e-297
f026_d4             =  5.01203e-297
f026_d3             =  5.01203e-297
f026_d2             =  3.30000e+00
f026_d1             =  4.08882e-312
f026_d0             =  3.30000e+00
f026_complete       =  3.30000e+00
f026_invalid        =  0.00000e+00
f026_timeout        =  0.00000e+00
f026_sampled        =  6.57210e-02
f026_input          =  6.64327e-02
f026_tcomplete      =  1.33755e-05
f027_d7             =  3.30000e+00
f027_d6             =  3.30000e+00
f027_d5             =  4.08882e-312
f027_d4             =  4.08882e-312
f027_d3             =  3.30000e+00
f027_d2             =  5.07125e-297
f027_d1             =  3.30000e+00
f027_d0             =  3.30000e+00
f027_complete       =  3.30000e+00
f027_invalid        =  0.00000e+00
f027_timeout        =  0.00000e+00
f027_sampled        =  1.00234e+00
f027_input          =  1.00181e+00
f027_tcomplete      =  1.38755e-05
f028_d7             =  3.30000e+00
f028_d6             =  3.30000e+00
f028_d5             =  3.30000e+00
f028_d4             =  4.08882e-312
f028_d3             =  3.30000e+00
f028_d2             =  3.30000e+00
f028_d1             =  3.30000e+00
f028_d0             =  3.30000e+00
f028_complete       =  3.30000e+00
f028_invalid        =  0.00000e+00
f028_timeout        =  0.00000e+00
f028_sampled        =  1.48256e+00
f028_input          =  1.48266e+00
f028_tcomplete      =  1.43755e-05
f029_d7             =  3.30000e+00
f029_d6             =  3.30000e+00
f029_d5             =  3.30000e+00
f029_d4             =  4.08882e-312
f029_d3             =  5.19704e-297
f029_d2             =  5.19704e-297
f029_d1             =  5.19704e-297
f029_d0             =  3.30000e+00
f029_complete       =  3.30000e+00
f029_invalid        =  0.00000e+00
f029_timeout        =  0.00000e+00
f029_sampled        =  1.29171e+00
f029_input          =  1.29033e+00
f029_tcomplete      =  1.48755e-05
f030_d7             =  3.30000e+00
f030_d6             =  5.21505e-297
f030_d5             =  3.30000e+00
f030_d4             =  4.08882e-312
f030_d3             =  4.08882e-312
f030_d2             =  3.30000e+00
f030_d1             =  3.30000e+00
f030_d0             =  5.21505e-297
f030_complete       =  3.30000e+00
f030_invalid        =  0.00000e+00
f030_timeout        =  0.00000e+00
f030_sampled        =  5.15625e-01
f030_input          =  5.12218e-01
f030_tcomplete      =  1.53755e-05
f031_d7             =  4.59179e-297
f031_d6             =  3.30000e+00
f031_d5             =  4.59179e-297
f031_d4             =  3.30000e+00
f031_d3             =  3.30000e+00
f031_d2             =  4.59179e-297
f031_d1             =  3.30000e+00
f031_d0             =  4.08882e-312
f031_complete       =  3.30000e+00
f031_invalid        =  0.00000e+00
f031_timeout        =  0.00000e+00
f031_sampled        =  -4.97303e-01
f031_input          =  -4.98341e-01
f031_tcomplete      =  1.58755e-05
f032_d7             =  4.08882e-312
f032_d6             =  5.04602e-297
f032_d5             =  4.08882e-312
f032_d4             =  3.30000e+00
f032_d3             =  3.30000e+00
f032_d2             =  3.30000e+00
f032_d1             =  3.30000e+00
f032_d0             =  3.30000e+00
f032_complete       =  3.30000e+00
f032_invalid        =  0.00000e+00
f032_timeout        =  0.00000e+00
f032_sampled        =  -1.28289e+00
f032_input          =  -1.28273e+00
f032_tcomplete      =  1.63755e-05
f033_d7             =  4.08882e-312
f033_d6             =  4.08882e-312
f033_d5             =  4.08882e-312
f033_d4             =  5.14712e-297
f033_d3             =  3.30000e+00
f033_d2             =  3.30000e+00
f033_d1             =  3.30000e+00
f033_d0             =  3.30000e+00
f033_complete       =  3.30000e+00
f033_invalid        =  0.00000e+00
f033_timeout        =  0.00000e+00
f033_sampled        =  -1.48580e+00
f033_input          =  -1.48479e+00
f033_tcomplete      =  1.68755e-05
f034_d7             =  4.08882e-312
f034_d6             =  4.08882e-312
f034_d5             =  3.30000e+00
f034_d4             =  3.30000e+00
f034_d3             =  5.11453e-297
f034_d2             =  5.11453e-297
f034_d1             =  3.30000e+00
f034_d0             =  3.30000e+00
f034_complete       =  3.30000e+00
f034_invalid        =  0.00000e+00
f034_timeout        =  0.00000e+00
f034_sampled        =  -1.01310e+00
f034_input          =  -1.01288e+00
f034_tcomplete      =  1.73755e-05
f035_d7             =  4.08882e-312
f035_d6             =  3.30000e+00
f035_d5             =  3.30000e+00
f035_d4             =  3.30000e+00
f035_d3             =  3.30000e+00
f035_d2             =  4.08882e-312
f035_d1             =  4.91925e-297
f035_d0             =  3.30000e+00
f035_complete       =  3.30000e+00
f035_invalid        =  0.00000e+00
f035_timeout        =  0.00000e+00
f035_sampled        =  -8.10719e-02
f035_input          =  -8.08312e-02
f035_tcomplete      =  1.78755e-05
f036_d7             =  3.30000e+00
f036_d6             =  3.30000e+00
f036_d5             =  4.79782e-297
f036_d4             =  4.79782e-297
f036_d3             =  4.79782e-297
f036_d2             =  4.08882e-312
f036_d1             =  3.30000e+00
f036_d0             =  4.79782e-297
f036_complete       =  3.30000e+00
f036_invalid        =  0.00000e+00
f036_timeout        =  0.00000e+00
f036_sampled        =  8.88384e-01
f036_input          =  8.87623e-01
f036_tcomplete      =  1.83755e-05
f037_d7             =  3.30000e+00
f037_d6             =  3.30000e+00
f037_d5             =  3.30000e+00
f037_d4             =  4.08882e-312
f037_d3             =  3.30000e+00
f037_d2             =  3.30000e+00
f037_d1             =  4.46509e-297
f037_d0             =  3.30000e+00
f037_complete       =  3.30000e+00
f037_invalid        =  0.00000e+00
f037_timeout        =  0.00000e+00
f037_sampled        =  1.45212e+00
f037_input          =  1.45335e+00
f037_tcomplete      =  1.88755e-05
f038_d7             =  3.30000e+00
f038_d6             =  3.30000e+00
f038_d5             =  3.30000e+00
f038_d4             =  4.08882e-312
f038_d3             =  5.01854e-297
f038_d2             =  3.30000e+00
f038_d1             =  3.30000e+00
f038_d0             =  5.01854e-297
f038_complete       =  3.30000e+00
f038_invalid        =  0.00000e+00
f038_timeout        =  0.00000e+00
f038_sampled        =  1.35760e+00
f038_input          =  1.35921e+00
f038_tcomplete      =  1.93755e-05
f039_d7             =  3.30000e+00
f039_d6             =  5.05024e-297
f039_d5             =  3.30000e+00
f039_d4             =  3.30000e+00
f039_d3             =  4.08882e-312
f039_d2             =  5.05024e-297
f039_d1             =  5.05024e-297
f039_d0             =  4.08882e-312
f039_complete       =  3.30000e+00
f039_invalid        =  0.00000e+00
f039_timeout        =  0.00000e+00
f039_sampled        =  6.46339e-01
f039_input          =  6.47874e-01
f039_tcomplete      =  1.98755e-05
f040_d7             =  5.24985e-297
f040_d6             =  3.30000e+00
f040_d5             =  3.30000e+00
f040_d4             =  5.24985e-297
f040_d3             =  4.08882e-312
f040_d2             =  3.30000e+00
f040_d1             =  4.08882e-312
f040_d0             =  3.30000e+00
f040_complete       =  3.30000e+00
f040_invalid        =  0.00000e+00
f040_timeout        =  0.00000e+00
f040_sampled        =  -3.57089e-01
f040_input          =  -3.57310e-01
f040_tcomplete      =  2.03755e-05
f041_d7             =  4.08882e-312
f041_d6             =  5.47907e-297
f041_d5             =  3.30000e+00
f041_d4             =  4.08882e-312
f041_d3             =  4.08882e-312
f041_d2             =  3.30000e+00
f041_d1             =  4.08882e-312
f041_d0             =  3.30000e+00
f041_complete       =  3.30000e+00
f041_invalid        =  0.00000e+00
f041_timeout        =  0.00000e+00
f041_sampled        =  -1.19960e+00
f041_input          =  -1.20051e+00
f041_tcomplete      =  2.08755e-05
f042_d7             =  4.08882e-312
f042_d6             =  4.08882e-312
f042_d5             =  5.02027e-297
f042_d4             =  4.08882e-312
f042_d3             =  3.30000e+00
f042_d2             =  3.30000e+00
f042_d1             =  3.30000e+00
f042_d0             =  5.02027e-297
f042_complete       =  3.30000e+00
f042_invalid        =  0.00000e+00
f042_timeout        =  0.00000e+00
f042_sampled        =  -1.49825e+00
f042_input          =  -1.49851e+00
f042_tcomplete      =  2.13755e-05
f043_d7             =  4.08882e-312
f043_d6             =  4.08882e-312
f043_d5             =  3.30000e+00
f043_d4             =  4.08882e-312
f043_d3             =  3.30000e+00
f043_d2             =  4.99902e-297
f043_d1             =  3.30000e+00
f043_d0             =  3.30000e+00
f043_complete       =  3.30000e+00
f043_invalid        =  0.00000e+00
f043_timeout        =  0.00000e+00
f043_sampled        =  -1.11665e+00
f043_input          =  -1.11637e+00
f043_tcomplete      =  2.18755e-05
f044_d7             =  4.08882e-312
f044_d6             =  3.30000e+00
f044_d5             =  3.30000e+00
f044_d4             =  4.08882e-312
f044_d3             =  3.30000e+00
f044_d2             =  3.30000e+00
f044_d1             =  3.30000e+00
f044_d0             =  5.17675e-297
f044_complete       =  3.30000e+00
f044_invalid        =  0.00000e+00
f044_timeout        =  0.00000e+00
f044_sampled        =  -2.28084e-01
f044_input          =  -2.27344e-01
f044_tcomplete      =  2.23755e-05
f045_d7             =  3.30000e+00
f045_d6             =  4.88395e-297
f045_d5             =  3.30000e+00
f045_d4             =  3.30000e+00
f045_d3             =  3.30000e+00
f045_d2             =  4.88395e-297
f045_d1             =  4.88395e-297
f045_d0             =  3.30000e+00
f045_complete       =  3.30000e+00
f045_invalid        =  0.00000e+00
f045_timeout        =  0.00000e+00
f045_sampled        =  7.64557e-01
f045_input          =  7.64808e-01
f045_tcomplete      =  2.28755e-05
f046_d7             =  3.30000e+00
f046_d6             =  3.30000e+00
f046_d5             =  3.30000e+00
f046_d4             =  5.32170e-297
f046_d3             =  3.30000e+00
f046_d2             =  4.08882e-312
f046_d1             =  3.30000e+00
f046_d0             =  5.32170e-297
f046_complete       =  3.30000e+00
f046_invalid        =  0.00000e+00
f046_timeout        =  0.00000e+00
f046_sampled        =  1.40937e+00
f046_input          =  1.40991e+00
f046_tcomplete      =  2.33755e-05
f047_d7             =  3.30000e+00
f047_d6             =  3.30000e+00
f047_d5             =  3.30000e+00
f047_d4             =  4.08882e-312
f047_d3             =  3.30000e+00
f047_d2             =  4.08882e-312
f047_d1             =  3.30000e+00
f047_d0             =  4.08882e-312
f047_complete       =  3.30000e+00
f047_invalid        =  0.00000e+00
f047_timeout        =  0.00000e+00
f047_sampled        =  1.41284e+00
f047_input          =  1.41476e+00
f047_tcomplete      =  2.38755e-05
f048_d7             =  3.30000e+00
f048_d6             =  4.96950e-297
f048_d5             =  3.30000e+00
f048_d4             =  3.30000e+00
f048_d3             =  3.30000e+00
f048_d2             =  4.08882e-312
f048_d1             =  3.30000e+00
f048_d0             =  4.08882e-312
f048_complete       =  3.30000e+00
f048_invalid        =  0.00000e+00
f048_timeout        =  0.00000e+00
f048_sampled        =  7.76815e-01
f048_input          =  7.77537e-01
f048_tcomplete      =  2.43755e-05
f049_d7             =  5.22355e-297
f049_d6             =  3.30000e+00
f049_d5             =  3.30000e+00
f049_d4             =  5.22355e-297
f049_d3             =  3.30000e+00
f049_d2             =  3.30000e+00
f049_d1             =  3.30000e+00
f049_d0             =  3.30000e+00
f049_complete       =  3.30000e+00
f049_invalid        =  0.00000e+00
f049_timeout        =  0.00000e+00
f049_sampled        =  -2.15817e-01
f049_input          =  -2.12784e-01
f049_tcomplete      =  2.48755e-05
f050_d7             =  4.08882e-312
f050_d6             =  5.19401e-297
f050_d5             =  3.30000e+00
f050_d4             =  4.08882e-312
f050_d3             =  3.30000e+00
f050_d2             =  3.30000e+00
f050_d1             =  5.19401e-297
f050_d0             =  5.19401e-297
f050_complete       =  3.30000e+00
f050_invalid        =  0.00000e+00
f050_timeout        =  0.00000e+00
f050_sampled        =  -1.10325e+00
f050_input          =  -1.10632e+00
f050_tcomplete      =  2.53755e-05
f051_d7             =  4.08882e-312
f051_d6             =  4.08882e-312
f051_d5             =  5.02031e-297
f051_d4             =  4.08882e-312
f051_d3             =  3.30000e+00
f051_d2             =  3.30000e+00
f051_d1             =  3.30000e+00
f051_d0             =  4.08882e-312
f051_complete       =  3.30000e+00
f051_invalid        =  0.00000e+00
f051_timeout        =  0.00000e+00
f051_sampled        =  -1.50085e+00
f051_input          =  -1.49790e+00
f051_tcomplete      =  2.58755e-05
f052_d7             =  4.08882e-312
f052_d6             =  4.08882e-312
f052_d5             =  3.30000e+00
f052_d4             =  4.08882e-312
f052_d3             =  4.50519e-297
f052_d2             =  3.30000e+00
f052_d1             =  4.50519e-297
f052_d0             =  4.08882e-312
f052_complete       =  3.30000e+00
f052_invalid        =  0.00000e+00
f052_timeout        =  0.00000e+00
f052_sampled        =  -1.20731e+00
f052_input          =  -1.20920e+00
f052_tcomplete      =  2.63755e-05
f053_d7             =  4.08882e-312
f053_d6             =  3.30000e+00
f053_d5             =  3.30000e+00
f053_d4             =  4.08882e-312
f053_d3             =  4.08882e-312
f053_d2             =  4.48850e-297
f053_d1             =  3.30000e+00
f053_d0             =  3.30000e+00
f053_complete       =  3.30000e+00
f053_invalid        =  0.00000e+00
f053_timeout        =  0.00000e+00
f053_sampled        =  -3.72932e-01
f053_input          =  -3.71674e-01
f053_tcomplete      =  2.68755e-05
f054_d7             =  3.30000e+00
f054_d6             =  4.44215e-297
f054_d5             =  3.30000e+00
f054_d4             =  4.08882e-312
f054_d3             =  3.30000e+00
f054_d2             =  3.30000e+00
f054_d1             =  3.30000e+00
f054_d0             =  3.30000e+00
f054_complete       =  3.30000e+00
f054_invalid        =  0.00000e+00
f054_timeout        =  0.00000e+00
f054_sampled        =  6.35401e-01
f054_input          =  6.34694e-01
f054_tcomplete      =  2.73755e-05
f055_d7             =  3.30000e+00
f055_d6             =  3.30000e+00
f055_d5             =  3.30000e+00
f055_d4             =  4.08882e-312
f055_d3             =  4.96030e-297
f055_d2             =  3.30000e+00
f055_d1             =  4.96030e-297
f055_d0             =  3.30000e+00
f055_complete       =  3.30000e+00
f055_invalid        =  0.00000e+00
f055_timeout        =  0.00000e+00
f055_sampled        =  1.35317e+00
f055_input          =  1.35286e+00
f055_tcomplete      =  2.78755e-05
f056_d7             =  3.30000e+00
f056_d6             =  3.30000e+00
f056_d5             =  3.30000e+00
f056_d4             =  4.08882e-312
f056_d3             =  3.30000e+00
f056_d2             =  3.30000e+00
f056_d1             =  4.08882e-312
f056_d0             =  3.30000e+00
f056_complete       =  3.30000e+00
f056_invalid        =  0.00000e+00
f056_timeout        =  0.00000e+00
f056_sampled        =  1.45346e+00
f056_input          =  1.45672e+00
f056_tcomplete      =  2.83755e-05
f057_d7             =  3.30000e+00
f057_d6             =  3.30000e+00
f057_d5             =  4.66021e-297
f057_d4             =  4.08882e-312
f057_d3             =  4.66021e-297
f057_d2             =  4.66021e-297
f057_d1             =  3.30000e+00
f057_d0             =  3.30000e+00
f057_complete       =  3.30000e+00
f057_invalid        =  0.00000e+00
f057_timeout        =  0.00000e+00
f057_sampled        =  8.96843e-01
f057_input          =  8.99425e-01
f057_tcomplete      =  2.88755e-05
f058_d7             =  4.94834e-297
f058_d6             =  3.30000e+00
f058_d5             =  3.30000e+00
f058_d4             =  3.30000e+00
f058_d3             =  3.30000e+00
f058_d2             =  4.08882e-312
f058_d1             =  3.30000e+00
f058_d0             =  4.94834e-297
f058_complete       =  3.30000e+00
f058_invalid        =  0.00000e+00
f058_timeout        =  0.00000e+00
f058_sampled        =  -6.44914e-02
f058_input          =  -6.62698e-02
f058_tcomplete      =  2.93755e-05
f059_d7             =  4.08882e-312
f059_d6             =  5.13715e-297
f059_d5             =  3.30000e+00
f059_d4             =  3.30000e+00
f059_d3             =  5.13715e-297
f059_d2             =  3.30000e+00
f059_d1             =  5.13715e-297
f059_d0             =  4.08882e-312
f059_complete       =  3.30000e+00
f059_invalid        =  0.00000e+00
f059_timeout        =  0.00000e+00
f059_sampled        =  -1.00210e+00
f059_input          =  -1.00195e+00
f059_tcomplete      =  2.98755e-05
f060_d7             =  4.08882e-312
f060_d6             =  4.08882e-312
f060_d5             =  5.36503e-297
f060_d4             =  3.30000e+00
f060_d3             =  4.08882e-312
f060_d2             =  5.36503e-297
f060_d1             =  4.08882e-312
f060_d0             =  4.08882e-312
f060_complete       =  3.30000e+00
f060_invalid        =  0.00000e+00
f060_timeout        =  0.00000e+00
f060_sampled        =  -1.48407e+00
f060_input          =  -1.48268e+00
f060_tcomplete      =  3.03755e-05
f061_d7             =  4.08882e-312
f061_d6             =  4.08882e-312
f061_d5             =  4.08882e-312
f061_d4             =  3.30000e+00
f061_d3             =  3.30000e+00
f061_d2             =  3.30000e+00
f061_d1             =  3.30000e+00
f061_d0             =  4.08882e-312
f061_complete       =  3.30000e+00
f061_invalid        =  0.00000e+00
f061_timeout        =  0.00000e+00
f061_sampled        =  -1.29021e+00
f061_input          =  -1.29036e+00
f061_tcomplete      =  3.08755e-05
f062_d7             =  4.08882e-312
f062_d6             =  3.30000e+00
f062_d5             =  4.08882e-312
f062_d4             =  3.30000e+00
f062_d3             =  3.30000e+00
f062_d2             =  5.28454e-297
f062_d1             =  5.28454e-297
f062_d0             =  3.30000e+00
f062_complete       =  3.30000e+00
f062_invalid        =  0.00000e+00
f062_timeout        =  0.00000e+00
f062_sampled        =  -5.13184e-01
f062_input          =  -5.12318e-01
f062_tcomplete      =  3.13755e-05
f063_d7             =  3.30000e+00
f063_d6             =  5.22513e-297
f063_d5             =  3.30000e+00
f063_d4             =  5.22513e-297
f063_d3             =  5.22513e-297
f063_d2             =  3.30000e+00
f063_d1             =  4.08882e-312
f063_d0             =  3.30000e+00
f063_complete       =  3.30000e+00
f063_invalid        =  0.00000e+00
f063_timeout        =  0.00000e+00
f063_sampled        =  4.99848e-01
f063_input          =  4.98440e-01
f063_tcomplete      =  3.18755e-05
f064_d7             =  3.30000e+00
f064_d6             =  3.30000e+00
f064_d5             =  3.30000e+00
f064_d4             =  4.08882e-312
f064_d3             =  4.08882e-312
f064_d2             =  4.98106e-297
f064_d1             =  4.08882e-312
f064_d0             =  4.98106e-297
f064_complete       =  3.30000e+00
f064_invalid        =  0.00000e+00
f064_timeout        =  0.00000e+00
f064_sampled        =  1.28442e+00
f064_input          =  1.28287e+00
f064_tcomplete      =  3.23755e-05
f065_d7             =  3.30000e+00
f065_d6             =  3.30000e+00
f065_d5             =  3.30000e+00
f065_d4             =  4.08882e-312
f065_d3             =  3.30000e+00
f065_d2             =  3.30000e+00
f065_d1             =  3.30000e+00
f065_d0             =  3.30000e+00
f065_complete       =  3.30000e+00
f065_invalid        =  0.00000e+00
f065_timeout        =  0.00000e+00
f065_sampled        =  1.48480e+00
f065_input          =  1.48481e+00
f065_tcomplete      =  3.28755e-05
f066_d7             =  3.30000e+00
f066_d6             =  3.30000e+00
f066_d5             =  5.25179e-297
f066_d4             =  4.08882e-312
f066_d3             =  3.30000e+00
f066_d2             =  3.30000e+00
f066_d1             =  5.25179e-297
f066_d0             =  5.25179e-297
f066_complete       =  3.30000e+00
f066_invalid        =  0.00000e+00
f066_timeout        =  0.00000e+00
f066_sampled        =  1.01420e+00
f066_input          =  1.01268e+00
f066_tcomplete      =  3.33755e-05
f067_d7             =  3.30000e+00
f067_d6             =  4.94701e-297
f067_d5             =  4.08882e-312
f067_d4             =  4.08882e-312
f067_d3             =  4.94701e-297
f067_d2             =  3.30000e+00
f067_d1             =  3.30000e+00
f067_d0             =  4.08882e-312
f067_complete       =  3.30000e+00
f067_invalid        =  0.00000e+00
f067_timeout        =  0.00000e+00
f067_sampled        =  7.90736e-02
f067_input          =  8.09476e-02
f067_tcomplete      =  3.38755e-05
p_f000_cmp7_p0      =  -2.91759e-06
p_f000_cmp7_n0      =  -2.90978e-06
p_f000_cmp7_p5      =  3.30000e+00
p_f000_cmp7_n5      =  -1.71818e-06
p_f000_cmp6_p0      =  -8.25912e-06
p_f000_cmp6_n0      =  -8.25471e-06
p_f000_cmp6_p5      =  3.30000e+00
p_f000_cmp6_n5      =  -1.95997e-06
p_f000_cmp5_p0      =  -3.00735e-06
p_f000_cmp5_n0      =  -3.00022e-06
p_f000_cmp5_p5      =  3.30000e+00
p_f000_cmp5_n5      =  -1.62469e-06
p_f000_cmp4_p0      =  -3.00561e-06
p_f000_cmp4_n0      =  -2.99698e-06
p_f000_cmp4_p5      =  -1.68888e-06
p_f000_cmp4_n5      =  3.30000e+00
p_f000_cmp3_p0      =  -7.65387e-06
p_f000_cmp3_n0      =  -7.66117e-06
p_f000_cmp3_p5      =  -2.00627e-06
p_f000_cmp3_n5      =  3.30000e+00
p_f000_cmp2_p0      =  -8.20070e-06
p_f000_cmp2_n0      =  -8.20696e-06
p_f000_cmp2_p5      =  -1.99523e-06
p_f000_cmp2_n5      =  3.30000e+00
p_f000_cmp1_p0      =  -2.99395e-06
p_f000_cmp1_n0      =  -2.98571e-06
p_f000_cmp1_p5      =  -1.67813e-06
p_f000_cmp1_n5      =  3.30000e+00
p_f000_cmp0_p0      =  -8.47694e-06
p_f000_cmp0_n0      =  -8.48100e-06
p_f000_cmp0_p5      =  -1.98596e-06
p_f000_cmp0_n5      =  3.30000e+00
p_f000_dctrl7_p     =  3.30001e+00
p_f000_dctrl7_n     =  3.47017e-01
p_f000_dctrl6_p     =  3.26648e+00
p_f000_dctrl6_n     =  3.22715e-06
p_f000_dctrl5_p     =  3.29964e+00
p_f000_dctrl5_n     =  -1.64291e-06
p_f000_dctrl4_p     =  -1.20834e-07
p_f000_dctrl4_n     =  3.29999e+00
p_f000_dctrl3_p     =  -2.67988e-08
p_f000_dctrl3_n     =  3.30000e+00
p_f000_dctrl2_p     =  -1.33100e-08
p_f000_dctrl2_n     =  3.30000e+00
p_f000_dctrl1_p     =  -6.35796e-09
p_f000_dctrl1_n     =  3.30000e+00
p_f000_do7_drv_470  =  3.30000e+00
p_f000_do7_rx_470   =  3.30000e+00
p_f000_do6_drv_470  =  3.30000e+00
p_f000_do6_rx_470   =  3.30000e+00
p_f000_do5_drv_470  =  3.30000e+00
p_f000_do5_rx_470   =  3.30000e+00
p_f000_do4_drv_470  =  0.00000e+00
p_f000_do4_rx_470   =  0.00000e+00
p_f000_do3_drv_470  =  0.00000e+00
p_f000_do3_rx_470   =  0.00000e+00
p_f000_do2_drv_470  =  0.00000e+00
p_f000_do2_rx_470   =  0.00000e+00
p_f000_do1_drv_470  =  0.00000e+00
p_f000_do1_rx_470   =  0.00000e+00
p_f000_do0_drv_470  =  0.00000e+00
p_f000_do0_rx_470   =  0.00000e+00
p_f000_do7_drv_480  =  3.30000e+00
p_f000_do7_rx_480   =  3.30000e+00
p_f000_do6_drv_480  =  3.30000e+00
p_f000_do6_rx_480   =  3.30000e+00
p_f000_do5_drv_480  =  3.30000e+00
p_f000_do5_rx_480   =  3.30000e+00
p_f000_do4_drv_480  =  0.00000e+00
p_f000_do4_rx_480   =  0.00000e+00
p_f000_do3_drv_480  =  0.00000e+00
p_f000_do3_rx_480   =  0.00000e+00
p_f000_do2_drv_480  =  0.00000e+00
p_f000_do2_rx_480   =  0.00000e+00
p_f000_do1_drv_480  =  0.00000e+00
p_f000_do1_rx_480   =  0.00000e+00
p_f000_do0_drv_480  =  0.00000e+00
p_f000_do0_rx_480   =  0.00000e+00
p_f001_cmp7_p0      =  -2.98917e-06
p_f001_cmp7_n0      =  -2.98171e-06
p_f001_cmp7_p5      =  3.30000e+00
p_f001_cmp7_n5      =  -1.74001e-06
p_f001_cmp6_p0      =  -8.34393e-06
p_f001_cmp6_n0      =  -8.33904e-06
p_f001_cmp6_p5      =  3.30000e+00
p_f001_cmp6_n5      =  -1.97232e-06
p_f001_cmp5_p0      =  -3.07476e-06
p_f001_cmp5_n0      =  -3.06812e-06
p_f001_cmp5_p5      =  3.30000e+00
p_f001_cmp5_n5      =  -1.64037e-06
p_f001_cmp4_p0      =  -3.06048e-06
p_f001_cmp4_n0      =  -3.05291e-06
p_f001_cmp4_p5      =  -1.68088e-06
p_f001_cmp4_n5      =  3.30000e+00
p_f001_cmp3_p0      =  -8.28759e-06
p_f001_cmp3_n0      =  -8.28670e-06
p_f001_cmp3_p5      =  3.30000e+00
p_f001_cmp3_n5      =  -1.93354e-06
p_f001_cmp2_p0      =  -8.28616e-06
p_f001_cmp2_n0      =  -8.28677e-06
p_f001_cmp2_p5      =  3.30000e+00
p_f001_cmp2_n5      =  -1.93228e-06
p_f001_cmp1_p0      =  -2.86430e-06
p_f001_cmp1_n0      =  -2.85741e-06
p_f001_cmp1_p5      =  3.30000e+00
p_f001_cmp1_n5      =  -1.62275e-06
p_f001_cmp0_p0      =  -8.32568e-06
p_f001_cmp0_n0      =  -8.32847e-06
p_f001_cmp0_p5      =  3.30000e+00
p_f001_cmp0_n5      =  -1.93049e-06
p_f001_dctrl7_p     =  3.30001e+00
p_f001_dctrl7_n     =  3.47126e-01
p_f001_dctrl6_p     =  3.26646e+00
p_f001_dctrl6_n     =  3.59866e-06
p_f001_dctrl5_p     =  3.29964e+00
p_f001_dctrl5_n     =  -1.45536e-06
p_f001_dctrl4_p     =  -1.40729e-07
p_f001_dctrl4_n     =  3.29999e+00
p_f001_dctrl3_p     =  3.30000e+00
p_f001_dctrl3_n     =  -2.46116e-08
p_f001_dctrl2_p     =  3.30000e+00
p_f001_dctrl2_n     =  -1.24151e-08
p_f001_dctrl1_p     =  3.30000e+00
p_f001_dctrl1_n     =  -6.10861e-09
p_f001_do7_drv_470  =  3.30000e+00
p_f001_do7_rx_470   =  3.30000e+00
p_f001_do6_drv_470  =  3.30000e+00
p_f001_do6_rx_470   =  3.30000e+00
p_f001_do5_drv_470  =  3.30000e+00
p_f001_do5_rx_470   =  3.30000e+00
p_f001_do4_drv_470  =  0.00000e+00
p_f001_do4_rx_470   =  0.00000e+00
p_f001_do3_drv_470  =  3.30000e+00
p_f001_do3_rx_470   =  3.30000e+00
p_f001_do2_drv_470  =  3.30000e+00
p_f001_do2_rx_470   =  3.30000e+00
p_f001_do1_drv_470  =  3.30000e+00
p_f001_do1_rx_470   =  3.30000e+00
p_f001_do0_drv_470  =  3.30000e+00
p_f001_do0_rx_470   =  3.30000e+00
p_f001_do7_drv_480  =  3.30000e+00
p_f001_do7_rx_480   =  3.30000e+00
p_f001_do6_drv_480  =  3.30000e+00
p_f001_do6_rx_480   =  3.30000e+00
p_f001_do5_drv_480  =  3.30000e+00
p_f001_do5_rx_480   =  3.30000e+00
p_f001_do4_drv_480  =  0.00000e+00
p_f001_do4_rx_480   =  0.00000e+00
p_f001_do3_drv_480  =  3.30000e+00
p_f001_do3_rx_480   =  3.30000e+00
p_f001_do2_drv_480  =  3.30000e+00
p_f001_do2_rx_480   =  3.30000e+00
p_f001_do1_drv_480  =  3.30000e+00
p_f001_do1_rx_480   =  3.30000e+00
p_f001_do0_drv_480  =  3.30000e+00
p_f001_do0_rx_480   =  3.30000e+00
p_f002_cmp7_p0      =  -2.97563e-06
p_f002_cmp7_n0      =  -2.96816e-06
p_f002_cmp7_p5      =  3.30000e+00
p_f002_cmp7_n5      =  -1.71817e-06
p_f002_cmp6_p0      =  -8.33482e-06
p_f002_cmp6_n0      =  -8.33238e-06
p_f002_cmp6_p5      =  3.30000e+00
p_f002_cmp6_n5      =  -1.96492e-06
p_f002_cmp5_p0      =  -2.89809e-06
p_f002_cmp5_n0      =  -2.88912e-06
p_f002_cmp5_p5      =  -1.69504e-06
p_f002_cmp5_n5      =  3.30000e+00
p_f002_cmp4_p0      =  -3.06179e-06
p_f002_cmp4_n0      =  -3.05317e-06
p_f002_cmp4_p5      =  -1.69049e-06
p_f002_cmp4_n5      =  3.30000e+00
p_f002_cmp3_p0      =  -8.28617e-06
p_f002_cmp3_n0      =  -8.28664e-06
p_f002_cmp3_p5      =  3.30000e+00
p_f002_cmp3_n5      =  -1.93294e-06
p_f002_cmp2_p0      =  -8.28404e-06
p_f002_cmp2_n0      =  -8.28758e-06
p_f002_cmp2_p5      =  3.30000e+00
p_f002_cmp2_n5      =  -1.92284e-06
p_f002_cmp1_p0      =  -3.05524e-06
p_f002_cmp1_n0      =  -3.04710e-06
p_f002_cmp1_p5      =  -1.68610e-06
p_f002_cmp1_n5      =  3.30000e+00
p_f002_cmp0_p0      =  -8.32458e-06
p_f002_cmp0_n0      =  -8.32948e-06
p_f002_cmp0_p5      =  -2.00170e-06
p_f002_cmp0_n5      =  3.30000e+00
p_f002_dctrl7_p     =  3.30001e+00
p_f002_dctrl7_n     =  3.47124e-01
p_f002_dctrl6_p     =  3.26646e+00
p_f002_dctrl6_n     =  2.57434e-06
p_f002_dctrl5_p     =  -1.02204e-06
p_f002_dctrl5_n     =  3.29964e+00
p_f002_dctrl4_p     =  -1.36783e-07
p_f002_dctrl4_n     =  3.29999e+00
p_f002_dctrl3_p     =  3.30000e+00
p_f002_dctrl3_n     =  -2.70208e-08
p_f002_dctrl2_p     =  3.30000e+00
p_f002_dctrl2_n     =  -1.35519e-08
p_f002_dctrl1_p     =  -6.28821e-09
p_f002_dctrl1_n     =  3.30000e+00
p_f002_do7_drv_470  =  3.30000e+00
p_f002_do7_rx_470   =  3.30000e+00
p_f002_do6_drv_470  =  3.30000e+00
p_f002_do6_rx_470   =  3.30000e+00
p_f002_do5_drv_470  =  0.00000e+00
p_f002_do5_rx_470   =  1.50595e-268
p_f002_do4_drv_470  =  0.00000e+00
p_f002_do4_rx_470   =  0.00000e+00
p_f002_do3_drv_470  =  3.30000e+00
p_f002_do3_rx_470   =  3.30000e+00
p_f002_do2_drv_470  =  3.30000e+00
p_f002_do2_rx_470   =  3.30000e+00
p_f002_do1_drv_470  =  0.00000e+00
p_f002_do1_rx_470   =  1.50595e-268
p_f002_do0_drv_470  =  0.00000e+00
p_f002_do0_rx_470   =  1.50595e-268
p_f002_do7_drv_480  =  3.30000e+00
p_f002_do7_rx_480   =  3.30000e+00
p_f002_do6_drv_480  =  3.30000e+00
p_f002_do6_rx_480   =  3.30000e+00
p_f002_do5_drv_480  =  0.00000e+00
p_f002_do5_rx_480   =  5.28721e-297
p_f002_do4_drv_480  =  0.00000e+00
p_f002_do4_rx_480   =  0.00000e+00
p_f002_do3_drv_480  =  3.30000e+00
p_f002_do3_rx_480   =  3.30000e+00
p_f002_do2_drv_480  =  3.30000e+00
p_f002_do2_rx_480   =  3.30000e+00
p_f002_do1_drv_480  =  0.00000e+00
p_f002_do1_rx_480   =  5.28721e-297
p_f002_do0_drv_480  =  0.00000e+00
p_f002_do0_rx_480   =  5.28721e-297
p_f003_cmp7_p0      =  -2.85326e-06
p_f003_cmp7_n0      =  -2.84533e-06
p_f003_cmp7_p5      =  3.30000e+00
p_f003_cmp7_n5      =  -1.69879e-06
p_f003_cmp6_p0      =  -8.21479e-06
p_f003_cmp6_n0      =  -8.22674e-06
p_f003_cmp6_p5      =  -2.03696e-06
p_f003_cmp6_n5      =  3.30000e+00
p_f003_cmp5_p0      =  -2.99172e-06
p_f003_cmp5_n0      =  -2.98322e-06
p_f003_cmp5_p5      =  -1.68934e-06
p_f003_cmp5_n5      =  3.30000e+00
p_f003_cmp4_p0      =  -2.97308e-06
p_f003_cmp4_n0      =  -2.96420e-06
p_f003_cmp4_p5      =  -1.68471e-06
p_f003_cmp4_n5      =  3.30000e+00
p_f003_cmp3_p0      =  -8.15978e-06
p_f003_cmp3_n0      =  -8.16476e-06
p_f003_cmp3_p5      =  -1.98998e-06
p_f003_cmp3_n5      =  3.30000e+00
p_f003_cmp2_p0      =  -8.16158e-06
p_f003_cmp2_n0      =  -8.16332e-06
p_f003_cmp2_p5      =  3.30000e+00
p_f003_cmp2_n5      =  -1.91792e-06
p_f003_cmp1_p0      =  -2.96302e-06
p_f003_cmp1_n0      =  -2.95533e-06
p_f003_cmp1_p5      =  3.30000e+00
p_f003_cmp1_n5      =  -1.61156e-06
p_f003_cmp0_p0      =  -8.20096e-06
p_f003_cmp0_n0      =  -8.20564e-06
p_f003_cmp0_p5      =  -1.98905e-06
p_f003_cmp0_n5      =  3.30000e+00
p_f003_dctrl7_p     =  3.30001e+00
p_f003_dctrl7_n     =  3.46956e-01
p_f003_dctrl6_p     =  3.07872e-05
p_f003_dctrl6_n     =  3.26645e+00
p_f003_dctrl5_p     =  -1.10958e-06
p_f003_dctrl5_n     =  3.29964e+00
p_f003_dctrl4_p     =  -1.24611e-07
p_f003_dctrl4_n     =  3.29999e+00
p_f003_dctrl3_p     =  -2.88414e-08
p_f003_dctrl3_n     =  3.30000e+00
p_f003_dctrl2_p     =  3.30000e+00
p_f003_dctrl2_n     =  -1.32555e-08
p_f003_dctrl1_p     =  3.30000e+00
p_f003_dctrl1_n     =  -6.52505e-09
p_f003_do7_drv_470  =  3.30000e+00
p_f003_do7_rx_470   =  3.30000e+00
p_f003_do6_drv_470  =  0.00000e+00
p_f003_do6_rx_470   =  1.41659e-268
p_f003_do5_drv_470  =  0.00000e+00
p_f003_do5_rx_470   =  4.08882e-312
p_f003_do4_drv_470  =  0.00000e+00
p_f003_do4_rx_470   =  0.00000e+00
p_f003_do3_drv_470  =  0.00000e+00
p_f003_do3_rx_470   =  1.41659e-268
p_f003_do2_drv_470  =  3.30000e+00
p_f003_do2_rx_470   =  3.30000e+00
p_f003_do1_drv_470  =  3.30000e+00
p_f003_do1_rx_470   =  3.30000e+00
p_f003_do0_drv_470  =  0.00000e+00
p_f003_do0_rx_470   =  4.08882e-312
p_f003_do7_drv_480  =  3.30000e+00
p_f003_do7_rx_480   =  3.30000e+00
p_f003_do6_drv_480  =  0.00000e+00
p_f003_do6_rx_480   =  4.97347e-297
p_f003_do5_drv_480  =  0.00000e+00
p_f003_do5_rx_480   =  4.08882e-312
p_f003_do4_drv_480  =  0.00000e+00
p_f003_do4_rx_480   =  0.00000e+00
p_f003_do3_drv_480  =  0.00000e+00
p_f003_do3_rx_480   =  4.97347e-297
p_f003_do2_drv_480  =  3.30000e+00
p_f003_do2_rx_480   =  3.30000e+00
p_f003_do1_drv_480  =  3.30000e+00
p_f003_do1_rx_480   =  3.30000e+00
p_f003_do0_drv_480  =  0.00000e+00
p_f003_do0_rx_480   =  4.08882e-312
p_f064_cmp7_p0      =  -3.23097e-06
p_f064_cmp7_n0      =  -3.22373e-06
p_f064_cmp7_p5      =  3.30000e+00
p_f064_cmp7_n5      =  -1.74010e-06
p_f064_cmp6_p0      =  -8.42286e-06
p_f064_cmp6_n0      =  -8.41815e-06
p_f064_cmp6_p5      =  3.30000e+00
p_f064_cmp6_n5      =  -1.97479e-06
p_f064_cmp5_p0      =  -2.91628e-06
p_f064_cmp5_n0      =  -2.90900e-06
p_f064_cmp5_p5      =  3.30000e+00
p_f064_cmp5_n5      =  -1.61528e-06
p_f064_cmp4_p0      =  -3.15011e-06
p_f064_cmp4_n0      =  -3.14178e-06
p_f064_cmp4_p5      =  -1.70193e-06
p_f064_cmp4_n5      =  3.30000e+00
p_f064_cmp3_p0      =  -8.02001e-06
p_f064_cmp3_n0      =  -8.02691e-06
p_f064_cmp3_p5      =  -1.98420e-06
p_f064_cmp3_n5      =  3.30000e+00
p_f064_cmp2_p0      =  -8.36520e-06
p_f064_cmp2_n0      =  -8.37224e-06
p_f064_cmp2_p5      =  -2.01105e-06
p_f064_cmp2_n5      =  3.30000e+00
p_f064_cmp1_p0      =  -2.96332e-06
p_f064_cmp1_n0      =  -2.95503e-06
p_f064_cmp1_p5      =  -1.67512e-06
p_f064_cmp1_n5      =  3.30000e+00
p_f064_cmp0_p0      =  -7.94885e-06
p_f064_cmp0_n0      =  -7.95195e-06
p_f064_cmp0_p5      =  -1.96947e-06
p_f064_cmp0_n5      =  3.30000e+00
p_f064_dctrl7_p     =  3.30001e+00
p_f064_dctrl7_n     =  3.47017e-01
p_f064_dctrl6_p     =  3.26645e+00
p_f064_dctrl6_n     =  3.23066e-06
p_f064_dctrl5_p     =  3.29964e+00
p_f064_dctrl5_n     =  -1.64153e-06
p_f064_dctrl4_p     =  -1.21053e-07
p_f064_dctrl4_n     =  3.29999e+00
p_f064_dctrl3_p     =  -2.67500e-08
p_f064_dctrl3_n     =  3.30000e+00
p_f064_dctrl2_p     =  -1.33537e-08
p_f064_dctrl2_n     =  3.30000e+00
p_f064_dctrl1_p     =  -6.36358e-09
p_f064_dctrl1_n     =  3.30000e+00
p_f064_do7_drv_470  =  3.30000e+00
p_f064_do7_rx_470   =  3.30000e+00
p_f064_do6_drv_470  =  3.30000e+00
p_f064_do6_rx_470   =  3.30000e+00
p_f064_do5_drv_470  =  3.30000e+00
p_f064_do5_rx_470   =  3.30000e+00
p_f064_do4_drv_470  =  0.00000e+00
p_f064_do4_rx_470   =  4.08882e-312
p_f064_do3_drv_470  =  0.00000e+00
p_f064_do3_rx_470   =  4.08882e-312
p_f064_do2_drv_470  =  0.00000e+00
p_f064_do2_rx_470   =  1.41875e-268
p_f064_do1_drv_470  =  0.00000e+00
p_f064_do1_rx_470   =  4.08882e-312
p_f064_do0_drv_470  =  0.00000e+00
p_f064_do0_rx_470   =  1.41875e-268
p_f064_do7_drv_480  =  3.30000e+00
p_f064_do7_rx_480   =  3.30000e+00
p_f064_do6_drv_480  =  3.30000e+00
p_f064_do6_rx_480   =  3.30000e+00
p_f064_do5_drv_480  =  3.30000e+00
p_f064_do5_rx_480   =  3.30000e+00
p_f064_do4_drv_480  =  0.00000e+00
p_f064_do4_rx_480   =  4.08882e-312
p_f064_do3_drv_480  =  0.00000e+00
p_f064_do3_rx_480   =  4.08882e-312
p_f064_do2_drv_480  =  0.00000e+00
p_f064_do2_rx_480   =  4.98106e-297
p_f064_do1_drv_480  =  0.00000e+00
p_f064_do1_rx_480   =  4.08882e-312
p_f064_do0_drv_480  =  0.00000e+00
p_f064_do0_rx_480   =  4.98106e-297
p_f065_cmp7_p0      =  -3.11109e-06
p_f065_cmp7_n0      =  -3.10382e-06
p_f065_cmp7_p5      =  3.30000e+00
p_f065_cmp7_n5      =  -1.75421e-06
p_f065_cmp6_p0      =  -8.50740e-06
p_f065_cmp6_n0      =  -8.50217e-06
p_f065_cmp6_p5      =  3.30000e+00
p_f065_cmp6_n5      =  -1.98773e-06
p_f065_cmp5_p0      =  -2.98395e-06
p_f065_cmp5_n0      =  -2.97714e-06
p_f065_cmp5_p5      =  3.30000e+00
p_f065_cmp5_n5      =  -1.63100e-06
p_f065_cmp4_p0      =  -3.18249e-06
p_f065_cmp4_n0      =  -3.17512e-06
p_f065_cmp4_p5      =  -1.69557e-06
p_f065_cmp4_n5      =  3.30000e+00
p_f065_cmp3_p0      =  -8.12282e-06
p_f065_cmp3_n0      =  -8.12194e-06
p_f065_cmp3_p5      =  3.30000e+00
p_f065_cmp3_n5      =  -1.91885e-06
p_f065_cmp2_p0      =  -8.45094e-06
p_f065_cmp2_n0      =  -8.45170e-06
p_f065_cmp2_p5      =  3.30000e+00
p_f065_cmp2_n5      =  -1.94714e-06
p_f065_cmp1_p0      =  -2.90272e-06
p_f065_cmp1_n0      =  -2.89607e-06
p_f065_cmp1_p5      =  3.30000e+00
p_f065_cmp1_n5      =  -1.61983e-06
p_f065_cmp0_p0      =  -8.11972e-06
p_f065_cmp0_n0      =  -8.12193e-06
p_f065_cmp0_p5      =  3.30000e+00
p_f065_cmp0_n5      =  -1.94909e-06
p_f065_dctrl7_p     =  3.30001e+00
p_f065_dctrl7_n     =  3.47126e-01
p_f065_dctrl6_p     =  3.26643e+00
p_f065_dctrl6_n     =  3.59950e-06
p_f065_dctrl5_p     =  3.29964e+00
p_f065_dctrl5_n     =  -1.45748e-06
p_f065_dctrl4_p     =  -1.40866e-07
p_f065_dctrl4_n     =  3.29999e+00
p_f065_dctrl3_p     =  3.30000e+00
p_f065_dctrl3_n     =  -2.46291e-08
p_f065_dctrl2_p     =  3.30000e+00
p_f065_dctrl2_n     =  -1.23788e-08
p_f065_dctrl1_p     =  3.30000e+00
p_f065_dctrl1_n     =  -6.11368e-09
p_f065_do7_drv_470  =  3.30000e+00
p_f065_do7_rx_470   =  3.30000e+00
p_f065_do6_drv_470  =  3.30000e+00
p_f065_do6_rx_470   =  3.30000e+00
p_f065_do5_drv_470  =  3.30000e+00
p_f065_do5_rx_470   =  3.30000e+00
p_f065_do4_drv_470  =  0.00000e+00
p_f065_do4_rx_470   =  4.08882e-312
p_f065_do3_drv_470  =  3.30000e+00
p_f065_do3_rx_470   =  3.30000e+00
p_f065_do2_drv_470  =  3.30000e+00
p_f065_do2_rx_470   =  3.30000e+00
p_f065_do1_drv_470  =  3.30000e+00
p_f065_do1_rx_470   =  3.30000e+00
p_f065_do0_drv_470  =  3.30000e+00
p_f065_do0_rx_470   =  3.30000e+00
p_f065_do7_drv_480  =  3.30000e+00
p_f065_do7_rx_480   =  3.30000e+00
p_f065_do6_drv_480  =  3.30000e+00
p_f065_do6_rx_480   =  3.30000e+00
p_f065_do5_drv_480  =  3.30000e+00
p_f065_do5_rx_480   =  3.30000e+00
p_f065_do4_drv_480  =  0.00000e+00
p_f065_do4_rx_480   =  4.08882e-312
p_f065_do3_drv_480  =  3.30000e+00
p_f065_do3_rx_480   =  3.30000e+00
p_f065_do2_drv_480  =  3.30000e+00
p_f065_do2_rx_480   =  3.30000e+00
p_f065_do1_drv_480  =  3.30000e+00
p_f065_do1_rx_480   =  3.30000e+00
p_f065_do0_drv_480  =  3.30000e+00
p_f065_do0_rx_480   =  3.30000e+00
p_f066_cmp7_p0      =  -3.09840e-06
p_f066_cmp7_n0      =  -3.09114e-06
p_f066_cmp7_p5      =  3.30000e+00
p_f066_cmp7_n5      =  -1.73076e-06
p_f066_cmp6_p0      =  -8.13025e-06
p_f066_cmp6_n0      =  -8.12723e-06
p_f066_cmp6_p5      =  3.30000e+00
p_f066_cmp6_n5      =  -1.98234e-06
p_f066_cmp5_p0      =  -2.76809e-06
p_f066_cmp5_n0      =  -2.75885e-06
p_f066_cmp5_p5      =  -1.68415e-06
p_f066_cmp5_n5      =  3.30000e+00
p_f066_cmp4_p0      =  -3.18374e-06
p_f066_cmp4_n0      =  -3.17535e-06
p_f066_cmp4_p5      =  -1.70381e-06
p_f066_cmp4_n5      =  3.30000e+00
p_f066_cmp3_p0      =  -7.66095e-06
p_f066_cmp3_n0      =  -7.66074e-06
p_f066_cmp3_p5      =  3.30000e+00
p_f066_cmp3_n5      =  -1.92450e-06
p_f066_cmp2_p0      =  -8.44867e-06
p_f066_cmp2_n0      =  -8.45274e-06
p_f066_cmp2_p5      =  3.30000e+00
p_f066_cmp2_n5      =  -1.93531e-06
p_f066_cmp1_p0      =  -3.02464e-06
p_f066_cmp1_n0      =  -3.01643e-06
p_f066_cmp1_p5      =  -1.68375e-06
p_f066_cmp1_n5      =  3.30000e+00
p_f066_cmp0_p0      =  -7.68591e-06
p_f066_cmp0_n0      =  -7.69015e-06
p_f066_cmp0_p5      =  -1.98760e-06
p_f066_cmp0_n5      =  3.30000e+00
p_f066_dctrl7_p     =  3.30001e+00
p_f066_dctrl7_n     =  3.47124e-01
p_f066_dctrl6_p     =  3.26643e+00
p_f066_dctrl6_n     =  2.58113e-06
p_f066_dctrl5_p     =  -1.02246e-06
p_f066_dctrl5_n     =  3.29964e+00
p_f066_dctrl4_p     =  -1.36617e-07
p_f066_dctrl4_n     =  3.29999e+00
p_f066_dctrl3_p     =  3.30000e+00
p_f066_dctrl3_n     =  -2.70955e-08
p_f066_dctrl2_p     =  3.30000e+00
p_f066_dctrl2_n     =  -1.35569e-08
p_f066_dctrl1_p     =  -6.30791e-09
p_f066_dctrl1_n     =  3.30000e+00
p_f066_do7_drv_470  =  3.30000e+00
p_f066_do7_rx_470   =  3.30000e+00
p_f066_do6_drv_470  =  3.30000e+00
p_f066_do6_rx_470   =  3.30000e+00
p_f066_do5_drv_470  =  0.00000e+00
p_f066_do5_rx_470   =  1.49586e-268
p_f066_do4_drv_470  =  0.00000e+00
p_f066_do4_rx_470   =  4.08882e-312
p_f066_do3_drv_470  =  3.30000e+00
p_f066_do3_rx_470   =  3.30000e+00
p_f066_do2_drv_470  =  3.30000e+00
p_f066_do2_rx_470   =  3.30000e+00
p_f066_do1_drv_470  =  0.00000e+00
p_f066_do1_rx_470   =  1.49586e-268
p_f066_do0_drv_470  =  0.00000e+00
p_f066_do0_rx_470   =  1.49586e-268
p_f066_do7_drv_480  =  3.30000e+00
p_f066_do7_rx_480   =  3.30000e+00
p_f066_do6_drv_480  =  3.30000e+00
p_f066_do6_rx_480   =  3.30000e+00
p_f066_do5_drv_480  =  0.00000e+00
p_f066_do5_rx_480   =  5.25179e-297
p_f066_do4_drv_480  =  0.00000e+00
p_f066_do4_rx_480   =  4.08882e-312
p_f066_do3_drv_480  =  3.30000e+00
p_f066_do3_rx_480   =  3.30000e+00
p_f066_do2_drv_480  =  3.30000e+00
p_f066_do2_rx_480   =  3.30000e+00
p_f066_do1_drv_480  =  0.00000e+00
p_f066_do1_rx_480   =  5.25179e-297
p_f066_do0_drv_480  =  0.00000e+00
p_f066_do0_rx_480   =  5.25179e-297
p_f067_cmp7_p0      =  -2.97799e-06
p_f067_cmp7_n0      =  -2.97027e-06
p_f067_cmp7_p5      =  3.30000e+00
p_f067_cmp7_n5      =  -1.71239e-06
p_f067_cmp6_p0      =  -8.37737e-06
p_f067_cmp6_n0      =  -8.39059e-06
p_f067_cmp6_p5      =  -2.05325e-06
p_f067_cmp6_n5      =  3.30000e+00
p_f067_cmp5_p0      =  -2.90115e-06
p_f067_cmp5_n0      =  -2.89249e-06
p_f067_cmp5_p5      =  -1.67852e-06
p_f067_cmp5_n5      =  3.30000e+00
p_f067_cmp4_p0      =  -3.09483e-06
p_f067_cmp4_n0      =  -3.08614e-06
p_f067_cmp4_p5      =  -1.69756e-06
p_f067_cmp4_n5      =  3.30000e+00
p_f067_cmp3_p0      =  -7.99520e-06
p_f067_cmp3_n0      =  -7.99974e-06
p_f067_cmp3_p5      =  -1.97387e-06
p_f067_cmp3_n5      =  3.30000e+00
p_f067_cmp2_p0      =  -8.32627e-06
p_f067_cmp2_n0      =  -8.32838e-06
p_f067_cmp2_p5      =  3.30000e+00
p_f067_cmp2_n5      =  -1.93369e-06
p_f067_cmp1_p0      =  -2.93240e-06
p_f067_cmp1_n0      =  -2.92466e-06
p_f067_cmp1_p5      =  3.30000e+00
p_f067_cmp1_n5      =  -1.60889e-06
p_f067_cmp0_p0      =  -7.99498e-06
p_f067_cmp0_n0      =  -7.99907e-06
p_f067_cmp0_p5      =  -1.97129e-06
p_f067_cmp0_n5      =  3.30000e+00
p_f067_dctrl7_p     =  3.30001e+00
p_f067_dctrl7_n     =  3.46956e-01
p_f067_dctrl6_p     =  3.08130e-05
p_f067_dctrl6_n     =  3.26642e+00
p_f067_dctrl5_p     =  -1.11106e-06
p_f067_dctrl5_n     =  3.29964e+00
p_f067_dctrl4_p     =  -1.24549e-07
p_f067_dctrl4_n     =  3.29999e+00
p_f067_dctrl3_p     =  -2.88361e-08
p_f067_dctrl3_n     =  3.30000e+00
p_f067_dctrl2_p     =  3.30000e+00
p_f067_dctrl2_n     =  -1.32282e-08
p_f067_dctrl1_p     =  3.30000e+00
p_f067_dctrl1_n     =  -6.50619e-09
p_f067_do7_drv_470  =  3.30000e+00
p_f067_do7_rx_470   =  3.30000e+00
p_f067_do6_drv_470  =  0.00000e+00
p_f067_do6_rx_470   =  1.40905e-268
p_f067_do5_drv_470  =  0.00000e+00
p_f067_do5_rx_470   =  4.08882e-312
p_f067_do4_drv_470  =  0.00000e+00
p_f067_do4_rx_470   =  4.08882e-312
p_f067_do3_drv_470  =  0.00000e+00
p_f067_do3_rx_470   =  1.40905e-268
p_f067_do2_drv_470  =  3.30000e+00
p_f067_do2_rx_470   =  3.30000e+00
p_f067_do1_drv_470  =  3.30000e+00
p_f067_do1_rx_470   =  3.30000e+00
p_f067_do0_drv_470  =  0.00000e+00
p_f067_do0_rx_470   =  4.08882e-312
p_f067_do7_drv_480  =  3.30000e+00
p_f067_do7_rx_480   =  3.30000e+00
p_f067_do6_drv_480  =  0.00000e+00
p_f067_do6_rx_480   =  4.94701e-297
p_f067_do5_drv_480  =  0.00000e+00
p_f067_do5_rx_480   =  4.08882e-312
p_f067_do4_drv_480  =  0.00000e+00
p_f067_do4_rx_480   =  4.08882e-312
p_f067_do3_drv_480  =  0.00000e+00
p_f067_do3_rx_480   =  4.94701e-297
p_f067_do2_drv_480  =  3.30000e+00
p_f067_do2_rx_480   =  3.30000e+00
p_f067_do1_drv_480  =  3.30000e+00
p_f067_do1_rx_480   =  3.30000e+00
p_f067_do0_drv_480  =  0.00000e+00
p_f067_do0_rx_480   =  4.08882e-312
ngspice-46 done
