
Note: Compatibility modes selected: hs a

Warning: m=xx on .subckt line will override multiplier m hierarchy!


Circuit: * a44 actual analog core with fixed tt timed behavioral sar control.

Reducing trtol to 1 for xspice 'A' devices
Doing analysis at TEMP = 27.000000 and TNOM = 27.000000

Using SPARSE 1.3 as Direct Linear Solver

Initial Transient Solution
--------------------------

Node                                   Voltage
----                                   -------
vdd                                        3.3
vrefp_src                                  2.5
vrefp                                      2.5
vrefp_cap                                  2.5
vrefn_src                                  0.8
vrefn                                      0.8
vrefn_cap                                  0.8
vinp_src                               2.29145
vinn_src                               1.00855
vinp                                   2.29145
vinn                                   1.00855
clks_src                                     0
clks                                         0
cmp_noise                          -0.00256207
xcore.xcdacp.vbot1                         2.5
dctrlp1                                      0
xcore.vresp_raw                     0.00116774
xcore.xcdacp.vbot2                         2.5
dctrlp2                                      0
xcore.xcdacp.vbot3                         2.5
dctrlp3                                      0
xcore.xcdacp.vbot4                         2.5
dctrlp4                                      0
xcore.xcdacp.vbot5                         2.5
dctrlp5                                      0
xcore.xcdacp.vbot6                         2.5
dctrlp6                                      0
xcore.xcdacp.vbot7                         2.5
dctrlp7                                      0
xcore.xcdacp.x1.clksb                      3.3
xcore.xcdacp.x1.net2               1.73581e-10
xcore.xcdacp.x1.net1                       3.3
xcore.xcdacp.x1.bottom_gate        6.11528e-09
xcore.xcdacp.x1.net4               3.04498e-09
xcore.xcdacp.x1.net3                       3.3
xcore.xcdacn.vbot1                         2.5
dctrln1                                      0
xcore.vresn_raw                     0.00017412
xcore.xcdacn.vbot2                         2.5
dctrln2                                      0
xcore.xcdacn.vbot3                         2.5
dctrln3                                      0
xcore.xcdacn.vbot4                         2.5
dctrln4                                      0
xcore.xcdacn.vbot5                         2.5
dctrln5                                      0
xcore.xcdacn.vbot6                         2.5
dctrln6                                      0
xcore.xcdacn.vbot7                         2.5
dctrln7                                      0
xcore.xcdacn.x1.clksb                      3.3
xcore.xcdacn.x1.net2               1.21894e-10
xcore.xcdacn.x1.net1                       3.3
xcore.xcdacn.x1.bottom_gate        6.14463e-09
xcore.xcdacn.x1.net4               3.07471e-09
xcore.xcdacn.x1.net3                       3.3
vresp                             -0.000113294
vresn                               0.00145515
xcore.xcmp.net1                      0.0229615
cmpck                                        0
xcore.xcmp.xp                              3.3
xcore.xcmp.xn                              3.3
xcore.xcmp.ln                              3.3
xcore.xcmp.lp                              3.3
dcmpn                              3.73149e-09
dcmpp                              3.64875e-09
sampled_diff                       -0.00156845
input_diff                              1.2829
cmpck_drv                                    0
dctrlp7_drv                                  0
dctrlp6_drv                                  0
dctrlp5_drv                                  0
dctrlp4_drv                                  0
dctrlp3_drv                                  0
dctrlp2_drv                                  0
dctrlp1_drv                                  0
dctrln7_drv                                  0
dctrln6_drv                                  0
dctrln5_drv                                  0
dctrln4_drv                                  0
dctrln3_drv                                  0
dctrln2_drv                                  0
dctrln1_drv                                  0
dout7_drv                                    0
dout6_drv                                    0
dout5_drv                                    0
dout4_drv                                    0
dout3_drv                                    0
dout2_drv                                    0
dout1_drv                                    0
dout0_drv                                    0
eoc                                          0
invalid0                                     0
timeout0                                     0
complete                                     0
dout7_rx                                     0
dout6_rx                                     0
dout5_rx                                     0
dout4_rx                                     0
dout3_rx                                     0
dout2_rx                                     0
dout1_rx                                     0
dout0_rx                                     0
e_input_diff#branch                -1.2829e-10
e_sample_diff#branch               1.56845e-13
e.xcore.e_cmp_noise_n#branch      -1.45515e-13
e.xcore.e_cmp_noise_p#branch       1.13294e-14
vcmp_noise#branch                  2.56207e-13
vclks_id#branch                              0
vvinn_id#branch                   -4.15713e-10
vvinp_id#branch                   -9.44381e-10
vvrefn_id#branch                  -1.76652e-09
vvrefp_id#branch                  -1.52074e-08
vvdd#branch                       -1.77533e-08
a_status#branch_1_0                          0
a_status#branch_1_1                          0
a_status#branch_1_2                          0
a_status#branch_1_3                          0
a_dout#branch_1_0                            0
a_dout#branch_1_1                            0
a_dout#branch_1_2                            0
a_dout#branch_1_3                            0
a_dout#branch_1_4                            0
a_dout#branch_1_5                            0
a_dout#branch_1_6                            0
a_dout#branch_1_7                            0
a_dctrln#branch_1_0                          0
a_dctrln#branch_1_1                          0
a_dctrln#branch_1_2                          0
a_dctrln#branch_1_3                          0
a_dctrln#branch_1_4                          0
a_dctrln#branch_1_5                          0
a_dctrln#branch_1_6                          0
a_dctrlp#branch_1_0                          0
a_dctrlp#branch_1_1                          0
a_dctrlp#branch_1_2                          0
a_dctrlp#branch_1_3                          0
a_dctrlp#branch_1_4                          0
a_dctrlp#branch_1_5                          0
a_dctrlp#branch_1_6                          0
a_cmpck#branch_1_0                           0


Instance: abeh   Message: WARNING: output scheduled with impossible delay (-4.01e-12) at 5.01e-12/0.

Instance: abeh   Message: XSPICE time is behind vtime:
XSPICE 2.005186574438772e-07
Cosim  2.00547e-07

Instance: abeh   Message: XSPICE time is behind vtime:
XSPICE 7.005206731910604e-07
Cosim  7.00554e-07

Instance: abeh   Message: XSPICE time is behind vtime:
XSPICE 1.200538068500941e-06
Cosim  1.200552e-06

Instance: abeh   Message: XSPICE time is behind vtime:
XSPICE 2.200534702007536e-06
Cosim  2.200542e-06

Instance: abeh   Message: XSPICE time is behind vtime:
XSPICE 2.700497637239824e-06
Cosim  2.700531e-06

Instance: abeh   Message: XSPICE time is behind vtime:
XSPICE 3.200517622382073e-06
Cosim  3.20055e-06

Instance: abeh   Message: XSPICE time is behind vtime:
XSPICE 4.700532062080569e-06
Cosim  4.700556e-06

Instance: abeh   Message: XSPICE time is behind vtime:
XSPICE 5.200518673194546e-06
Cosim  5.200552e-06

Instance: abeh   Message: XSPICE time is behind vtime:
XSPICE 5.700531553486846e-06
Cosim  5.700551e-06

Instance: abeh   Message: XSPICE time is behind vtime:
XSPICE 7.200523637232188e-06
Cosim  7.200557e-06

Instance: abeh   Message: XSPICE time is behind vtime:
XSPICE 7.700523637233306e-06
Cosim  7.700556999999999e-06

Instance: abeh   Message: XSPICE time is behind vtime:
XSPICE 9.200532079041347e-06
Cosim  9.200551000000001e-06

Instance: abeh   Message: XSPICE time is behind vtime:
XSPICE 9.700518673193852e-06
Cosim  9.700552e-06

Instance: abeh   Message: XSPICE time is behind vtime:
XSPICE 1.020050759280886e-05
Cosim  1.0200532e-05

Instance: abeh   Message: XSPICE time is behind vtime:
XSPICE 1.1700517956918e-05
Cosim  1.170055e-05

Instance: abeh   Message: XSPICE time is behind vtime:
XSPICE 1.220049863723928e-05
Cosim  1.2200532e-05

Instance: abeh   Message: XSPICE time is behind vtime:
XSPICE 1.270053207797126e-05
Cosim  1.270054e-05

Instance: abeh   Message: XSPICE time is behind vtime:
XSPICE 1.370053865918845e-05
Cosim  1.3700552e-05

Instance: abeh   Message: XSPICE time is behind vtime:
XSPICE 1.420052367319021e-05
Cosim  1.4200557e-05

Instance: abeh   Message: XSPICE time is behind vtime:
XSPICE 1.470051826561015e-05
Cosim  1.4700547e-05

Instance: abeh   Message: XSPICE time is behind vtime:
XSPICE 1.620051868496436e-05
Cosim  1.6200547e-05

Instance: abeh   Message: XSPICE time is behind vtime:
XSPICE 1.67005186372503e-05
Cosim  1.6700552e-05

Instance: abeh   Message: XSPICE time is behind vtime:
XSPICE 1.720053704271908e-05
Cosim  1.7200551e-05

Instance: abeh   Message: XSPICE time is behind vtime:
XSPICE 1.820053475356905e-05
Cosim  1.8200542e-05

Instance: abeh   Message: XSPICE time is behind vtime:
XSPICE 1.870049767318109e-05
Cosim  1.8700531e-05

Instance: abeh   Message: XSPICE time is behind vtime:
XSPICE 1.920051759493632e-05
Cosim  1.920055e-05

Instance: abeh   Message: XSPICE time is behind vtime:
XSPICE 2.070053206764019e-05
Cosim  2.0700556e-05

Instance: abeh   Message: XSPICE time is behind vtime:
XSPICE 2.120051663725017e-05
Cosim  2.120055e-05

Instance: abeh   Message: XSPICE time is behind vtime:
XSPICE 2.170053054082146e-05
Cosim  2.170055e-05

Instance: abeh   Message: XSPICE time is behind vtime:
XSPICE 2.320051967317335e-05
Cosim  2.3200553e-05

Instance: abeh   Message: XSPICE time is behind vtime:
XSPICE 2.370052367317348e-05
Cosim  2.3700557e-05

Instance: abeh   Message: XSPICE time is behind vtime:
XSPICE 2.52005310670763e-05
Cosim  2.520055e-05

Instance: abeh   Message: XSPICE time is behind vtime:
XSPICE 2.570051663725072e-05
Cosim  2.570055e-05

Instance: abeh   Message: XSPICE time is behind vtime:
XSPICE 2.620050659511442e-05
Cosim  2.6200531e-05

Instance: abeh   Message: XSPICE time is behind vtime:
XSPICE 2.770051792912016e-05
Cosim  2.770055e-05

Instance: abeh   Message: XSPICE time is behind vtime:
XSPICE 2.82004986731825e-05
Cosim  2.8200532e-05

Instance: abeh   Message: XSPICE time is behind vtime:
XSPICE 2.870053111571175e-05
Cosim  2.8700539e-05

Instance: abeh   Message: XSPICE time is behind vtime:
XSPICE 2.970053762590576e-05
Cosim  2.9700551e-05

Instance: abeh   Message: XSPICE time is behind vtime:
XSPICE 3.020051963724806e-05
Cosim  3.0200553e-05

Instance: abeh   Message: XSPICE time is behind vtime:
XSPICE 3.070051828382929e-05
Cosim  3.0700547e-05

Instance: abeh   Message: XSPICE time is behind vtime:
XSPICE 3.220051866609411e-05
Cosim  3.2200547e-05

Instance: abeh   Message: XSPICE time is behind vtime:
XSPICE 3.270052067318944e-05
Cosim  3.2700554e-05

Instance: abeh   Message: XSPICE time is behind vtime:
XSPICE 3.32005380726508e-05
Cosim  3.3200552e-05

No. of Data Rows : 735270
f000_d7             =  3.30000e+00
f000_d6             =  3.30000e+00
f000_d5             =  3.30000e+00
f000_d4             =  0.00000e+00
f000_d3             =  0.00000e+00
f000_d2             =  0.00000e+00
f000_d1             =  0.00000e+00
f000_d0             =  3.30000e+00
f000_complete       =  3.30000e+00
f000_invalid        =  0.00000e+00
f000_timeout        =  0.00000e+00
f000_sampled        =  1.28034e+00
f000_input          =  1.28290e+00
f000_tcomplete      =  3.75497e-07
f001_d7             =  3.30000e+00
f001_d6             =  3.30000e+00
f001_d5             =  3.30000e+00
f001_d4             =  3.30000e+00
f001_d3             =  0.00000e+00
f001_d2             =  0.00000e+00
f001_d1             =  0.00000e+00
f001_d0             =  5.23335e-297
f001_complete       =  3.30000e+00
f001_invalid        =  0.00000e+00
f001_timeout        =  0.00000e+00
f001_sampled        =  1.48420e+00
f001_input          =  1.48485e+00
f001_tcomplete      =  8.75504e-07
f002_d7             =  3.30000e+00
f002_d6             =  3.30000e+00
f002_d5             =  5.15127e-297
f002_d4             =  5.15127e-297
f002_d3             =  3.30000e+00
f002_d2             =  3.30000e+00
f002_d1             =  0.00000e+00
f002_d0             =  3.30000e+00
f002_complete       =  3.30000e+00
f002_invalid        =  0.00000e+00
f002_timeout        =  0.00000e+00
f002_sampled        =  1.01634e+00
f002_input          =  1.01285e+00
f002_tcomplete      =  1.37550e-06
f003_d7             =  3.30000e+00
f003_d6             =  5.10603e-297
f003_d5             =  4.08882e-312
f003_d4             =  4.08882e-312
f003_d3             =  5.10603e-297
f003_d2             =  3.30000e+00
f003_d1             =  3.30000e+00
f003_d0             =  5.10603e-297
f003_complete       =  3.30000e+00
f003_invalid        =  0.00000e+00
f003_timeout        =  0.00000e+00
f003_sampled        =  7.97718e-02
f003_input          =  8.09336e-02
f003_tcomplete      =  1.87550e-06
f004_d7             =  4.83668e-297
f004_d6             =  4.08882e-312
f004_d5             =  3.30000e+00
f004_d4             =  3.30000e+00
f004_d3             =  3.30000e+00
f004_d2             =  3.30000e+00
f004_d1             =  4.83668e-297
f004_d0             =  3.30000e+00
f004_complete       =  3.30000e+00
f004_invalid        =  0.00000e+00
f004_timeout        =  0.00000e+00
f004_sampled        =  -8.88680e-01
f004_input          =  -8.87612e-01
f004_tcomplete      =  2.37549e-06
f005_d7             =  4.08882e-312
f005_d6             =  4.08882e-312
f005_d5             =  4.49057e-297
f005_d4             =  3.30000e+00
f005_d3             =  4.49057e-297
f005_d2             =  4.49057e-297
f005_d1             =  3.30000e+00
f005_d0             =  3.30000e+00
f005_complete       =  3.30000e+00
f005_invalid        =  0.00000e+00
f005_timeout        =  0.00000e+00
f005_sampled        =  -1.45313e+00
f005_input          =  -1.45317e+00
f005_tcomplete      =  2.87548e-06
f006_d7             =  4.08882e-312
f006_d6             =  4.08882e-312
f006_d5             =  4.08882e-312
f006_d4             =  3.30000e+00
f006_d3             =  3.30000e+00
f006_d2             =  4.08882e-312
f006_d1             =  3.30000e+00
f006_d0             =  5.09254e-297
f006_complete       =  3.30000e+00
f006_invalid        =  0.00000e+00
f006_timeout        =  0.00000e+00
f006_sampled        =  -1.35964e+00
f006_input          =  -1.35915e+00
f006_tcomplete      =  3.37550e-06
f007_d7             =  4.08882e-312
f007_d6             =  3.30000e+00
f007_d5             =  4.08882e-312
f007_d4             =  5.28577e-297
f007_d3             =  3.30000e+00
f007_d2             =  3.30000e+00
f007_d1             =  3.30000e+00
f007_d0             =  3.30000e+00
f007_complete       =  3.30000e+00
f007_invalid        =  0.00000e+00
f007_timeout        =  0.00000e+00
f007_sampled        =  -6.46599e-01
f007_input          =  -6.48034e-01
f007_tcomplete      =  3.87551e-06
f008_d7             =  3.30000e+00
f008_d6             =  4.46767e-297
f008_d5             =  4.08882e-312
f008_d4             =  3.30000e+00
f008_d3             =  3.30000e+00
f008_d2             =  4.46767e-297
f008_d1             =  3.30000e+00
f008_d0             =  3.30000e+00
f008_complete       =  3.30000e+00
f008_invalid        =  0.00000e+00
f008_timeout        =  0.00000e+00
f008_sampled        =  3.59569e-01
f008_input          =  3.57448e-01
f008_tcomplete      =  4.37548e-06
f009_d7             =  3.30000e+00
f009_d6             =  3.30000e+00
f009_d5             =  4.08882e-312
f009_d4             =  3.30000e+00
f009_d3             =  3.30000e+00
f009_d2             =  4.08882e-312
f009_d1             =  3.30000e+00
f009_d0             =  3.30000e+00
f009_complete       =  3.30000e+00
f009_invalid        =  0.00000e+00
f009_timeout        =  0.00000e+00
f009_sampled        =  1.19931e+00
f009_input          =  1.20039e+00
f009_tcomplete      =  4.87551e-06
f010_d7             =  3.30000e+00
f010_d6             =  3.30000e+00
f010_d5             =  3.30000e+00
f010_d4             =  3.30000e+00
f010_d3             =  5.13744e-297
f010_d2             =  4.08882e-312
f010_d1             =  5.13744e-297
f010_d0             =  3.30000e+00
f010_complete       =  3.30000e+00
f010_invalid        =  0.00000e+00
f010_timeout        =  0.00000e+00
f010_sampled        =  1.49935e+00
f010_input          =  1.49857e+00
f010_tcomplete      =  5.37550e-06
f011_d7             =  3.30000e+00
f011_d6             =  3.30000e+00
f011_d5             =  5.13923e-297
f011_d4             =  3.30000e+00
f011_d3             =  4.08882e-312
f011_d2             =  3.30000e+00
f011_d1             =  4.08882e-312
f011_d0             =  5.13923e-297
f011_complete       =  3.30000e+00
f011_invalid        =  0.00000e+00
f011_timeout        =  0.00000e+00
f011_sampled        =  1.11637e+00
f011_input          =  1.11620e+00
f011_tcomplete      =  5.87550e-06
f012_d7             =  3.30000e+00
f012_d6             =  5.22684e-297
f012_d5             =  4.08882e-312
f012_d4             =  3.30000e+00
f012_d3             =  4.08882e-312
f012_d2             =  5.22684e-297
f012_d1             =  4.08882e-312
f012_d0             =  3.30000e+00
f012_complete       =  3.30000e+00
f012_invalid        =  0.00000e+00
f012_timeout        =  0.00000e+00
f012_sampled        =  2.29063e-01
f012_input          =  2.27382e-01
f012_tcomplete      =  6.37551e-06
f013_d7             =  5.02300e-297
f013_d6             =  3.30000e+00
f013_d5             =  4.08882e-312
f013_d4             =  5.02300e-297
f013_d3             =  4.08882e-312
f013_d2             =  3.30000e+00
f013_d1             =  3.30000e+00
f013_d0             =  5.02300e-297
f013_complete       =  3.30000e+00
f013_invalid        =  0.00000e+00
f013_timeout        =  0.00000e+00
f013_sampled        =  -7.65621e-01
f013_input          =  -7.64826e-01
f013_tcomplete      =  6.87550e-06
f014_d7             =  4.08882e-312
f014_d6             =  5.32532e-297
f014_d5             =  4.08882e-312
f014_d4             =  3.30000e+00
f014_d3             =  4.08882e-312
f014_d2             =  3.30000e+00
f014_d1             =  3.30000e+00
f014_d0             =  4.08882e-312
f014_complete       =  3.30000e+00
f014_invalid        =  0.00000e+00
f014_timeout        =  0.00000e+00
f014_sampled        =  -1.41161e+00
f014_input          =  -1.40985e+00
f014_tcomplete      =  7.37551e-06
f015_d7             =  4.08882e-312
f015_d6             =  4.08882e-312
f015_d5             =  4.08882e-312
f015_d4             =  3.30000e+00
f015_d3             =  4.08882e-312
f015_d2             =  3.30000e+00
f015_d1             =  5.28706e-297
f015_d0             =  3.30000e+00
f015_complete       =  3.30000e+00
f015_invalid        =  0.00000e+00
f015_timeout        =  0.00000e+00
f015_sampled        =  -1.41445e+00
f015_input          =  -1.41483e+00
f015_tcomplete      =  7.87551e-06
f016_d7             =  4.08882e-312
f016_d6             =  3.30000e+00
f016_d5             =  4.08882e-312
f016_d4             =  5.04758e-297
f016_d3             =  4.08882e-312
f016_d2             =  3.30000e+00
f016_d1             =  3.30000e+00
f016_d0             =  5.04758e-297
f016_complete       =  3.30000e+00
f016_invalid        =  0.00000e+00
f016_timeout        =  0.00000e+00
f016_sampled        =  -7.78684e-01
f016_input          =  -7.77377e-01
f016_tcomplete      =  8.37550e-06
f017_d7             =  3.30000e+00
f017_d6             =  5.27654e-297
f017_d5             =  4.08882e-312
f017_d4             =  3.30000e+00
f017_d3             =  4.08882e-312
f017_d2             =  5.27654e-297
f017_d1             =  5.27654e-297
f017_d0             =  3.30000e+00
f017_complete       =  3.30000e+00
f017_invalid        =  0.00000e+00
f017_timeout        =  0.00000e+00
f017_sampled        =  2.13050e-01
f017_input          =  2.12852e-01
f017_tcomplete      =  8.87551e-06
f018_d7             =  3.30000e+00
f018_d6             =  3.30000e+00
f018_d5             =  4.08882e-312
f018_d4             =  3.30000e+00
f018_d3             =  4.08882e-312
f018_d2             =  3.30000e+00
f018_d1             =  4.08882e-312
f018_d0             =  5.14066e-297
f018_complete       =  3.30000e+00
f018_invalid        =  0.00000e+00
f018_timeout        =  0.00000e+00
f018_sampled        =  1.10716e+00
f018_input          =  1.10638e+00
f018_tcomplete      =  9.37550e-06
f019_d7             =  3.30000e+00
f019_d6             =  3.30000e+00
f019_d5             =  3.30000e+00
f019_d4             =  3.30000e+00
f019_d3             =  4.08882e-312
f019_d2             =  5.14129e-297
f019_d1             =  4.08882e-312
f019_d0             =  3.30000e+00
f019_complete       =  3.30000e+00
f019_invalid        =  0.00000e+00
f019_timeout        =  0.00000e+00
f019_sampled        =  1.49852e+00
f019_input          =  1.49776e+00
f019_tcomplete      =  9.87550e-06
f020_d7             =  3.30000e+00
f020_d6             =  3.30000e+00
f020_d5             =  4.53339e-297
f020_d4             =  3.30000e+00
f020_d3             =  3.30000e+00
f020_d2             =  4.08882e-312
f020_d1             =  3.30000e+00
f020_d0             =  3.30000e+00
f020_complete       =  3.30000e+00
f020_invalid        =  0.00000e+00
f020_timeout        =  0.00000e+00
f020_sampled        =  1.21024e+00
f020_input          =  1.20917e+00
f020_tcomplete      =  1.03755e-05
f021_d7             =  3.30000e+00
f021_d6             =  4.48114e-297
f021_d5             =  4.08882e-312
f021_d4             =  3.30000e+00
f021_d3             =  3.30000e+00
f021_d2             =  3.30000e+00
f021_d1             =  4.48114e-297
f021_d0             =  4.48114e-297
f021_complete       =  3.30000e+00
f021_invalid        =  0.00000e+00
f021_timeout        =  0.00000e+00
f021_sampled        =  3.72090e-01
f021_input          =  3.71665e-01
f021_tcomplete      =  1.08755e-05
f022_d7             =  5.31481e-297
f022_d6             =  3.30000e+00
f022_d5             =  4.08882e-312
f022_d4             =  3.30000e+00
f022_d3             =  5.31481e-297
f022_d2             =  5.31481e-297
f022_d1             =  4.08882e-312
f022_d0             =  4.08882e-312
f022_complete       =  3.30000e+00
f022_invalid        =  0.00000e+00
f022_timeout        =  0.00000e+00
f022_sampled        =  -6.33569e-01
f022_input          =  -6.34622e-01
f022_tcomplete      =  1.13755e-05
f023_d7             =  4.08882e-312
f023_d6             =  5.07234e-297
f023_d5             =  4.08882e-312
f023_d4             =  3.30000e+00
f023_d3             =  3.30000e+00
f023_d2             =  4.08882e-312
f023_d1             =  3.30000e+00
f023_d0             =  4.08882e-312
f023_complete       =  3.30000e+00
f023_invalid        =  0.00000e+00
f023_timeout        =  0.00000e+00
f023_sampled        =  -1.35265e+00
f023_input          =  -1.35288e+00
f023_tcomplete      =  1.18755e-05
f024_d7             =  4.08882e-312
f024_d6             =  4.08882e-312
f024_d5             =  4.08882e-312
f024_d4             =  3.30000e+00
f024_d3             =  4.70981e-297
f024_d2             =  4.08882e-312
f024_d1             =  3.30000e+00
f024_d0             =  4.08882e-312
f024_complete       =  3.30000e+00
f024_invalid        =  0.00000e+00
f024_timeout        =  0.00000e+00
f024_sampled        =  -1.45611e+00
f024_input          =  -1.45674e+00
f024_tcomplete      =  1.23755e-05
f025_d7             =  4.08882e-312
f025_d6             =  4.08882e-312
f025_d5             =  3.30000e+00
f025_d4             =  3.30000e+00
f025_d3             =  3.30000e+00
f025_d2             =  3.30000e+00
f025_d1             =  5.02364e-297
f025_d0             =  4.08882e-312
f025_complete       =  3.30000e+00
f025_invalid        =  0.00000e+00
f025_timeout        =  0.00000e+00
f025_sampled        =  -8.98818e-01
f025_input          =  -8.99327e-01
f025_tcomplete      =  1.28755e-05
f026_d7             =  3.30000e+00
f026_d6             =  4.08882e-312
f026_d5             =  5.04487e-297
f026_d4             =  5.04487e-297
f026_d3             =  5.04487e-297
f026_d2             =  3.30000e+00
f026_d1             =  4.08882e-312
f026_d0             =  3.30000e+00
f026_complete       =  3.30000e+00
f026_invalid        =  0.00000e+00
f026_timeout        =  0.00000e+00
f026_sampled        =  6.53810e-02
f026_input          =  6.62314e-02
f026_tcomplete      =  1.33755e-05
f027_d7             =  3.30000e+00
f027_d6             =  3.30000e+00
f027_d5             =  4.08882e-312
f027_d4             =  4.08882e-312
f027_d3             =  3.30000e+00
f027_d2             =  3.30000e+00
f027_d1             =  4.08882e-312
f027_d0             =  5.15405e-297
f027_complete       =  3.30000e+00
f027_invalid        =  0.00000e+00
f027_timeout        =  0.00000e+00
f027_sampled        =  9.99742e-01
f027_input          =  1.00181e+00
f027_tcomplete      =  1.38755e-05
f028_d7             =  3.30000e+00
f028_d6             =  3.30000e+00
f028_d5             =  3.30000e+00
f028_d4             =  3.30000e+00
f028_d3             =  5.31983e-297
f028_d2             =  5.31983e-297
f028_d1             =  4.08882e-312
f028_d0             =  4.08882e-312
f028_complete       =  3.30000e+00
f028_invalid        =  0.00000e+00
f028_timeout        =  0.00000e+00
f028_sampled        =  1.47954e+00
f028_input          =  1.48260e+00
f028_tcomplete      =  1.43755e-05
f029_d7             =  3.30000e+00
f029_d6             =  3.30000e+00
f029_d5             =  3.30000e+00
f029_d4             =  5.01112e-297
f029_d3             =  4.08882e-312
f029_d2             =  4.08882e-312
f029_d1             =  3.30000e+00
f029_d0             =  4.08882e-312
f029_complete       =  3.30000e+00
f029_invalid        =  0.00000e+00
f029_timeout        =  0.00000e+00
f029_sampled        =  1.29042e+00
f029_input          =  1.29026e+00
f029_tcomplete      =  1.48755e-05
f030_d7             =  3.30000e+00
f030_d6             =  4.56075e-297
f030_d5             =  3.30000e+00
f030_d4             =  4.08882e-312
f030_d3             =  4.08882e-312
f030_d2             =  3.30000e+00
f030_d1             =  3.30000e+00
f030_d0             =  3.30000e+00
f030_complete       =  3.30000e+00
f030_invalid        =  0.00000e+00
f030_timeout        =  0.00000e+00
f030_sampled        =  5.15295e-01
f030_input          =  5.12316e-01
f030_tcomplete      =  1.53755e-05
f031_d7             =  4.58855e-297
f031_d6             =  3.30000e+00
f031_d5             =  4.58855e-297
f031_d4             =  3.30000e+00
f031_d3             =  3.30000e+00
f031_d2             =  4.58855e-297
f031_d1             =  3.30000e+00
f031_d0             =  4.58855e-297
f031_complete       =  3.30000e+00
f031_invalid        =  0.00000e+00
f031_timeout        =  0.00000e+00
f031_sampled        =  -4.98093e-01
f031_input          =  -4.98413e-01
f031_tcomplete      =  1.58755e-05
f032_d7             =  4.08882e-312
f032_d6             =  4.98376e-297
f032_d5             =  4.08882e-312
f032_d4             =  3.30000e+00
f032_d3             =  3.30000e+00
f032_d2             =  3.30000e+00
f032_d1             =  3.30000e+00
f032_d0             =  3.30000e+00
f032_complete       =  3.30000e+00
f032_invalid        =  0.00000e+00
f032_timeout        =  0.00000e+00
f032_sampled        =  -1.28136e+00
f032_input          =  -1.28279e+00
f032_tcomplete      =  1.63755e-05
f033_d7             =  4.08882e-312
f033_d6             =  4.08882e-312
f033_d5             =  4.08882e-312
f033_d4             =  3.30000e+00
f033_d3             =  5.33665e-297
f033_d2             =  5.33665e-297
f033_d1             =  5.33665e-297
f033_d0             =  5.33665e-297
f033_complete       =  3.30000e+00
f033_invalid        =  0.00000e+00
f033_timeout        =  0.00000e+00
f033_sampled        =  -1.48414e+00
f033_input          =  -1.48490e+00
f033_tcomplete      =  1.68755e-05
f034_d7             =  4.08882e-312
f034_d6             =  4.08882e-312
f034_d5             =  3.30000e+00
f034_d4             =  3.30000e+00
f034_d3             =  4.08882e-312
f034_d2             =  3.30000e+00
f034_d1             =  4.08882e-312
f034_d0             =  4.08882e-312
f034_complete       =  3.30000e+00
f034_invalid        =  0.00000e+00
f034_timeout        =  0.00000e+00
f034_sampled        =  -1.01189e+00
f034_input          =  -1.01280e+00
f034_tcomplete      =  1.73755e-05
f035_d7             =  4.08882e-312
f035_d6             =  3.30000e+00
f035_d5             =  3.30000e+00
f035_d4             =  3.30000e+00
f035_d3             =  3.30000e+00
f035_d2             =  5.05083e-297
f035_d1             =  3.30000e+00
f035_d0             =  4.08882e-312
f035_complete       =  3.30000e+00
f035_invalid        =  0.00000e+00
f035_timeout        =  0.00000e+00
f035_sampled        =  -7.90198e-02
f035_input          =  -8.10122e-02
f035_tcomplete      =  1.78755e-05
f036_d7             =  3.30000e+00
f036_d6             =  3.30000e+00
f036_d5             =  4.83718e-297
f036_d4             =  4.83718e-297
f036_d3             =  4.83718e-297
f036_d2             =  4.08882e-312
f036_d1             =  3.30000e+00
f036_d0             =  3.30000e+00
f036_complete       =  3.30000e+00
f036_invalid        =  0.00000e+00
f036_timeout        =  0.00000e+00
f036_sampled        =  8.88111e-01
f036_input          =  8.87607e-01
f036_tcomplete      =  1.83755e-05
f037_d7             =  3.30000e+00
f037_d6             =  3.30000e+00
f037_d5             =  3.30000e+00
f037_d4             =  4.08882e-312
f037_d3             =  3.30000e+00
f037_d2             =  3.30000e+00
f037_d1             =  3.30000e+00
f037_d0             =  4.51431e-297
f037_complete       =  3.30000e+00
f037_invalid        =  0.00000e+00
f037_timeout        =  0.00000e+00
f037_sampled        =  1.45386e+00
f037_input          =  1.45322e+00
f037_tcomplete      =  1.88755e-05
f038_d7             =  3.30000e+00
f038_d6             =  3.30000e+00
f038_d5             =  3.30000e+00
f038_d4             =  4.08882e-312
f038_d3             =  5.08618e-297
f038_d2             =  3.30000e+00
f038_d1             =  3.30000e+00
f038_d0             =  3.30000e+00
f038_complete       =  3.30000e+00
f038_invalid        =  0.00000e+00
f038_timeout        =  0.00000e+00
f038_sampled        =  1.35740e+00
f038_input          =  1.35904e+00
f038_tcomplete      =  1.93755e-05
f039_d7             =  3.30000e+00
f039_d6             =  5.26210e-297
f039_d5             =  3.30000e+00
f039_d4             =  3.30000e+00
f039_d3             =  4.08882e-312
f039_d2             =  5.26210e-297
f039_d1             =  5.26210e-297
f039_d0             =  3.30000e+00
f039_complete       =  3.30000e+00
f039_invalid        =  0.00000e+00
f039_timeout        =  0.00000e+00
f039_sampled        =  6.50050e-01
f039_input          =  6.47962e-01
f039_tcomplete      =  1.98755e-05
f040_d7             =  4.47204e-297
f040_d6             =  3.30000e+00
f040_d5             =  3.30000e+00
f040_d4             =  4.47204e-297
f040_d3             =  4.08882e-312
f040_d2             =  3.30000e+00
f040_d1             =  4.08882e-312
f040_d0             =  3.30000e+00
f040_complete       =  3.30000e+00
f040_invalid        =  0.00000e+00
f040_timeout        =  0.00000e+00
f040_sampled        =  -3.57266e-01
f040_input          =  -3.57263e-01
f040_tcomplete      =  2.03755e-05
f041_d7             =  4.08882e-312
f041_d6             =  5.28634e-297
f041_d5             =  3.30000e+00
f041_d4             =  4.08882e-312
f041_d3             =  4.08882e-312
f041_d2             =  3.30000e+00
f041_d1             =  3.30000e+00
f041_d0             =  5.28634e-297
f041_complete       =  3.30000e+00
f041_invalid        =  0.00000e+00
f041_timeout        =  0.00000e+00
f041_sampled        =  -1.19945e+00
f041_input          =  -1.20038e+00
f041_tcomplete      =  2.08755e-05
f042_d7             =  4.08882e-312
f042_d6             =  4.08882e-312
f042_d5             =  5.10453e-297
f042_d4             =  4.08882e-312
f042_d3             =  3.30000e+00
f042_d2             =  3.30000e+00
f042_d1             =  3.30000e+00
f042_d0             =  3.30000e+00
f042_complete       =  3.30000e+00
f042_invalid        =  0.00000e+00
f042_timeout        =  0.00000e+00
f042_sampled        =  -1.49796e+00
f042_input          =  -1.49871e+00
f042_tcomplete      =  2.13755e-05
f043_d7             =  4.08882e-312
f043_d6             =  4.08882e-312
f043_d5             =  3.30000e+00
f043_d4             =  4.08882e-312
f043_d3             =  3.30000e+00
f043_d2             =  3.30000e+00
f043_d1             =  5.07687e-297
f043_d0             =  5.07687e-297
f043_complete       =  3.30000e+00
f043_invalid        =  0.00000e+00
f043_timeout        =  0.00000e+00
f043_sampled        =  -1.11957e+00
f043_input          =  -1.11625e+00
f043_tcomplete      =  2.18755e-05
f044_d7             =  4.08882e-312
f044_d6             =  3.30000e+00
f044_d5             =  3.30000e+00
f044_d4             =  4.08882e-312
f044_d3             =  3.30000e+00
f044_d2             =  3.30000e+00
f044_d1             =  3.30000e+00
f044_d0             =  3.30000e+00
f044_complete       =  3.30000e+00
f044_invalid        =  0.00000e+00
f044_timeout        =  0.00000e+00
f044_sampled        =  -2.27096e-01
f044_input          =  -2.27529e-01
f044_tcomplete      =  2.23755e-05
f045_d7             =  3.30000e+00
f045_d6             =  5.10621e-297
f045_d5             =  3.30000e+00
f045_d4             =  3.30000e+00
f045_d3             =  3.30000e+00
f045_d2             =  5.10621e-297
f045_d1             =  3.30000e+00
f045_d0             =  5.10621e-297
f045_complete       =  3.30000e+00
f045_invalid        =  0.00000e+00
f045_timeout        =  0.00000e+00
f045_sampled        =  7.65844e-01
f045_input          =  7.64936e-01
f045_tcomplete      =  2.28755e-05
f046_d7             =  3.30000e+00
f046_d6             =  3.30000e+00
f046_d5             =  3.30000e+00
f046_d4             =  5.18171e-297
f046_d3             =  3.30000e+00
f046_d2             =  4.08882e-312
f046_d1             =  3.30000e+00
f046_d0             =  3.30000e+00
f046_complete       =  3.30000e+00
f046_invalid        =  0.00000e+00
f046_timeout        =  0.00000e+00
f046_sampled        =  1.40926e+00
f046_input          =  1.40990e+00
f046_tcomplete      =  2.33755e-05
f047_d7             =  3.30000e+00
f047_d6             =  3.30000e+00
f047_d5             =  3.30000e+00
f047_d4             =  4.08882e-312
f047_d3             =  3.30000e+00
f047_d2             =  4.08882e-312
f047_d1             =  3.30000e+00
f047_d0             =  3.30000e+00
f047_complete       =  3.30000e+00
f047_invalid        =  0.00000e+00
f047_timeout        =  0.00000e+00
f047_sampled        =  1.41631e+00
f047_input          =  1.41467e+00
f047_tcomplete      =  2.38755e-05
f048_d7             =  3.30000e+00
f048_d6             =  5.02592e-297
f048_d5             =  3.30000e+00
f048_d4             =  3.30000e+00
f048_d3             =  3.30000e+00
f048_d2             =  4.08882e-312
f048_d1             =  3.30000e+00
f048_d0             =  3.30000e+00
f048_complete       =  3.30000e+00
f048_invalid        =  0.00000e+00
f048_timeout        =  0.00000e+00
f048_sampled        =  7.79416e-01
f048_input          =  7.77455e-01
f048_tcomplete      =  2.43755e-05
f049_d7             =  5.29220e-297
f049_d6             =  3.30000e+00
f049_d5             =  3.30000e+00
f049_d4             =  3.30000e+00
f049_d3             =  5.29220e-297
f049_d2             =  4.08882e-312
f049_d1             =  5.29220e-297
f049_d0             =  5.29220e-297
f049_complete       =  3.30000e+00
f049_invalid        =  0.00000e+00
f049_timeout        =  0.00000e+00
f049_sampled        =  -2.17364e-01
f049_input          =  -2.12792e-01
f049_tcomplete      =  2.48755e-05
f050_d7             =  4.08882e-312
f050_d6             =  5.08677e-297
f050_d5             =  3.30000e+00
f050_d4             =  5.08677e-297
f050_d3             =  3.30000e+00
f050_d2             =  3.30000e+00
f050_d1             =  4.08882e-312
f050_d0             =  3.30000e+00
f050_complete       =  3.30000e+00
f050_invalid        =  0.00000e+00
f050_timeout        =  0.00000e+00
f050_sampled        =  -1.10525e+00
f050_input          =  -1.10639e+00
f050_tcomplete      =  2.53755e-05
f051_d7             =  4.08882e-312
f051_d6             =  4.08882e-312
f051_d5             =  5.08227e-297
f051_d4             =  4.08882e-312
f051_d3             =  3.30000e+00
f051_d2             =  3.30000e+00
f051_d1             =  3.30000e+00
f051_d0             =  3.30000e+00
f051_complete       =  3.30000e+00
f051_invalid        =  0.00000e+00
f051_timeout        =  0.00000e+00
f051_sampled        =  -1.49524e+00
f051_input          =  -1.49775e+00
f051_tcomplete      =  2.58755e-05
f052_d7             =  4.08882e-312
f052_d6             =  4.08882e-312
f052_d5             =  3.30000e+00
f052_d4             =  4.08882e-312
f052_d3             =  4.49645e-297
f052_d2             =  3.30000e+00
f052_d1             =  4.49645e-297
f052_d0             =  3.30000e+00
f052_complete       =  3.30000e+00
f052_invalid        =  0.00000e+00
f052_timeout        =  0.00000e+00
f052_sampled        =  -1.21056e+00
f052_input          =  -1.20925e+00
f052_tcomplete      =  2.63755e-05
f053_d7             =  4.08882e-312
f053_d6             =  3.30000e+00
f053_d5             =  3.30000e+00
f053_d4             =  4.08882e-312
f053_d3             =  4.08882e-312
f053_d2             =  3.30000e+00
f053_d1             =  4.08882e-312
f053_d0             =  5.29627e-297
f053_complete       =  3.30000e+00
f053_invalid        =  0.00000e+00
f053_timeout        =  0.00000e+00
f053_sampled        =  -3.68984e-01
f053_input          =  -3.71581e-01
f053_tcomplete      =  2.68755e-05
f054_d7             =  3.30000e+00
f054_d6             =  4.47404e-297
f054_d5             =  3.30000e+00
f054_d4             =  3.30000e+00
f054_d3             =  4.08882e-312
f054_d2             =  4.47404e-297
f054_d1             =  4.08882e-312
f054_d0             =  4.08882e-312
f054_complete       =  3.30000e+00
f054_invalid        =  0.00000e+00
f054_timeout        =  0.00000e+00
f054_sampled        =  6.34214e-01
f054_input          =  6.34630e-01
f054_tcomplete      =  2.73755e-05
f055_d7             =  3.30000e+00
f055_d6             =  3.30000e+00
f055_d5             =  3.30000e+00
f055_d4             =  5.10215e-297
f055_d3             =  4.08882e-312
f055_d2             =  3.30000e+00
f055_d1             =  3.30000e+00
f055_d0             =  4.08882e-312
f055_complete       =  3.30000e+00
f055_invalid        =  0.00000e+00
f055_timeout        =  0.00000e+00
f055_sampled        =  1.35162e+00
f055_input          =  1.35280e+00
f055_tcomplete      =  2.78755e-05
f056_d7             =  3.30000e+00
f056_d6             =  3.30000e+00
f056_d5             =  3.30000e+00
f056_d4             =  4.08882e-312
f056_d3             =  3.30000e+00
f056_d2             =  3.30000e+00
f056_d1             =  3.30000e+00
f056_d0             =  4.08882e-312
f056_complete       =  3.30000e+00
f056_invalid        =  0.00000e+00
f056_timeout        =  0.00000e+00
f056_sampled        =  1.45785e+00
f056_input          =  1.45688e+00
f056_tcomplete      =  2.83755e-05
f057_d7             =  3.30000e+00
f057_d6             =  3.30000e+00
f057_d5             =  4.93392e-297
f057_d4             =  4.08882e-312
f057_d3             =  4.93392e-297
f057_d2             =  3.30000e+00
f057_d1             =  4.93392e-297
f057_d0             =  4.08882e-312
f057_complete       =  3.30000e+00
f057_invalid        =  0.00000e+00
f057_timeout        =  0.00000e+00
f057_sampled        =  8.99913e-01
f057_input          =  8.99541e-01
f057_tcomplete      =  2.88755e-05
f058_d7             =  5.04620e-297
f058_d6             =  3.30000e+00
f058_d5             =  3.30000e+00
f058_d4             =  3.30000e+00
f058_d3             =  3.30000e+00
f058_d2             =  5.04620e-297
f058_d1             =  3.30000e+00
f058_d0             =  3.30000e+00
f058_complete       =  3.30000e+00
f058_invalid        =  0.00000e+00
f058_timeout        =  0.00000e+00
f058_sampled        =  -6.46559e-02
f058_input          =  -6.61666e-02
f058_tcomplete      =  2.93755e-05
f059_d7             =  4.08882e-312
f059_d6             =  5.29661e-297
f059_d5             =  3.30000e+00
f059_d4             =  3.30000e+00
f059_d3             =  5.29661e-297
f059_d2             =  3.30000e+00
f059_d1             =  5.29661e-297
f059_d0             =  3.30000e+00
f059_complete       =  3.30000e+00
f059_invalid        =  0.00000e+00
f059_timeout        =  0.00000e+00
f059_sampled        =  -1.00152e+00
f059_input          =  -1.00186e+00
f059_tcomplete      =  2.98755e-05
f060_d7             =  4.08882e-312
f060_d6             =  4.08882e-312
f060_d5             =  5.35757e-297
f060_d4             =  3.30000e+00
f060_d3             =  4.08882e-312
f060_d2             =  5.35757e-297
f060_d1             =  4.08882e-312
f060_d0             =  5.35757e-297
f060_complete       =  3.30000e+00
f060_invalid        =  0.00000e+00
f060_timeout        =  0.00000e+00
f060_sampled        =  -1.48140e+00
f060_input          =  -1.48267e+00
f060_tcomplete      =  3.03755e-05
f061_d7             =  4.08882e-312
f061_d6             =  4.08882e-312
f061_d5             =  4.08882e-312
f061_d4             =  3.30000e+00
f061_d3             =  3.30000e+00
f061_d2             =  3.30000e+00
f061_d1             =  3.30000e+00
f061_d0             =  3.30000e+00
f061_complete       =  3.30000e+00
f061_invalid        =  0.00000e+00
f061_timeout        =  0.00000e+00
f061_sampled        =  -1.29334e+00
f061_input          =  -1.29031e+00
f061_tcomplete      =  3.08755e-05
f062_d7             =  4.08882e-312
f062_d6             =  3.30000e+00
f062_d5             =  4.08882e-312
f062_d4             =  3.30000e+00
f062_d3             =  3.30000e+00
f062_d2             =  4.53335e-297
f062_d1             =  4.53335e-297
f062_d0             =  3.30000e+00
f062_complete       =  3.30000e+00
f062_invalid        =  0.00000e+00
f062_timeout        =  0.00000e+00
f062_sampled        =  -5.11706e-01
f062_input          =  -5.12198e-01
f062_tcomplete      =  3.13755e-05
f063_d7             =  3.30000e+00
f063_d6             =  4.57380e-297
f063_d5             =  3.30000e+00
f063_d4             =  4.57380e-297
f063_d3             =  4.57380e-297
f063_d2             =  3.30000e+00
f063_d1             =  3.30000e+00
f063_d0             =  4.57380e-297
f063_complete       =  3.30000e+00
f063_invalid        =  0.00000e+00
f063_timeout        =  0.00000e+00
f063_sampled        =  4.97408e-01
f063_input          =  4.98425e-01
f063_tcomplete      =  3.18755e-05
f064_d7             =  3.30000e+00
f064_d6             =  3.30000e+00
f064_d5             =  3.30000e+00
f064_d4             =  4.08882e-312
f064_d3             =  4.08882e-312
f064_d2             =  4.99177e-297
f064_d1             =  4.99177e-297
f064_d0             =  3.30000e+00
f064_complete       =  3.30000e+00
f064_invalid        =  0.00000e+00
f064_timeout        =  0.00000e+00
f064_sampled        =  1.28303e+00
f064_input          =  1.28277e+00
f064_tcomplete      =  3.23755e-05
f065_d7             =  3.30000e+00
f065_d6             =  3.30000e+00
f065_d5             =  3.30000e+00
f065_d4             =  3.30000e+00
f065_d3             =  4.08882e-312
f065_d2             =  4.08882e-312
f065_d1             =  4.08882e-312
f065_d0             =  5.24641e-297
f065_complete       =  3.30000e+00
f065_invalid        =  0.00000e+00
f065_timeout        =  0.00000e+00
f065_sampled        =  1.48492e+00
f065_input          =  1.48488e+00
f065_tcomplete      =  3.28755e-05
f066_d7             =  3.30000e+00
f066_d6             =  3.30000e+00
f066_d5             =  5.14947e-297
f066_d4             =  5.14947e-297
f066_d3             =  3.30000e+00
f066_d2             =  3.30000e+00
f066_d1             =  4.08882e-312
f066_d0             =  3.30000e+00
f066_complete       =  3.30000e+00
f066_invalid        =  0.00000e+00
f066_timeout        =  0.00000e+00
f066_sampled        =  1.01386e+00
f066_input          =  1.01277e+00
f066_tcomplete      =  3.33755e-05
f067_d7             =  3.30000e+00
f067_d6             =  5.13057e-297
f067_d5             =  4.08882e-312
f067_d4             =  4.08882e-312
f067_d3             =  5.13057e-297
f067_d2             =  3.30000e+00
f067_d1             =  3.30000e+00
f067_d0             =  5.13057e-297
f067_complete       =  3.30000e+00
f067_invalid        =  0.00000e+00
f067_timeout        =  0.00000e+00
f067_sampled        =  8.14144e-02
f067_input          =  8.10870e-02
f067_tcomplete      =  3.38755e-05
p_f000_cmp7_p0      =  -2.94208e-06
p_f000_cmp7_n0      =  -3.05307e-06
p_f000_cmp7_p5      =  3.30000e+00
p_f000_cmp7_n5      =  -1.82859e-06
p_f000_cmp6_p0      =  -8.26422e-06
p_f000_cmp6_n0      =  -8.22939e-06
p_f000_cmp6_p5      =  3.30000e+00
p_f000_cmp6_n5      =  -2.08475e-06
p_f000_cmp5_p0      =  -3.03907e-06
p_f000_cmp5_n0      =  -3.15208e-06
p_f000_cmp5_p5      =  3.30000e+00
p_f000_cmp5_n5      =  -1.73208e-06
p_f000_cmp4_p0      =  -3.03669e-06
p_f000_cmp4_n0      =  -3.14818e-06
p_f000_cmp4_p5      =  -1.67567e-06
p_f000_cmp4_n5      =  3.30000e+00
p_f000_cmp3_p0      =  -8.48475e-06
p_f000_cmp3_n0      =  -8.47689e-06
p_f000_cmp3_p5      =  -1.97722e-06
p_f000_cmp3_n5      =  3.30000e+00
p_f000_cmp2_p0      =  -8.20294e-06
p_f000_cmp2_n0      =  -8.18331e-06
p_f000_cmp2_p5      =  -1.97670e-06
p_f000_cmp2_n5      =  3.30000e+00
p_f000_cmp1_p0      =  -3.02265e-06
p_f000_cmp1_n0      =  -3.13480e-06
p_f000_cmp1_p5      =  -1.66081e-06
p_f000_cmp1_n5      =  3.30000e+00
p_f000_cmp0_p0      =  -8.24474e-06
p_f000_cmp0_n0      =  -8.21756e-06
p_f000_cmp0_p5      =  3.30000e+00
p_f000_cmp0_n5      =  -2.04453e-06
p_f000_dctrl7_p     =  3.30001e+00
p_f000_dctrl7_n     =  3.46703e-01
p_f000_dctrl6_p     =  3.26646e+00
p_f000_dctrl6_n     =  3.03479e-06
p_f000_dctrl5_p     =  3.29964e+00
p_f000_dctrl5_n     =  -1.66705e-06
p_f000_dctrl4_p     =  -1.24826e-07
p_f000_dctrl4_n     =  3.29999e+00
p_f000_dctrl3_p     =  -2.72280e-08
p_f000_dctrl3_n     =  3.30000e+00
p_f000_dctrl2_p     =  -1.36042e-08
p_f000_dctrl2_n     =  3.30000e+00
p_f000_dctrl1_p     =  -6.59977e-09
p_f000_dctrl1_n     =  3.30000e+00
p_f000_do7_drv_470  =  3.30000e+00
p_f000_do7_rx_470   =  3.30000e+00
p_f000_do6_drv_470  =  3.30000e+00
p_f000_do6_rx_470   =  3.30000e+00
p_f000_do5_drv_470  =  3.30000e+00
p_f000_do5_rx_470   =  3.30000e+00
p_f000_do4_drv_470  =  0.00000e+00
p_f000_do4_rx_470   =  0.00000e+00
p_f000_do3_drv_470  =  0.00000e+00
p_f000_do3_rx_470   =  0.00000e+00
p_f000_do2_drv_470  =  0.00000e+00
p_f000_do2_rx_470   =  0.00000e+00
p_f000_do1_drv_470  =  0.00000e+00
p_f000_do1_rx_470   =  0.00000e+00
p_f000_do0_drv_470  =  3.30000e+00
p_f000_do0_rx_470   =  3.30000e+00
p_f000_do7_drv_480  =  3.30000e+00
p_f000_do7_rx_480   =  3.30000e+00
p_f000_do6_drv_480  =  3.30000e+00
p_f000_do6_rx_480   =  3.30000e+00
p_f000_do5_drv_480  =  3.30000e+00
p_f000_do5_rx_480   =  3.30000e+00
p_f000_do4_drv_480  =  0.00000e+00
p_f000_do4_rx_480   =  0.00000e+00
p_f000_do3_drv_480  =  0.00000e+00
p_f000_do3_rx_480   =  0.00000e+00
p_f000_do2_drv_480  =  0.00000e+00
p_f000_do2_rx_480   =  0.00000e+00
p_f000_do1_drv_480  =  0.00000e+00
p_f000_do1_rx_480   =  0.00000e+00
p_f000_do0_drv_480  =  3.30000e+00
p_f000_do0_rx_480   =  3.30000e+00
p_f001_cmp7_p0      =  -3.16283e-06
p_f001_cmp7_n0      =  -3.28042e-06
p_f001_cmp7_p5      =  3.30000e+00
p_f001_cmp7_n5      =  -1.86956e-06
p_f001_cmp6_p0      =  -8.55485e-06
p_f001_cmp6_n0      =  -8.48127e-06
p_f001_cmp6_p5      =  3.30000e+00
p_f001_cmp6_n5      =  -2.11859e-06
p_f001_cmp5_p0      =  -3.25396e-06
p_f001_cmp5_n0      =  -3.37352e-06
p_f001_cmp5_p5      =  3.30000e+00
p_f001_cmp5_n5      =  -1.76124e-06
p_f001_cmp4_p0      =  -3.23824e-06
p_f001_cmp4_n0      =  -3.35728e-06
p_f001_cmp4_p5      =  3.30000e+00
p_f001_cmp4_n5      =  -1.74823e-06
p_f001_cmp3_p0      =  -8.49171e-06
p_f001_cmp3_n0      =  -8.43821e-06
p_f001_cmp3_p5      =  -2.00812e-06
p_f001_cmp3_n5      =  3.30000e+00
p_f001_cmp2_p0      =  -8.49179e-06
p_f001_cmp2_n0      =  -8.43657e-06
p_f001_cmp2_p5      =  -2.00448e-06
p_f001_cmp2_n5      =  3.30000e+00
p_f001_cmp1_p0      =  -3.23263e-06
p_f001_cmp1_n0      =  -3.35048e-06
p_f001_cmp1_p5      =  -1.68782e-06
p_f001_cmp1_n5      =  3.30000e+00
p_f001_cmp0_p0      =  -8.53411e-06
p_f001_cmp0_n0      =  -8.47054e-06
p_f001_cmp0_p5      =  -1.99713e-06
p_f001_cmp0_n5      =  3.30000e+00
p_f001_dctrl7_p     =  3.30001e+00
p_f001_dctrl7_n     =  3.47089e-01
p_f001_dctrl6_p     =  3.26639e+00
p_f001_dctrl6_n     =  3.42043e-06
p_f001_dctrl5_p     =  3.29964e+00
p_f001_dctrl5_n     =  -1.47503e-06
p_f001_dctrl4_p     =  3.29999e+00
p_f001_dctrl4_n     =  -1.43572e-07
p_f001_dctrl3_p     =  -2.72098e-08
p_f001_dctrl3_n     =  3.30000e+00
p_f001_dctrl2_p     =  -1.34803e-08
p_f001_dctrl2_n     =  3.30000e+00
p_f001_dctrl1_p     =  -6.55101e-09
p_f001_dctrl1_n     =  3.30000e+00
p_f001_do7_drv_470  =  3.30000e+00
p_f001_do7_rx_470   =  3.30000e+00
p_f001_do6_drv_470  =  3.30000e+00
p_f001_do6_rx_470   =  3.30000e+00
p_f001_do5_drv_470  =  3.30000e+00
p_f001_do5_rx_470   =  3.30000e+00
p_f001_do4_drv_470  =  3.30000e+00
p_f001_do4_rx_470   =  3.30000e+00
p_f001_do3_drv_470  =  0.00000e+00
p_f001_do3_rx_470   =  0.00000e+00
p_f001_do2_drv_470  =  0.00000e+00
p_f001_do2_rx_470   =  0.00000e+00
p_f001_do1_drv_470  =  0.00000e+00
p_f001_do1_rx_470   =  0.00000e+00
p_f001_do0_drv_470  =  0.00000e+00
p_f001_do0_rx_470   =  1.49061e-268
p_f001_do7_drv_480  =  3.30000e+00
p_f001_do7_rx_480   =  3.30000e+00
p_f001_do6_drv_480  =  3.30000e+00
p_f001_do6_rx_480   =  3.30000e+00
p_f001_do5_drv_480  =  3.30000e+00
p_f001_do5_rx_480   =  3.30000e+00
p_f001_do4_drv_480  =  3.30000e+00
p_f001_do4_rx_480   =  3.30000e+00
p_f001_do3_drv_480  =  0.00000e+00
p_f001_do3_rx_480   =  0.00000e+00
p_f001_do2_drv_480  =  0.00000e+00
p_f001_do2_rx_480   =  0.00000e+00
p_f001_do1_drv_480  =  0.00000e+00
p_f001_do1_rx_480   =  0.00000e+00
p_f001_do0_drv_480  =  0.00000e+00
p_f001_do0_rx_480   =  5.23335e-297
p_f002_cmp7_p0      =  -3.08896e-06
p_f002_cmp7_n0      =  -3.20464e-06
p_f002_cmp7_p5      =  3.30000e+00
p_f002_cmp7_n5      =  -1.83975e-06
p_f002_cmp6_p0      =  -8.46294e-06
p_f002_cmp6_n0      =  -8.40274e-06
p_f002_cmp6_p5      =  3.30000e+00
p_f002_cmp6_n5      =  -2.10224e-06
p_f002_cmp5_p0      =  -3.19743e-06
p_f002_cmp5_n0      =  -3.31362e-06
p_f002_cmp5_p5      =  -1.69664e-06
p_f002_cmp5_n5      =  3.30000e+00
p_f002_cmp4_p0      =  -3.17987e-06
p_f002_cmp4_n0      =  -3.29559e-06
p_f002_cmp4_p5      =  -1.68409e-06
p_f002_cmp4_n5      =  3.30000e+00
p_f002_cmp3_p0      =  -8.41302e-06
p_f002_cmp3_n0      =  -8.36110e-06
p_f002_cmp3_p5      =  3.30000e+00
p_f002_cmp3_n5      =  -2.06909e-06
p_f002_cmp2_p0      =  -8.41087e-06
p_f002_cmp2_n0      =  -8.36177e-06
p_f002_cmp2_p5      =  3.30000e+00
p_f002_cmp2_n5      =  -2.06244e-06
p_f002_cmp1_p0      =  -3.17267e-06
p_f002_cmp1_n0      =  -3.28875e-06
p_f002_cmp1_p5      =  -1.68005e-06
p_f002_cmp1_n5      =  3.30000e+00
p_f002_cmp0_p0      =  -8.45147e-06
p_f002_cmp0_n0      =  -8.39819e-06
p_f002_cmp0_p5      =  3.30000e+00
p_f002_cmp0_n5      =  -2.05992e-06
p_f002_dctrl7_p     =  3.30001e+00
p_f002_dctrl7_n     =  3.46979e-01
p_f002_dctrl6_p     =  3.26641e+00
p_f002_dctrl6_n     =  2.37725e-06
p_f002_dctrl5_p     =  -1.05404e-06
p_f002_dctrl5_n     =  3.29964e+00
p_f002_dctrl4_p     =  -1.41453e-07
p_f002_dctrl4_n     =  3.29999e+00
p_f002_dctrl3_p     =  3.30000e+00
p_f002_dctrl3_n     =  -2.72613e-08
p_f002_dctrl2_p     =  3.30000e+00
p_f002_dctrl2_n     =  -1.37655e-08
p_f002_dctrl1_p     =  -6.55219e-09
p_f002_dctrl1_n     =  3.30000e+00
p_f002_do7_drv_470  =  3.30000e+00
p_f002_do7_rx_470   =  3.30000e+00
p_f002_do6_drv_470  =  3.30000e+00
p_f002_do6_rx_470   =  3.30000e+00
p_f002_do5_drv_470  =  0.00000e+00
p_f002_do5_rx_470   =  1.46723e-268
p_f002_do4_drv_470  =  0.00000e+00
p_f002_do4_rx_470   =  1.46723e-268
p_f002_do3_drv_470  =  3.30000e+00
p_f002_do3_rx_470   =  3.30000e+00
p_f002_do2_drv_470  =  3.30000e+00
p_f002_do2_rx_470   =  3.30000e+00
p_f002_do1_drv_470  =  0.00000e+00
p_f002_do1_rx_470   =  0.00000e+00
p_f002_do0_drv_470  =  3.30000e+00
p_f002_do0_rx_470   =  3.30000e+00
p_f002_do7_drv_480  =  3.30000e+00
p_f002_do7_rx_480   =  3.30000e+00
p_f002_do6_drv_480  =  3.30000e+00
p_f002_do6_rx_480   =  3.30000e+00
p_f002_do5_drv_480  =  0.00000e+00
p_f002_do5_rx_480   =  5.15127e-297
p_f002_do4_drv_480  =  0.00000e+00
p_f002_do4_rx_480   =  5.15127e-297
p_f002_do3_drv_480  =  3.30000e+00
p_f002_do3_rx_480   =  3.30000e+00
p_f002_do2_drv_480  =  3.30000e+00
p_f002_do2_rx_480   =  3.30000e+00
p_f002_do1_drv_480  =  0.00000e+00
p_f002_do1_rx_480   =  0.00000e+00
p_f002_do0_drv_480  =  3.30000e+00
p_f002_do0_rx_480   =  3.30000e+00
p_f003_cmp7_p0      =  -2.99552e-06
p_f003_cmp7_n0      =  -3.10868e-06
p_f003_cmp7_p5      =  3.30000e+00
p_f003_cmp7_n5      =  -1.82315e-06
p_f003_cmp6_p0      =  -8.38358e-06
p_f003_cmp6_n0      =  -8.35004e-06
p_f003_cmp6_p5      =  -2.03616e-06
p_f003_cmp6_n5      =  3.30000e+00
p_f003_cmp5_p0      =  -3.25686e-06
p_f003_cmp5_n0      =  -3.37244e-06
p_f003_cmp5_p5      =  -1.69308e-06
p_f003_cmp5_n5      =  3.30000e+00
p_f003_cmp4_p0      =  -3.12332e-06
p_f003_cmp4_n0      =  -3.23711e-06
p_f003_cmp4_p5      =  -1.68380e-06
p_f003_cmp4_n5      =  3.30000e+00
p_f003_cmp3_p0      =  -8.32704e-06
p_f003_cmp3_n0      =  -8.29084e-06
p_f003_cmp3_p5      =  -1.98371e-06
p_f003_cmp3_n5      =  3.30000e+00
p_f003_cmp2_p0      =  -9.14619e-06
p_f003_cmp2_n0      =  -9.13950e-06
p_f003_cmp2_p5      =  3.30000e+00
p_f003_cmp2_n5      =  -2.05197e-06
p_f003_cmp1_p0      =  -3.10911e-06
p_f003_cmp1_n0      =  -3.22479e-06
p_f003_cmp1_p5      =  3.30000e+00
p_f003_cmp1_n5      =  -1.73274e-06
p_f003_cmp0_p0      =  -8.36866e-06
p_f003_cmp0_n0      =  -8.32606e-06
p_f003_cmp0_p5      =  -1.97555e-06
p_f003_cmp0_n5      =  3.30000e+00
p_f003_dctrl7_p     =  3.30001e+00
p_f003_dctrl7_n     =  3.46863e-01
p_f003_dctrl6_p     =  3.07371e-05
p_f003_dctrl6_n     =  3.26644e+00
p_f003_dctrl5_p     =  -1.14003e-06
p_f003_dctrl5_n     =  3.29964e+00
p_f003_dctrl4_p     =  -1.29102e-07
p_f003_dctrl4_n     =  3.29999e+00
p_f003_dctrl3_p     =  -2.94149e-08
p_f003_dctrl3_n     =  3.30000e+00
p_f003_dctrl2_p     =  3.30000e+00
p_f003_dctrl2_n     =  -1.34770e-08
p_f003_dctrl1_p     =  3.30000e+00
p_f003_dctrl1_n     =  -6.63476e-09
p_f003_do7_drv_470  =  3.30000e+00
p_f003_do7_rx_470   =  3.30000e+00
p_f003_do6_drv_470  =  0.00000e+00
p_f003_do6_rx_470   =  1.45435e-268
p_f003_do5_drv_470  =  0.00000e+00
p_f003_do5_rx_470   =  4.08882e-312
p_f003_do4_drv_470  =  0.00000e+00
p_f003_do4_rx_470   =  4.08882e-312
p_f003_do3_drv_470  =  0.00000e+00
p_f003_do3_rx_470   =  1.45435e-268
p_f003_do2_drv_470  =  3.30000e+00
p_f003_do2_rx_470   =  3.30000e+00
p_f003_do1_drv_470  =  3.30000e+00
p_f003_do1_rx_470   =  3.30000e+00
p_f003_do0_drv_470  =  0.00000e+00
p_f003_do0_rx_470   =  1.45435e-268
p_f003_do7_drv_480  =  3.30000e+00
p_f003_do7_rx_480   =  3.30000e+00
p_f003_do6_drv_480  =  0.00000e+00
p_f003_do6_rx_480   =  5.10603e-297
p_f003_do5_drv_480  =  0.00000e+00
p_f003_do5_rx_480   =  4.08882e-312
p_f003_do4_drv_480  =  0.00000e+00
p_f003_do4_rx_480   =  4.08882e-312
p_f003_do3_drv_480  =  0.00000e+00
p_f003_do3_rx_480   =  5.10603e-297
p_f003_do2_drv_480  =  3.30000e+00
p_f003_do2_rx_480   =  3.30000e+00
p_f003_do1_drv_480  =  3.30000e+00
p_f003_do1_rx_480   =  3.30000e+00
p_f003_do0_drv_480  =  0.00000e+00
p_f003_do0_rx_480   =  5.10603e-297
p_f064_cmp7_p0      =  -3.06235e-06
p_f064_cmp7_n0      =  -3.17692e-06
p_f064_cmp7_p5      =  3.30000e+00
p_f064_cmp7_n5      =  -1.84215e-06
p_f064_cmp6_p0      =  -8.42849e-06
p_f064_cmp6_n0      =  -8.37172e-06
p_f064_cmp6_p5      =  3.30000e+00
p_f064_cmp6_n5      =  -2.10046e-06
p_f064_cmp5_p0      =  -2.95010e-06
p_f064_cmp5_n0      =  -3.06048e-06
p_f064_cmp5_p5      =  3.30000e+00
p_f064_cmp5_n5      =  -1.72204e-06
p_f064_cmp4_p0      =  -3.15540e-06
p_f064_cmp4_n0      =  -3.27039e-06
p_f064_cmp4_p5      =  -1.68687e-06
p_f064_cmp4_n5      =  3.30000e+00
p_f064_cmp3_p0      =  -8.88126e-06
p_f064_cmp3_n0      =  -8.91529e-06
p_f064_cmp3_p5      =  -1.95994e-06
p_f064_cmp3_n5      =  3.30000e+00
p_f064_cmp2_p0      =  -8.36824e-06
p_f064_cmp2_n0      =  -8.32764e-06
p_f064_cmp2_p5      =  -1.99178e-06
p_f064_cmp2_n5      =  3.30000e+00
p_f064_cmp1_p0      =  -2.99295e-06
p_f064_cmp1_n0      =  -3.10371e-06
p_f064_cmp1_p5      =  -1.65962e-06
p_f064_cmp1_n5      =  3.30000e+00
p_f064_cmp0_p0      =  -8.03780e-06
p_f064_cmp0_n0      =  -8.03709e-06
p_f064_cmp0_p5      =  3.30000e+00
p_f064_cmp0_n5      =  -2.02480e-06
p_f064_dctrl7_p     =  3.30001e+00
p_f064_dctrl7_n     =  3.46705e-01
p_f064_dctrl6_p     =  3.26643e+00
p_f064_dctrl6_n     =  3.04066e-06
p_f064_dctrl5_p     =  3.29964e+00
p_f064_dctrl5_n     =  -1.66434e-06
p_f064_dctrl4_p     =  -1.24896e-07
p_f064_dctrl4_n     =  3.29999e+00
p_f064_dctrl3_p     =  -2.71882e-08
p_f064_dctrl3_n     =  3.30000e+00
p_f064_dctrl2_p     =  -1.36007e-08
p_f064_dctrl2_n     =  3.30000e+00
p_f064_dctrl1_p     =  -6.59256e-09
p_f064_dctrl1_n     =  3.30000e+00
p_f064_do7_drv_470  =  3.30000e+00
p_f064_do7_rx_470   =  3.30000e+00
p_f064_do6_drv_470  =  3.30000e+00
p_f064_do6_rx_470   =  3.30000e+00
p_f064_do5_drv_470  =  3.30000e+00
p_f064_do5_rx_470   =  3.30000e+00
p_f064_do4_drv_470  =  0.00000e+00
p_f064_do4_rx_470   =  4.08882e-312
p_f064_do3_drv_470  =  0.00000e+00
p_f064_do3_rx_470   =  4.08882e-312
p_f064_do2_drv_470  =  0.00000e+00
p_f064_do2_rx_470   =  1.42180e-268
p_f064_do1_drv_470  =  0.00000e+00
p_f064_do1_rx_470   =  1.42180e-268
p_f064_do0_drv_470  =  3.30000e+00
p_f064_do0_rx_470   =  3.30000e+00
p_f064_do7_drv_480  =  3.30000e+00
p_f064_do7_rx_480   =  3.30000e+00
p_f064_do6_drv_480  =  3.30000e+00
p_f064_do6_rx_480   =  3.30000e+00
p_f064_do5_drv_480  =  3.30000e+00
p_f064_do5_rx_480   =  3.30000e+00
p_f064_do4_drv_480  =  0.00000e+00
p_f064_do4_rx_480   =  4.08882e-312
p_f064_do3_drv_480  =  0.00000e+00
p_f064_do3_rx_480   =  4.08882e-312
p_f064_do2_drv_480  =  0.00000e+00
p_f064_do2_rx_480   =  4.99177e-297
p_f064_do1_drv_480  =  0.00000e+00
p_f064_do1_rx_480   =  4.99177e-297
p_f064_do0_drv_480  =  3.30000e+00
p_f064_do0_rx_480   =  3.30000e+00
p_f065_cmp7_p0      =  -3.28202e-06
p_f065_cmp7_n0      =  -3.40317e-06
p_f065_cmp7_p5      =  3.30000e+00
p_f065_cmp7_n5      =  -1.88377e-06
p_f065_cmp6_p0      =  -8.71886e-06
p_f065_cmp6_n0      =  -8.62329e-06
p_f065_cmp6_p5      =  3.30000e+00
p_f065_cmp6_n5      =  -2.13525e-06
p_f065_cmp5_p0      =  -3.16548e-06
p_f065_cmp5_n0      =  -3.28237e-06
p_f065_cmp5_p5      =  3.30000e+00
p_f065_cmp5_n5      =  -1.75077e-06
p_f065_cmp4_p0      =  -3.35771e-06
p_f065_cmp4_n0      =  -3.47987e-06
p_f065_cmp4_p5      =  3.30000e+00
p_f065_cmp4_n5      =  -1.75975e-06
p_f065_cmp3_p0      =  -8.32670e-06
p_f065_cmp3_n0      =  -8.29388e-06
p_f065_cmp3_p5      =  -1.99239e-06
p_f065_cmp3_n5      =  3.30000e+00
p_f065_cmp2_p0      =  -8.65698e-06
p_f065_cmp2_n0      =  -8.58107e-06
p_f065_cmp2_p5      =  -2.02018e-06
p_f065_cmp2_n5      =  3.30000e+00
p_f065_cmp1_p0      =  -3.20269e-06
p_f065_cmp1_n0      =  -3.31965e-06
p_f065_cmp1_p5      =  -1.68479e-06
p_f065_cmp1_n5      =  3.30000e+00
p_f065_cmp0_p0      =  -8.32724e-06
p_f065_cmp0_n0      =  -8.29004e-06
p_f065_cmp0_p5      =  -2.01704e-06
p_f065_cmp0_n5      =  3.30000e+00
p_f065_dctrl7_p     =  3.30001e+00
p_f065_dctrl7_n     =  3.47089e-01
p_f065_dctrl6_p     =  3.26636e+00
p_f065_dctrl6_n     =  3.42621e-06
p_f065_dctrl5_p     =  3.29964e+00
p_f065_dctrl5_n     =  -1.47699e-06
p_f065_dctrl4_p     =  3.29999e+00
p_f065_dctrl4_n     =  -1.43778e-07
p_f065_dctrl3_p     =  -2.71149e-08
p_f065_dctrl3_n     =  3.30000e+00
p_f065_dctrl2_p     =  -1.34469e-08
p_f065_dctrl2_n     =  3.30000e+00
p_f065_dctrl1_p     =  -6.55011e-09
p_f065_dctrl1_n     =  3.30000e+00
p_f065_do7_drv_470  =  3.30000e+00
p_f065_do7_rx_470   =  3.30000e+00
p_f065_do6_drv_470  =  3.30000e+00
p_f065_do6_rx_470   =  3.30000e+00
p_f065_do5_drv_470  =  3.30000e+00
p_f065_do5_rx_470   =  3.30000e+00
p_f065_do4_drv_470  =  3.30000e+00
p_f065_do4_rx_470   =  3.30000e+00
p_f065_do3_drv_470  =  0.00000e+00
p_f065_do3_rx_470   =  4.08882e-312
p_f065_do2_drv_470  =  0.00000e+00
p_f065_do2_rx_470   =  4.08882e-312
p_f065_do1_drv_470  =  0.00000e+00
p_f065_do1_rx_470   =  4.08882e-312
p_f065_do0_drv_470  =  0.00000e+00
p_f065_do0_rx_470   =  1.49433e-268
p_f065_do7_drv_480  =  3.30000e+00
p_f065_do7_rx_480   =  3.30000e+00
p_f065_do6_drv_480  =  3.30000e+00
p_f065_do6_rx_480   =  3.30000e+00
p_f065_do5_drv_480  =  3.30000e+00
p_f065_do5_rx_480   =  3.30000e+00
p_f065_do4_drv_480  =  3.30000e+00
p_f065_do4_rx_480   =  3.30000e+00
p_f065_do3_drv_480  =  0.00000e+00
p_f065_do3_rx_480   =  4.08882e-312
p_f065_do2_drv_480  =  0.00000e+00
p_f065_do2_rx_480   =  4.08882e-312
p_f065_do1_drv_480  =  0.00000e+00
p_f065_do1_rx_480   =  4.08882e-312
p_f065_do0_drv_480  =  0.00000e+00
p_f065_do0_rx_480   =  5.24641e-297
p_f066_cmp7_p0      =  -3.20891e-06
p_f066_cmp7_n0      =  -3.32817e-06
p_f066_cmp7_p5      =  3.30000e+00
p_f066_cmp7_n5      =  -1.85301e-06
p_f066_cmp6_p0      =  -8.62734e-06
p_f066_cmp6_n0      =  -8.54538e-06
p_f066_cmp6_p5      =  3.30000e+00
p_f066_cmp6_n5      =  -2.11863e-06
p_f066_cmp5_p0      =  -3.10879e-06
p_f066_cmp5_n0      =  -3.22236e-06
p_f066_cmp5_p5      =  -1.68563e-06
p_f066_cmp5_n5      =  3.30000e+00
p_f066_cmp4_p0      =  -3.29919e-06
p_f066_cmp4_n0      =  -3.41846e-06
p_f066_cmp4_p5      =  -1.69701e-06
p_f066_cmp4_n5      =  3.30000e+00
p_f066_cmp3_p0      =  -8.24751e-06
p_f066_cmp3_n0      =  -8.21715e-06
p_f066_cmp3_p5      =  3.30000e+00
p_f066_cmp3_n5      =  -2.05221e-06
p_f066_cmp2_p0      =  -8.57629e-06
p_f066_cmp2_n0      =  -8.50603e-06
p_f066_cmp2_p5      =  3.30000e+00
p_f066_cmp2_n5      =  -2.07767e-06
p_f066_cmp1_p0      =  -3.14274e-06
p_f066_cmp1_n0      =  -3.25793e-06
p_f066_cmp1_p5      =  -1.67752e-06
p_f066_cmp1_n5      =  3.30000e+00
p_f066_cmp0_p0      =  -8.24458e-06
p_f066_cmp0_n0      =  -8.21774e-06
p_f066_cmp0_p5      =  3.30000e+00
p_f066_cmp0_n5      =  -2.03751e-06
p_f066_dctrl7_p     =  3.30001e+00
p_f066_dctrl7_n     =  3.46979e-01
p_f066_dctrl6_p     =  3.26638e+00
p_f066_dctrl6_n     =  2.38382e-06
p_f066_dctrl5_p     =  -1.05244e-06
p_f066_dctrl5_n     =  3.29964e+00
p_f066_dctrl4_p     =  -1.41355e-07
p_f066_dctrl4_n     =  3.29999e+00
p_f066_dctrl3_p     =  3.30000e+00
p_f066_dctrl3_n     =  -2.71775e-08
p_f066_dctrl2_p     =  3.30000e+00
p_f066_dctrl2_n     =  -1.37655e-08
p_f066_dctrl1_p     =  -6.54747e-09
p_f066_dctrl1_n     =  3.30000e+00
p_f066_do7_drv_470  =  3.30000e+00
p_f066_do7_rx_470   =  3.30000e+00
p_f066_do6_drv_470  =  3.30000e+00
p_f066_do6_rx_470   =  3.30000e+00
p_f066_do5_drv_470  =  0.00000e+00
p_f066_do5_rx_470   =  1.46672e-268
p_f066_do4_drv_470  =  0.00000e+00
p_f066_do4_rx_470   =  1.46672e-268
p_f066_do3_drv_470  =  3.30000e+00
p_f066_do3_rx_470   =  3.30000e+00
p_f066_do2_drv_470  =  3.30000e+00
p_f066_do2_rx_470   =  3.30000e+00
p_f066_do1_drv_470  =  0.00000e+00
p_f066_do1_rx_470   =  4.08882e-312
p_f066_do0_drv_470  =  3.30000e+00
p_f066_do0_rx_470   =  3.30000e+00
p_f066_do7_drv_480  =  3.30000e+00
p_f066_do7_rx_480   =  3.30000e+00
p_f066_do6_drv_480  =  3.30000e+00
p_f066_do6_rx_480   =  3.30000e+00
p_f066_do5_drv_480  =  0.00000e+00
p_f066_do5_rx_480   =  5.14947e-297
p_f066_do4_drv_480  =  0.00000e+00
p_f066_do4_rx_480   =  5.14947e-297
p_f066_do3_drv_480  =  3.30000e+00
p_f066_do3_rx_480   =  3.30000e+00
p_f066_do2_drv_480  =  3.30000e+00
p_f066_do2_rx_480   =  3.30000e+00
p_f066_do1_drv_480  =  0.00000e+00
p_f066_do1_rx_480   =  4.08882e-312
p_f066_do0_drv_480  =  3.30000e+00
p_f066_do0_rx_480   =  3.30000e+00
p_f067_cmp7_p0      =  -3.11787e-06
p_f067_cmp7_n0      =  -3.23465e-06
p_f067_cmp7_p5      =  3.30000e+00
p_f067_cmp7_n5      =  -1.83768e-06
p_f067_cmp6_p0      =  -8.54669e-06
p_f067_cmp6_n0      =  -8.49278e-06
p_f067_cmp6_p5      =  -2.05235e-06
p_f067_cmp6_n5      =  3.30000e+00
p_f067_cmp5_p0      =  -3.23563e-06
p_f067_cmp5_n0      =  -3.34713e-06
p_f067_cmp5_p5      =  -1.68565e-06
p_f067_cmp5_n5      =  3.30000e+00
p_f067_cmp4_p0      =  -3.24247e-06
p_f067_cmp4_n0      =  -3.35978e-06
p_f067_cmp4_p5      =  -1.69530e-06
p_f067_cmp4_n5      =  3.30000e+00
p_f067_cmp3_p0      =  -7.64990e-06
p_f067_cmp3_n0      =  -7.61694e-06
p_f067_cmp3_p5      =  -1.97870e-06
p_f067_cmp3_n5      =  3.30000e+00
p_f067_cmp2_p0      =  -8.08183e-06
p_f067_cmp2_n0      =  -7.98848e-06
p_f067_cmp2_p5      =  3.30000e+00
p_f067_cmp2_n5      =  -2.08371e-06
p_f067_cmp1_p0      =  -3.24117e-06
p_f067_cmp1_n0      =  -3.35478e-06
p_f067_cmp1_p5      =  3.30000e+00
p_f067_cmp1_n5      =  -1.73033e-06
p_f067_cmp0_p0      =  -8.16177e-06
p_f067_cmp0_n0      =  -8.14559e-06
p_f067_cmp0_p5      =  -1.96215e-06
p_f067_cmp0_n5      =  3.30000e+00
p_f067_dctrl7_p     =  3.30001e+00
p_f067_dctrl7_n     =  3.46863e-01
p_f067_dctrl6_p     =  3.07619e-05
p_f067_dctrl6_n     =  3.26641e+00
p_f067_dctrl5_p     =  -1.13902e-06
p_f067_dctrl5_n     =  3.29964e+00
p_f067_dctrl4_p     =  -1.28639e-07
p_f067_dctrl4_n     =  3.29999e+00
p_f067_dctrl3_p     =  -2.93486e-08
p_f067_dctrl3_n     =  3.30000e+00
p_f067_dctrl2_p     =  3.30000e+00
p_f067_dctrl2_n     =  -1.34798e-08
p_f067_dctrl1_p     =  3.30000e+00
p_f067_dctrl1_n     =  -6.65231e-09
p_f067_do7_drv_470  =  3.30000e+00
p_f067_do7_rx_470   =  3.30000e+00
p_f067_do6_drv_470  =  0.00000e+00
p_f067_do6_rx_470   =  1.46133e-268
p_f067_do5_drv_470  =  0.00000e+00
p_f067_do5_rx_470   =  4.08882e-312
p_f067_do4_drv_470  =  0.00000e+00
p_f067_do4_rx_470   =  4.08882e-312
p_f067_do3_drv_470  =  0.00000e+00
p_f067_do3_rx_470   =  1.46133e-268
p_f067_do2_drv_470  =  3.30000e+00
p_f067_do2_rx_470   =  3.30000e+00
p_f067_do1_drv_470  =  3.30000e+00
p_f067_do1_rx_470   =  3.30000e+00
p_f067_do0_drv_470  =  0.00000e+00
p_f067_do0_rx_470   =  1.46133e-268
p_f067_do7_drv_480  =  3.30000e+00
p_f067_do7_rx_480   =  3.30000e+00
p_f067_do6_drv_480  =  0.00000e+00
p_f067_do6_rx_480   =  5.13057e-297
p_f067_do5_drv_480  =  0.00000e+00
p_f067_do5_rx_480   =  4.08882e-312
p_f067_do4_drv_480  =  0.00000e+00
p_f067_do4_rx_480   =  4.08882e-312
p_f067_do3_drv_480  =  0.00000e+00
p_f067_do3_rx_480   =  5.13057e-297
p_f067_do2_drv_480  =  3.30000e+00
p_f067_do2_rx_480   =  3.30000e+00
p_f067_do1_drv_480  =  3.30000e+00
p_f067_do1_rx_480   =  3.30000e+00
p_f067_do0_drv_480  =  0.00000e+00
p_f067_do0_rx_480   =  5.13057e-297
ngspice-46 done
