
Note: Compatibility modes selected: hs a

Warning: m=xx on .subckt line will override multiplier m hierarchy!


Circuit: * a44 actual analog core with fixed tt timed behavioral sar control.

Reducing trtol to 1 for xspice 'A' devices
Doing analysis at TEMP = 27.000000 and TNOM = 27.000000

Using SPARSE 1.3 as Direct Linear Solver

Initial Transient Solution
--------------------------

Node                                   Voltage
----                                   -------
vdd                                        3.3
vrefp_src                                  2.5
vrefp                                      2.5
vrefp_cap                                  2.5
vrefn_src                                  0.8
vrefn                                      0.8
vrefn_cap                                  0.8
vinp_src                               2.29137
vinn_src                               1.00863
vinp                                   2.29137
vinn                                   1.00863
clks_src                                     0
clks                                         0
cmp_noise                           0.00240271
xcore.xcdacp.vbot1                         2.5
dctrlp1                                      0
xcore.vresp_raw                    0.000270238
xcore.xcdacp.vbot2                         2.5
dctrlp2                                      0
xcore.xcdacp.vbot3                         2.5
dctrlp3                                      0
xcore.xcdacp.vbot4                         2.5
dctrlp4                                      0
xcore.xcdacp.vbot5                         2.5
dctrlp5                                      0
xcore.xcdacp.vbot6                         2.5
dctrlp6                                      0
xcore.xcdacp.vbot7                         2.5
dctrlp7                                      0
xcore.xcdacp.x1.clksb                      3.3
xcore.xcdacp.x1.net2               1.84626e-10
xcore.xcdacp.x1.net1                       3.3
xcore.xcdacp.x1.bottom_gate         6.1437e-09
xcore.xcdacp.x1.net4               3.08449e-09
xcore.xcdacp.x1.net3                       3.3
xcore.xcdacn.vbot1                         2.5
dctrln1                                      0
xcore.vresn_raw                    0.000809656
xcore.xcdacn.vbot2                         2.5
dctrln2                                      0
xcore.xcdacn.vbot3                         2.5
dctrln3                                      0
xcore.xcdacn.vbot4                         2.5
dctrln4                                      0
xcore.xcdacn.vbot5                         2.5
dctrln5                                      0
xcore.xcdacn.vbot6                         2.5
dctrln6                                      0
xcore.xcdacn.vbot7                         2.5
dctrln7                                      0
xcore.xcdacn.x1.clksb                      3.3
xcore.xcdacn.x1.net2               1.44748e-10
xcore.xcdacn.x1.net1                       3.3
xcore.xcdacn.x1.bottom_gate        6.15881e-09
xcore.xcdacn.x1.net4               3.08477e-09
xcore.xcdacn.x1.net3                       3.3
vresp                               0.00147159
vresn                             -0.000391699
xcore.xcmp.net1                      0.0226326
cmpck                                        0
xcore.xcmp.xp                              3.3
xcore.xcmp.xn                              3.3
xcore.xcmp.ln                              3.3
xcore.xcmp.lp                              3.3
dcmpn                              3.66102e-09
dcmpp                              3.67899e-09
sampled_diff                        0.00186329
input_diff                             1.28274
cmpck_drv                                    0
dctrlp7_drv                                  0
dctrlp6_drv                                  0
dctrlp5_drv                                  0
dctrlp4_drv                                  0
dctrlp3_drv                                  0
dctrlp2_drv                                  0
dctrlp1_drv                                  0
dctrln7_drv                                  0
dctrln6_drv                                  0
dctrln5_drv                                  0
dctrln4_drv                                  0
dctrln3_drv                                  0
dctrln2_drv                                  0
dctrln1_drv                                  0
dout7_drv                                    0
dout6_drv                                    0
dout5_drv                                    0
dout4_drv                                    0
dout3_drv                                    0
dout2_drv                                    0
dout1_drv                                    0
dout0_drv                                    0
eoc                                          0
invalid0                                     0
timeout0                                     0
complete                                     0
dout7_rx                                     0
dout6_rx                                     0
dout5_rx                                     0
dout4_rx                                     0
dout3_rx                                     0
dout2_rx                                     0
dout1_rx                                     0
dout0_rx                                     0
e_input_diff#branch               -1.28274e-10
e_sample_diff#branch              -1.86329e-13
e.xcore.e_cmp_noise_n#branch       3.91699e-14
e.xcore.e_cmp_noise_p#branch      -1.47159e-13
vcmp_noise#branch                 -2.40271e-13
vclks_id#branch                              0
vvinn_id#branch                   -4.15717e-10
vvinp_id#branch                   -9.44321e-10
vvrefn_id#branch                  -1.76652e-09
vvrefp_id#branch                   -1.5208e-08
vvdd#branch                       -1.77532e-08
a_status#branch_1_0                          0
a_status#branch_1_1                          0
a_status#branch_1_2                          0
a_status#branch_1_3                          0
a_dout#branch_1_0                            0
a_dout#branch_1_1                            0
a_dout#branch_1_2                            0
a_dout#branch_1_3                            0
a_dout#branch_1_4                            0
a_dout#branch_1_5                            0
a_dout#branch_1_6                            0
a_dout#branch_1_7                            0
a_dctrln#branch_1_0                          0
a_dctrln#branch_1_1                          0
a_dctrln#branch_1_2                          0
a_dctrln#branch_1_3                          0
a_dctrln#branch_1_4                          0
a_dctrln#branch_1_5                          0
a_dctrln#branch_1_6                          0
a_dctrlp#branch_1_0                          0
a_dctrlp#branch_1_1                          0
a_dctrlp#branch_1_2                          0
a_dctrlp#branch_1_3                          0
a_dctrlp#branch_1_4                          0
a_dctrlp#branch_1_5                          0
a_dctrlp#branch_1_6                          0
a_cmpck#branch_1_0                           0


Instance: abeh   Message: WARNING: output scheduled with impossible delay (-4.01e-12) at 5.01e-12/0.

Instance: abeh   Message: XSPICE time is behind vtime:
XSPICE 2.005229454239403e-07
Cosim  2.00552e-07

Instance: abeh   Message: XSPICE time is behind vtime:
XSPICE 7.005176082277037e-07
Cosim  7.00551e-07

Instance: abeh   Message: XSPICE time is behind vtime:
XSPICE 1.200536267310381e-06
Cosim  1.200551e-06

Instance: abeh   Message: XSPICE time is behind vtime:
XSPICE 2.20052844803201e-06
Cosim  2.200538e-06

Instance: abeh   Message: XSPICE time is behind vtime:
XSPICE 2.700517360115503e-06
Cosim  2.700551e-06

Instance: abeh   Message: XSPICE time is behind vtime:
XSPICE 3.200515360102513e-06
Cosim  3.200549e-06

Instance: abeh   Message: XSPICE time is behind vtime:
XSPICE 4.700506312898499e-06
Cosim  4.700531e-06

Instance: abeh   Message: XSPICE time is behind vtime:
XSPICE 5.200520608231009e-06
Cosim  5.200554e-06

Instance: abeh   Message: XSPICE time is behind vtime:
XSPICE 5.700530768271095e-06
Cosim  5.700551e-06

Instance: abeh   Message: XSPICE time is behind vtime:
XSPICE 7.200518360108564e-06
Cosim  7.200552e-06

Instance: abeh   Message: XSPICE time is behind vtime:
XSPICE 7.700520360108482e-06
Cosim  7.700554e-06

Instance: abeh   Message: XSPICE time is behind vtime:
XSPICE 9.200531297313175e-06
Cosim  9.200551000000001e-06

Instance: abeh   Message: XSPICE time is behind vtime:
XSPICE 9.700520608230374e-06
Cosim  9.700553999999999e-06

Instance: abeh   Message: XSPICE time is behind vtime:
XSPICE 1.020050784382622e-05
Cosim  1.0200533e-05

Instance: abeh   Message: XSPICE time is behind vtime:
XSPICE 1.170051536010284e-05
Cosim  1.1700549e-05

Instance: abeh   Message: XSPICE time is behind vtime:
XSPICE 1.220051736011469e-05
Cosim  1.2200551e-05

Instance: abeh   Message: XSPICE time is behind vtime:
XSPICE 1.270053883635878e-05
Cosim  1.2700549e-05

Instance: abeh   Message: XSPICE time is behind vtime:
XSPICE 1.370053784790662e-05
Cosim  1.3700552e-05

Instance: abeh   Message: XSPICE time is behind vtime:
XSPICE 1.420051760822672e-05
Cosim  1.4200551e-05

Instance: abeh   Message: XSPICE time is behind vtime:
XSPICE 1.470052254241454e-05
Cosim  1.4700552e-05

Instance: abeh   Message: XSPICE time is behind vtime:
XSPICE 1.620051197996007e-05
Cosim  1.6200542e-05

Instance: abeh   Message: XSPICE time is behind vtime:
XSPICE 1.670052036012132e-05
Cosim  1.6700554e-05

Instance: abeh   Message: XSPICE time is behind vtime:
XSPICE 1.72005349728447e-05
Cosim  1.7200551e-05

Instance: abeh   Message: XSPICE time is behind vtime:
XSPICE 1.820053890177871e-05
Cosim  1.8200547e-05

Instance: abeh   Message: XSPICE time is behind vtime:
XSPICE 1.870051960821957e-05
Cosim  1.8700553e-05

Instance: abeh   Message: XSPICE time is behind vtime:
XSPICE 1.920051690099375e-05
Cosim  1.920055e-05

Instance: abeh   Message: XSPICE time is behind vtime:
XSPICE 2.070051124785641e-05
Cosim  2.0700537e-05

Instance: abeh   Message: XSPICE time is behind vtime:
XSPICE 2.120050136012426e-05
Cosim  2.1200535e-05

Instance: abeh   Message: XSPICE time is behind vtime:
XSPICE 2.170052959497035e-05
Cosim  2.1700551e-05

Instance: abeh   Message: XSPICE time is behind vtime:
XSPICE 2.320052360821007e-05
Cosim  2.3200557e-05

Instance: abeh   Message: XSPICE time is behind vtime:
XSPICE 2.370049660821229e-05
Cosim  2.370053e-05

Instance: abeh   Message: XSPICE time is behind vtime:
XSPICE 2.520053011124396e-05
Cosim  2.5200551e-05

Instance: abeh   Message: XSPICE time is behind vtime:
XSPICE 2.570050136012289e-05
Cosim  2.5700535e-05

Instance: abeh   Message: XSPICE time is behind vtime:
XSPICE 2.620051678780268e-05
Cosim  2.6200543e-05

Instance: abeh   Message: XSPICE time is behind vtime:
XSPICE 2.770051722827585e-05
Cosim  2.770055e-05

Instance: abeh   Message: XSPICE time is behind vtime:
XSPICE 2.820051960821952e-05
Cosim  2.8200553e-05

Instance: abeh   Message: XSPICE time is behind vtime:
XSPICE 2.870053127342083e-05
Cosim  2.870054e-05

Instance: abeh   Message: XSPICE time is behind vtime:
XSPICE 2.970053653469152e-05
Cosim  2.9700552e-05

Instance: abeh   Message: XSPICE time is behind vtime:
XSPICE 3.020051936012115e-05
Cosim  3.0200553e-05

Instance: abeh   Message: XSPICE time is behind vtime:
XSPICE 3.070050659330041e-05
Cosim  3.0700537e-05

Instance: abeh   Message: XSPICE time is behind vtime:
XSPICE 3.220052294676096e-05
Cosim  3.2200552e-05

Instance: abeh   Message: XSPICE time is behind vtime:
XSPICE 3.270051760822484e-05
Cosim  3.2700551e-05

Instance: abeh   Message: XSPICE time is behind vtime:
XSPICE 3.320053626529669e-05
Cosim  3.3200551e-05

No. of Data Rows : 735122
f000_d7             =  3.30000e+00
f000_d6             =  3.30000e+00
f000_d5             =  3.30000e+00
f000_d4             =  0.00000e+00
f000_d3             =  0.00000e+00
f000_d2             =  0.00000e+00
f000_d1             =  0.00000e+00
f000_d0             =  3.30000e+00
f000_complete       =  3.30000e+00
f000_invalid        =  0.00000e+00
f000_timeout        =  0.00000e+00
f000_sampled        =  1.28514e+00
f000_input          =  1.28274e+00
f000_tcomplete      =  3.75502e-07
f001_d7             =  3.30000e+00
f001_d6             =  3.30000e+00
f001_d5             =  3.30000e+00
f001_d4             =  3.30000e+00
f001_d3             =  0.00000e+00
f001_d2             =  0.00000e+00
f001_d1             =  0.00000e+00
f001_d0             =  5.13485e-297
f001_complete       =  3.30000e+00
f001_invalid        =  0.00000e+00
f001_timeout        =  0.00000e+00
f001_sampled        =  1.48535e+00
f001_input          =  1.48478e+00
f001_tcomplete      =  8.75501e-07
f002_d7             =  3.30000e+00
f002_d6             =  3.30000e+00
f002_d5             =  5.13070e-297
f002_d4             =  5.13070e-297
f002_d3             =  3.30000e+00
f002_d2             =  3.30000e+00
f002_d1             =  0.00000e+00
f002_d0             =  4.08882e-312
f002_complete       =  3.30000e+00
f002_invalid        =  0.00000e+00
f002_timeout        =  0.00000e+00
f002_sampled        =  1.01434e+00
f002_input          =  1.01273e+00
f002_tcomplete      =  1.37550e-06
f003_d7             =  3.30000e+00
f003_d6             =  5.10008e-297
f003_d5             =  4.08882e-312
f003_d4             =  4.08882e-312
f003_d3             =  5.10008e-297
f003_d2             =  3.30000e+00
f003_d1             =  3.30000e+00
f003_d0             =  4.08882e-312
f003_complete       =  3.30000e+00
f003_invalid        =  0.00000e+00
f003_timeout        =  0.00000e+00
f003_sampled        =  8.17917e-02
f003_input          =  8.09692e-02
f003_tcomplete      =  1.87550e-06
f004_d7             =  4.70814e-297
f004_d6             =  4.08882e-312
f004_d5             =  3.30000e+00
f004_d4             =  3.30000e+00
f004_d3             =  3.30000e+00
f004_d2             =  3.30000e+00
f004_d1             =  4.70814e-297
f004_d0             =  3.30000e+00
f004_complete       =  3.30000e+00
f004_invalid        =  0.00000e+00
f004_timeout        =  0.00000e+00
f004_sampled        =  -8.86447e-01
f004_input          =  -8.87622e-01
f004_tcomplete      =  2.37549e-06
f005_d7             =  4.08882e-312
f005_d6             =  4.08882e-312
f005_d5             =  5.12860e-297
f005_d4             =  3.30000e+00
f005_d3             =  5.12860e-297
f005_d2             =  5.12860e-297
f005_d1             =  3.30000e+00
f005_d0             =  5.12860e-297
f005_complete       =  3.30000e+00
f005_invalid        =  0.00000e+00
f005_timeout        =  0.00000e+00
f005_sampled        =  -1.45280e+00
f005_input          =  -1.45321e+00
f005_tcomplete      =  2.87550e-06
f006_d7             =  4.08882e-312
f006_d6             =  4.08882e-312
f006_d5             =  4.08882e-312
f006_d4             =  3.30000e+00
f006_d3             =  3.30000e+00
f006_d2             =  4.08882e-312
f006_d1             =  3.30000e+00
f006_d0             =  4.08882e-312
f006_complete       =  3.30000e+00
f006_invalid        =  0.00000e+00
f006_timeout        =  0.00000e+00
f006_sampled        =  -1.35903e+00
f006_input          =  -1.35908e+00
f006_tcomplete      =  3.37550e-06
f007_d7             =  4.08882e-312
f007_d6             =  3.30000e+00
f007_d5             =  4.08882e-312
f007_d4             =  5.15095e-297
f007_d3             =  3.30000e+00
f007_d2             =  3.30000e+00
f007_d1             =  3.30000e+00
f007_d0             =  3.30000e+00
f007_complete       =  3.30000e+00
f007_invalid        =  0.00000e+00
f007_timeout        =  0.00000e+00
f007_sampled        =  -6.46279e-01
f007_input          =  -6.47992e-01
f007_tcomplete      =  3.87550e-06
f008_d7             =  3.30000e+00
f008_d6             =  4.46597e-297
f008_d5             =  4.08882e-312
f008_d4             =  3.30000e+00
f008_d3             =  3.30000e+00
f008_d2             =  4.46597e-297
f008_d1             =  3.30000e+00
f008_d0             =  3.30000e+00
f008_complete       =  3.30000e+00
f008_invalid        =  0.00000e+00
f008_timeout        =  0.00000e+00
f008_sampled        =  3.58047e-01
f008_input          =  3.57316e-01
f008_tcomplete      =  4.37548e-06
f009_d7             =  3.30000e+00
f009_d6             =  3.30000e+00
f009_d5             =  4.08882e-312
f009_d4             =  3.30000e+00
f009_d3             =  3.30000e+00
f009_d2             =  4.08882e-312
f009_d1             =  3.30000e+00
f009_d0             =  3.30000e+00
f009_complete       =  3.30000e+00
f009_invalid        =  0.00000e+00
f009_timeout        =  0.00000e+00
f009_sampled        =  1.20172e+00
f009_input          =  1.20044e+00
f009_tcomplete      =  4.87548e-06
f010_d7             =  3.30000e+00
f010_d6             =  3.30000e+00
f010_d5             =  3.30000e+00
f010_d4             =  3.30000e+00
f010_d3             =  5.18240e-297
f010_d2             =  4.08882e-312
f010_d1             =  5.18240e-297
f010_d0             =  3.30000e+00
f010_complete       =  3.30000e+00
f010_invalid        =  0.00000e+00
f010_timeout        =  0.00000e+00
f010_sampled        =  1.49957e+00
f010_input          =  1.49857e+00
f010_tcomplete      =  5.37550e-06
f011_d7             =  3.30000e+00
f011_d6             =  3.30000e+00
f011_d5             =  5.11939e-297
f011_d4             =  3.30000e+00
f011_d3             =  4.08882e-312
f011_d2             =  3.30000e+00
f011_d1             =  4.08882e-312
f011_d0             =  5.11939e-297
f011_complete       =  3.30000e+00
f011_invalid        =  0.00000e+00
f011_timeout        =  0.00000e+00
f011_sampled        =  1.11639e+00
f011_input          =  1.11642e+00
f011_tcomplete      =  5.87550e-06
f012_d7             =  3.30000e+00
f012_d6             =  5.08037e-297
f012_d5             =  4.08882e-312
f012_d4             =  3.30000e+00
f012_d3             =  4.08882e-312
f012_d2             =  5.08037e-297
f012_d1             =  4.08882e-312
f012_d0             =  3.30000e+00
f012_complete       =  3.30000e+00
f012_invalid        =  0.00000e+00
f012_timeout        =  0.00000e+00
f012_sampled        =  2.26740e-01
f012_input          =  2.27468e-01
f012_tcomplete      =  6.37550e-06
f013_d7             =  4.93741e-297
f013_d6             =  3.30000e+00
f013_d5             =  4.08882e-312
f013_d4             =  4.93741e-297
f013_d3             =  4.08882e-312
f013_d2             =  3.30000e+00
f013_d1             =  3.30000e+00
f013_d0             =  4.93741e-297
f013_complete       =  3.30000e+00
f013_invalid        =  0.00000e+00
f013_timeout        =  0.00000e+00
f013_sampled        =  -7.62944e-01
f013_input          =  -7.64766e-01
f013_tcomplete      =  6.87549e-06
f014_d7             =  4.08882e-312
f014_d6             =  5.16996e-297
f014_d5             =  4.08882e-312
f014_d4             =  3.30000e+00
f014_d3             =  4.08882e-312
f014_d2             =  3.30000e+00
f014_d1             =  3.30000e+00
f014_d0             =  4.08882e-312
f014_complete       =  3.30000e+00
f014_invalid        =  0.00000e+00
f014_timeout        =  0.00000e+00
f014_sampled        =  -1.40902e+00
f014_input          =  -1.40971e+00
f014_tcomplete      =  7.37550e-06
f015_d7             =  4.08882e-312
f015_d6             =  4.08882e-312
f015_d5             =  4.08882e-312
f015_d4             =  3.30000e+00
f015_d3             =  4.08882e-312
f015_d2             =  3.30000e+00
f015_d1             =  5.21599e-297
f015_d0             =  3.30000e+00
f015_complete       =  3.30000e+00
f015_invalid        =  0.00000e+00
f015_timeout        =  0.00000e+00
f015_sampled        =  -1.41494e+00
f015_input          =  -1.41478e+00
f015_tcomplete      =  7.87550e-06
f016_d7             =  4.08882e-312
f016_d6             =  3.30000e+00
f016_d5             =  4.08882e-312
f016_d4             =  5.08842e-297
f016_d3             =  4.08882e-312
f016_d2             =  3.30000e+00
f016_d1             =  4.08882e-312
f016_d0             =  3.30000e+00
f016_complete       =  3.30000e+00
f016_invalid        =  0.00000e+00
f016_timeout        =  0.00000e+00
f016_sampled        =  -7.78670e-01
f016_input          =  -7.77455e-01
f016_tcomplete      =  8.37550e-06
f017_d7             =  3.30000e+00
f017_d6             =  5.20216e-297
f017_d5             =  4.08882e-312
f017_d4             =  3.30000e+00
f017_d3             =  4.08882e-312
f017_d2             =  5.20216e-297
f017_d1             =  4.08882e-312
f017_d0             =  5.20216e-297
f017_complete       =  3.30000e+00
f017_invalid        =  0.00000e+00
f017_timeout        =  0.00000e+00
f017_sampled        =  2.13455e-01
f017_input          =  2.12803e-01
f017_tcomplete      =  8.87550e-06
f018_d7             =  3.30000e+00
f018_d6             =  3.30000e+00
f018_d5             =  4.08882e-312
f018_d4             =  3.30000e+00
f018_d3             =  4.08882e-312
f018_d2             =  3.30000e+00
f018_d1             =  4.08882e-312
f018_d0             =  4.08882e-312
f018_complete       =  3.30000e+00
f018_invalid        =  0.00000e+00
f018_timeout        =  0.00000e+00
f018_sampled        =  1.10775e+00
f018_input          =  1.10647e+00
f018_tcomplete      =  9.37550e-06
f019_d7             =  3.30000e+00
f019_d6             =  3.30000e+00
f019_d5             =  3.30000e+00
f019_d4             =  3.30000e+00
f019_d3             =  4.08882e-312
f019_d2             =  5.18147e-297
f019_d1             =  4.08882e-312
f019_d0             =  3.30000e+00
f019_complete       =  3.30000e+00
f019_invalid        =  0.00000e+00
f019_timeout        =  0.00000e+00
f019_sampled        =  1.49754e+00
f019_input          =  1.49788e+00
f019_tcomplete      =  9.87550e-06
f020_d7             =  3.30000e+00
f020_d6             =  3.30000e+00
f020_d5             =  4.72773e-297
f020_d4             =  3.30000e+00
f020_d3             =  3.30000e+00
f020_d2             =  4.08882e-312
f020_d1             =  3.30000e+00
f020_d0             =  3.30000e+00
f020_complete       =  3.30000e+00
f020_invalid        =  0.00000e+00
f020_timeout        =  0.00000e+00
f020_sampled        =  1.20992e+00
f020_input          =  1.20927e+00
f020_tcomplete      =  1.03755e-05
f021_d7             =  3.30000e+00
f021_d6             =  5.30702e-297
f021_d5             =  4.08882e-312
f021_d4             =  3.30000e+00
f021_d3             =  3.30000e+00
f021_d2             =  3.30000e+00
f021_d1             =  5.30702e-297
f021_d0             =  5.30702e-297
f021_complete       =  3.30000e+00
f021_invalid        =  0.00000e+00
f021_timeout        =  0.00000e+00
f021_sampled        =  3.70754e-01
f021_input          =  3.71562e-01
f021_tcomplete      =  1.08755e-05
f022_d7             =  5.15739e-297
f022_d6             =  3.30000e+00
f022_d5             =  4.08882e-312
f022_d4             =  3.30000e+00
f022_d3             =  5.15739e-297
f022_d2             =  5.15739e-297
f022_d1             =  4.08882e-312
f022_d0             =  4.08882e-312
f022_complete       =  3.30000e+00
f022_invalid        =  0.00000e+00
f022_timeout        =  0.00000e+00
f022_sampled        =  -6.35711e-01
f022_input          =  -6.34689e-01
f022_tcomplete      =  1.13755e-05
f023_d7             =  4.08882e-312
f023_d6             =  5.06494e-297
f023_d5             =  4.08882e-312
f023_d4             =  3.30000e+00
f023_d3             =  3.30000e+00
f023_d2             =  4.08882e-312
f023_d1             =  3.30000e+00
f023_d0             =  4.08882e-312
f023_complete       =  3.30000e+00
f023_invalid        =  0.00000e+00
f023_timeout        =  0.00000e+00
f023_sampled        =  -1.35154e+00
f023_input          =  -1.35285e+00
f023_tcomplete      =  1.18755e-05
f024_d7             =  4.08882e-312
f024_d6             =  4.08882e-312
f024_d5             =  4.08882e-312
f024_d4             =  3.30000e+00
f024_d3             =  5.32190e-297
f024_d2             =  4.08882e-312
f024_d1             =  3.30000e+00
f024_d0             =  4.08882e-312
f024_complete       =  3.30000e+00
f024_invalid        =  0.00000e+00
f024_timeout        =  0.00000e+00
f024_sampled        =  -1.45684e+00
f024_input          =  -1.45688e+00
f024_tcomplete      =  1.23755e-05
f025_d7             =  4.08882e-312
f025_d6             =  4.08882e-312
f025_d5             =  3.30000e+00
f025_d4             =  3.30000e+00
f025_d3             =  3.30000e+00
f025_d2             =  3.30000e+00
f025_d1             =  5.06156e-297
f025_d0             =  4.08882e-312
f025_complete       =  3.30000e+00
f025_invalid        =  0.00000e+00
f025_timeout        =  0.00000e+00
f025_sampled        =  -8.99028e-01
f025_input          =  -8.99410e-01
f025_tcomplete      =  1.28755e-05
f026_d7             =  3.30000e+00
f026_d6             =  4.08882e-312
f026_d5             =  5.05839e-297
f026_d4             =  5.05839e-297
f026_d3             =  5.05839e-297
f026_d2             =  3.30000e+00
f026_d1             =  4.08882e-312
f026_d0             =  3.30000e+00
f026_complete       =  3.30000e+00
f026_invalid        =  0.00000e+00
f026_timeout        =  0.00000e+00
f026_sampled        =  6.39399e-02
f026_input          =  6.63093e-02
f026_tcomplete      =  1.33755e-05
f027_d7             =  3.30000e+00
f027_d6             =  3.30000e+00
f027_d5             =  4.08882e-312
f027_d4             =  4.08882e-312
f027_d3             =  3.30000e+00
f027_d2             =  3.30000e+00
f027_d1             =  4.08882e-312
f027_d0             =  5.17059e-297
f027_complete       =  3.30000e+00
f027_invalid        =  0.00000e+00
f027_timeout        =  0.00000e+00
f027_sampled        =  1.00476e+00
f027_input          =  1.00182e+00
f027_tcomplete      =  1.38755e-05
f028_d7             =  3.30000e+00
f028_d6             =  3.30000e+00
f028_d5             =  3.30000e+00
f028_d4             =  3.30000e+00
f028_d3             =  5.13342e-297
f028_d2             =  5.13342e-297
f028_d1             =  4.08882e-312
f028_d0             =  4.08882e-312
f028_complete       =  3.30000e+00
f028_invalid        =  0.00000e+00
f028_timeout        =  0.00000e+00
f028_sampled        =  1.48432e+00
f028_input          =  1.48270e+00
f028_tcomplete      =  1.43755e-05
f029_d7             =  3.30000e+00
f029_d6             =  3.30000e+00
f029_d5             =  3.30000e+00
f029_d4             =  5.15223e-297
f029_d3             =  4.08882e-312
f029_d2             =  4.08882e-312
f029_d1             =  4.08882e-312
f029_d0             =  3.30000e+00
f029_complete       =  3.30000e+00
f029_invalid        =  0.00000e+00
f029_timeout        =  0.00000e+00
f029_sampled        =  1.28802e+00
f029_input          =  1.29036e+00
f029_tcomplete      =  1.48755e-05
f030_d7             =  3.30000e+00
f030_d6             =  4.52323e-297
f030_d5             =  3.30000e+00
f030_d4             =  4.08882e-312
f030_d3             =  4.08882e-312
f030_d2             =  3.30000e+00
f030_d1             =  3.30000e+00
f030_d0             =  3.30000e+00
f030_complete       =  3.30000e+00
f030_invalid        =  0.00000e+00
f030_timeout        =  0.00000e+00
f030_sampled        =  5.13297e-01
f030_input          =  5.12221e-01
f030_tcomplete      =  1.53755e-05
f031_d7             =  4.55453e-297
f031_d6             =  3.30000e+00
f031_d5             =  4.55453e-297
f031_d4             =  3.30000e+00
f031_d3             =  3.30000e+00
f031_d2             =  4.55453e-297
f031_d1             =  3.30000e+00
f031_d0             =  4.55453e-297
f031_complete       =  3.30000e+00
f031_invalid        =  0.00000e+00
f031_timeout        =  0.00000e+00
f031_sampled        =  -4.99473e-01
f031_input          =  -4.98503e-01
f031_tcomplete      =  1.58755e-05
f032_d7             =  4.08882e-312
f032_d6             =  5.03799e-297
f032_d5             =  4.08882e-312
f032_d4             =  3.30000e+00
f032_d3             =  3.30000e+00
f032_d2             =  3.30000e+00
f032_d1             =  3.30000e+00
f032_d0             =  3.30000e+00
f032_complete       =  3.30000e+00
f032_invalid        =  0.00000e+00
f032_timeout        =  0.00000e+00
f032_sampled        =  -1.28138e+00
f032_input          =  -1.28277e+00
f032_tcomplete      =  1.63755e-05
f033_d7             =  4.08882e-312
f033_d6             =  4.08882e-312
f033_d5             =  4.08882e-312
f033_d4             =  3.30000e+00
f033_d3             =  5.42958e-297
f033_d2             =  5.42958e-297
f033_d1             =  5.42958e-297
f033_d0             =  5.42958e-297
f033_complete       =  3.30000e+00
f033_invalid        =  0.00000e+00
f033_timeout        =  0.00000e+00
f033_sampled        =  -1.48398e+00
f033_input          =  -1.48479e+00
f033_tcomplete      =  1.68755e-05
f034_d7             =  4.08882e-312
f034_d6             =  4.08882e-312
f034_d5             =  3.30000e+00
f034_d4             =  3.30000e+00
f034_d3             =  4.08882e-312
f034_d2             =  4.08882e-312
f034_d1             =  3.30000e+00
f034_d0             =  3.30000e+00
f034_complete       =  3.30000e+00
f034_invalid        =  0.00000e+00
f034_timeout        =  0.00000e+00
f034_sampled        =  -1.01374e+00
f034_input          =  -1.01261e+00
f034_tcomplete      =  1.73755e-05
f035_d7             =  4.08882e-312
f035_d6             =  3.30000e+00
f035_d5             =  3.30000e+00
f035_d4             =  3.30000e+00
f035_d3             =  3.30000e+00
f035_d2             =  4.08882e-312
f035_d1             =  3.30000e+00
f035_d0             =  5.16981e-297
f035_complete       =  3.30000e+00
f035_invalid        =  0.00000e+00
f035_timeout        =  0.00000e+00
f035_sampled        =  -8.04010e-02
f035_input          =  -8.09644e-02
f035_tcomplete      =  1.78755e-05
f036_d7             =  3.30000e+00
f036_d6             =  3.30000e+00
f036_d5             =  4.97288e-297
f036_d4             =  4.97288e-297
f036_d3             =  4.97288e-297
f036_d2             =  4.08882e-312
f036_d1             =  3.30000e+00
f036_d0             =  3.30000e+00
f036_complete       =  3.30000e+00
f036_invalid        =  0.00000e+00
f036_timeout        =  0.00000e+00
f036_sampled        =  8.89103e-01
f036_input          =  8.87667e-01
f036_tcomplete      =  1.83755e-05
f037_d7             =  3.30000e+00
f037_d6             =  3.30000e+00
f037_d5             =  3.30000e+00
f037_d4             =  4.08882e-312
f037_d3             =  3.30000e+00
f037_d2             =  3.30000e+00
f037_d1             =  3.30000e+00
f037_d0             =  5.20576e-297
f037_complete       =  3.30000e+00
f037_invalid        =  0.00000e+00
f037_timeout        =  0.00000e+00
f037_sampled        =  1.45298e+00
f037_input          =  1.45328e+00
f037_tcomplete      =  1.88755e-05
f038_d7             =  3.30000e+00
f038_d6             =  3.30000e+00
f038_d5             =  3.30000e+00
f038_d4             =  4.08882e-312
f038_d3             =  5.16219e-297
f038_d2             =  3.30000e+00
f038_d1             =  3.30000e+00
f038_d0             =  4.08882e-312
f038_complete       =  3.30000e+00
f038_invalid        =  0.00000e+00
f038_timeout        =  0.00000e+00
f038_sampled        =  1.35983e+00
f038_input          =  1.35902e+00
f038_tcomplete      =  1.93755e-05
f039_d7             =  3.30000e+00
f039_d6             =  5.12271e-297
f039_d5             =  3.30000e+00
f039_d4             =  3.30000e+00
f039_d3             =  4.08882e-312
f039_d2             =  5.12271e-297
f039_d1             =  5.12271e-297
f039_d0             =  3.30000e+00
f039_complete       =  3.30000e+00
f039_invalid        =  0.00000e+00
f039_timeout        =  0.00000e+00
f039_sampled        =  6.46908e-01
f039_input          =  6.47879e-01
f039_tcomplete      =  1.98755e-05
f040_d7             =  4.46374e-297
f040_d6             =  3.30000e+00
f040_d5             =  3.30000e+00
f040_d4             =  4.46374e-297
f040_d3             =  4.08882e-312
f040_d2             =  3.30000e+00
f040_d1             =  4.08882e-312
f040_d0             =  3.30000e+00
f040_complete       =  3.30000e+00
f040_invalid        =  0.00000e+00
f040_timeout        =  0.00000e+00
f040_sampled        =  -3.60015e-01
f040_input          =  -3.57295e-01
f040_tcomplete      =  2.03755e-05
f041_d7             =  4.08882e-312
f041_d6             =  4.85260e-297
f041_d5             =  3.30000e+00
f041_d4             =  4.08882e-312
f041_d3             =  4.08882e-312
f041_d2             =  3.30000e+00
f041_d1             =  4.08882e-312
f041_d0             =  3.30000e+00
f041_complete       =  3.30000e+00
f041_invalid        =  0.00000e+00
f041_timeout        =  0.00000e+00
f041_sampled        =  -1.20111e+00
f041_input          =  -1.20038e+00
f041_tcomplete      =  2.08755e-05
f042_d7             =  4.08882e-312
f042_d6             =  4.08882e-312
f042_d5             =  4.61362e-297
f042_d4             =  4.08882e-312
f042_d3             =  3.30000e+00
f042_d2             =  3.30000e+00
f042_d1             =  3.30000e+00
f042_d0             =  3.30000e+00
f042_complete       =  3.30000e+00
f042_invalid        =  0.00000e+00
f042_timeout        =  0.00000e+00
f042_sampled        =  -1.49609e+00
f042_input          =  -1.49855e+00
f042_tcomplete      =  2.13755e-05
f043_d7             =  4.08882e-312
f043_d6             =  4.08882e-312
f043_d5             =  3.30000e+00
f043_d4             =  4.08882e-312
f043_d3             =  3.30000e+00
f043_d2             =  3.30000e+00
f043_d1             =  5.13539e-297
f043_d0             =  5.13539e-297
f043_complete       =  3.30000e+00
f043_invalid        =  0.00000e+00
f043_timeout        =  0.00000e+00
f043_sampled        =  -1.11952e+00
f043_input          =  -1.11642e+00
f043_tcomplete      =  2.18755e-05
f044_d7             =  4.08882e-312
f044_d6             =  3.30000e+00
f044_d5             =  3.30000e+00
f044_d4             =  4.08882e-312
f044_d3             =  3.30000e+00
f044_d2             =  3.30000e+00
f044_d1             =  3.30000e+00
f044_d0             =  3.30000e+00
f044_complete       =  3.30000e+00
f044_invalid        =  0.00000e+00
f044_timeout        =  0.00000e+00
f044_sampled        =  -2.24313e-01
f044_input          =  -2.27357e-01
f044_tcomplete      =  2.23755e-05
f045_d7             =  3.30000e+00
f045_d6             =  5.06683e-297
f045_d5             =  3.30000e+00
f045_d4             =  3.30000e+00
f045_d3             =  3.30000e+00
f045_d2             =  5.06683e-297
f045_d1             =  3.30000e+00
f045_d0             =  5.06683e-297
f045_complete       =  3.30000e+00
f045_invalid        =  0.00000e+00
f045_timeout        =  0.00000e+00
f045_sampled        =  7.65296e-01
f045_input          =  7.64847e-01
f045_tcomplete      =  2.28755e-05
f046_d7             =  3.30000e+00
f046_d6             =  3.30000e+00
f046_d5             =  3.30000e+00
f046_d4             =  5.33743e-297
f046_d3             =  3.30000e+00
f046_d2             =  4.08882e-312
f046_d1             =  3.30000e+00
f046_d0             =  4.08882e-312
f046_complete       =  3.30000e+00
f046_invalid        =  0.00000e+00
f046_timeout        =  0.00000e+00
f046_sampled        =  1.40973e+00
f046_input          =  1.40983e+00
f046_tcomplete      =  2.33755e-05
f047_d7             =  3.30000e+00
f047_d6             =  3.30000e+00
f047_d5             =  3.30000e+00
f047_d4             =  4.08882e-312
f047_d3             =  3.30000e+00
f047_d2             =  4.08882e-312
f047_d1             =  3.30000e+00
f047_d0             =  4.08882e-312
f047_complete       =  3.30000e+00
f047_invalid        =  0.00000e+00
f047_timeout        =  0.00000e+00
f047_sampled        =  1.41679e+00
f047_input          =  1.41476e+00
f047_tcomplete      =  2.38755e-05
f048_d7             =  3.30000e+00
f048_d6             =  4.94308e-297
f048_d5             =  3.30000e+00
f048_d4             =  3.30000e+00
f048_d3             =  3.30000e+00
f048_d2             =  4.08882e-312
f048_d1             =  3.30000e+00
f048_d0             =  3.30000e+00
f048_complete       =  3.30000e+00
f048_invalid        =  0.00000e+00
f048_timeout        =  0.00000e+00
f048_sampled        =  7.76262e-01
f048_input          =  7.77507e-01
f048_tcomplete      =  2.43755e-05
f049_d7             =  5.19002e-297
f049_d6             =  3.30000e+00
f049_d5             =  3.30000e+00
f049_d4             =  3.30000e+00
f049_d3             =  5.19002e-297
f049_d2             =  4.08882e-312
f049_d1             =  5.19002e-297
f049_d0             =  5.19002e-297
f049_complete       =  3.30000e+00
f049_invalid        =  0.00000e+00
f049_timeout        =  0.00000e+00
f049_sampled        =  -2.10784e-01
f049_input          =  -2.12824e-01
f049_tcomplete      =  2.48755e-05
f050_d7             =  4.08882e-312
f050_d6             =  5.12825e-297
f050_d5             =  3.30000e+00
f050_d4             =  5.12825e-297
f050_d3             =  3.30000e+00
f050_d2             =  3.30000e+00
f050_d1             =  4.08882e-312
f050_d0             =  4.08882e-312
f050_complete       =  3.30000e+00
f050_invalid        =  0.00000e+00
f050_timeout        =  0.00000e+00
f050_sampled        =  -1.10752e+00
f050_input          =  -1.10648e+00
f050_tcomplete      =  2.53755e-05
f051_d7             =  4.08882e-312
f051_d6             =  4.08882e-312
f051_d5             =  4.61420e-297
f051_d4             =  4.08882e-312
f051_d3             =  3.30000e+00
f051_d2             =  3.30000e+00
f051_d1             =  3.30000e+00
f051_d0             =  3.30000e+00
f051_complete       =  3.30000e+00
f051_invalid        =  0.00000e+00
f051_timeout        =  0.00000e+00
f051_sampled        =  -1.49926e+00
f051_input          =  -1.49777e+00
f051_tcomplete      =  2.58755e-05
f052_d7             =  4.08882e-312
f052_d6             =  4.08882e-312
f052_d5             =  3.30000e+00
f052_d4             =  4.08882e-312
f052_d3             =  4.83574e-297
f052_d2             =  3.30000e+00
f052_d1             =  4.83574e-297
f052_d0             =  3.30000e+00
f052_complete       =  3.30000e+00
f052_invalid        =  0.00000e+00
f052_timeout        =  0.00000e+00
f052_sampled        =  -1.21006e+00
f052_input          =  -1.20924e+00
f052_tcomplete      =  2.63755e-05
f053_d7             =  4.08882e-312
f053_d6             =  3.30000e+00
f053_d5             =  3.30000e+00
f053_d4             =  4.08882e-312
f053_d3             =  4.08882e-312
f053_d2             =  3.30000e+00
f053_d1             =  4.08882e-312
f053_d0             =  5.20157e-297
f053_complete       =  3.30000e+00
f053_invalid        =  0.00000e+00
f053_timeout        =  0.00000e+00
f053_sampled        =  -3.73079e-01
f053_input          =  -3.71589e-01
f053_tcomplete      =  2.68755e-05
f054_d7             =  3.30000e+00
f054_d6             =  5.29929e-297
f054_d5             =  3.30000e+00
f054_d4             =  3.30000e+00
f054_d3             =  4.08882e-312
f054_d2             =  5.29929e-297
f054_d1             =  4.08882e-312
f054_d0             =  4.08882e-312
f054_complete       =  3.30000e+00
f054_invalid        =  0.00000e+00
f054_timeout        =  0.00000e+00
f054_sampled        =  6.34866e-01
f054_input          =  6.34552e-01
f054_tcomplete      =  2.73755e-05
f055_d7             =  3.30000e+00
f055_d6             =  3.30000e+00
f055_d5             =  3.30000e+00
f055_d4             =  5.10081e-297
f055_d3             =  4.08882e-312
f055_d2             =  3.30000e+00
f055_d1             =  3.30000e+00
f055_d0             =  4.08882e-312
f055_complete       =  3.30000e+00
f055_invalid        =  0.00000e+00
f055_timeout        =  0.00000e+00
f055_sampled        =  1.35361e+00
f055_input          =  1.35286e+00
f055_tcomplete      =  2.78755e-05
f056_d7             =  3.30000e+00
f056_d6             =  3.30000e+00
f056_d5             =  3.30000e+00
f056_d4             =  4.08882e-312
f056_d3             =  3.30000e+00
f056_d2             =  3.30000e+00
f056_d1             =  3.30000e+00
f056_d0             =  4.08882e-312
f056_complete       =  3.30000e+00
f056_invalid        =  0.00000e+00
f056_timeout        =  0.00000e+00
f056_sampled        =  1.45825e+00
f056_input          =  1.45674e+00
f056_tcomplete      =  2.83755e-05
f057_d7             =  3.30000e+00
f057_d6             =  3.30000e+00
f057_d5             =  4.92742e-297
f057_d4             =  4.08882e-312
f057_d3             =  4.92742e-297
f057_d2             =  3.30000e+00
f057_d1             =  4.92742e-297
f057_d0             =  4.08882e-312
f057_complete       =  3.30000e+00
f057_invalid        =  0.00000e+00
f057_timeout        =  0.00000e+00
f057_sampled        =  9.01904e-01
f057_input          =  8.99500e-01
f057_tcomplete      =  2.88755e-05
f058_d7             =  5.06215e-297
f058_d6             =  3.30000e+00
f058_d5             =  3.30000e+00
f058_d4             =  3.30000e+00
f058_d3             =  3.30000e+00
f058_d2             =  5.06215e-297
f058_d1             =  3.30000e+00
f058_d0             =  3.30000e+00
f058_complete       =  3.30000e+00
f058_invalid        =  0.00000e+00
f058_timeout        =  0.00000e+00
f058_sampled        =  -6.83306e-02
f058_input          =  -6.62197e-02
f058_tcomplete      =  2.93755e-05
f059_d7             =  4.08882e-312
f059_d6             =  5.16559e-297
f059_d5             =  3.30000e+00
f059_d4             =  3.30000e+00
f059_d3             =  5.16559e-297
f059_d2             =  3.30000e+00
f059_d1             =  5.16559e-297
f059_d0             =  5.16559e-297
f059_complete       =  3.30000e+00
f059_invalid        =  0.00000e+00
f059_timeout        =  0.00000e+00
f059_sampled        =  -1.00226e+00
f059_input          =  -1.00179e+00
f059_tcomplete      =  2.98755e-05
f060_d7             =  4.08882e-312
f060_d6             =  4.08882e-312
f060_d5             =  5.39512e-297
f060_d4             =  3.30000e+00
f060_d3             =  4.08882e-312
f060_d2             =  5.39512e-297
f060_d1             =  4.08882e-312
f060_d0             =  4.08882e-312
f060_complete       =  3.30000e+00
f060_invalid        =  0.00000e+00
f060_timeout        =  0.00000e+00
f060_sampled        =  -1.48316e+00
f060_input          =  -1.48258e+00
f060_tcomplete      =  3.03755e-05
f061_d7             =  4.08882e-312
f061_d6             =  4.08882e-312
f061_d5             =  4.08882e-312
f061_d4             =  3.30000e+00
f061_d3             =  3.30000e+00
f061_d2             =  3.30000e+00
f061_d1             =  3.30000e+00
f061_d0             =  4.08882e-312
f061_complete       =  3.30000e+00
f061_invalid        =  0.00000e+00
f061_timeout        =  0.00000e+00
f061_sampled        =  -1.28963e+00
f061_input          =  -1.29022e+00
f061_tcomplete      =  3.08755e-05
f062_d7             =  4.08882e-312
f062_d6             =  3.30000e+00
f062_d5             =  4.08882e-312
f062_d4             =  3.30000e+00
f062_d3             =  3.30000e+00
f062_d2             =  4.45582e-297
f062_d1             =  4.45582e-297
f062_d0             =  3.30000e+00
f062_complete       =  3.30000e+00
f062_invalid        =  0.00000e+00
f062_timeout        =  0.00000e+00
f062_sampled        =  -5.09759e-01
f062_input          =  -5.12201e-01
f062_tcomplete      =  3.13755e-05
f063_d7             =  3.30000e+00
f063_d6             =  4.51182e-297
f063_d5             =  3.30000e+00
f063_d4             =  4.51182e-297
f063_d3             =  4.51182e-297
f063_d2             =  3.30000e+00
f063_d1             =  3.30000e+00
f063_d0             =  4.51182e-297
f063_complete       =  3.30000e+00
f063_invalid        =  0.00000e+00
f063_timeout        =  0.00000e+00
f063_sampled        =  4.98924e-01
f063_input          =  4.98353e-01
f063_tcomplete      =  3.18755e-05
f064_d7             =  3.30000e+00
f064_d6             =  3.30000e+00
f064_d5             =  3.30000e+00
f064_d4             =  4.08882e-312
f064_d3             =  4.08882e-312
f064_d2             =  5.12083e-297
f064_d1             =  5.12083e-297
f064_d0             =  3.30000e+00
f064_complete       =  3.30000e+00
f064_invalid        =  0.00000e+00
f064_timeout        =  0.00000e+00
f064_sampled        =  1.28265e+00
f064_input          =  1.28275e+00
f064_tcomplete      =  3.23755e-05
f065_d7             =  3.30000e+00
f065_d6             =  3.30000e+00
f065_d5             =  3.30000e+00
f065_d4             =  3.30000e+00
f065_d3             =  4.08882e-312
f065_d2             =  4.08882e-312
f065_d1             =  4.08882e-312
f065_d0             =  5.18012e-297
f065_complete       =  3.30000e+00
f065_invalid        =  0.00000e+00
f065_timeout        =  0.00000e+00
f065_sampled        =  1.48318e+00
f065_input          =  1.48492e+00
f065_tcomplete      =  3.28755e-05
f066_d7             =  3.30000e+00
f066_d6             =  3.30000e+00
f066_d5             =  5.18165e-297
f066_d4             =  5.18165e-297
f066_d3             =  3.30000e+00
f066_d2             =  3.30000e+00
f066_d1             =  4.08882e-312
f066_d0             =  4.08882e-312
f066_complete       =  3.30000e+00
f066_invalid        =  0.00000e+00
f066_timeout        =  0.00000e+00
f066_sampled        =  1.01221e+00
f066_input          =  1.01277e+00
f066_tcomplete      =  3.33755e-05
f067_d7             =  3.30000e+00
f067_d6             =  5.09918e-297
f067_d5             =  4.08882e-312
f067_d4             =  4.08882e-312
f067_d3             =  5.09918e-297
f067_d2             =  3.30000e+00
f067_d1             =  3.30000e+00
f067_d0             =  4.08882e-312
f067_complete       =  3.30000e+00
f067_invalid        =  0.00000e+00
f067_timeout        =  0.00000e+00
f067_sampled        =  8.08724e-02
f067_input          =  8.10258e-02
f067_tcomplete      =  3.38755e-05
p_f000_cmp7_p0      =  -3.09333e-06
p_f000_cmp7_n0      =  -3.06451e-06
p_f000_cmp7_p5      =  3.30000e+00
p_f000_cmp7_n5      =  -1.81541e-06
p_f000_cmp6_p0      =  -8.43949e-06
p_f000_cmp6_n0      =  -8.43470e-06
p_f000_cmp6_p5      =  3.30000e+00
p_f000_cmp6_n5      =  -2.06967e-06
p_f000_cmp5_p0      =  -3.18352e-06
p_f000_cmp5_n0      =  -3.15455e-06
p_f000_cmp5_p5      =  3.30000e+00
p_f000_cmp5_n5      =  -1.71708e-06
p_f000_cmp4_p0      =  -3.18153e-06
p_f000_cmp4_n0      =  -3.15143e-06
p_f000_cmp4_p5      =  -1.67592e-06
p_f000_cmp4_n5      =  3.30000e+00
p_f000_cmp3_p0      =  -8.38269e-06
p_f000_cmp3_n0      =  -8.38995e-06
p_f000_cmp3_p5      =  -1.98070e-06
p_f000_cmp3_n5      =  3.30000e+00
p_f000_cmp2_p0      =  -8.38322e-06
p_f000_cmp2_n0      =  -8.38782e-06
p_f000_cmp2_p5      =  -1.97720e-06
p_f000_cmp2_n5      =  3.30000e+00
p_f000_cmp1_p0      =  -3.17042e-06
p_f000_cmp1_n0      =  -3.14082e-06
p_f000_cmp1_p5      =  -1.66554e-06
p_f000_cmp1_n5      =  3.30000e+00
p_f000_cmp0_p0      =  -9.77365e-06
p_f000_cmp0_n0      =  -9.75512e-06
p_f000_cmp0_p5      =  3.30000e+00
p_f000_cmp0_n5      =  -2.02245e-06
p_f000_dctrl7_p     =  3.30001e+00
p_f000_dctrl7_n     =  3.45654e-01
p_f000_dctrl6_p     =  3.26641e+00
p_f000_dctrl6_n     =  3.03704e-06
p_f000_dctrl5_p     =  3.29964e+00
p_f000_dctrl5_n     =  -1.64906e-06
p_f000_dctrl4_p     =  -1.20214e-07
p_f000_dctrl4_n     =  3.29999e+00
p_f000_dctrl3_p     =  -2.68696e-08
p_f000_dctrl3_n     =  3.30000e+00
p_f000_dctrl2_p     =  -1.34051e-08
p_f000_dctrl2_n     =  3.30000e+00
p_f000_dctrl1_p     =  -6.58498e-09
p_f000_dctrl1_n     =  3.30000e+00
p_f000_do7_drv_470  =  3.30000e+00
p_f000_do7_rx_470   =  3.30000e+00
p_f000_do6_drv_470  =  3.30000e+00
p_f000_do6_rx_470   =  3.30000e+00
p_f000_do5_drv_470  =  3.30000e+00
p_f000_do5_rx_470   =  3.30000e+00
p_f000_do4_drv_470  =  0.00000e+00
p_f000_do4_rx_470   =  0.00000e+00
p_f000_do3_drv_470  =  0.00000e+00
p_f000_do3_rx_470   =  0.00000e+00
p_f000_do2_drv_470  =  0.00000e+00
p_f000_do2_rx_470   =  0.00000e+00
p_f000_do1_drv_470  =  0.00000e+00
p_f000_do1_rx_470   =  0.00000e+00
p_f000_do0_drv_470  =  3.30000e+00
p_f000_do0_rx_470   =  3.30000e+00
p_f000_do7_drv_480  =  3.30000e+00
p_f000_do7_rx_480   =  3.30000e+00
p_f000_do6_drv_480  =  3.30000e+00
p_f000_do6_rx_480   =  3.30000e+00
p_f000_do5_drv_480  =  3.30000e+00
p_f000_do5_rx_480   =  3.30000e+00
p_f000_do4_drv_480  =  0.00000e+00
p_f000_do4_rx_480   =  0.00000e+00
p_f000_do3_drv_480  =  0.00000e+00
p_f000_do3_rx_480   =  0.00000e+00
p_f000_do2_drv_480  =  0.00000e+00
p_f000_do2_rx_480   =  0.00000e+00
p_f000_do1_drv_480  =  0.00000e+00
p_f000_do1_rx_480   =  0.00000e+00
p_f000_do0_drv_480  =  3.30000e+00
p_f000_do0_rx_480   =  3.30000e+00
p_f001_cmp7_p0      =  -3.07270e-06
p_f001_cmp7_n0      =  -3.04443e-06
p_f001_cmp7_p5      =  3.30000e+00
p_f001_cmp7_n5      =  -1.82691e-06
p_f001_cmp6_p0      =  -8.40319e-06
p_f001_cmp6_n0      =  -8.39673e-06
p_f001_cmp6_p5      =  3.30000e+00
p_f001_cmp6_n5      =  -2.07163e-06
p_f001_cmp5_p0      =  -3.11540e-06
p_f001_cmp5_n0      =  -3.08721e-06
p_f001_cmp5_p5      =  3.30000e+00
p_f001_cmp5_n5      =  -1.72053e-06
p_f001_cmp4_p0      =  -3.14469e-06
p_f001_cmp4_n0      =  -3.11643e-06
p_f001_cmp4_p5      =  3.30000e+00
p_f001_cmp4_n5      =  -1.70516e-06
p_f001_cmp3_p0      =  -8.34321e-06
p_f001_cmp3_n0      =  -8.34913e-06
p_f001_cmp3_p5      =  -1.97850e-06
p_f001_cmp3_n5      =  3.30000e+00
p_f001_cmp2_p0      =  -8.34333e-06
p_f001_cmp2_n0      =  -8.34752e-06
p_f001_cmp2_p5      =  -1.97501e-06
p_f001_cmp2_n5      =  3.30000e+00
p_f001_cmp1_p0      =  -3.13955e-06
p_f001_cmp1_n0      =  -3.11032e-06
p_f001_cmp1_p5      =  -1.66187e-06
p_f001_cmp1_n5      =  3.30000e+00
p_f001_cmp0_p0      =  -8.38394e-06
p_f001_cmp0_n0      =  -8.38644e-06
p_f001_cmp0_p5      =  -1.97217e-06
p_f001_cmp0_n5      =  3.30000e+00
p_f001_dctrl7_p     =  3.30001e+00
p_f001_dctrl7_n     =  3.45601e-01
p_f001_dctrl6_p     =  3.26642e+00
p_f001_dctrl6_n     =  3.41288e-06
p_f001_dctrl5_p     =  3.29964e+00
p_f001_dctrl5_n     =  -1.45662e-06
p_f001_dctrl4_p     =  3.29999e+00
p_f001_dctrl4_n     =  -1.37817e-07
p_f001_dctrl3_p     =  -2.66531e-08
p_f001_dctrl3_n     =  3.30000e+00
p_f001_dctrl2_p     =  -1.33347e-08
p_f001_dctrl2_n     =  3.30000e+00
p_f001_dctrl1_p     =  -6.49895e-09
p_f001_dctrl1_n     =  3.30000e+00
p_f001_do7_drv_470  =  3.30000e+00
p_f001_do7_rx_470   =  3.30000e+00
p_f001_do6_drv_470  =  3.30000e+00
p_f001_do6_rx_470   =  3.30000e+00
p_f001_do5_drv_470  =  3.30000e+00
p_f001_do5_rx_470   =  3.30000e+00
p_f001_do4_drv_470  =  3.30000e+00
p_f001_do4_rx_470   =  3.30000e+00
p_f001_do3_drv_470  =  0.00000e+00
p_f001_do3_rx_470   =  0.00000e+00
p_f001_do2_drv_470  =  0.00000e+00
p_f001_do2_rx_470   =  0.00000e+00
p_f001_do1_drv_470  =  0.00000e+00
p_f001_do1_rx_470   =  0.00000e+00
p_f001_do0_drv_470  =  0.00000e+00
p_f001_do0_rx_470   =  1.46255e-268
p_f001_do7_drv_480  =  3.30000e+00
p_f001_do7_rx_480   =  3.30000e+00
p_f001_do6_drv_480  =  3.30000e+00
p_f001_do6_rx_480   =  3.30000e+00
p_f001_do5_drv_480  =  3.30000e+00
p_f001_do5_rx_480   =  3.30000e+00
p_f001_do4_drv_480  =  3.30000e+00
p_f001_do4_rx_480   =  3.30000e+00
p_f001_do3_drv_480  =  0.00000e+00
p_f001_do3_rx_480   =  0.00000e+00
p_f001_do2_drv_480  =  0.00000e+00
p_f001_do2_rx_480   =  0.00000e+00
p_f001_do1_drv_480  =  0.00000e+00
p_f001_do1_rx_480   =  0.00000e+00
p_f001_do0_drv_480  =  0.00000e+00
p_f001_do0_rx_480   =  5.13485e-297
p_f002_cmp7_p0      =  -3.05922e-06
p_f002_cmp7_n0      =  -3.03104e-06
p_f002_cmp7_p5      =  3.30000e+00
p_f002_cmp7_n5      =  -1.80492e-06
p_f002_cmp6_p0      =  -8.39382e-06
p_f002_cmp6_n0      =  -8.38994e-06
p_f002_cmp6_p5      =  3.30000e+00
p_f002_cmp6_n5      =  -2.06319e-06
p_f002_cmp5_p0      =  -3.13892e-06
p_f002_cmp5_n0      =  -3.10920e-06
p_f002_cmp5_p5      =  -1.67577e-06
p_f002_cmp5_n5      =  3.30000e+00
p_f002_cmp4_p0      =  -3.25262e-06
p_f002_cmp4_n0      =  -3.22059e-06
p_f002_cmp4_p5      =  -1.67189e-06
p_f002_cmp4_n5      =  3.30000e+00
p_f002_cmp3_p0      =  -8.34691e-06
p_f002_cmp3_n0      =  -8.34439e-06
p_f002_cmp3_p5      =  3.30000e+00
p_f002_cmp3_n5      =  -2.03076e-06
p_f002_cmp2_p0      =  -8.34487e-06
p_f002_cmp2_n0      =  -8.34504e-06
p_f002_cmp2_p5      =  3.30000e+00
p_f002_cmp2_n5      =  -2.02208e-06
p_f002_cmp1_p0      =  -3.13949e-06
p_f002_cmp1_n0      =  -3.11027e-06
p_f002_cmp1_p5      =  -1.66186e-06
p_f002_cmp1_n5      =  3.30000e+00
p_f002_cmp0_p0      =  -8.38402e-06
p_f002_cmp0_n0      =  -8.38631e-06
p_f002_cmp0_p5      =  -1.96863e-06
p_f002_cmp0_n5      =  3.30000e+00
p_f002_dctrl7_p     =  3.30001e+00
p_f002_dctrl7_n     =  3.45598e-01
p_f002_dctrl6_p     =  3.26642e+00
p_f002_dctrl6_n     =  2.36800e-06
p_f002_dctrl5_p     =  -1.02819e-06
p_f002_dctrl5_n     =  3.29964e+00
p_f002_dctrl4_p     =  -1.35993e-07
p_f002_dctrl4_n     =  3.29999e+00
p_f002_dctrl3_p     =  3.30000e+00
p_f002_dctrl3_n     =  -2.68548e-08
p_f002_dctrl2_p     =  3.30000e+00
p_f002_dctrl2_n     =  -1.35999e-08
p_f002_dctrl1_p     =  -6.50326e-09
p_f002_dctrl1_n     =  3.30000e+00
p_f002_do7_drv_470  =  3.30000e+00
p_f002_do7_rx_470   =  3.30000e+00
p_f002_do6_drv_470  =  3.30000e+00
p_f002_do6_rx_470   =  3.30000e+00
p_f002_do5_drv_470  =  0.00000e+00
p_f002_do5_rx_470   =  1.46137e-268
p_f002_do4_drv_470  =  0.00000e+00
p_f002_do4_rx_470   =  1.46137e-268
p_f002_do3_drv_470  =  3.30000e+00
p_f002_do3_rx_470   =  3.30000e+00
p_f002_do2_drv_470  =  3.30000e+00
p_f002_do2_rx_470   =  3.30000e+00
p_f002_do1_drv_470  =  0.00000e+00
p_f002_do1_rx_470   =  0.00000e+00
p_f002_do0_drv_470  =  0.00000e+00
p_f002_do0_rx_470   =  4.08882e-312
p_f002_do7_drv_480  =  3.30000e+00
p_f002_do7_rx_480   =  3.30000e+00
p_f002_do6_drv_480  =  3.30000e+00
p_f002_do6_rx_480   =  3.30000e+00
p_f002_do5_drv_480  =  0.00000e+00
p_f002_do5_rx_480   =  5.13070e-297
p_f002_do4_drv_480  =  0.00000e+00
p_f002_do4_rx_480   =  5.13070e-297
p_f002_do3_drv_480  =  3.30000e+00
p_f002_do3_rx_480   =  3.30000e+00
p_f002_do2_drv_480  =  3.30000e+00
p_f002_do2_rx_480   =  3.30000e+00
p_f002_do1_drv_480  =  0.00000e+00
p_f002_do1_rx_480   =  0.00000e+00
p_f002_do0_drv_480  =  0.00000e+00
p_f002_do0_rx_480   =  4.08882e-312
p_f003_cmp7_p0      =  -2.99816e-06
p_f003_cmp7_n0      =  -2.97026e-06
p_f003_cmp7_p5      =  3.30000e+00
p_f003_cmp7_n5      =  -1.79193e-06
p_f003_cmp6_p0      =  -8.35641e-06
p_f003_cmp6_n0      =  -8.36653e-06
p_f003_cmp6_p5      =  -2.01868e-06
p_f003_cmp6_n5      =  3.30000e+00
p_f003_cmp5_p0      =  -3.13635e-06
p_f003_cmp5_n0      =  -3.10718e-06
p_f003_cmp5_p5      =  -1.67325e-06
p_f003_cmp5_n5      =  3.30000e+00
p_f003_cmp4_p0      =  -3.11799e-06
p_f003_cmp4_n0      =  -3.08848e-06
p_f003_cmp4_p5      =  -1.66812e-06
p_f003_cmp4_n5      =  3.30000e+00
p_f003_cmp3_p0      =  -8.30420e-06
p_f003_cmp3_n0      =  -8.30508e-06
p_f003_cmp3_p5      =  -1.96694e-06
p_f003_cmp3_n5      =  3.30000e+00
p_f003_cmp2_p0      =  -8.30648e-06
p_f003_cmp2_n0      =  -8.30354e-06
p_f003_cmp2_p5      =  3.30000e+00
p_f003_cmp2_n5      =  -2.02426e-06
p_f003_cmp1_p0      =  -3.10822e-06
p_f003_cmp1_n0      =  -3.08004e-06
p_f003_cmp1_p5      =  3.30000e+00
p_f003_cmp1_n5      =  -1.70272e-06
p_f003_cmp0_p0      =  -8.34443e-06
p_f003_cmp0_n0      =  -8.34531e-06
p_f003_cmp0_p5      =  -1.96693e-06
p_f003_cmp0_n5      =  3.30000e+00
p_f003_dctrl7_p     =  3.30001e+00
p_f003_dctrl7_n     =  3.45539e-01
p_f003_dctrl6_p     =  3.06731e-05
p_f003_dctrl6_n     =  3.26639e+00
p_f003_dctrl5_p     =  -1.11592e-06
p_f003_dctrl5_n     =  3.29964e+00
p_f003_dctrl4_p     =  -1.24139e-07
p_f003_dctrl4_n     =  3.29999e+00
p_f003_dctrl3_p     =  -2.89671e-08
p_f003_dctrl3_n     =  3.30000e+00
p_f003_dctrl2_p     =  3.30000e+00
p_f003_dctrl2_n     =  -1.32495e-08
p_f003_dctrl1_p     =  3.30000e+00
p_f003_dctrl1_n     =  -6.43713e-09
p_f003_do7_drv_470  =  3.30000e+00
p_f003_do7_rx_470   =  3.30000e+00
p_f003_do6_drv_470  =  0.00000e+00
p_f003_do6_rx_470   =  1.45265e-268
p_f003_do5_drv_470  =  0.00000e+00
p_f003_do5_rx_470   =  4.08882e-312
p_f003_do4_drv_470  =  0.00000e+00
p_f003_do4_rx_470   =  4.08882e-312
p_f003_do3_drv_470  =  0.00000e+00
p_f003_do3_rx_470   =  1.45265e-268
p_f003_do2_drv_470  =  3.30000e+00
p_f003_do2_rx_470   =  3.30000e+00
p_f003_do1_drv_470  =  3.30000e+00
p_f003_do1_rx_470   =  3.30000e+00
p_f003_do0_drv_470  =  0.00000e+00
p_f003_do0_rx_470   =  4.08882e-312
p_f003_do7_drv_480  =  3.30000e+00
p_f003_do7_rx_480   =  3.30000e+00
p_f003_do6_drv_480  =  0.00000e+00
p_f003_do6_rx_480   =  5.10008e-297
p_f003_do5_drv_480  =  0.00000e+00
p_f003_do5_rx_480   =  4.08882e-312
p_f003_do4_drv_480  =  0.00000e+00
p_f003_do4_rx_480   =  4.08882e-312
p_f003_do3_drv_480  =  0.00000e+00
p_f003_do3_rx_480   =  5.10008e-297
p_f003_do2_drv_480  =  3.30000e+00
p_f003_do2_rx_480   =  3.30000e+00
p_f003_do1_drv_480  =  3.30000e+00
p_f003_do1_rx_480   =  3.30000e+00
p_f003_do0_drv_480  =  0.00000e+00
p_f003_do0_rx_480   =  4.08882e-312
p_f064_cmp7_p0      =  -3.21735e-06
p_f064_cmp7_n0      =  -3.18686e-06
p_f064_cmp7_p5      =  3.30000e+00
p_f064_cmp7_n5      =  -1.82992e-06
p_f064_cmp6_p0      =  -8.59667e-06
p_f064_cmp6_n0      =  -8.59715e-06
p_f064_cmp6_p5      =  3.30000e+00
p_f064_cmp6_n5      =  -2.08506e-06
p_f064_cmp5_p0      =  -3.09142e-06
p_f064_cmp5_n0      =  -3.06370e-06
p_f064_cmp5_p5      =  3.30000e+00
p_f064_cmp5_n5      =  -1.70799e-06
p_f064_cmp4_p0      =  -3.30443e-06
p_f064_cmp4_n0      =  -3.27269e-06
p_f064_cmp4_p5      =  -1.68868e-06
p_f064_cmp4_n5      =  3.30000e+00
p_f064_cmp3_p0      =  -8.22492e-06
p_f064_cmp3_n0      =  -8.22566e-06
p_f064_cmp3_p5      =  -1.96702e-06
p_f064_cmp3_n5      =  3.30000e+00
p_f064_cmp2_p0      =  -8.54127e-06
p_f064_cmp2_n0      =  -8.55205e-06
p_f064_cmp2_p5      =  -1.99268e-06
p_f064_cmp2_n5      =  3.30000e+00
p_f064_cmp1_p0      =  -3.13920e-06
p_f064_cmp1_n0      =  -3.11043e-06
p_f064_cmp1_p5      =  -1.65948e-06
p_f064_cmp1_n5      =  3.30000e+00
p_f064_cmp0_p0      =  -7.68812e-06
p_f064_cmp0_n0      =  -7.69308e-06
p_f064_cmp0_p5      =  3.30000e+00
p_f064_cmp0_n5      =  -2.01430e-06
p_f064_dctrl7_p     =  3.30001e+00
p_f064_dctrl7_n     =  3.45652e-01
p_f064_dctrl6_p     =  3.26638e+00
p_f064_dctrl6_n     =  3.03933e-06
p_f064_dctrl5_p     =  3.29964e+00
p_f064_dctrl5_n     =  -1.64736e-06
p_f064_dctrl4_p     =  -1.20504e-07
p_f064_dctrl4_n     =  3.29999e+00
p_f064_dctrl3_p     =  -2.68064e-08
p_f064_dctrl3_n     =  3.30000e+00
p_f064_dctrl2_p     =  -1.34815e-08
p_f064_dctrl2_n     =  3.30000e+00
p_f064_dctrl1_p     =  -6.58211e-09
p_f064_dctrl1_n     =  3.30000e+00
p_f064_do7_drv_470  =  3.30000e+00
p_f064_do7_rx_470   =  3.30000e+00
p_f064_do6_drv_470  =  3.30000e+00
p_f064_do6_rx_470   =  3.30000e+00
p_f064_do5_drv_470  =  3.30000e+00
p_f064_do5_rx_470   =  3.30000e+00
p_f064_do4_drv_470  =  0.00000e+00
p_f064_do4_rx_470   =  4.08882e-312
p_f064_do3_drv_470  =  0.00000e+00
p_f064_do3_rx_470   =  4.08882e-312
p_f064_do2_drv_470  =  0.00000e+00
p_f064_do2_rx_470   =  1.45856e-268
p_f064_do1_drv_470  =  0.00000e+00
p_f064_do1_rx_470   =  1.45856e-268
p_f064_do0_drv_470  =  3.30000e+00
p_f064_do0_rx_470   =  3.30000e+00
p_f064_do7_drv_480  =  3.30000e+00
p_f064_do7_rx_480   =  3.30000e+00
p_f064_do6_drv_480  =  3.30000e+00
p_f064_do6_rx_480   =  3.30000e+00
p_f064_do5_drv_480  =  3.30000e+00
p_f064_do5_rx_480   =  3.30000e+00
p_f064_do4_drv_480  =  0.00000e+00
p_f064_do4_rx_480   =  4.08882e-312
p_f064_do3_drv_480  =  0.00000e+00
p_f064_do3_rx_480   =  4.08882e-312
p_f064_do2_drv_480  =  0.00000e+00
p_f064_do2_rx_480   =  5.12083e-297
p_f064_do1_drv_480  =  0.00000e+00
p_f064_do1_rx_480   =  5.12083e-297
p_f064_do0_drv_480  =  3.30000e+00
p_f064_do0_rx_480   =  3.30000e+00
p_f065_cmp7_p0      =  -3.19584e-06
p_f065_cmp7_n0      =  -3.16591e-06
p_f065_cmp7_p5      =  3.30000e+00
p_f065_cmp7_n5      =  -1.84079e-06
p_f065_cmp6_p0      =  -8.56005e-06
p_f065_cmp6_n0      =  -8.55883e-06
p_f065_cmp6_p5      =  3.30000e+00
p_f065_cmp6_n5      =  -2.08626e-06
p_f065_cmp5_p0      =  -3.13686e-06
p_f065_cmp5_n0      =  -3.11003e-06
p_f065_cmp5_p5      =  3.30000e+00
p_f065_cmp5_n5      =  -1.71511e-06
p_f065_cmp4_p0      =  -3.26805e-06
p_f065_cmp4_n0      =  -3.23815e-06
p_f065_cmp4_p5      =  3.30000e+00
p_f065_cmp4_n5      =  -1.71893e-06
p_f065_cmp3_p0      =  -8.81159e-06
p_f065_cmp3_n0      =  -8.79988e-06
p_f065_cmp3_p5      =  -1.96425e-06
p_f065_cmp3_n5      =  3.30000e+00
p_f065_cmp2_p0      =  -8.50127e-06
p_f065_cmp2_n0      =  -8.51185e-06
p_f065_cmp2_p5      =  -1.98957e-06
p_f065_cmp2_n5      =  3.30000e+00
p_f065_cmp1_p0      =  -3.10858e-06
p_f065_cmp1_n0      =  -3.07976e-06
p_f065_cmp1_p5      =  -1.65956e-06
p_f065_cmp1_n5      =  3.30000e+00
p_f065_cmp0_p0      =  -8.18622e-06
p_f065_cmp0_n0      =  -8.18100e-06
p_f065_cmp0_p5      =  -1.99061e-06
p_f065_cmp0_n5      =  3.30000e+00
p_f065_dctrl7_p     =  3.30001e+00
p_f065_dctrl7_n     =  3.45600e-01
p_f065_dctrl6_p     =  3.26639e+00
p_f065_dctrl6_n     =  3.41666e-06
p_f065_dctrl5_p     =  3.29964e+00
p_f065_dctrl5_n     =  -1.45617e-06
p_f065_dctrl4_p     =  3.29999e+00
p_f065_dctrl4_n     =  -1.37557e-07
p_f065_dctrl3_p     =  -2.65990e-08
p_f065_dctrl3_n     =  3.30000e+00
p_f065_dctrl2_p     =  -1.33213e-08
p_f065_dctrl2_n     =  3.30000e+00
p_f065_dctrl1_p     =  -6.51030e-09
p_f065_dctrl1_n     =  3.30000e+00
p_f065_do7_drv_470  =  3.30000e+00
p_f065_do7_rx_470   =  3.30000e+00
p_f065_do6_drv_470  =  3.30000e+00
p_f065_do6_rx_470   =  3.30000e+00
p_f065_do5_drv_470  =  3.30000e+00
p_f065_do5_rx_470   =  3.30000e+00
p_f065_do4_drv_470  =  3.30000e+00
p_f065_do4_rx_470   =  3.30000e+00
p_f065_do3_drv_470  =  0.00000e+00
p_f065_do3_rx_470   =  4.08882e-312
p_f065_do2_drv_470  =  0.00000e+00
p_f065_do2_rx_470   =  4.08882e-312
p_f065_do1_drv_470  =  0.00000e+00
p_f065_do1_rx_470   =  4.08882e-312
p_f065_do0_drv_470  =  0.00000e+00
p_f065_do0_rx_470   =  1.47545e-268
p_f065_do7_drv_480  =  3.30000e+00
p_f065_do7_rx_480   =  3.30000e+00
p_f065_do6_drv_480  =  3.30000e+00
p_f065_do6_rx_480   =  3.30000e+00
p_f065_do5_drv_480  =  3.30000e+00
p_f065_do5_rx_480   =  3.30000e+00
p_f065_do4_drv_480  =  3.30000e+00
p_f065_do4_rx_480   =  3.30000e+00
p_f065_do3_drv_480  =  0.00000e+00
p_f065_do3_rx_480   =  4.08882e-312
p_f065_do2_drv_480  =  0.00000e+00
p_f065_do2_rx_480   =  4.08882e-312
p_f065_do1_drv_480  =  0.00000e+00
p_f065_do1_rx_480   =  4.08882e-312
p_f065_do0_drv_480  =  0.00000e+00
p_f065_do0_rx_480   =  5.18012e-297
p_f066_cmp7_p0      =  -3.18321e-06
p_f066_cmp7_n0      =  -3.15338e-06
p_f066_cmp7_p5      =  3.30000e+00
p_f066_cmp7_n5      =  -1.81886e-06
p_f066_cmp6_p0      =  -8.55107e-06
p_f066_cmp6_n0      =  -8.55262e-06
p_f066_cmp6_p5      =  3.30000e+00
p_f066_cmp6_n5      =  -2.07916e-06
p_f066_cmp5_p0      =  -3.12770e-06
p_f066_cmp5_n0      =  -3.09945e-06
p_f066_cmp5_p5      =  -1.67090e-06
p_f066_cmp5_n5      =  3.30000e+00
p_f066_cmp4_p0      =  -3.37868e-06
p_f066_cmp4_n0      =  -3.34821e-06
p_f066_cmp4_p5      =  -1.68382e-06
p_f066_cmp4_n5      =  3.30000e+00
p_f066_cmp3_p0      =  -8.18862e-06
p_f066_cmp3_n0      =  -8.18053e-06
p_f066_cmp3_p5      =  3.30000e+00
p_f066_cmp3_n5      =  -2.01405e-06
p_f066_cmp2_p0      =  -8.50309e-06
p_f066_cmp2_n0      =  -8.50917e-06
p_f066_cmp2_p5      =  3.30000e+00
p_f066_cmp2_n5      =  -2.03824e-06
p_f066_cmp1_p0      =  -3.10848e-06
p_f066_cmp1_n0      =  -3.07968e-06
p_f066_cmp1_p5      =  -1.65894e-06
p_f066_cmp1_n5      =  3.30000e+00
p_f066_cmp0_p0      =  -8.18632e-06
p_f066_cmp0_n0      =  -8.18087e-06
p_f066_cmp0_p5      =  -1.94234e-06
p_f066_cmp0_n5      =  3.30000e+00
p_f066_dctrl7_p     =  3.30001e+00
p_f066_dctrl7_n     =  3.45598e-01
p_f066_dctrl6_p     =  3.26639e+00
p_f066_dctrl6_n     =  2.37451e-06
p_f066_dctrl5_p     =  -1.02820e-06
p_f066_dctrl5_n     =  3.29964e+00
p_f066_dctrl4_p     =  -1.35819e-07
p_f066_dctrl4_n     =  3.29999e+00
p_f066_dctrl3_p     =  3.30000e+00
p_f066_dctrl3_n     =  -2.67389e-08
p_f066_dctrl2_p     =  3.30000e+00
p_f066_dctrl2_n     =  -1.34862e-08
p_f066_dctrl1_p     =  -6.53052e-09
p_f066_dctrl1_n     =  3.30000e+00
p_f066_do7_drv_470  =  3.30000e+00
p_f066_do7_rx_470   =  3.30000e+00
p_f066_do6_drv_470  =  3.30000e+00
p_f066_do6_rx_470   =  3.30000e+00
p_f066_do5_drv_470  =  0.00000e+00
p_f066_do5_rx_470   =  1.47588e-268
p_f066_do4_drv_470  =  0.00000e+00
p_f066_do4_rx_470   =  1.47588e-268
p_f066_do3_drv_470  =  3.30000e+00
p_f066_do3_rx_470   =  3.30000e+00
p_f066_do2_drv_470  =  3.30000e+00
p_f066_do2_rx_470   =  3.30000e+00
p_f066_do1_drv_470  =  0.00000e+00
p_f066_do1_rx_470   =  4.08882e-312
p_f066_do0_drv_470  =  0.00000e+00
p_f066_do0_rx_470   =  4.08882e-312
p_f066_do7_drv_480  =  3.30000e+00
p_f066_do7_rx_480   =  3.30000e+00
p_f066_do6_drv_480  =  3.30000e+00
p_f066_do6_rx_480   =  3.30000e+00
p_f066_do5_drv_480  =  0.00000e+00
p_f066_do5_rx_480   =  5.18165e-297
p_f066_do4_drv_480  =  0.00000e+00
p_f066_do4_rx_480   =  5.18165e-297
p_f066_do3_drv_480  =  3.30000e+00
p_f066_do3_rx_480   =  3.30000e+00
p_f066_do2_drv_480  =  3.30000e+00
p_f066_do2_rx_480   =  3.30000e+00
p_f066_do1_drv_480  =  0.00000e+00
p_f066_do1_rx_480   =  4.08882e-312
p_f066_do0_drv_480  =  0.00000e+00
p_f066_do0_rx_480   =  4.08882e-312
p_f067_cmp7_p0      =  -3.12432e-06
p_f067_cmp7_n0      =  -3.09475e-06
p_f067_cmp7_p5      =  3.30000e+00
p_f067_cmp7_n5      =  -1.80463e-06
p_f067_cmp6_p0      =  -8.51240e-06
p_f067_cmp6_n0      =  -8.52939e-06
p_f067_cmp6_p5      =  -2.03387e-06
p_f067_cmp6_n5      =  3.30000e+00
p_f067_cmp5_p0      =  -3.04471e-06
p_f067_cmp5_n0      =  -3.01676e-06
p_f067_cmp5_p5      =  -1.66495e-06
p_f067_cmp5_n5      =  3.30000e+00
p_f067_cmp4_p0      =  -3.24113e-06
p_f067_cmp4_n0      =  -3.20996e-06
p_f067_cmp4_p5      =  -1.67949e-06
p_f067_cmp4_n5      =  3.30000e+00
p_f067_cmp3_p0      =  -8.14615e-06
p_f067_cmp3_n0      =  -8.14095e-06
p_f067_cmp3_p5      =  -1.95231e-06
p_f067_cmp3_n5      =  3.30000e+00
p_f067_cmp2_p0      =  -8.70231e-06
p_f067_cmp2_n0      =  -8.70227e-06
p_f067_cmp2_p5      =  3.30000e+00
p_f067_cmp2_n5      =  -2.03825e-06
p_f067_cmp1_p0      =  -3.07725e-06
p_f067_cmp1_n0      =  -3.04951e-06
p_f067_cmp1_p5      =  3.30000e+00
p_f067_cmp1_n5      =  -1.69958e-06
p_f067_cmp0_p0      =  -8.14670e-06
p_f067_cmp0_n0      =  -8.13987e-06
p_f067_cmp0_p5      =  -1.94813e-06
p_f067_cmp0_n5      =  3.30000e+00
p_f067_dctrl7_p     =  3.30001e+00
p_f067_dctrl7_n     =  3.45539e-01
p_f067_dctrl6_p     =  3.06969e-05
p_f067_dctrl6_n     =  3.26636e+00
p_f067_dctrl5_p     =  -1.11692e-06
p_f067_dctrl5_n     =  3.29964e+00
p_f067_dctrl4_p     =  -1.24495e-07
p_f067_dctrl4_n     =  3.29999e+00
p_f067_dctrl3_p     =  -2.88659e-08
p_f067_dctrl3_n     =  3.30000e+00
p_f067_dctrl2_p     =  3.30000e+00
p_f067_dctrl2_n     =  -1.32012e-08
p_f067_dctrl1_p     =  3.30000e+00
p_f067_dctrl1_n     =  -6.42761e-09
p_f067_do7_drv_470  =  3.30000e+00
p_f067_do7_rx_470   =  3.30000e+00
p_f067_do6_drv_470  =  0.00000e+00
p_f067_do6_rx_470   =  1.45239e-268
p_f067_do5_drv_470  =  0.00000e+00
p_f067_do5_rx_470   =  4.08882e-312
p_f067_do4_drv_470  =  0.00000e+00
p_f067_do4_rx_470   =  4.08882e-312
p_f067_do3_drv_470  =  0.00000e+00
p_f067_do3_rx_470   =  1.45239e-268
p_f067_do2_drv_470  =  3.30000e+00
p_f067_do2_rx_470   =  3.30000e+00
p_f067_do1_drv_470  =  3.30000e+00
p_f067_do1_rx_470   =  3.30000e+00
p_f067_do0_drv_470  =  0.00000e+00
p_f067_do0_rx_470   =  4.08882e-312
p_f067_do7_drv_480  =  3.30000e+00
p_f067_do7_rx_480   =  3.30000e+00
p_f067_do6_drv_480  =  0.00000e+00
p_f067_do6_rx_480   =  5.09918e-297
p_f067_do5_drv_480  =  0.00000e+00
p_f067_do5_rx_480   =  4.08882e-312
p_f067_do4_drv_480  =  0.00000e+00
p_f067_do4_rx_480   =  4.08882e-312
p_f067_do3_drv_480  =  0.00000e+00
p_f067_do3_rx_480   =  5.09918e-297
p_f067_do2_drv_480  =  3.30000e+00
p_f067_do2_rx_480   =  3.30000e+00
p_f067_do1_drv_480  =  3.30000e+00
p_f067_do1_rx_480   =  3.30000e+00
p_f067_do0_drv_480  =  0.00000e+00
p_f067_do0_rx_480   =  4.08882e-312
ngspice-46 done
