
Note: Compatibility modes selected: hs a

Warning: m=xx on .subckt line will override multiplier m hierarchy!


Circuit: * a44 actual analog core with fixed tt timed behavioral sar control.

Reducing trtol to 1 for xspice 'A' devices
Doing analysis at TEMP = 27.000000 and TNOM = 27.000000

Using SPARSE 1.3 as Direct Linear Solver

Initial Transient Solution
--------------------------

Node                                   Voltage
----                                   -------
vdd                                        3.3
vrefp_src                                  2.5
vrefp                                      2.5
vrefp_cap                                  2.5
vrefn_src                                  0.8
vrefn                                      0.8
vrefn_cap                                  0.8
vinp_src                               2.29135
vinn_src                               1.00865
vinp                                   2.29135
vinn                                   1.00865
clks_src                                     0
clks                                         0
cmp_noise                           0.00191463
xcore.xcdacp.vbot1                         2.5
dctrlp1                                      0
xcore.vresp_raw                    0.000962531
xcore.xcdacp.vbot2                         2.5
dctrlp2                                      0
xcore.xcdacp.vbot3                         2.5
dctrlp3                                      0
xcore.xcdacp.vbot4                         2.5
dctrlp4                                      0
xcore.xcdacp.vbot5                         2.5
dctrlp5                                      0
xcore.xcdacp.vbot6                         2.5
dctrlp6                                      0
xcore.xcdacp.vbot7                         2.5
dctrlp7                                      0
xcore.xcdacp.x1.clksb                      3.3
xcore.xcdacp.x1.net2                1.2105e-10
xcore.xcdacp.x1.net1                       3.3
xcore.xcdacp.x1.bottom_gate        6.14125e-09
xcore.xcdacp.x1.net4               3.07085e-09
xcore.xcdacp.x1.net3                       3.3
xcore.xcdacn.vbot1                         2.5
dctrln1                                      0
xcore.vresn_raw                    0.000736386
xcore.xcdacn.vbot2                         2.5
dctrln2                                      0
xcore.xcdacn.vbot3                         2.5
dctrln3                                      0
xcore.xcdacn.vbot4                         2.5
dctrln4                                      0
xcore.xcdacn.vbot5                         2.5
dctrln5                                      0
xcore.xcdacn.vbot6                         2.5
dctrln6                                      0
xcore.xcdacn.vbot7                         2.5
dctrln7                                      0
xcore.xcdacn.x1.clksb                      3.3
xcore.xcdacn.x1.net2               1.18547e-10
xcore.xcdacn.x1.net1                       3.3
xcore.xcdacn.x1.bottom_gate        6.18546e-09
xcore.xcdacn.x1.net4               3.08507e-09
xcore.xcdacn.x1.net3                       3.3
vresp                               0.00191985
vresn                              -0.00022093
xcore.xcmp.net1                      0.0236283
cmpck                                        0
xcore.xcmp.xp                              3.3
xcore.xcmp.xn                              3.3
xcore.xcmp.ln                              3.3
xcore.xcmp.lp                              3.3
dcmpn                              3.73048e-09
dcmpp                              3.64398e-09
sampled_diff                        0.00214078
input_diff                              1.2827
cmpck_drv                                    0
dctrlp7_drv                                  0
dctrlp6_drv                                  0
dctrlp5_drv                                  0
dctrlp4_drv                                  0
dctrlp3_drv                                  0
dctrlp2_drv                                  0
dctrlp1_drv                                  0
dctrln7_drv                                  0
dctrln6_drv                                  0
dctrln5_drv                                  0
dctrln4_drv                                  0
dctrln3_drv                                  0
dctrln2_drv                                  0
dctrln1_drv                                  0
dout7_drv                                    0
dout6_drv                                    0
dout5_drv                                    0
dout4_drv                                    0
dout3_drv                                    0
dout2_drv                                    0
dout1_drv                                    0
dout0_drv                                    0
eoc                                          0
invalid0                                     0
timeout0                                     0
complete                                     0
dout7_rx                                     0
dout6_rx                                     0
dout5_rx                                     0
dout4_rx                                     0
dout3_rx                                     0
dout2_rx                                     0
dout1_rx                                     0
dout0_rx                                     0
e_input_diff#branch                -1.2827e-10
e_sample_diff#branch              -2.14078e-13
e.xcore.e_cmp_noise_n#branch        2.2093e-14
e.xcore.e_cmp_noise_p#branch      -1.91985e-13
vcmp_noise#branch                 -1.91463e-13
vclks_id#branch                              0
vvinn_id#branch                   -4.15722e-10
vvinp_id#branch                   -9.44462e-10
vvrefn_id#branch                  -1.76652e-09
vvrefp_id#branch                  -1.52073e-08
vvdd#branch                       -1.77534e-08
a_status#branch_1_0                          0
a_status#branch_1_1                          0
a_status#branch_1_2                          0
a_status#branch_1_3                          0
a_dout#branch_1_0                            0
a_dout#branch_1_1                            0
a_dout#branch_1_2                            0
a_dout#branch_1_3                            0
a_dout#branch_1_4                            0
a_dout#branch_1_5                            0
a_dout#branch_1_6                            0
a_dout#branch_1_7                            0
a_dctrln#branch_1_0                          0
a_dctrln#branch_1_1                          0
a_dctrln#branch_1_2                          0
a_dctrln#branch_1_3                          0
a_dctrln#branch_1_4                          0
a_dctrln#branch_1_5                          0
a_dctrln#branch_1_6                          0
a_dctrlp#branch_1_0                          0
a_dctrlp#branch_1_1                          0
a_dctrlp#branch_1_2                          0
a_dctrlp#branch_1_3                          0
a_dctrlp#branch_1_4                          0
a_dctrlp#branch_1_5                          0
a_dctrlp#branch_1_6                          0
a_cmpck#branch_1_0                           0


Instance: abeh   Message: WARNING: output scheduled with impossible delay (-4.01e-12) at 5.01e-12/0.

Instance: abeh   Message: XSPICE time is behind vtime:
XSPICE 2.005206643909314e-07
Cosim  2.0055e-07

Instance: abeh   Message: XSPICE time is behind vtime:
XSPICE 7.005234690945072e-07
Cosim  7.00557e-07

Instance: abeh   Message: XSPICE time is behind vtime:
XSPICE 1.200536796348072e-06
Cosim  1.200552e-06

Instance: abeh   Message: XSPICE time is behind vtime:
XSPICE 2.200539131081552e-06
Cosim  2.200548e-06

Instance: abeh   Message: XSPICE time is behind vtime:
XSPICE 2.700519479878762e-06
Cosim  2.700553e-06

Instance: abeh   Message: XSPICE time is behind vtime:
XSPICE 3.200523479868061e-06
Cosim  3.200557e-06

Instance: abeh   Message: XSPICE time is behind vtime:
XSPICE 4.700527975139293e-06
Cosim  4.700553e-06

Instance: abeh   Message: XSPICE time is behind vtime:
XSPICE 5.20051946909835e-06
Cosim  5.200553e-06

Instance: abeh   Message: XSPICE time is behind vtime:
XSPICE 5.700530371936386e-06
Cosim  5.700551e-06

Instance: abeh   Message: XSPICE time is behind vtime:
XSPICE 7.200516479872979e-06
Cosim  7.20055e-06

Instance: abeh   Message: XSPICE time is behind vtime:
XSPICE 7.700516479874326e-06
Cosim  7.70055e-06

Instance: abeh   Message: XSPICE time is behind vtime:
XSPICE 9.200530896493954e-06
Cosim  9.200551000000001e-06

Instance: abeh   Message: XSPICE time is behind vtime:
XSPICE 9.700519469098386e-06
Cosim  9.700553e-06

Instance: abeh   Message: XSPICE time is behind vtime:
XSPICE 1.020053050905463e-05
Cosim  1.0200556e-05

Instance: abeh   Message: XSPICE time is behind vtime:
XSPICE 1.170049875091232e-05
Cosim  1.1700532e-05

Instance: abeh   Message: XSPICE time is behind vtime:
XSPICE 1.220052347988224e-05
Cosim  1.2200557e-05

Instance: abeh   Message: XSPICE time is behind vtime:
XSPICE 1.270053351040432e-05
Cosim  1.2700543e-05

Instance: abeh   Message: XSPICE time is behind vtime:
XSPICE 1.370053736523422e-05
Cosim  1.3700552e-05

Instance: abeh   Message: XSPICE time is behind vtime:
XSPICE 1.420052346909416e-05
Cosim  1.4200557e-05

Instance: abeh   Message: XSPICE time is behind vtime:
XSPICE 1.470052026424869e-05
Cosim  1.470055e-05

Instance: abeh   Message: XSPICE time is behind vtime:
XSPICE 1.620052043071857e-05
Cosim  1.620055e-05

Instance: abeh   Message: XSPICE time is behind vtime:
XSPICE 1.670052347988803e-05
Cosim  1.6700557e-05

Instance: abeh   Message: XSPICE time is behind vtime:
XSPICE 1.720053657528923e-05
Cosim  1.7200552e-05

Instance: abeh   Message: XSPICE time is behind vtime:
XSPICE 1.820053934944613e-05
Cosim  1.8200548e-05

Instance: abeh   Message: XSPICE time is behind vtime:
XSPICE 1.870051946908679e-05
Cosim  1.8700553e-05

Instance: abeh   Message: XSPICE time is behind vtime:
XSPICE 1.920052366153455e-05
Cosim  1.9200557e-05

Instance: abeh   Message: XSPICE time is behind vtime:
XSPICE 2.070052673940364e-05
Cosim  2.0700552e-05

Instance: abeh   Message: XSPICE time is behind vtime:
XSPICE 2.120051947989281e-05
Cosim  2.1200553e-05

Instance: abeh   Message: XSPICE time is behind vtime:
XSPICE 2.170053014342538e-05
Cosim  2.1700551e-05

Instance: abeh   Message: XSPICE time is behind vtime:
XSPICE 2.320051646907918e-05
Cosim  2.320055e-05

Instance: abeh   Message: XSPICE time is behind vtime:
XSPICE 2.370051646907855e-05
Cosim  2.370055e-05

Instance: abeh   Message: XSPICE time is behind vtime:
XSPICE 2.520053066749867e-05
Cosim  2.5200551e-05

Instance: abeh   Message: XSPICE time is behind vtime:
XSPICE 2.570051947989105e-05
Cosim  2.5700553e-05

Instance: abeh   Message: XSPICE time is behind vtime:
XSPICE 2.620053027620572e-05
Cosim  2.6200556e-05

Instance: abeh   Message: XSPICE time is behind vtime:
XSPICE 2.77004979929745e-05
Cosim  2.7700531e-05

Instance: abeh   Message: XSPICE time is behind vtime:
XSPICE 2.820052346908798e-05
Cosim  2.8200557e-05

Instance: abeh   Message: XSPICE time is behind vtime:
XSPICE 2.87005337319397e-05
Cosim  2.8700543e-05

Instance: abeh   Message: XSPICE time is behind vtime:
XSPICE 2.970053714772457e-05
Cosim  2.9700552e-05

Instance: abeh   Message: XSPICE time is behind vtime:
XSPICE 3.020052347988704e-05
Cosim  3.0200557e-05

Instance: abeh   Message: XSPICE time is behind vtime:
XSPICE 3.070052003084323e-05
Cosim  3.070055e-05

Instance: abeh   Message: XSPICE time is behind vtime:
XSPICE 3.22005206659395e-05
Cosim  3.220055e-05

Instance: abeh   Message: XSPICE time is behind vtime:
XSPICE 3.270052346909431e-05
Cosim  3.2700557e-05

Instance: abeh   Message: XSPICE time is behind vtime:
XSPICE 3.320053679149382e-05
Cosim  3.3200552e-05

No. of Data Rows : 735263
f000_d7             =  3.30000e+00
f000_d6             =  3.30000e+00
f000_d5             =  3.30000e+00
f000_d4             =  0.00000e+00
f000_d3             =  0.00000e+00
f000_d2             =  0.00000e+00
f000_d1             =  0.00000e+00
f000_d0             =  3.30000e+00
f000_complete       =  3.30000e+00
f000_invalid        =  0.00000e+00
f000_timeout        =  0.00000e+00
f000_sampled        =  1.28462e+00
f000_input          =  1.28270e+00
f000_tcomplete      =  3.75500e-07
f001_d7             =  3.30000e+00
f001_d6             =  3.30000e+00
f001_d5             =  3.30000e+00
f001_d4             =  3.30000e+00
f001_d3             =  0.00000e+00
f001_d2             =  0.00000e+00
f001_d1             =  0.00000e+00
f001_d0             =  5.28003e-297
f001_complete       =  3.30000e+00
f001_invalid        =  0.00000e+00
f001_timeout        =  0.00000e+00
f001_sampled        =  1.48514e+00
f001_input          =  1.48481e+00
f001_tcomplete      =  8.75507e-07
f002_d7             =  3.30000e+00
f002_d6             =  3.30000e+00
f002_d5             =  5.12535e-297
f002_d4             =  5.12535e-297
f002_d3             =  3.30000e+00
f002_d2             =  3.30000e+00
f002_d1             =  0.00000e+00
f002_d0             =  3.30000e+00
f002_complete       =  3.30000e+00
f002_invalid        =  0.00000e+00
f002_timeout        =  0.00000e+00
f002_sampled        =  1.01547e+00
f002_input          =  1.01274e+00
f002_tcomplete      =  1.37550e-06
f003_d7             =  3.30000e+00
f003_d6             =  5.27835e-297
f003_d5             =  4.08882e-312
f003_d4             =  4.08882e-312
f003_d3             =  5.27835e-297
f003_d2             =  3.30000e+00
f003_d1             =  3.30000e+00
f003_d0             =  5.27835e-297
f003_complete       =  3.30000e+00
f003_invalid        =  0.00000e+00
f003_timeout        =  0.00000e+00
f003_sampled        =  7.95115e-02
f003_input          =  8.09709e-02
f003_tcomplete      =  1.87551e-06
f004_d7             =  5.01025e-297
f004_d6             =  4.08882e-312
f004_d5             =  3.30000e+00
f004_d4             =  3.30000e+00
f004_d3             =  3.30000e+00
f004_d2             =  3.30000e+00
f004_d1             =  5.01025e-297
f004_d0             =  3.30000e+00
f004_complete       =  3.30000e+00
f004_invalid        =  0.00000e+00
f004_timeout        =  0.00000e+00
f004_sampled        =  -8.87109e-01
f004_input          =  -8.87625e-01
f004_tcomplete      =  2.37550e-06
f005_d7             =  4.08882e-312
f005_d6             =  4.08882e-312
f005_d5             =  5.15349e-297
f005_d4             =  3.30000e+00
f005_d3             =  5.15349e-297
f005_d2             =  5.15349e-297
f005_d1             =  3.30000e+00
f005_d0             =  3.30000e+00
f005_complete       =  3.30000e+00
f005_invalid        =  0.00000e+00
f005_timeout        =  0.00000e+00
f005_sampled        =  -1.45289e+00
f005_input          =  -1.45325e+00
f005_tcomplete      =  2.87550e-06
f006_d7             =  4.08882e-312
f006_d6             =  4.08882e-312
f006_d5             =  4.08882e-312
f006_d4             =  3.30000e+00
f006_d3             =  3.30000e+00
f006_d2             =  4.08882e-312
f006_d1             =  3.30000e+00
f006_d0             =  5.33374e-297
f006_complete       =  3.30000e+00
f006_invalid        =  0.00000e+00
f006_timeout        =  0.00000e+00
f006_sampled        =  -1.36047e+00
f006_input          =  -1.35909e+00
f006_tcomplete      =  3.37551e-06
f007_d7             =  4.08882e-312
f007_d6             =  3.30000e+00
f007_d5             =  4.08882e-312
f007_d4             =  5.27635e-297
f007_d3             =  3.30000e+00
f007_d2             =  3.30000e+00
f007_d1             =  3.30000e+00
f007_d0             =  3.30000e+00
f007_complete       =  3.30000e+00
f007_invalid        =  0.00000e+00
f007_timeout        =  0.00000e+00
f007_sampled        =  -6.46420e-01
f007_input          =  -6.47850e-01
f007_tcomplete      =  3.87551e-06
f008_d7             =  3.30000e+00
f008_d6             =  5.25246e-297
f008_d5             =  4.08882e-312
f008_d4             =  3.30000e+00
f008_d3             =  3.30000e+00
f008_d2             =  5.25246e-297
f008_d1             =  3.30000e+00
f008_d0             =  3.30000e+00
f008_complete       =  3.30000e+00
f008_invalid        =  0.00000e+00
f008_timeout        =  0.00000e+00
f008_sampled        =  3.57787e-01
f008_input          =  3.57298e-01
f008_tcomplete      =  4.37551e-06
f009_d7             =  3.30000e+00
f009_d6             =  3.30000e+00
f009_d5             =  4.08882e-312
f009_d4             =  3.30000e+00
f009_d3             =  3.30000e+00
f009_d2             =  4.08882e-312
f009_d1             =  3.30000e+00
f009_d0             =  3.30000e+00
f009_complete       =  3.30000e+00
f009_invalid        =  0.00000e+00
f009_timeout        =  0.00000e+00
f009_sampled        =  1.20216e+00
f009_input          =  1.20039e+00
f009_tcomplete      =  4.87550e-06
f010_d7             =  3.30000e+00
f010_d6             =  3.30000e+00
f010_d5             =  3.30000e+00
f010_d4             =  3.30000e+00
f010_d3             =  5.16140e-297
f010_d2             =  4.08882e-312
f010_d1             =  5.16140e-297
f010_d0             =  3.30000e+00
f010_complete       =  3.30000e+00
f010_invalid        =  0.00000e+00
f010_timeout        =  0.00000e+00
f010_sampled        =  1.50003e+00
f010_input          =  1.49857e+00
f010_tcomplete      =  5.37550e-06
f011_d7             =  3.30000e+00
f011_d6             =  3.30000e+00
f011_d5             =  5.09306e-297
f011_d4             =  3.30000e+00
f011_d3             =  4.08882e-312
f011_d2             =  3.30000e+00
f011_d1             =  4.08882e-312
f011_d0             =  3.30000e+00
f011_complete       =  3.30000e+00
f011_invalid        =  0.00000e+00
f011_timeout        =  0.00000e+00
f011_sampled        =  1.11635e+00
f011_input          =  1.11637e+00
f011_tcomplete      =  5.87550e-06
f012_d7             =  3.30000e+00
f012_d6             =  5.21555e-297
f012_d5             =  4.08882e-312
f012_d4             =  3.30000e+00
f012_d3             =  4.08882e-312
f012_d2             =  5.21555e-297
f012_d1             =  3.30000e+00
f012_d0             =  5.21555e-297
f012_complete       =  3.30000e+00
f012_invalid        =  0.00000e+00
f012_timeout        =  0.00000e+00
f012_sampled        =  2.26935e-01
f012_input          =  2.27343e-01
f012_tcomplete      =  6.37550e-06
f013_d7             =  5.06401e-297
f013_d6             =  3.30000e+00
f013_d5             =  4.08882e-312
f013_d4             =  5.06401e-297
f013_d3             =  4.08882e-312
f013_d2             =  3.30000e+00
f013_d1             =  3.30000e+00
f013_d0             =  3.30000e+00
f013_complete       =  3.30000e+00
f013_invalid        =  0.00000e+00
f013_timeout        =  0.00000e+00
f013_sampled        =  -7.65418e-01
f013_input          =  -7.64733e-01
f013_tcomplete      =  6.87550e-06
f014_d7             =  4.08882e-312
f014_d6             =  5.12265e-297
f014_d5             =  4.08882e-312
f014_d4             =  3.30000e+00
f014_d3             =  4.08882e-312
f014_d2             =  3.30000e+00
f014_d1             =  3.30000e+00
f014_d0             =  5.12265e-297
f014_complete       =  3.30000e+00
f014_invalid        =  0.00000e+00
f014_timeout        =  0.00000e+00
f014_sampled        =  -1.40976e+00
f014_input          =  -1.40970e+00
f014_tcomplete      =  7.37550e-06
f015_d7             =  4.08882e-312
f015_d6             =  4.08882e-312
f015_d5             =  4.08882e-312
f015_d4             =  3.30000e+00
f015_d3             =  4.08882e-312
f015_d2             =  3.30000e+00
f015_d1             =  3.30000e+00
f015_d0             =  4.08882e-312
f015_complete       =  3.30000e+00
f015_invalid        =  0.00000e+00
f015_timeout        =  0.00000e+00
f015_sampled        =  -1.41786e+00
f015_input          =  -1.41480e+00
f015_tcomplete      =  7.87550e-06
f016_d7             =  4.08882e-312
f016_d6             =  3.30000e+00
f016_d5             =  4.08882e-312
f016_d4             =  5.18323e-297
f016_d3             =  4.08882e-312
f016_d2             =  3.30000e+00
f016_d1             =  3.30000e+00
f016_d0             =  4.08882e-312
f016_complete       =  3.30000e+00
f016_invalid        =  0.00000e+00
f016_timeout        =  0.00000e+00
f016_sampled        =  -7.75205e-01
f016_input          =  -7.77385e-01
f016_tcomplete      =  8.37550e-06
f017_d7             =  3.30000e+00
f017_d6             =  5.29108e-297
f017_d5             =  4.08882e-312
f017_d4             =  3.30000e+00
f017_d3             =  4.08882e-312
f017_d2             =  5.29108e-297
f017_d1             =  5.29108e-297
f017_d0             =  4.08882e-312
f017_complete       =  3.30000e+00
f017_invalid        =  0.00000e+00
f017_timeout        =  0.00000e+00
f017_sampled        =  2.12656e-01
f017_input          =  2.12807e-01
f017_tcomplete      =  8.87551e-06
f018_d7             =  3.30000e+00
f018_d6             =  3.30000e+00
f018_d5             =  4.08882e-312
f018_d4             =  3.30000e+00
f018_d3             =  4.08882e-312
f018_d2             =  3.30000e+00
f018_d1             =  4.08882e-312
f018_d0             =  4.08882e-312
f018_complete       =  3.30000e+00
f018_invalid        =  0.00000e+00
f018_timeout        =  0.00000e+00
f018_sampled        =  1.10568e+00
f018_input          =  1.10637e+00
f018_tcomplete      =  9.37550e-06
f019_d7             =  3.30000e+00
f019_d6             =  3.30000e+00
f019_d5             =  3.30000e+00
f019_d4             =  3.30000e+00
f019_d3             =  4.08882e-312
f019_d2             =  5.16179e-297
f019_d1             =  4.08882e-312
f019_d0             =  3.30000e+00
f019_complete       =  3.30000e+00
f019_invalid        =  0.00000e+00
f019_timeout        =  0.00000e+00
f019_sampled        =  1.49752e+00
f019_input          =  1.49788e+00
f019_tcomplete      =  9.87550e-06
f020_d7             =  3.30000e+00
f020_d6             =  3.30000e+00
f020_d5             =  5.30970e-297
f020_d4             =  3.30000e+00
f020_d3             =  3.30000e+00
f020_d2             =  3.30000e+00
f020_d1             =  4.08882e-312
f020_d0             =  5.30970e-297
f020_complete       =  3.30000e+00
f020_invalid        =  0.00000e+00
f020_timeout        =  0.00000e+00
f020_sampled        =  1.20943e+00
f020_input          =  1.20928e+00
f020_tcomplete      =  1.03755e-05
f021_d7             =  3.30000e+00
f021_d6             =  4.73697e-297
f021_d5             =  4.08882e-312
f021_d4             =  3.30000e+00
f021_d3             =  3.30000e+00
f021_d2             =  3.30000e+00
f021_d1             =  4.08882e-312
f021_d0             =  4.08882e-312
f021_complete       =  3.30000e+00
f021_invalid        =  0.00000e+00
f021_timeout        =  0.00000e+00
f021_sampled        =  3.72482e-01
f021_input          =  3.71607e-01
f021_tcomplete      =  1.08755e-05
f022_d7             =  4.47905e-297
f022_d6             =  3.30000e+00
f022_d5             =  4.08882e-312
f022_d4             =  3.30000e+00
f022_d3             =  4.47905e-297
f022_d2             =  4.47905e-297
f022_d1             =  4.08882e-312
f022_d0             =  4.08882e-312
f022_complete       =  3.30000e+00
f022_invalid        =  0.00000e+00
f022_timeout        =  0.00000e+00
f022_sampled        =  -6.34662e-01
f022_input          =  -6.34629e-01
f022_tcomplete      =  1.13755e-05
f023_d7             =  4.08882e-312
f023_d6             =  4.50238e-297
f023_d5             =  4.08882e-312
f023_d4             =  3.30000e+00
f023_d3             =  3.30000e+00
f023_d2             =  4.08882e-312
f023_d1             =  3.30000e+00
f023_d0             =  3.30000e+00
f023_complete       =  3.30000e+00
f023_invalid        =  0.00000e+00
f023_timeout        =  0.00000e+00
f023_sampled        =  -1.35238e+00
f023_input          =  -1.35291e+00
f023_tcomplete      =  1.18755e-05
f024_d7             =  4.08882e-312
f024_d6             =  4.08882e-312
f024_d5             =  4.08882e-312
f024_d4             =  3.30000e+00
f024_d3             =  5.50705e-297
f024_d2             =  4.08882e-312
f024_d1             =  3.30000e+00
f024_d0             =  5.50705e-297
f024_complete       =  3.30000e+00
f024_invalid        =  0.00000e+00
f024_timeout        =  0.00000e+00
f024_sampled        =  -1.45505e+00
f024_input          =  -1.45680e+00
f024_tcomplete      =  1.23755e-05
f025_d7             =  4.08882e-312
f025_d6             =  4.08882e-312
f025_d5             =  3.30000e+00
f025_d4             =  3.30000e+00
f025_d3             =  3.30000e+00
f025_d2             =  3.30000e+00
f025_d1             =  4.85289e-297
f025_d0             =  3.30000e+00
f025_complete       =  3.30000e+00
f025_invalid        =  0.00000e+00
f025_timeout        =  0.00000e+00
f025_sampled        =  -8.99269e-01
f025_input          =  -8.99442e-01
f025_tcomplete      =  1.28755e-05
f026_d7             =  3.30000e+00
f026_d6             =  4.08882e-312
f026_d5             =  5.31170e-297
f026_d4             =  5.31170e-297
f026_d3             =  5.31170e-297
f026_d2             =  3.30000e+00
f026_d1             =  3.30000e+00
f026_d0             =  5.31170e-297
f026_complete       =  3.30000e+00
f026_invalid        =  0.00000e+00
f026_timeout        =  0.00000e+00
f026_sampled        =  6.70808e-02
f026_input          =  6.62332e-02
f026_tcomplete      =  1.33755e-05
f027_d7             =  3.30000e+00
f027_d6             =  3.30000e+00
f027_d5             =  4.08882e-312
f027_d4             =  4.08882e-312
f027_d3             =  3.30000e+00
f027_d2             =  3.30000e+00
f027_d1             =  5.16213e-297
f027_d0             =  4.08882e-312
f027_complete       =  3.30000e+00
f027_invalid        =  0.00000e+00
f027_timeout        =  0.00000e+00
f027_sampled        =  9.99946e-01
f027_input          =  1.00191e+00
f027_tcomplete      =  1.38755e-05
f028_d7             =  3.30000e+00
f028_d6             =  3.30000e+00
f028_d5             =  3.30000e+00
f028_d4             =  3.30000e+00
f028_d3             =  5.30984e-297
f028_d2             =  5.30984e-297
f028_d1             =  4.08882e-312
f028_d0             =  4.08882e-312
f028_complete       =  3.30000e+00
f028_invalid        =  0.00000e+00
f028_timeout        =  0.00000e+00
f028_sampled        =  1.48224e+00
f028_input          =  1.48251e+00
f028_tcomplete      =  1.43755e-05
f029_d7             =  3.30000e+00
f029_d6             =  3.30000e+00
f029_d5             =  3.30000e+00
f029_d4             =  5.11486e-297
f029_d3             =  4.08882e-312
f029_d2             =  4.08882e-312
f029_d1             =  3.30000e+00
f029_d0             =  4.08882e-312
f029_complete       =  3.30000e+00
f029_invalid        =  0.00000e+00
f029_timeout        =  0.00000e+00
f029_sampled        =  1.29075e+00
f029_input          =  1.29037e+00
f029_tcomplete      =  1.48755e-05
f030_d7             =  3.30000e+00
f030_d6             =  4.49474e-297
f030_d5             =  3.30000e+00
f030_d4             =  4.08882e-312
f030_d3             =  4.08882e-312
f030_d2             =  3.30000e+00
f030_d1             =  3.30000e+00
f030_d0             =  3.30000e+00
f030_complete       =  3.30000e+00
f030_invalid        =  0.00000e+00
f030_timeout        =  0.00000e+00
f030_sampled        =  5.12923e-01
f030_input          =  5.12268e-01
f030_tcomplete      =  1.53755e-05
f031_d7             =  4.55310e-297
f031_d6             =  3.30000e+00
f031_d5             =  4.55310e-297
f031_d4             =  3.30000e+00
f031_d3             =  3.30000e+00
f031_d2             =  4.55310e-297
f031_d1             =  3.30000e+00
f031_d0             =  3.30000e+00
f031_complete       =  3.30000e+00
f031_invalid        =  0.00000e+00
f031_timeout        =  0.00000e+00
f031_sampled        =  -4.99158e-01
f031_input          =  -4.98314e-01
f031_tcomplete      =  1.58755e-05
f032_d7             =  4.08882e-312
f032_d6             =  5.39960e-297
f032_d5             =  3.30000e+00
f032_d4             =  5.39960e-297
f032_d3             =  5.39960e-297
f032_d2             =  4.08882e-312
f032_d1             =  5.39960e-297
f032_d0             =  5.39960e-297
f032_complete       =  3.30000e+00
f032_invalid        =  0.00000e+00
f032_timeout        =  0.00000e+00
f032_sampled        =  -1.28408e+00
f032_input          =  -1.28267e+00
f032_tcomplete      =  1.63755e-05
f033_d7             =  4.08882e-312
f033_d6             =  4.08882e-312
f033_d5             =  5.32528e-297
f033_d4             =  3.30000e+00
f033_d3             =  4.08882e-312
f033_d2             =  4.08882e-312
f033_d1             =  4.08882e-312
f033_d0             =  4.08882e-312
f033_complete       =  3.30000e+00
f033_invalid        =  0.00000e+00
f033_timeout        =  0.00000e+00
f033_sampled        =  -1.48414e+00
f033_input          =  -1.48488e+00
f033_tcomplete      =  1.68755e-05
f034_d7             =  4.08882e-312
f034_d6             =  4.08882e-312
f034_d5             =  3.30000e+00
f034_d4             =  3.30000e+00
f034_d3             =  4.08882e-312
f034_d2             =  3.30000e+00
f034_d1             =  4.08882e-312
f034_d0             =  4.08882e-312
f034_complete       =  3.30000e+00
f034_invalid        =  0.00000e+00
f034_timeout        =  0.00000e+00
f034_sampled        =  -1.01131e+00
f034_input          =  -1.01271e+00
f034_tcomplete      =  1.73755e-05
f035_d7             =  4.08882e-312
f035_d6             =  3.30000e+00
f035_d5             =  3.30000e+00
f035_d4             =  3.30000e+00
f035_d3             =  3.30000e+00
f035_d2             =  5.27860e-297
f035_d1             =  3.30000e+00
f035_d0             =  4.08882e-312
f035_complete       =  3.30000e+00
f035_invalid        =  0.00000e+00
f035_timeout        =  0.00000e+00
f035_sampled        =  -8.21181e-02
f035_input          =  -8.09216e-02
f035_tcomplete      =  1.78755e-05
f036_d7             =  3.30000e+00
f036_d6             =  3.30000e+00
f036_d5             =  5.00917e-297
f036_d4             =  5.00917e-297
f036_d3             =  5.00917e-297
f036_d2             =  4.08882e-312
f036_d1             =  3.30000e+00
f036_d0             =  3.30000e+00
f036_complete       =  3.30000e+00
f036_invalid        =  0.00000e+00
f036_timeout        =  0.00000e+00
f036_sampled        =  8.87756e-01
f036_input          =  8.87567e-01
f036_tcomplete      =  1.83755e-05
f037_d7             =  3.30000e+00
f037_d6             =  3.30000e+00
f037_d5             =  3.30000e+00
f037_d4             =  4.08882e-312
f037_d3             =  3.30000e+00
f037_d2             =  3.30000e+00
f037_d1             =  3.30000e+00
f037_d0             =  5.18209e-297
f037_complete       =  3.30000e+00
f037_invalid        =  0.00000e+00
f037_timeout        =  0.00000e+00
f037_sampled        =  1.45430e+00
f037_input          =  1.45331e+00
f037_tcomplete      =  1.88755e-05
f038_d7             =  3.30000e+00
f038_d6             =  3.30000e+00
f038_d5             =  3.30000e+00
f038_d4             =  4.08882e-312
f038_d3             =  5.58086e-297
f038_d2             =  3.30000e+00
f038_d1             =  3.30000e+00
f038_d0             =  3.30000e+00
f038_complete       =  3.30000e+00
f038_invalid        =  0.00000e+00
f038_timeout        =  0.00000e+00
f038_sampled        =  1.36119e+00
f038_input          =  1.35920e+00
f038_tcomplete      =  1.93755e-05
f039_d7             =  3.30000e+00
f039_d6             =  5.29835e-297
f039_d5             =  3.30000e+00
f039_d4             =  3.30000e+00
f039_d3             =  4.08882e-312
f039_d2             =  5.29835e-297
f039_d1             =  5.29835e-297
f039_d0             =  3.30000e+00
f039_complete       =  3.30000e+00
f039_invalid        =  0.00000e+00
f039_timeout        =  0.00000e+00
f039_sampled        =  6.46000e-01
f039_input          =  6.47965e-01
f039_tcomplete      =  1.98755e-05
f040_d7             =  5.25797e-297
f040_d6             =  3.30000e+00
f040_d5             =  3.30000e+00
f040_d4             =  5.25797e-297
f040_d3             =  4.08882e-312
f040_d2             =  3.30000e+00
f040_d1             =  4.08882e-312
f040_d0             =  3.30000e+00
f040_complete       =  3.30000e+00
f040_invalid        =  0.00000e+00
f040_timeout        =  0.00000e+00
f040_sampled        =  -3.58456e-01
f040_input          =  -3.57303e-01
f040_tcomplete      =  2.03755e-05
f041_d7             =  4.08882e-312
f041_d6             =  5.18093e-297
f041_d5             =  3.30000e+00
f041_d4             =  4.08882e-312
f041_d3             =  4.08882e-312
f041_d2             =  3.30000e+00
f041_d1             =  3.30000e+00
f041_d0             =  5.18093e-297
f041_complete       =  3.30000e+00
f041_invalid        =  0.00000e+00
f041_timeout        =  0.00000e+00
f041_sampled        =  -1.19916e+00
f041_input          =  -1.20045e+00
f041_tcomplete      =  2.08755e-05
f042_d7             =  4.08882e-312
f042_d6             =  4.08882e-312
f042_d5             =  5.34763e-297
f042_d4             =  4.08882e-312
f042_d3             =  3.30000e+00
f042_d2             =  3.30000e+00
f042_d1             =  3.30000e+00
f042_d0             =  3.30000e+00
f042_complete       =  3.30000e+00
f042_invalid        =  0.00000e+00
f042_timeout        =  0.00000e+00
f042_sampled        =  -1.49692e+00
f042_input          =  -1.49854e+00
f042_tcomplete      =  2.13755e-05
f043_d7             =  4.08882e-312
f043_d6             =  4.08882e-312
f043_d5             =  3.30000e+00
f043_d4             =  4.08882e-312
f043_d3             =  3.30000e+00
f043_d2             =  3.30000e+00
f043_d1             =  5.13269e-297
f043_d0             =  5.13269e-297
f043_complete       =  3.30000e+00
f043_invalid        =  0.00000e+00
f043_timeout        =  0.00000e+00
f043_sampled        =  -1.11342e+00
f043_input          =  -1.11638e+00
f043_tcomplete      =  2.18755e-05
f044_d7             =  4.08882e-312
f044_d6             =  3.30000e+00
f044_d5             =  3.30000e+00
f044_d4             =  4.08882e-312
f044_d3             =  3.30000e+00
f044_d2             =  3.30000e+00
f044_d1             =  3.30000e+00
f044_d0             =  3.30000e+00
f044_complete       =  3.30000e+00
f044_invalid        =  0.00000e+00
f044_timeout        =  0.00000e+00
f044_sampled        =  -2.27563e-01
f044_input          =  -2.27382e-01
f044_tcomplete      =  2.23755e-05
f045_d7             =  3.30000e+00
f045_d6             =  5.11428e-297
f045_d5             =  3.30000e+00
f045_d4             =  3.30000e+00
f045_d3             =  3.30000e+00
f045_d2             =  5.11428e-297
f045_d1             =  3.30000e+00
f045_d0             =  5.11428e-297
f045_complete       =  3.30000e+00
f045_invalid        =  0.00000e+00
f045_timeout        =  0.00000e+00
f045_sampled        =  7.65122e-01
f045_input          =  7.64818e-01
f045_tcomplete      =  2.28755e-05
f046_d7             =  3.30000e+00
f046_d6             =  3.30000e+00
f046_d5             =  3.30000e+00
f046_d4             =  5.06263e-297
f046_d3             =  3.30000e+00
f046_d2             =  4.08882e-312
f046_d1             =  3.30000e+00
f046_d0             =  3.30000e+00
f046_complete       =  3.30000e+00
f046_invalid        =  0.00000e+00
f046_timeout        =  0.00000e+00
f046_sampled        =  1.40867e+00
f046_input          =  1.40979e+00
f046_tcomplete      =  2.33755e-05
f047_d7             =  3.30000e+00
f047_d6             =  3.30000e+00
f047_d5             =  3.30000e+00
f047_d4             =  4.08882e-312
f047_d3             =  3.30000e+00
f047_d2             =  4.08882e-312
f047_d1             =  3.30000e+00
f047_d0             =  3.30000e+00
f047_complete       =  3.30000e+00
f047_invalid        =  0.00000e+00
f047_timeout        =  0.00000e+00
f047_sampled        =  1.41702e+00
f047_input          =  1.41477e+00
f047_tcomplete      =  2.38755e-05
f048_d7             =  3.30000e+00
f048_d6             =  5.21393e-297
f048_d5             =  3.30000e+00
f048_d4             =  3.30000e+00
f048_d3             =  3.30000e+00
f048_d2             =  4.08882e-312
f048_d1             =  3.30000e+00
f048_d0             =  3.30000e+00
f048_complete       =  3.30000e+00
f048_invalid        =  0.00000e+00
f048_timeout        =  0.00000e+00
f048_sampled        =  7.76701e-01
f048_input          =  7.77416e-01
f048_tcomplete      =  2.43755e-05
f049_d7             =  5.27582e-297
f049_d6             =  3.30000e+00
f049_d5             =  3.30000e+00
f049_d4             =  3.30000e+00
f049_d3             =  5.27582e-297
f049_d2             =  4.08882e-312
f049_d1             =  5.27582e-297
f049_d0             =  5.27582e-297
f049_complete       =  3.30000e+00
f049_invalid        =  0.00000e+00
f049_timeout        =  0.00000e+00
f049_sampled        =  -2.12410e-01
f049_input          =  -2.12867e-01
f049_tcomplete      =  2.48755e-05
f050_d7             =  4.08882e-312
f050_d6             =  5.09526e-297
f050_d5             =  3.30000e+00
f050_d4             =  5.09526e-297
f050_d3             =  3.30000e+00
f050_d2             =  3.30000e+00
f050_d1             =  4.08882e-312
f050_d0             =  3.30000e+00
f050_complete       =  3.30000e+00
f050_invalid        =  0.00000e+00
f050_timeout        =  0.00000e+00
f050_sampled        =  -1.10628e+00
f050_input          =  -1.10640e+00
f050_tcomplete      =  2.53755e-05
f051_d7             =  4.08882e-312
f051_d6             =  4.08882e-312
f051_d5             =  5.16148e-297
f051_d4             =  4.08882e-312
f051_d3             =  3.30000e+00
f051_d2             =  3.30000e+00
f051_d1             =  3.30000e+00
f051_d0             =  3.30000e+00
f051_complete       =  3.30000e+00
f051_invalid        =  0.00000e+00
f051_timeout        =  0.00000e+00
f051_sampled        =  -1.49798e+00
f051_input          =  -1.49776e+00
f051_tcomplete      =  2.58755e-05
f052_d7             =  4.08882e-312
f052_d6             =  4.08882e-312
f052_d5             =  3.30000e+00
f052_d4             =  4.08882e-312
f052_d3             =  5.27076e-297
f052_d2             =  3.30000e+00
f052_d1             =  5.27076e-297
f052_d0             =  3.30000e+00
f052_complete       =  3.30000e+00
f052_invalid        =  0.00000e+00
f052_timeout        =  0.00000e+00
f052_sampled        =  -1.21034e+00
f052_input          =  -1.20927e+00
f052_tcomplete      =  2.63755e-05
f053_d7             =  4.08882e-312
f053_d6             =  3.30000e+00
f053_d5             =  3.30000e+00
f053_d4             =  4.08882e-312
f053_d3             =  4.08882e-312
f053_d2             =  3.30000e+00
f053_d1             =  4.08882e-312
f053_d0             =  4.56594e-297
f053_complete       =  3.30000e+00
f053_invalid        =  0.00000e+00
f053_timeout        =  0.00000e+00
f053_sampled        =  -3.72972e-01
f053_input          =  -3.71626e-01
f053_tcomplete      =  2.68755e-05
f054_d7             =  3.30000e+00
f054_d6             =  4.47271e-297
f054_d5             =  3.30000e+00
f054_d4             =  3.30000e+00
f054_d3             =  4.08882e-312
f054_d2             =  4.47271e-297
f054_d1             =  4.08882e-312
f054_d0             =  4.08882e-312
f054_complete       =  3.30000e+00
f054_invalid        =  0.00000e+00
f054_timeout        =  0.00000e+00
f054_sampled        =  6.33032e-01
f054_input          =  6.34668e-01
f054_tcomplete      =  2.73755e-05
f055_d7             =  3.30000e+00
f055_d6             =  3.30000e+00
f055_d5             =  3.30000e+00
f055_d4             =  4.50746e-297
f055_d3             =  4.08882e-312
f055_d2             =  3.30000e+00
f055_d1             =  3.30000e+00
f055_d0             =  4.08882e-312
f055_complete       =  3.30000e+00
f055_invalid        =  0.00000e+00
f055_timeout        =  0.00000e+00
f055_sampled        =  1.35333e+00
f055_input          =  1.35289e+00
f055_tcomplete      =  2.78755e-05
f056_d7             =  3.30000e+00
f056_d6             =  3.30000e+00
f056_d5             =  3.30000e+00
f056_d4             =  4.08882e-312
f056_d3             =  3.30000e+00
f056_d2             =  3.30000e+00
f056_d1             =  3.30000e+00
f056_d0             =  4.08882e-312
f056_complete       =  3.30000e+00
f056_invalid        =  0.00000e+00
f056_timeout        =  0.00000e+00
f056_sampled        =  1.45848e+00
f056_input          =  1.45678e+00
f056_tcomplete      =  2.83755e-05
f057_d7             =  3.30000e+00
f057_d6             =  3.30000e+00
f057_d5             =  5.06585e-297
f057_d4             =  4.08882e-312
f057_d3             =  5.06585e-297
f057_d2             =  3.30000e+00
f057_d1             =  5.06585e-297
f057_d0             =  4.08882e-312
f057_complete       =  3.30000e+00
f057_invalid        =  0.00000e+00
f057_timeout        =  0.00000e+00
f057_sampled        =  9.00419e-01
f057_input          =  8.99355e-01
f057_tcomplete      =  2.88755e-05
f058_d7             =  5.25720e-297
f058_d6             =  3.30000e+00
f058_d5             =  3.30000e+00
f058_d4             =  3.30000e+00
f058_d3             =  3.30000e+00
f058_d2             =  5.25720e-297
f058_d1             =  3.30000e+00
f058_d0             =  3.30000e+00
f058_complete       =  3.30000e+00
f058_invalid        =  0.00000e+00
f058_timeout        =  0.00000e+00
f058_sampled        =  -6.75436e-02
f058_input          =  -6.63121e-02
f058_tcomplete      =  2.93755e-05
f059_d7             =  4.08882e-312
f059_d6             =  5.12544e-297
f059_d5             =  3.30000e+00
f059_d4             =  3.30000e+00
f059_d3             =  5.12544e-297
f059_d2             =  3.30000e+00
f059_d1             =  5.12544e-297
f059_d0             =  3.30000e+00
f059_complete       =  3.30000e+00
f059_invalid        =  0.00000e+00
f059_timeout        =  0.00000e+00
f059_sampled        =  -1.00065e+00
f059_input          =  -1.00182e+00
f059_tcomplete      =  2.98755e-05
f060_d7             =  4.08882e-312
f060_d6             =  4.08882e-312
f060_d5             =  5.47838e-297
f060_d4             =  3.30000e+00
f060_d3             =  4.08882e-312
f060_d2             =  5.47838e-297
f060_d1             =  4.08882e-312
f060_d0             =  3.30000e+00
f060_complete       =  3.30000e+00
f060_invalid        =  0.00000e+00
f060_timeout        =  0.00000e+00
f060_sampled        =  -1.48199e+00
f060_input          =  -1.48271e+00
f060_tcomplete      =  3.03755e-05
f061_d7             =  4.08882e-312
f061_d6             =  4.08882e-312
f061_d5             =  4.08882e-312
f061_d4             =  3.30000e+00
f061_d3             =  3.30000e+00
f061_d2             =  3.30000e+00
f061_d1             =  3.30000e+00
f061_d0             =  3.30000e+00
f061_complete       =  3.30000e+00
f061_invalid        =  0.00000e+00
f061_timeout        =  0.00000e+00
f061_sampled        =  -1.29086e+00
f061_input          =  -1.29029e+00
f061_tcomplete      =  3.08755e-05
f062_d7             =  4.08882e-312
f062_d6             =  3.30000e+00
f062_d5             =  4.08882e-312
f062_d4             =  3.30000e+00
f062_d3             =  3.30000e+00
f062_d2             =  4.49222e-297
f062_d1             =  3.30000e+00
f062_d0             =  4.49222e-297
f062_complete       =  3.30000e+00
f062_invalid        =  0.00000e+00
f062_timeout        =  0.00000e+00
f062_sampled        =  -5.11252e-01
f062_input          =  -5.12261e-01
f062_tcomplete      =  3.13755e-05
f063_d7             =  3.30000e+00
f063_d6             =  4.54277e-297
f063_d5             =  3.30000e+00
f063_d4             =  4.54277e-297
f063_d3             =  4.54277e-297
f063_d2             =  3.30000e+00
f063_d1             =  3.30000e+00
f063_d0             =  4.08882e-312
f063_complete       =  3.30000e+00
f063_invalid        =  0.00000e+00
f063_timeout        =  0.00000e+00
f063_sampled        =  4.96020e-01
f063_input          =  4.98438e-01
f063_tcomplete      =  3.18755e-05
f064_d7             =  3.30000e+00
f064_d6             =  3.30000e+00
f064_d5             =  3.30000e+00
f064_d4             =  4.08882e-312
f064_d3             =  4.08882e-312
f064_d2             =  5.08793e-297
f064_d1             =  5.08793e-297
f064_d0             =  3.30000e+00
f064_complete       =  3.30000e+00
f064_invalid        =  0.00000e+00
f064_timeout        =  0.00000e+00
f064_sampled        =  1.27903e+00
f064_input          =  1.28272e+00
f064_tcomplete      =  3.23755e-05
f065_d7             =  3.30000e+00
f065_d6             =  3.30000e+00
f065_d5             =  3.30000e+00
f065_d4             =  3.30000e+00
f065_d3             =  4.08882e-312
f065_d2             =  4.08882e-312
f065_d1             =  4.08882e-312
f065_d0             =  5.28504e-297
f065_complete       =  3.30000e+00
f065_invalid        =  0.00000e+00
f065_timeout        =  0.00000e+00
f065_sampled        =  1.48482e+00
f065_input          =  1.48472e+00
f065_tcomplete      =  3.28755e-05
f066_d7             =  3.30000e+00
f066_d6             =  3.30000e+00
f066_d5             =  5.12536e-297
f066_d4             =  5.12536e-297
f066_d3             =  3.30000e+00
f066_d2             =  3.30000e+00
f066_d1             =  4.08882e-312
f066_d0             =  3.30000e+00
f066_complete       =  3.30000e+00
f066_invalid        =  0.00000e+00
f066_timeout        =  0.00000e+00
f066_sampled        =  1.01265e+00
f066_input          =  1.01283e+00
f066_tcomplete      =  3.33755e-05
f067_d7             =  3.30000e+00
f067_d6             =  5.24378e-297
f067_d5             =  4.08882e-312
f067_d4             =  4.08882e-312
f067_d3             =  5.24378e-297
f067_d2             =  3.30000e+00
f067_d1             =  3.30000e+00
f067_d0             =  3.30000e+00
f067_complete       =  3.30000e+00
f067_invalid        =  0.00000e+00
f067_timeout        =  0.00000e+00
f067_sampled        =  8.01416e-02
f067_input          =  8.10822e-02
f067_tcomplete      =  3.38755e-05
p_f000_cmp7_p0      =  -2.93882e-06
p_f000_cmp7_n0      =  -3.06863e-06
p_f000_cmp7_p5      =  3.30000e+00
p_f000_cmp7_n5      =  -1.80301e-06
p_f000_cmp6_p0      =  -8.36680e-06
p_f000_cmp6_n0      =  -8.31476e-06
p_f000_cmp6_p5      =  3.30000e+00
p_f000_cmp6_n5      =  -2.05606e-06
p_f000_cmp5_p0      =  -3.02416e-06
p_f000_cmp5_n0      =  -3.15600e-06
p_f000_cmp5_p5      =  3.30000e+00
p_f000_cmp5_n5      =  -1.70634e-06
p_f000_cmp4_p0      =  -3.02234e-06
p_f000_cmp4_n0      =  -3.15250e-06
p_f000_cmp4_p5      =  -1.67441e-06
p_f000_cmp4_n5      =  3.30000e+00
p_f000_cmp3_p0      =  -8.30820e-06
p_f000_cmp3_n0      =  -8.27529e-06
p_f000_cmp3_p5      =  -1.97959e-06
p_f000_cmp3_n5      =  3.30000e+00
p_f000_cmp2_p0      =  -8.30838e-06
p_f000_cmp2_n0      =  -8.27390e-06
p_f000_cmp2_p5      =  -1.97520e-06
p_f000_cmp2_n5      =  3.30000e+00
p_f000_cmp1_p0      =  -3.01229e-06
p_f000_cmp1_n0      =  -3.14277e-06
p_f000_cmp1_p5      =  -1.66022e-06
p_f000_cmp1_n5      =  3.30000e+00
p_f000_cmp0_p0      =  -8.35174e-06
p_f000_cmp0_n0      =  -8.30826e-06
p_f000_cmp0_p5      =  3.30000e+00
p_f000_cmp0_n5      =  -2.01447e-06
p_f000_dctrl7_p     =  3.30001e+00
p_f000_dctrl7_n     =  3.47597e-01
p_f000_dctrl6_p     =  3.26648e+00
p_f000_dctrl6_n     =  3.30479e-06
p_f000_dctrl5_p     =  3.29964e+00
p_f000_dctrl5_n     =  -1.63515e-06
p_f000_dctrl4_p     =  -1.19815e-07
p_f000_dctrl4_n     =  3.29999e+00
p_f000_dctrl3_p     =  -2.67832e-08
p_f000_dctrl3_n     =  3.30000e+00
p_f000_dctrl2_p     =  -1.32799e-08
p_f000_dctrl2_n     =  3.30000e+00
p_f000_dctrl1_p     =  -6.46152e-09
p_f000_dctrl1_n     =  3.30000e+00
p_f000_do7_drv_470  =  3.30000e+00
p_f000_do7_rx_470   =  3.30000e+00
p_f000_do6_drv_470  =  3.30000e+00
p_f000_do6_rx_470   =  3.30000e+00
p_f000_do5_drv_470  =  3.30000e+00
p_f000_do5_rx_470   =  3.30000e+00
p_f000_do4_drv_470  =  0.00000e+00
p_f000_do4_rx_470   =  0.00000e+00
p_f000_do3_drv_470  =  0.00000e+00
p_f000_do3_rx_470   =  0.00000e+00
p_f000_do2_drv_470  =  0.00000e+00
p_f000_do2_rx_470   =  0.00000e+00
p_f000_do1_drv_470  =  0.00000e+00
p_f000_do1_rx_470   =  0.00000e+00
p_f000_do0_drv_470  =  3.30000e+00
p_f000_do0_rx_470   =  3.30000e+00
p_f000_do7_drv_480  =  3.30000e+00
p_f000_do7_rx_480   =  3.30000e+00
p_f000_do6_drv_480  =  3.30000e+00
p_f000_do6_rx_480   =  3.30000e+00
p_f000_do5_drv_480  =  3.30000e+00
p_f000_do5_rx_480   =  3.30000e+00
p_f000_do4_drv_480  =  0.00000e+00
p_f000_do4_rx_480   =  0.00000e+00
p_f000_do3_drv_480  =  0.00000e+00
p_f000_do3_rx_480   =  0.00000e+00
p_f000_do2_drv_480  =  0.00000e+00
p_f000_do2_rx_480   =  0.00000e+00
p_f000_do1_drv_480  =  0.00000e+00
p_f000_do1_rx_480   =  0.00000e+00
p_f000_do0_drv_480  =  3.30000e+00
p_f000_do0_rx_480   =  3.30000e+00
p_f001_cmp7_p0      =  -3.16398e-06
p_f001_cmp7_n0      =  -3.30205e-06
p_f001_cmp7_p5      =  3.30000e+00
p_f001_cmp7_n5      =  -1.84404e-06
p_f001_cmp6_p0      =  -8.66423e-06
p_f001_cmp6_n0      =  -8.56747e-06
p_f001_cmp6_p5      =  3.30000e+00
p_f001_cmp6_n5      =  -2.08850e-06
p_f001_cmp5_p0      =  -3.24455e-06
p_f001_cmp5_n0      =  -3.38472e-06
p_f001_cmp5_p5      =  3.30000e+00
p_f001_cmp5_n5      =  -1.73662e-06
p_f001_cmp4_p0      =  -3.23307e-06
p_f001_cmp4_n0      =  -3.37210e-06
p_f001_cmp4_p5      =  3.30000e+00
p_f001_cmp4_n5      =  -1.72258e-06
p_f001_cmp3_p0      =  -8.60416e-06
p_f001_cmp3_n0      =  -8.52944e-06
p_f001_cmp3_p5      =  -2.00732e-06
p_f001_cmp3_n5      =  3.30000e+00
p_f001_cmp2_p0      =  -8.60464e-06
p_f001_cmp2_n0      =  -8.52807e-06
p_f001_cmp2_p5      =  -2.00321e-06
p_f001_cmp2_n5      =  3.30000e+00
p_f001_cmp1_p0      =  -3.22908e-06
p_f001_cmp1_n0      =  -3.36741e-06
p_f001_cmp1_p5      =  -1.68461e-06
p_f001_cmp1_n5      =  3.30000e+00
p_f001_cmp0_p0      =  -8.64827e-06
p_f001_cmp0_n0      =  -8.56251e-06
p_f001_cmp0_p5      =  -1.99443e-06
p_f001_cmp0_n5      =  3.30000e+00
p_f001_dctrl7_p     =  3.30001e+00
p_f001_dctrl7_n     =  3.47985e-01
p_f001_dctrl6_p     =  3.26641e+00
p_f001_dctrl6_n     =  3.68879e-06
p_f001_dctrl5_p     =  3.29964e+00
p_f001_dctrl5_n     =  -1.45260e-06
p_f001_dctrl4_p     =  3.29999e+00
p_f001_dctrl4_n     =  -1.38063e-07
p_f001_dctrl3_p     =  -2.67951e-08
p_f001_dctrl3_n     =  3.30000e+00
p_f001_dctrl2_p     =  -1.31958e-08
p_f001_dctrl2_n     =  3.30000e+00
p_f001_dctrl1_p     =  -6.42157e-09
p_f001_dctrl1_n     =  3.30000e+00
p_f001_do7_drv_470  =  3.30000e+00
p_f001_do7_rx_470   =  3.30000e+00
p_f001_do6_drv_470  =  3.30000e+00
p_f001_do6_rx_470   =  3.30000e+00
p_f001_do5_drv_470  =  3.30000e+00
p_f001_do5_rx_470   =  3.30000e+00
p_f001_do4_drv_470  =  3.30000e+00
p_f001_do4_rx_470   =  3.30000e+00
p_f001_do3_drv_470  =  0.00000e+00
p_f001_do3_rx_470   =  0.00000e+00
p_f001_do2_drv_470  =  0.00000e+00
p_f001_do2_rx_470   =  0.00000e+00
p_f001_do1_drv_470  =  0.00000e+00
p_f001_do1_rx_470   =  0.00000e+00
p_f001_do0_drv_470  =  0.00000e+00
p_f001_do0_rx_470   =  1.50390e-268
p_f001_do7_drv_480  =  3.30000e+00
p_f001_do7_rx_480   =  3.30000e+00
p_f001_do6_drv_480  =  3.30000e+00
p_f001_do6_rx_480   =  3.30000e+00
p_f001_do5_drv_480  =  3.30000e+00
p_f001_do5_rx_480   =  3.30000e+00
p_f001_do4_drv_480  =  3.30000e+00
p_f001_do4_rx_480   =  3.30000e+00
p_f001_do3_drv_480  =  0.00000e+00
p_f001_do3_rx_480   =  0.00000e+00
p_f001_do2_drv_480  =  0.00000e+00
p_f001_do2_rx_480   =  0.00000e+00
p_f001_do1_drv_480  =  0.00000e+00
p_f001_do1_rx_480   =  0.00000e+00
p_f001_do0_drv_480  =  0.00000e+00
p_f001_do0_rx_480   =  5.28003e-297
p_f002_cmp7_p0      =  -2.99786e-06
p_f002_cmp7_n0      =  -3.13013e-06
p_f002_cmp7_p5      =  3.30000e+00
p_f002_cmp7_n5      =  -1.80317e-06
p_f002_cmp6_p0      =  -8.44532e-06
p_f002_cmp6_n0      =  -8.38262e-06
p_f002_cmp6_p5      =  3.30000e+00
p_f002_cmp6_n5      =  -2.06148e-06
p_f002_cmp5_p0      =  -2.85997e-06
p_f002_cmp5_n0      =  -2.99530e-06
p_f002_cmp5_p5      =  -1.67867e-06
p_f002_cmp5_n5      =  3.30000e+00
p_f002_cmp4_p0      =  -3.07978e-06
p_f002_cmp4_n0      =  -3.21210e-06
p_f002_cmp4_p5      =  -1.67360e-06
p_f002_cmp4_n5      =  3.30000e+00
p_f002_cmp3_p0      =  -8.39665e-06
p_f002_cmp3_n0      =  -8.34319e-06
p_f002_cmp3_p5      =  3.30000e+00
p_f002_cmp3_n5      =  -2.02793e-06
p_f002_cmp2_p0      =  -8.39488e-06
p_f002_cmp2_n0      =  -8.34406e-06
p_f002_cmp2_p5      =  3.30000e+00
p_f002_cmp2_n5      =  -2.02148e-06
p_f002_cmp1_p0      =  -3.07425e-06
p_f002_cmp1_n0      =  -3.20695e-06
p_f002_cmp1_p5      =  -1.66770e-06
p_f002_cmp1_n5      =  3.30000e+00
p_f002_cmp0_p0      =  -8.43650e-06
p_f002_cmp0_n0      =  -8.38088e-06
p_f002_cmp0_p5      =  3.30000e+00
p_f002_cmp0_n5      =  -2.02036e-06
p_f002_dctrl7_p     =  3.30001e+00
p_f002_dctrl7_n     =  3.47707e-01
p_f002_dctrl6_p     =  3.26646e+00
p_f002_dctrl6_n     =  2.65363e-06
p_f002_dctrl5_p     =  -1.01971e-06
p_f002_dctrl5_n     =  3.29964e+00
p_f002_dctrl4_p     =  -1.35074e-07
p_f002_dctrl4_n     =  3.29999e+00
p_f002_dctrl3_p     =  3.30000e+00
p_f002_dctrl3_n     =  -2.60535e-08
p_f002_dctrl2_p     =  3.30000e+00
p_f002_dctrl2_n     =  -1.32567e-08
p_f002_dctrl1_p     =  -6.43708e-09
p_f002_dctrl1_n     =  3.30000e+00
p_f002_do7_drv_470  =  3.30000e+00
p_f002_do7_rx_470   =  3.30000e+00
p_f002_do6_drv_470  =  3.30000e+00
p_f002_do6_rx_470   =  3.30000e+00
p_f002_do5_drv_470  =  0.00000e+00
p_f002_do5_rx_470   =  1.45985e-268
p_f002_do4_drv_470  =  0.00000e+00
p_f002_do4_rx_470   =  1.45985e-268
p_f002_do3_drv_470  =  3.30000e+00
p_f002_do3_rx_470   =  3.30000e+00
p_f002_do2_drv_470  =  3.30000e+00
p_f002_do2_rx_470   =  3.30000e+00
p_f002_do1_drv_470  =  0.00000e+00
p_f002_do1_rx_470   =  0.00000e+00
p_f002_do0_drv_470  =  3.30000e+00
p_f002_do0_rx_470   =  3.30000e+00
p_f002_do7_drv_480  =  3.30000e+00
p_f002_do7_rx_480   =  3.30000e+00
p_f002_do6_drv_480  =  3.30000e+00
p_f002_do6_rx_480   =  3.30000e+00
p_f002_do5_drv_480  =  0.00000e+00
p_f002_do5_rx_480   =  5.12535e-297
p_f002_do4_drv_480  =  0.00000e+00
p_f002_do4_rx_480   =  5.12535e-297
p_f002_do3_drv_480  =  3.30000e+00
p_f002_do3_rx_480   =  3.30000e+00
p_f002_do2_drv_480  =  3.30000e+00
p_f002_do2_rx_480   =  3.30000e+00
p_f002_do1_drv_480  =  0.00000e+00
p_f002_do1_rx_480   =  0.00000e+00
p_f002_do0_drv_480  =  3.30000e+00
p_f002_do0_rx_480   =  3.30000e+00
p_f003_cmp7_p0      =  -3.09747e-06
p_f003_cmp7_n0      =  -3.23360e-06
p_f003_cmp7_p5      =  3.30000e+00
p_f003_cmp7_n5      =  -1.80705e-06
p_f003_cmp6_p0      =  -8.61310e-06
p_f003_cmp6_n0      =  -8.54338e-06
p_f003_cmp6_p5      =  -2.04870e-06
p_f003_cmp6_n5      =  3.30000e+00
p_f003_cmp5_p0      =  -3.40185e-06
p_f003_cmp5_n0      =  -3.53448e-06
p_f003_cmp5_p5      =  -1.70509e-06
p_f003_cmp5_n5      =  3.30000e+00
p_f003_cmp4_p0      =  -3.20542e-06
p_f003_cmp4_n0      =  -3.34202e-06
p_f003_cmp4_p5      =  -1.69208e-06
p_f003_cmp4_n5      =  3.30000e+00
p_f003_cmp3_p0      =  -8.56277e-06
p_f003_cmp3_n0      =  -8.49009e-06
p_f003_cmp3_p5      =  -1.99452e-06
p_f003_cmp3_n5      =  3.30000e+00
p_f003_cmp2_p0      =  -8.56500e-06
p_f003_cmp2_n0      =  -8.48878e-06
p_f003_cmp2_p5      =  3.30000e+00
p_f003_cmp2_n5      =  -2.04083e-06
p_f003_cmp1_p0      =  -3.49486e-06
p_f003_cmp1_n0      =  -3.63060e-06
p_f003_cmp1_p5      =  3.30000e+00
p_f003_cmp1_n5      =  -1.71644e-06
p_f003_cmp0_p0      =  -8.07621e-06
p_f003_cmp0_n0      =  -7.97649e-06
p_f003_cmp0_p5      =  -1.99375e-06
p_f003_cmp0_n5      =  3.30000e+00
p_f003_dctrl7_p     =  3.30001e+00
p_f003_dctrl7_n     =  3.47922e-01
p_f003_dctrl6_p     =  3.10526e-05
p_f003_dctrl6_n     =  3.26638e+00
p_f003_dctrl5_p     =  -1.11324e-06
p_f003_dctrl5_n     =  3.29964e+00
p_f003_dctrl4_p     =  -1.24073e-07
p_f003_dctrl4_n     =  3.29999e+00
p_f003_dctrl3_p     =  -2.90253e-08
p_f003_dctrl3_n     =  3.30000e+00
p_f003_dctrl2_p     =  3.30000e+00
p_f003_dctrl2_n     =  -1.29879e-08
p_f003_dctrl1_p     =  3.30000e+00
p_f003_dctrl1_n     =  -6.43427e-09
p_f003_do7_drv_470  =  3.30000e+00
p_f003_do7_rx_470   =  3.30000e+00
p_f003_do6_drv_470  =  0.00000e+00
p_f003_do6_rx_470   =  1.50343e-268
p_f003_do5_drv_470  =  0.00000e+00
p_f003_do5_rx_470   =  4.08882e-312
p_f003_do4_drv_470  =  0.00000e+00
p_f003_do4_rx_470   =  4.08882e-312
p_f003_do3_drv_470  =  0.00000e+00
p_f003_do3_rx_470   =  1.50343e-268
p_f003_do2_drv_470  =  3.30000e+00
p_f003_do2_rx_470   =  3.30000e+00
p_f003_do1_drv_470  =  3.30000e+00
p_f003_do1_rx_470   =  3.30000e+00
p_f003_do0_drv_470  =  0.00000e+00
p_f003_do0_rx_470   =  1.50343e-268
p_f003_do7_drv_480  =  3.30000e+00
p_f003_do7_rx_480   =  3.30000e+00
p_f003_do6_drv_480  =  0.00000e+00
p_f003_do6_rx_480   =  5.27835e-297
p_f003_do5_drv_480  =  0.00000e+00
p_f003_do5_rx_480   =  4.08882e-312
p_f003_do4_drv_480  =  0.00000e+00
p_f003_do4_rx_480   =  4.08882e-312
p_f003_do3_drv_480  =  0.00000e+00
p_f003_do3_rx_480   =  5.27835e-297
p_f003_do2_drv_480  =  3.30000e+00
p_f003_do2_rx_480   =  3.30000e+00
p_f003_do1_drv_480  =  3.30000e+00
p_f003_do1_rx_480   =  3.30000e+00
p_f003_do0_drv_480  =  0.00000e+00
p_f003_do0_rx_480   =  5.27835e-297
p_f064_cmp7_p0      =  -3.06261e-06
p_f064_cmp7_n0      =  -3.19692e-06
p_f064_cmp7_p5      =  3.30000e+00
p_f064_cmp7_n5      =  -1.81580e-06
p_f064_cmp6_p0      =  -8.53546e-06
p_f064_cmp6_n0      =  -8.45808e-06
p_f064_cmp6_p5      =  3.30000e+00
p_f064_cmp6_n5      =  -2.07201e-06
p_f064_cmp5_p0      =  -2.93201e-06
p_f064_cmp5_n0      =  -3.06050e-06
p_f064_cmp5_p5      =  3.30000e+00
p_f064_cmp5_n5      =  -1.69734e-06
p_f064_cmp4_p0      =  -3.14542e-06
p_f064_cmp4_n0      =  -3.28007e-06
p_f064_cmp4_p5      =  -1.68696e-06
p_f064_cmp4_n5      =  3.30000e+00
p_f064_cmp3_p0      =  -8.13906e-06
p_f064_cmp3_n0      =  -8.13019e-06
p_f064_cmp3_p5      =  -1.96404e-06
p_f064_cmp3_n5      =  3.30000e+00
p_f064_cmp2_p0      =  -8.47771e-06
p_f064_cmp2_n0      =  -8.41900e-06
p_f064_cmp2_p5      =  -1.98905e-06
p_f064_cmp2_n5      =  3.30000e+00
p_f064_cmp1_p0      =  -2.98132e-06
p_f064_cmp1_n0      =  -3.11069e-06
p_f064_cmp1_p5      =  -1.65446e-06
p_f064_cmp1_n5      =  3.30000e+00
p_f064_cmp0_p0      =  -8.13980e-06
p_f064_cmp0_n0      =  -8.12684e-06
p_f064_cmp0_p5      =  3.30000e+00
p_f064_cmp0_n5      =  -1.99616e-06
p_f064_dctrl7_p     =  3.30001e+00
p_f064_dctrl7_n     =  3.47597e-01
p_f064_dctrl6_p     =  3.26645e+00
p_f064_dctrl6_n     =  3.30513e-06
p_f064_dctrl5_p     =  3.29964e+00
p_f064_dctrl5_n     =  -1.63595e-06
p_f064_dctrl4_p     =  -1.19990e-07
p_f064_dctrl4_n     =  3.29999e+00
p_f064_dctrl3_p     =  -2.67869e-08
p_f064_dctrl3_n     =  3.30000e+00
p_f064_dctrl2_p     =  -1.33324e-08
p_f064_dctrl2_n     =  3.30000e+00
p_f064_dctrl1_p     =  -6.48053e-09
p_f064_dctrl1_n     =  3.30000e+00
p_f064_do7_drv_470  =  3.30000e+00
p_f064_do7_rx_470   =  3.30000e+00
p_f064_do6_drv_470  =  3.30000e+00
p_f064_do6_rx_470   =  3.30000e+00
p_f064_do5_drv_470  =  3.30000e+00
p_f064_do5_rx_470   =  3.30000e+00
p_f064_do4_drv_470  =  0.00000e+00
p_f064_do4_rx_470   =  4.08882e-312
p_f064_do3_drv_470  =  0.00000e+00
p_f064_do3_rx_470   =  4.08882e-312
p_f064_do2_drv_470  =  0.00000e+00
p_f064_do2_rx_470   =  1.44919e-268
p_f064_do1_drv_470  =  0.00000e+00
p_f064_do1_rx_470   =  1.44919e-268
p_f064_do0_drv_470  =  3.30000e+00
p_f064_do0_rx_470   =  3.30000e+00
p_f064_do7_drv_480  =  3.30000e+00
p_f064_do7_rx_480   =  3.30000e+00
p_f064_do6_drv_480  =  3.30000e+00
p_f064_do6_rx_480   =  3.30000e+00
p_f064_do5_drv_480  =  3.30000e+00
p_f064_do5_rx_480   =  3.30000e+00
p_f064_do4_drv_480  =  0.00000e+00
p_f064_do4_rx_480   =  4.08882e-312
p_f064_do3_drv_480  =  0.00000e+00
p_f064_do3_rx_480   =  4.08882e-312
p_f064_do2_drv_480  =  0.00000e+00
p_f064_do2_rx_480   =  5.08793e-297
p_f064_do1_drv_480  =  0.00000e+00
p_f064_do1_rx_480   =  5.08793e-297
p_f064_do0_drv_480  =  3.30000e+00
p_f064_do0_rx_480   =  3.30000e+00
p_f065_cmp7_p0      =  -3.28713e-06
p_f065_cmp7_n0      =  -3.42970e-06
p_f065_cmp7_p5      =  3.30000e+00
p_f065_cmp7_n5      =  -1.85853e-06
p_f065_cmp6_p0      =  -8.83263e-06
p_f065_cmp6_n0      =  -8.71048e-06
p_f065_cmp6_p5      =  3.30000e+00
p_f065_cmp6_n5      =  -2.10527e-06
p_f065_cmp5_p0      =  -3.15276e-06
p_f065_cmp5_n0      =  -3.28958e-06
p_f065_cmp5_p5      =  3.30000e+00
p_f065_cmp5_n5      =  -1.72677e-06
p_f065_cmp4_p0      =  -3.35644e-06
p_f065_cmp4_n0      =  -3.49995e-06
p_f065_cmp4_p5      =  3.30000e+00
p_f065_cmp4_n5      =  -1.73541e-06
p_f065_cmp3_p0      =  -8.43503e-06
p_f065_cmp3_n0      =  -8.38440e-06
p_f065_cmp3_p5      =  -1.99145e-06
p_f065_cmp3_n5      =  3.30000e+00
p_f065_cmp2_p0      =  -8.77395e-06
p_f065_cmp2_n0      =  -8.67315e-06
p_f065_cmp2_p5      =  -2.01800e-06
p_f065_cmp2_n5      =  3.30000e+00
p_f065_cmp1_p0      =  -3.19809e-06
p_f065_cmp1_n0      =  -3.33531e-06
p_f065_cmp1_p5      =  -1.68175e-06
p_f065_cmp1_n5      =  3.30000e+00
p_f065_cmp0_p0      =  -8.43609e-06
p_f065_cmp0_n0      =  -8.38136e-06
p_f065_cmp0_p5      =  -2.01447e-06
p_f065_cmp0_n5      =  3.30000e+00
p_f065_dctrl7_p     =  3.30001e+00
p_f065_dctrl7_n     =  3.47985e-01
p_f065_dctrl6_p     =  3.26637e+00
p_f065_dctrl6_n     =  3.69371e-06
p_f065_dctrl5_p     =  3.29964e+00
p_f065_dctrl5_n     =  -1.45337e-06
p_f065_dctrl4_p     =  3.29999e+00
p_f065_dctrl4_n     =  -1.38389e-07
p_f065_dctrl3_p     =  -2.68216e-08
p_f065_dctrl3_n     =  3.30000e+00
p_f065_dctrl2_p     =  -1.32112e-08
p_f065_dctrl2_n     =  3.30000e+00
p_f065_dctrl1_p     =  -6.42268e-09
p_f065_dctrl1_n     =  3.30000e+00
p_f065_do7_drv_470  =  3.30000e+00
p_f065_do7_rx_470   =  3.30000e+00
p_f065_do6_drv_470  =  3.30000e+00
p_f065_do6_rx_470   =  3.30000e+00
p_f065_do5_drv_470  =  3.30000e+00
p_f065_do5_rx_470   =  3.30000e+00
p_f065_do4_drv_470  =  3.30000e+00
p_f065_do4_rx_470   =  3.30000e+00
p_f065_do3_drv_470  =  0.00000e+00
p_f065_do3_rx_470   =  4.08882e-312
p_f065_do2_drv_470  =  0.00000e+00
p_f065_do2_rx_470   =  4.08882e-312
p_f065_do1_drv_470  =  0.00000e+00
p_f065_do1_rx_470   =  4.08882e-312
p_f065_do0_drv_470  =  0.00000e+00
p_f065_do0_rx_470   =  1.50533e-268
p_f065_do7_drv_480  =  3.30000e+00
p_f065_do7_rx_480   =  3.30000e+00
p_f065_do6_drv_480  =  3.30000e+00
p_f065_do6_rx_480   =  3.30000e+00
p_f065_do5_drv_480  =  3.30000e+00
p_f065_do5_rx_480   =  3.30000e+00
p_f065_do4_drv_480  =  3.30000e+00
p_f065_do4_rx_480   =  3.30000e+00
p_f065_do3_drv_480  =  0.00000e+00
p_f065_do3_rx_480   =  4.08882e-312
p_f065_do2_drv_480  =  0.00000e+00
p_f065_do2_rx_480   =  4.08882e-312
p_f065_do1_drv_480  =  0.00000e+00
p_f065_do1_rx_480   =  4.08882e-312
p_f065_do0_drv_480  =  0.00000e+00
p_f065_do0_rx_480   =  5.28504e-297
p_f066_cmp7_p0      =  -3.12172e-06
p_f066_cmp7_n0      =  -3.25852e-06
p_f066_cmp7_p5      =  3.30000e+00
p_f066_cmp7_n5      =  -1.81691e-06
p_f066_cmp6_p0      =  -8.61396e-06
p_f066_cmp6_n0      =  -8.52613e-06
p_f066_cmp6_p5      =  3.30000e+00
p_f066_cmp6_n5      =  -2.07697e-06
p_f066_cmp5_p0      =  -3.17243e-06
p_f066_cmp5_n0      =  -3.30011e-06
p_f066_cmp5_p5      =  -1.67644e-06
p_f066_cmp5_n5      =  3.30000e+00
p_f066_cmp4_p0      =  -3.20316e-06
p_f066_cmp4_n0      =  -3.33999e-06
p_f066_cmp4_p5      =  -1.68670e-06
p_f066_cmp4_n5      =  3.30000e+00
p_f066_cmp3_p0      =  -8.22714e-06
p_f066_cmp3_n0      =  -8.19851e-06
p_f066_cmp3_p5      =  3.30000e+00
p_f066_cmp3_n5      =  -2.01089e-06
p_f066_cmp2_p0      =  -8.56392e-06
p_f066_cmp2_n0      =  -8.48935e-06
p_f066_cmp2_p5      =  3.30000e+00
p_f066_cmp2_n5      =  -2.03672e-06
p_f066_cmp1_p0      =  -3.04329e-06
p_f066_cmp1_n0      =  -3.17487e-06
p_f066_cmp1_p5      =  -1.66575e-06
p_f066_cmp1_n5      =  3.30000e+00
p_f066_cmp0_p0      =  -8.22452e-06
p_f066_cmp0_n0      =  -8.19948e-06
p_f066_cmp0_p5      =  3.30000e+00
p_f066_cmp0_n5      =  -2.00125e-06
p_f066_dctrl7_p     =  3.30001e+00
p_f066_dctrl7_n     =  3.47707e-01
p_f066_dctrl6_p     =  3.26643e+00
p_f066_dctrl6_n     =  2.65160e-06
p_f066_dctrl5_p     =  -1.01912e-06
p_f066_dctrl5_n     =  3.29964e+00
p_f066_dctrl4_p     =  -1.35370e-07
p_f066_dctrl4_n     =  3.29999e+00
p_f066_dctrl3_p     =  3.30000e+00
p_f066_dctrl3_n     =  -2.62572e-08
p_f066_dctrl2_p     =  3.30000e+00
p_f066_dctrl2_n     =  -1.32332e-08
p_f066_dctrl1_p     =  -6.43991e-09
p_f066_dctrl1_n     =  3.30000e+00
p_f066_do7_drv_470  =  3.30000e+00
p_f066_do7_rx_470   =  3.30000e+00
p_f066_do6_drv_470  =  3.30000e+00
p_f066_do6_rx_470   =  3.30000e+00
p_f066_do5_drv_470  =  0.00000e+00
p_f066_do5_rx_470   =  1.45985e-268
p_f066_do4_drv_470  =  0.00000e+00
p_f066_do4_rx_470   =  1.45985e-268
p_f066_do3_drv_470  =  3.30000e+00
p_f066_do3_rx_470   =  3.30000e+00
p_f066_do2_drv_470  =  3.30000e+00
p_f066_do2_rx_470   =  3.30000e+00
p_f066_do1_drv_470  =  0.00000e+00
p_f066_do1_rx_470   =  4.08882e-312
p_f066_do0_drv_470  =  3.30000e+00
p_f066_do0_rx_470   =  3.30000e+00
p_f066_do7_drv_480  =  3.30000e+00
p_f066_do7_rx_480   =  3.30000e+00
p_f066_do6_drv_480  =  3.30000e+00
p_f066_do6_rx_480   =  3.30000e+00
p_f066_do5_drv_480  =  0.00000e+00
p_f066_do5_rx_480   =  5.12536e-297
p_f066_do4_drv_480  =  0.00000e+00
p_f066_do4_rx_480   =  5.12536e-297
p_f066_do3_drv_480  =  3.30000e+00
p_f066_do3_rx_480   =  3.30000e+00
p_f066_do2_drv_480  =  3.30000e+00
p_f066_do2_rx_480   =  3.30000e+00
p_f066_do1_drv_480  =  0.00000e+00
p_f066_do1_rx_480   =  4.08882e-312
p_f066_do0_drv_480  =  3.30000e+00
p_f066_do0_rx_480   =  3.30000e+00
p_f067_cmp7_p0      =  -3.22341e-06
p_f067_cmp7_n0      =  -3.36410e-06
p_f067_cmp7_p5      =  3.30000e+00
p_f067_cmp7_n5      =  -1.82109e-06
p_f067_cmp6_p0      =  -8.78052e-06
p_f067_cmp6_n0      =  -8.68705e-06
p_f067_cmp6_p5      =  -2.06456e-06
p_f067_cmp6_n5      =  3.30000e+00
p_f067_cmp5_p0      =  -3.26253e-06
p_f067_cmp5_n0      =  -3.39581e-06
p_f067_cmp5_p5      =  -1.68616e-06
p_f067_cmp5_n5      =  3.30000e+00
p_f067_cmp4_p0      =  -3.32864e-06
p_f067_cmp4_n0      =  -3.46970e-06
p_f067_cmp4_p5      =  -1.70484e-06
p_f067_cmp4_n5      =  3.30000e+00
p_f067_cmp3_p0      =  -7.87952e-06
p_f067_cmp3_n0      =  -7.79279e-06
p_f067_cmp3_p5      =  -1.98646e-06
p_f067_cmp3_n5      =  3.30000e+00
p_f067_cmp2_p0      =  -8.73449e-06
p_f067_cmp2_n0      =  -8.63369e-06
p_f067_cmp2_p5      =  3.30000e+00
p_f067_cmp2_n5      =  -2.05673e-06
p_f067_cmp1_p0      =  -3.00175e-06
p_f067_cmp1_n0      =  -3.13988e-06
p_f067_cmp1_p5      =  3.30000e+00
p_f067_cmp1_n5      =  -1.70685e-06
p_f067_cmp0_p0      =  -7.88737e-06
p_f067_cmp0_n0      =  -7.81786e-06
p_f067_cmp0_p5      =  3.30000e+00
p_f067_cmp0_n5      =  -2.01902e-06
p_f067_dctrl7_p     =  3.30001e+00
p_f067_dctrl7_n     =  3.47922e-01
p_f067_dctrl6_p     =  3.10872e-05
p_f067_dctrl6_n     =  3.26635e+00
p_f067_dctrl5_p     =  -1.11372e-06
p_f067_dctrl5_n     =  3.29964e+00
p_f067_dctrl4_p     =  -1.24635e-07
p_f067_dctrl4_n     =  3.29999e+00
p_f067_dctrl3_p     =  -2.90213e-08
p_f067_dctrl3_n     =  3.30000e+00
p_f067_dctrl2_p     =  3.30000e+00
p_f067_dctrl2_n     =  -1.29471e-08
p_f067_dctrl1_p     =  3.30000e+00
p_f067_dctrl1_n     =  -6.39615e-09
p_f067_do7_drv_470  =  3.30000e+00
p_f067_do7_rx_470   =  3.30000e+00
p_f067_do6_drv_470  =  0.00000e+00
p_f067_do6_rx_470   =  1.49358e-268
p_f067_do5_drv_470  =  0.00000e+00
p_f067_do5_rx_470   =  4.08882e-312
p_f067_do4_drv_470  =  0.00000e+00
p_f067_do4_rx_470   =  4.08882e-312
p_f067_do3_drv_470  =  0.00000e+00
p_f067_do3_rx_470   =  1.49358e-268
p_f067_do2_drv_470  =  3.30000e+00
p_f067_do2_rx_470   =  3.30000e+00
p_f067_do1_drv_470  =  3.30000e+00
p_f067_do1_rx_470   =  3.30000e+00
p_f067_do0_drv_470  =  3.30000e+00
p_f067_do0_rx_470   =  3.30000e+00
p_f067_do7_drv_480  =  3.30000e+00
p_f067_do7_rx_480   =  3.30000e+00
p_f067_do6_drv_480  =  0.00000e+00
p_f067_do6_rx_480   =  5.24378e-297
p_f067_do5_drv_480  =  0.00000e+00
p_f067_do5_rx_480   =  4.08882e-312
p_f067_do4_drv_480  =  0.00000e+00
p_f067_do4_rx_480   =  4.08882e-312
p_f067_do3_drv_480  =  0.00000e+00
p_f067_do3_rx_480   =  5.24378e-297
p_f067_do2_drv_480  =  3.30000e+00
p_f067_do2_rx_480   =  3.30000e+00
p_f067_do1_drv_480  =  3.30000e+00
p_f067_do1_rx_480   =  3.30000e+00
p_f067_do0_drv_480  =  3.30000e+00
p_f067_do0_rx_480   =  3.30000e+00
ngspice-46 done
