
Note: Compatibility modes selected: hs a

Warning: m=xx on .subckt line will override multiplier m hierarchy!


Circuit: * a44 actual analog core with fixed tt timed behavioral sar control.

Reducing trtol to 1 for xspice 'A' devices
Doing analysis at TEMP = 27.000000 and TNOM = 27.000000

Using SPARSE 1.3 as Direct Linear Solver

Initial Transient Solution
--------------------------

Node                                   Voltage
----                                   -------
vdd                                        3.3
vrefp_src                                  2.5
vrefp                                      2.5
vrefp_cap                                  2.5
vrefn_src                                  0.8
vrefn                                      0.8
vrefn_cap                                  0.8
vinp_src                               2.29139
vinn_src                               1.00861
vinp                                   2.29139
vinn                                   1.00861
clks_src                                     0
clks                                         0
cmp_noise                         -0.000100263
xcore.xcdacp.vbot1                         2.5
dctrlp1                                      0
xcore.vresp_raw                     0.00103328
xcore.xcdacp.vbot2                         2.5
dctrlp2                                      0
xcore.xcdacp.vbot3                         2.5
dctrlp3                                      0
xcore.xcdacp.vbot4                         2.5
dctrlp4                                      0
xcore.xcdacp.vbot5                         2.5
dctrlp5                                      0
xcore.xcdacp.vbot6                         2.5
dctrlp6                                      0
xcore.xcdacp.vbot7                         2.5
dctrlp7                                      0
xcore.xcdacp.x1.clksb                      3.3
xcore.xcdacp.x1.net2               1.35259e-10
xcore.xcdacp.x1.net1                       3.3
xcore.xcdacp.x1.bottom_gate         6.1483e-09
xcore.xcdacp.x1.net4               3.07988e-09
xcore.xcdacp.x1.net3                       3.3
xcore.xcdacn.vbot1                         2.5
dctrln1                                      0
xcore.vresn_raw                    0.000675137
xcore.xcdacn.vbot2                         2.5
dctrln2                                      0
xcore.xcdacn.vbot3                         2.5
dctrln3                                      0
xcore.xcdacn.vbot4                         2.5
dctrln4                                      0
xcore.xcdacn.vbot5                         2.5
dctrln5                                      0
xcore.xcdacn.vbot6                         2.5
dctrln6                                      0
xcore.xcdacn.vbot7                         2.5
dctrln7                                      0
xcore.xcdacn.x1.clksb                      3.3
xcore.xcdacn.x1.net2               1.53405e-10
xcore.xcdacn.x1.net1                       3.3
xcore.xcdacn.x1.bottom_gate        6.15031e-09
xcore.xcdacn.x1.net4               3.08149e-09
xcore.xcdacn.x1.net3                       3.3
vresp                              0.000983148
vresn                              0.000725268
xcore.xcmp.net1                      0.0221536
cmpck                                        0
xcore.xcmp.xp                              3.3
xcore.xcmp.xn                              3.3
xcore.xcmp.ln                              3.3
xcore.xcmp.lp                              3.3
dcmpn                              3.67721e-09
dcmpp                              3.69596e-09
sampled_diff                        0.00025788
input_diff                             1.28278
cmpck_drv                                    0
dctrlp7_drv                                  0
dctrlp6_drv                                  0
dctrlp5_drv                                  0
dctrlp4_drv                                  0
dctrlp3_drv                                  0
dctrlp2_drv                                  0
dctrlp1_drv                                  0
dctrln7_drv                                  0
dctrln6_drv                                  0
dctrln5_drv                                  0
dctrln4_drv                                  0
dctrln3_drv                                  0
dctrln2_drv                                  0
dctrln1_drv                                  0
dout7_drv                                    0
dout6_drv                                    0
dout5_drv                                    0
dout4_drv                                    0
dout3_drv                                    0
dout2_drv                                    0
dout1_drv                                    0
dout0_drv                                    0
eoc                                          0
invalid0                                     0
timeout0                                     0
complete                                     0
dout7_rx                                     0
dout6_rx                                     0
dout5_rx                                     0
dout4_rx                                     0
dout3_rx                                     0
dout2_rx                                     0
dout1_rx                                     0
dout0_rx                                     0
e_input_diff#branch               -1.28278e-10
e_sample_diff#branch               -2.5788e-14
e.xcore.e_cmp_noise_n#branch      -7.25268e-14
e.xcore.e_cmp_noise_p#branch      -9.83148e-14
vcmp_noise#branch                  1.00263e-14
vclks_id#branch                              0
vvinn_id#branch                   -4.15784e-10
vvinp_id#branch                   -9.44416e-10
vvrefn_id#branch                  -1.76652e-09
vvrefp_id#branch                  -1.52073e-08
vvdd#branch                       -1.77529e-08
a_status#branch_1_0                          0
a_status#branch_1_1                          0
a_status#branch_1_2                          0
a_status#branch_1_3                          0
a_dout#branch_1_0                            0
a_dout#branch_1_1                            0
a_dout#branch_1_2                            0
a_dout#branch_1_3                            0
a_dout#branch_1_4                            0
a_dout#branch_1_5                            0
a_dout#branch_1_6                            0
a_dout#branch_1_7                            0
a_dctrln#branch_1_0                          0
a_dctrln#branch_1_1                          0
a_dctrln#branch_1_2                          0
a_dctrln#branch_1_3                          0
a_dctrln#branch_1_4                          0
a_dctrln#branch_1_5                          0
a_dctrln#branch_1_6                          0
a_dctrlp#branch_1_0                          0
a_dctrlp#branch_1_1                          0
a_dctrlp#branch_1_2                          0
a_dctrlp#branch_1_3                          0
a_dctrlp#branch_1_4                          0
a_dctrlp#branch_1_5                          0
a_dctrlp#branch_1_6                          0
a_cmpck#branch_1_0                           0


Instance: abeh   Message: WARNING: output scheduled with impossible delay (-4.01e-12) at 5.01e-12/0.

Instance: abeh   Message: XSPICE time is behind vtime:
XSPICE 2.005183041300263e-07
Cosim  2.00548e-07

Instance: abeh   Message: XSPICE time is behind vtime:
XSPICE 7.005175262469372e-07
Cosim  7.00551e-07

Instance: abeh   Message: XSPICE time is behind vtime:
XSPICE 1.200541510339799e-06
Cosim  1.200557e-06

Instance: abeh   Message: XSPICE time is behind vtime:
XSPICE 2.200540413755489e-06
Cosim  2.200548e-06

Instance: abeh   Message: XSPICE time is behind vtime:
XSPICE 2.700498620865772e-06
Cosim  2.700532e-06

Instance: abeh   Message: XSPICE time is behind vtime:
XSPICE 3.200524380987393e-06
Cosim  3.200557e-06

Instance: abeh   Message: XSPICE time is behind vtime:
XSPICE 4.700504642042202e-06
Cosim  4.70053e-06

Instance: abeh   Message: XSPICE time is behind vtime:
XSPICE 5.200520526250205e-06
Cosim  5.200554e-06

Instance: abeh   Message: XSPICE time is behind vtime:
XSPICE 5.700532063333461e-06
Cosim  5.700553e-06

Instance: abeh   Message: XSPICE time is behind vtime:
XSPICE 7.20051962085755e-06
Cosim  7.200553e-06

Instance: abeh   Message: XSPICE time is behind vtime:
XSPICE 7.700520620859251e-06
Cosim  7.700554e-06

Instance: abeh   Message: XSPICE time is behind vtime:
XSPICE 9.200533583200315e-06
Cosim  9.200554e-06

Instance: abeh   Message: XSPICE time is behind vtime:
XSPICE 9.700519526249456e-06
Cosim  9.700553e-06

Instance: abeh   Message: XSPICE time is behind vtime:
XSPICE 1.020050617564861e-05
Cosim  1.0200532e-05

Instance: abeh   Message: XSPICE time is behind vtime:
XSPICE 1.170049770192613e-05
Cosim  1.170053e-05

Instance: abeh   Message: XSPICE time is behind vtime:
XSPICE 1.220052462086709e-05
Cosim  1.2200558e-05

Instance: abeh   Message: XSPICE time is behind vtime:
XSPICE 1.270053677762042e-05
Cosim  1.2700545e-05

Instance: abeh   Message: XSPICE time is behind vtime:
XSPICE 1.370051508883322e-05
Cosim  1.370053e-05

Instance: abeh   Message: XSPICE time is behind vtime:
XSPICE 1.420051752624674e-05
Cosim  1.4200551e-05

Instance: abeh   Message: XSPICE time is behind vtime:
XSPICE 1.47005179041406e-05
Cosim  1.4700548e-05

Instance: abeh   Message: XSPICE time is behind vtime:
XSPICE 1.620052042242834e-05
Cosim  1.6200549e-05

Instance: abeh   Message: XSPICE time is behind vtime:
XSPICE 1.670051762087603e-05
Cosim  1.6700551e-05

Instance: abeh   Message: XSPICE time is behind vtime:
XSPICE 1.720054276122668e-05
Cosim  1.7200557e-05

Instance: abeh   Message: XSPICE time is behind vtime:
XSPICE 1.820053710120514e-05
Cosim  1.8200546e-05

Instance: abeh   Message: XSPICE time is behind vtime:
XSPICE 1.870051952624159e-05
Cosim  1.8700553e-05

Instance: abeh   Message: XSPICE time is behind vtime:
XSPICE 1.920052352622787e-05
Cosim  1.9200557e-05

Instance: abeh   Message: XSPICE time is behind vtime:
XSPICE 2.070053279918499e-05
Cosim  2.0700557e-05

Instance: abeh   Message: XSPICE time is behind vtime:
XSPICE 2.120051862087883e-05
Cosim  2.1200552e-05

Instance: abeh   Message: XSPICE time is behind vtime:
XSPICE 2.170053325940211e-05
Cosim  2.1700553e-05

Instance: abeh   Message: XSPICE time is behind vtime:
XSPICE 2.320049752623266e-05
Cosim  2.3200531e-05

Instance: abeh   Message: XSPICE time is behind vtime:
XSPICE 2.370049752623184e-05
Cosim  2.3700531e-05

Instance: abeh   Message: XSPICE time is behind vtime:
XSPICE 2.520053378574081e-05
Cosim  2.5200553e-05

Instance: abeh   Message: XSPICE time is behind vtime:
XSPICE 2.570051862087896e-05
Cosim  2.5700552e-05

Instance: abeh   Message: XSPICE time is behind vtime:
XSPICE 2.620050533064299e-05
Cosim  2.620053e-05

Instance: abeh   Message: XSPICE time is behind vtime:
XSPICE 2.770052362194273e-05
Cosim  2.7700557e-05

Instance: abeh   Message: XSPICE time is behind vtime:
XSPICE 2.82005185262404e-05
Cosim  2.8200552e-05

Instance: abeh   Message: XSPICE time is behind vtime:
XSPICE 2.870053247680402e-05
Cosim  2.8700542e-05

Instance: abeh   Message: XSPICE time is behind vtime:
XSPICE 2.970051834284062e-05
Cosim  2.9700532e-05

Instance: abeh   Message: XSPICE time is behind vtime:
XSPICE 3.020051762087354e-05
Cosim  3.0200551e-05

Instance: abeh   Message: XSPICE time is behind vtime:
XSPICE 3.070052002242808e-05
Cosim  3.0700549e-05

Instance: abeh   Message: XSPICE time is behind vtime:
XSPICE 3.220051831344933e-05
Cosim  3.2200548e-05

Instance: abeh   Message: XSPICE time is behind vtime:
XSPICE 3.270051752624653e-05
Cosim  3.2700551e-05

Instance: abeh   Message: XSPICE time is behind vtime:
XSPICE 3.320054151477069e-05
Cosim  3.3200557e-05

No. of Data Rows : 735258
f000_d7             =  3.30000e+00
f000_d6             =  3.30000e+00
f000_d5             =  0.00000e+00
f000_d4             =  3.30000e+00
f000_d3             =  3.30000e+00
f000_d2             =  3.30000e+00
f000_d1             =  3.30000e+00
f000_d0             =  3.30000e+00
f000_complete       =  3.30000e+00
f000_invalid        =  0.00000e+00
f000_timeout        =  0.00000e+00
f000_sampled        =  1.28268e+00
f000_input          =  1.28278e+00
f000_tcomplete      =  3.75498e-07
f001_d7             =  3.30000e+00
f001_d6             =  3.30000e+00
f001_d5             =  3.30000e+00
f001_d4             =  5.10007e-297
f001_d3             =  3.30000e+00
f001_d2             =  3.30000e+00
f001_d1             =  3.30000e+00
f001_d0             =  3.30000e+00
f001_complete       =  3.30000e+00
f001_invalid        =  0.00000e+00
f001_timeout        =  0.00000e+00
f001_sampled        =  1.48567e+00
f001_input          =  1.48477e+00
f001_tcomplete      =  8.75501e-07
f002_d7             =  3.30000e+00
f002_d6             =  3.30000e+00
f002_d5             =  5.51273e-297
f002_d4             =  4.08882e-312
f002_d3             =  3.30000e+00
f002_d2             =  5.51273e-297
f002_d1             =  3.30000e+00
f002_d0             =  3.30000e+00
f002_complete       =  3.30000e+00
f002_invalid        =  0.00000e+00
f002_timeout        =  0.00000e+00
f002_sampled        =  1.01525e+00
f002_input          =  1.01287e+00
f002_tcomplete      =  1.37551e-06
f003_d7             =  3.30000e+00
f003_d6             =  5.26273e-297
f003_d5             =  4.08882e-312
f003_d4             =  4.08882e-312
f003_d3             =  5.26273e-297
f003_d2             =  3.30000e+00
f003_d1             =  5.26273e-297
f003_d0             =  3.30000e+00
f003_complete       =  3.30000e+00
f003_invalid        =  0.00000e+00
f003_timeout        =  0.00000e+00
f003_sampled        =  8.39797e-02
f003_input          =  8.08628e-02
f003_tcomplete      =  1.87551e-06
f004_d7             =  5.04676e-297
f004_d6             =  4.08882e-312
f004_d5             =  3.30000e+00
f004_d4             =  3.30000e+00
f004_d3             =  3.30000e+00
f004_d2             =  3.30000e+00
f004_d1             =  4.08882e-312
f004_d0             =  5.04676e-297
f004_complete       =  3.30000e+00
f004_invalid        =  0.00000e+00
f004_timeout        =  0.00000e+00
f004_sampled        =  -8.91708e-01
f004_input          =  -8.87497e-01
f004_tcomplete      =  2.37550e-06
f005_d7             =  4.08882e-312
f005_d6             =  4.08882e-312
f005_d5             =  4.54575e-297
f005_d4             =  3.30000e+00
f005_d3             =  4.54575e-297
f005_d2             =  4.54575e-297
f005_d1             =  4.08882e-312
f005_d0             =  3.30000e+00
f005_complete       =  3.30000e+00
f005_invalid        =  0.00000e+00
f005_timeout        =  0.00000e+00
f005_sampled        =  -1.45241e+00
f005_input          =  -1.45319e+00
f005_tcomplete      =  2.87548e-06
f006_d7             =  4.08882e-312
f006_d6             =  4.08882e-312
f006_d5             =  4.08882e-312
f006_d4             =  3.30000e+00
f006_d3             =  3.30000e+00
f006_d2             =  4.08882e-312
f006_d1             =  4.08882e-312
f006_d0             =  3.30000e+00
f006_complete       =  3.30000e+00
f006_invalid        =  0.00000e+00
f006_timeout        =  0.00000e+00
f006_sampled        =  -1.35967e+00
f006_input          =  -1.35890e+00
f006_tcomplete      =  3.37551e-06
f007_d7             =  4.08882e-312
f007_d6             =  3.30000e+00
f007_d5             =  4.08882e-312
f007_d4             =  4.48218e-297
f007_d3             =  3.30000e+00
f007_d2             =  3.30000e+00
f007_d1             =  3.30000e+00
f007_d0             =  4.48218e-297
f007_complete       =  3.30000e+00
f007_invalid        =  0.00000e+00
f007_timeout        =  0.00000e+00
f007_sampled        =  -6.48915e-01
f007_input          =  -6.48043e-01
f007_tcomplete      =  3.87548e-06
f008_d7             =  3.30000e+00
f008_d6             =  4.46832e-297
f008_d5             =  4.08882e-312
f008_d4             =  3.30000e+00
f008_d3             =  3.30000e+00
f008_d2             =  4.46832e-297
f008_d1             =  3.30000e+00
f008_d0             =  4.08882e-312
f008_complete       =  3.30000e+00
f008_invalid        =  0.00000e+00
f008_timeout        =  0.00000e+00
f008_sampled        =  3.59849e-01
f008_input          =  3.57361e-01
f008_tcomplete      =  4.37548e-06
f009_d7             =  3.30000e+00
f009_d6             =  3.30000e+00
f009_d5             =  4.08882e-312
f009_d4             =  3.30000e+00
f009_d3             =  3.30000e+00
f009_d2             =  4.08882e-312
f009_d1             =  4.46631e-297
f009_d0             =  3.30000e+00
f009_complete       =  3.30000e+00
f009_invalid        =  0.00000e+00
f009_timeout        =  0.00000e+00
f009_sampled        =  1.19904e+00
f009_input          =  1.20040e+00
f009_tcomplete      =  4.87548e-06
f010_d7             =  3.30000e+00
f010_d6             =  3.30000e+00
f010_d5             =  3.30000e+00
f010_d4             =  3.30000e+00
f010_d3             =  5.27418e-297
f010_d2             =  4.08882e-312
f010_d1             =  4.08882e-312
f010_d0             =  5.27418e-297
f010_complete       =  3.30000e+00
f010_invalid        =  0.00000e+00
f010_timeout        =  0.00000e+00
f010_sampled        =  1.49910e+00
f010_input          =  1.49862e+00
f010_tcomplete      =  5.37550e-06
f011_d7             =  3.30000e+00
f011_d6             =  3.30000e+00
f011_d5             =  5.35598e-297
f011_d4             =  3.30000e+00
f011_d3             =  4.08882e-312
f011_d2             =  4.08882e-312
f011_d1             =  3.30000e+00
f011_d0             =  3.30000e+00
f011_complete       =  3.30000e+00
f011_invalid        =  0.00000e+00
f011_timeout        =  0.00000e+00
f011_sampled        =  1.11488e+00
f011_input          =  1.11636e+00
f011_tcomplete      =  5.87550e-06
f012_d7             =  3.30000e+00
f012_d6             =  5.24819e-297
f012_d5             =  4.08882e-312
f012_d4             =  3.30000e+00
f012_d3             =  4.08882e-312
f012_d2             =  4.08882e-312
f012_d1             =  5.24819e-297
f012_d0             =  5.24819e-297
f012_complete       =  3.30000e+00
f012_invalid        =  0.00000e+00
f012_timeout        =  0.00000e+00
f012_sampled        =  2.25357e-01
f012_input          =  2.27469e-01
f012_tcomplete      =  6.37550e-06
f013_d7             =  5.02853e-297
f013_d6             =  3.30000e+00
f013_d5             =  4.08882e-312
f013_d4             =  5.02853e-297
f013_d3             =  4.08882e-312
f013_d2             =  3.30000e+00
f013_d1             =  4.08882e-312
f013_d0             =  3.30000e+00
f013_complete       =  3.30000e+00
f013_invalid        =  0.00000e+00
f013_timeout        =  0.00000e+00
f013_sampled        =  -7.64589e-01
f013_input          =  -7.64837e-01
f013_tcomplete      =  6.87550e-06
f014_d7             =  4.08882e-312
f014_d6             =  5.21464e-297
f014_d5             =  4.08882e-312
f014_d4             =  3.30000e+00
f014_d3             =  4.08882e-312
f014_d2             =  3.30000e+00
f014_d1             =  4.08882e-312
f014_d0             =  5.21464e-297
f014_complete       =  3.30000e+00
f014_invalid        =  0.00000e+00
f014_timeout        =  0.00000e+00
f014_sampled        =  -1.41018e+00
f014_input          =  -1.40974e+00
f014_tcomplete      =  7.37550e-06
f015_d7             =  4.08882e-312
f015_d6             =  4.08882e-312
f015_d5             =  4.08882e-312
f015_d4             =  3.30000e+00
f015_d3             =  4.08882e-312
f015_d2             =  3.30000e+00
f015_d1             =  4.08882e-312
f015_d0             =  4.08882e-312
f015_complete       =  3.30000e+00
f015_invalid        =  0.00000e+00
f015_timeout        =  0.00000e+00
f015_sampled        =  -1.41230e+00
f015_input          =  -1.41485e+00
f015_tcomplete      =  7.87550e-06
f016_d7             =  4.08882e-312
f016_d6             =  3.30000e+00
f016_d5             =  4.08882e-312
f016_d4             =  5.04326e-297
f016_d3             =  4.08882e-312
f016_d2             =  3.30000e+00
f016_d1             =  4.08882e-312
f016_d0             =  4.08882e-312
f016_complete       =  3.30000e+00
f016_invalid        =  0.00000e+00
f016_timeout        =  0.00000e+00
f016_sampled        =  -7.77603e-01
f016_input          =  -7.77465e-01
f016_tcomplete      =  8.37550e-06
f017_d7             =  3.30000e+00
f017_d6             =  5.51446e-297
f017_d5             =  4.08882e-312
f017_d4             =  4.08882e-312
f017_d3             =  3.30000e+00
f017_d2             =  3.30000e+00
f017_d1             =  3.30000e+00
f017_d0             =  3.30000e+00
f017_complete       =  3.30000e+00
f017_invalid        =  0.00000e+00
f017_timeout        =  0.00000e+00
f017_sampled        =  2.12891e-01
f017_input          =  2.12841e-01
f017_tcomplete      =  8.87551e-06
f018_d7             =  3.30000e+00
f018_d6             =  3.30000e+00
f018_d5             =  4.08882e-312
f018_d4             =  3.30000e+00
f018_d3             =  5.25262e-297
f018_d2             =  5.25262e-297
f018_d1             =  3.30000e+00
f018_d0             =  3.30000e+00
f018_complete       =  3.30000e+00
f018_invalid        =  0.00000e+00
f018_timeout        =  0.00000e+00
f018_sampled        =  1.10778e+00
f018_input          =  1.10651e+00
f018_tcomplete      =  9.37550e-06
f019_d7             =  3.30000e+00
f019_d6             =  3.30000e+00
f019_d5             =  3.30000e+00
f019_d4             =  3.30000e+00
f019_d3             =  4.08882e-312
f019_d2             =  4.08882e-312
f019_d1             =  5.21703e-297
f019_d0             =  5.21703e-297
f019_complete       =  3.30000e+00
f019_invalid        =  0.00000e+00
f019_timeout        =  0.00000e+00
f019_sampled        =  1.49805e+00
f019_input          =  1.49771e+00
f019_tcomplete      =  9.87550e-06
f020_d7             =  3.30000e+00
f020_d6             =  3.30000e+00
f020_d5             =  4.49540e-297
f020_d4             =  3.30000e+00
f020_d3             =  3.30000e+00
f020_d2             =  4.08882e-312
f020_d1             =  3.30000e+00
f020_d0             =  4.08882e-312
f020_complete       =  3.30000e+00
f020_invalid        =  0.00000e+00
f020_timeout        =  0.00000e+00
f020_sampled        =  1.21120e+00
f020_input          =  1.20924e+00
f020_tcomplete      =  1.03755e-05
f021_d7             =  3.30000e+00
f021_d6             =  4.42737e-297
f021_d5             =  4.08882e-312
f021_d4             =  3.30000e+00
f021_d3             =  3.30000e+00
f021_d2             =  4.08882e-312
f021_d1             =  3.30000e+00
f021_d0             =  3.30000e+00
f021_complete       =  3.30000e+00
f021_invalid        =  0.00000e+00
f021_timeout        =  0.00000e+00
f021_sampled        =  3.69591e-01
f021_input          =  3.71553e-01
f021_tcomplete      =  1.08755e-05
f022_d7             =  5.25931e-297
f022_d6             =  3.30000e+00
f022_d5             =  4.08882e-312
f022_d4             =  5.25931e-297
f022_d3             =  3.30000e+00
f022_d2             =  3.30000e+00
f022_d1             =  3.30000e+00
f022_d0             =  3.30000e+00
f022_complete       =  3.30000e+00
f022_invalid        =  0.00000e+00
f022_timeout        =  0.00000e+00
f022_sampled        =  -6.35317e-01
f022_input          =  -6.34574e-01
f022_tcomplete      =  1.13755e-05
f023_d7             =  4.08882e-312
f023_d6             =  4.42780e-297
f023_d5             =  4.08882e-312
f023_d4             =  3.30000e+00
f023_d3             =  3.30000e+00
f023_d2             =  4.42780e-297
f023_d1             =  4.42780e-297
f023_d0             =  3.30000e+00
f023_complete       =  3.30000e+00
f023_invalid        =  0.00000e+00
f023_timeout        =  0.00000e+00
f023_sampled        =  -1.35316e+00
f023_input          =  -1.35286e+00
f023_tcomplete      =  1.18755e-05
f024_d7             =  4.08882e-312
f024_d6             =  4.08882e-312
f024_d5             =  4.08882e-312
f024_d4             =  3.30000e+00
f024_d3             =  5.54464e-297
f024_d2             =  4.08882e-312
f024_d1             =  4.08882e-312
f024_d0             =  3.30000e+00
f024_complete       =  3.30000e+00
f024_invalid        =  0.00000e+00
f024_timeout        =  0.00000e+00
f024_sampled        =  -1.45905e+00
f024_input          =  -1.45675e+00
f024_tcomplete      =  1.23755e-05
f025_d7             =  4.08882e-312
f025_d6             =  4.08882e-312
f025_d5             =  3.30000e+00
f025_d4             =  3.30000e+00
f025_d3             =  3.30000e+00
f025_d2             =  4.08882e-312
f025_d1             =  3.30000e+00
f025_d0             =  3.30000e+00
f025_complete       =  3.30000e+00
f025_invalid        =  0.00000e+00
f025_timeout        =  0.00000e+00
f025_sampled        =  -8.99066e-01
f025_input          =  -8.99470e-01
f025_tcomplete      =  1.28755e-05
f026_d7             =  3.30000e+00
f026_d6             =  4.08882e-312
f026_d5             =  5.15017e-297
f026_d4             =  5.15017e-297
f026_d3             =  5.15017e-297
f026_d2             =  3.30000e+00
f026_d1             =  5.15017e-297
f026_d0             =  5.15017e-297
f026_complete       =  3.30000e+00
f026_invalid        =  0.00000e+00
f026_timeout        =  0.00000e+00
f026_sampled        =  6.53897e-02
f026_input          =  6.62492e-02
f026_tcomplete      =  1.33755e-05
f027_d7             =  3.30000e+00
f027_d6             =  3.30000e+00
f027_d5             =  4.08882e-312
f027_d4             =  4.08882e-312
f027_d3             =  3.30000e+00
f027_d2             =  4.42905e-297
f027_d1             =  3.30000e+00
f027_d0             =  4.08882e-312
f027_complete       =  3.30000e+00
f027_invalid        =  0.00000e+00
f027_timeout        =  0.00000e+00
f027_sampled        =  1.00262e+00
f027_input          =  1.00191e+00
f027_tcomplete      =  1.38755e-05
f028_d7             =  3.30000e+00
f028_d6             =  3.30000e+00
f028_d5             =  3.30000e+00
f028_d4             =  4.08882e-312
f028_d3             =  3.30000e+00
f028_d2             =  3.30000e+00
f028_d1             =  3.30000e+00
f028_d0             =  3.30000e+00
f028_complete       =  3.30000e+00
f028_invalid        =  0.00000e+00
f028_timeout        =  0.00000e+00
f028_sampled        =  1.48246e+00
f028_input          =  1.48273e+00
f028_tcomplete      =  1.43755e-05
f029_d7             =  3.30000e+00
f029_d6             =  3.30000e+00
f029_d5             =  3.30000e+00
f029_d4             =  4.08882e-312
f029_d3             =  5.23445e-297
f029_d2             =  5.23445e-297
f029_d1             =  5.23445e-297
f029_d0             =  5.23445e-297
f029_complete       =  3.30000e+00
f029_invalid        =  0.00000e+00
f029_timeout        =  0.00000e+00
f029_sampled        =  1.29113e+00
f029_input          =  1.29040e+00
f029_tcomplete      =  1.48755e-05
f030_d7             =  3.30000e+00
f030_d6             =  4.56787e-297
f030_d5             =  3.30000e+00
f030_d4             =  4.08882e-312
f030_d3             =  4.08882e-312
f030_d2             =  3.30000e+00
f030_d1             =  3.30000e+00
f030_d0             =  4.08882e-312
f030_complete       =  3.30000e+00
f030_invalid        =  0.00000e+00
f030_timeout        =  0.00000e+00
f030_sampled        =  5.12256e-01
f030_input          =  5.12185e-01
f030_tcomplete      =  1.53755e-05
f031_d7             =  4.60760e-297
f031_d6             =  3.30000e+00
f031_d5             =  4.60760e-297
f031_d4             =  3.30000e+00
f031_d3             =  3.30000e+00
f031_d2             =  4.60760e-297
f031_d1             =  4.60760e-297
f031_d0             =  3.30000e+00
f031_complete       =  3.30000e+00
f031_invalid        =  0.00000e+00
f031_timeout        =  0.00000e+00
f031_sampled        =  -4.96387e-01
f031_input          =  -4.98268e-01
f031_tcomplete      =  1.58755e-05
f032_d7             =  4.08882e-312
f032_d6             =  5.07884e-297
f032_d5             =  4.08882e-312
f032_d4             =  3.30000e+00
f032_d3             =  3.30000e+00
f032_d2             =  3.30000e+00
f032_d1             =  3.30000e+00
f032_d0             =  5.07884e-297
f032_complete       =  3.30000e+00
f032_invalid        =  0.00000e+00
f032_timeout        =  0.00000e+00
f032_sampled        =  -1.27960e+00
f032_input          =  -1.28280e+00
f032_tcomplete      =  1.63755e-05
f033_d7             =  4.08882e-312
f033_d6             =  4.08882e-312
f033_d5             =  4.08882e-312
f033_d4             =  5.10015e-297
f033_d3             =  3.30000e+00
f033_d2             =  3.30000e+00
f033_d1             =  3.30000e+00
f033_d0             =  3.30000e+00
f033_complete       =  3.30000e+00
f033_invalid        =  0.00000e+00
f033_timeout        =  0.00000e+00
f033_sampled        =  -1.48413e+00
f033_input          =  -1.48472e+00
f033_tcomplete      =  1.68755e-05
f034_d7             =  4.08882e-312
f034_d6             =  4.08882e-312
f034_d5             =  3.30000e+00
f034_d4             =  3.30000e+00
f034_d3             =  5.35454e-297
f034_d2             =  5.35454e-297
f034_d1             =  3.30000e+00
f034_d0             =  5.35454e-297
f034_complete       =  3.30000e+00
f034_invalid        =  0.00000e+00
f034_timeout        =  0.00000e+00
f034_sampled        =  -1.01052e+00
f034_input          =  -1.01277e+00
f034_tcomplete      =  1.73755e-05
f035_d7             =  4.08882e-312
f035_d6             =  3.30000e+00
f035_d5             =  3.30000e+00
f035_d4             =  3.30000e+00
f035_d3             =  3.30000e+00
f035_d2             =  4.08882e-312
f035_d1             =  5.10051e-297
f035_d0             =  3.30000e+00
f035_complete       =  3.30000e+00
f035_invalid        =  0.00000e+00
f035_timeout        =  0.00000e+00
f035_sampled        =  -8.14830e-02
f035_input          =  -8.09459e-02
f035_tcomplete      =  1.78755e-05
f036_d7             =  3.30000e+00
f036_d6             =  3.30000e+00
f036_d5             =  4.98084e-297
f036_d4             =  4.98084e-297
f036_d3             =  4.98084e-297
f036_d2             =  4.08882e-312
f036_d1             =  3.30000e+00
f036_d0             =  4.98084e-297
f036_complete       =  3.30000e+00
f036_invalid        =  0.00000e+00
f036_timeout        =  0.00000e+00
f036_sampled        =  8.89649e-01
f036_input          =  8.87660e-01
f036_tcomplete      =  1.83755e-05
f037_d7             =  3.30000e+00
f037_d6             =  3.30000e+00
f037_d5             =  3.30000e+00
f037_d4             =  4.08882e-312
f037_d3             =  3.30000e+00
f037_d2             =  3.30000e+00
f037_d1             =  5.45508e-297
f037_d0             =  3.30000e+00
f037_complete       =  3.30000e+00
f037_invalid        =  0.00000e+00
f037_timeout        =  0.00000e+00
f037_sampled        =  1.45393e+00
f037_input          =  1.45326e+00
f037_tcomplete      =  1.88755e-05
f038_d7             =  3.30000e+00
f038_d6             =  3.30000e+00
f038_d5             =  3.30000e+00
f038_d4             =  4.08882e-312
f038_d3             =  5.33869e-297
f038_d2             =  3.30000e+00
f038_d1             =  3.30000e+00
f038_d0             =  5.33869e-297
f038_complete       =  3.30000e+00
f038_invalid        =  0.00000e+00
f038_timeout        =  0.00000e+00
f038_sampled        =  1.35756e+00
f038_input          =  1.35910e+00
f038_tcomplete      =  1.93755e-05
f039_d7             =  3.30000e+00
f039_d6             =  4.48576e-297
f039_d5             =  3.30000e+00
f039_d4             =  3.30000e+00
f039_d3             =  4.08882e-312
f039_d2             =  4.48576e-297
f039_d1             =  4.48576e-297
f039_d0             =  4.08882e-312
f039_complete       =  3.30000e+00
f039_invalid        =  0.00000e+00
f039_timeout        =  0.00000e+00
f039_sampled        =  6.50534e-01
f039_input          =  6.47993e-01
f039_tcomplete      =  1.98755e-05
f040_d7             =  4.49073e-297
f040_d6             =  3.30000e+00
f040_d5             =  3.30000e+00
f040_d4             =  4.49073e-297
f040_d3             =  4.08882e-312
f040_d2             =  3.30000e+00
f040_d1             =  4.08882e-312
f040_d0             =  4.08882e-312
f040_complete       =  3.30000e+00
f040_invalid        =  0.00000e+00
f040_timeout        =  0.00000e+00
f040_sampled        =  -3.56405e-01
f040_input          =  -3.57279e-01
f040_tcomplete      =  2.03755e-05
f041_d7             =  4.08882e-312
f041_d6             =  5.55044e-297
f041_d5             =  3.30000e+00
f041_d4             =  4.08882e-312
f041_d3             =  4.08882e-312
f041_d2             =  3.30000e+00
f041_d1             =  4.08882e-312
f041_d0             =  4.08882e-312
f041_complete       =  3.30000e+00
f041_invalid        =  0.00000e+00
f041_timeout        =  0.00000e+00
f041_sampled        =  -1.19986e+00
f041_input          =  -1.20038e+00
f041_tcomplete      =  2.08755e-05
f042_d7             =  4.08882e-312
f042_d6             =  4.08882e-312
f042_d5             =  5.18366e-297
f042_d4             =  4.08882e-312
f042_d3             =  3.30000e+00
f042_d2             =  3.30000e+00
f042_d1             =  3.30000e+00
f042_d0             =  4.08882e-312
f042_complete       =  3.30000e+00
f042_invalid        =  0.00000e+00
f042_timeout        =  0.00000e+00
f042_sampled        =  -1.50020e+00
f042_input          =  -1.49853e+00
f042_tcomplete      =  2.13755e-05
f043_d7             =  4.08882e-312
f043_d6             =  4.08882e-312
f043_d5             =  3.30000e+00
f043_d4             =  4.08882e-312
f043_d3             =  3.30000e+00
f043_d2             =  5.18751e-297
f043_d1             =  3.30000e+00
f043_d0             =  3.30000e+00
f043_complete       =  3.30000e+00
f043_invalid        =  0.00000e+00
f043_timeout        =  0.00000e+00
f043_sampled        =  -1.11779e+00
f043_input          =  -1.11637e+00
f043_tcomplete      =  2.18755e-05
f044_d7             =  4.08882e-312
f044_d6             =  3.30000e+00
f044_d5             =  3.30000e+00
f044_d4             =  4.08882e-312
f044_d3             =  3.30000e+00
f044_d2             =  3.30000e+00
f044_d1             =  3.30000e+00
f044_d0             =  5.35049e-297
f044_complete       =  3.30000e+00
f044_invalid        =  0.00000e+00
f044_timeout        =  0.00000e+00
f044_sampled        =  -2.28388e-01
f044_input          =  -2.27313e-01
f044_tcomplete      =  2.23755e-05
f045_d7             =  3.30000e+00
f045_d6             =  5.17805e-297
f045_d5             =  3.30000e+00
f045_d4             =  3.30000e+00
f045_d3             =  3.30000e+00
f045_d2             =  5.17805e-297
f045_d1             =  5.17805e-297
f045_d0             =  3.30000e+00
f045_complete       =  3.30000e+00
f045_invalid        =  0.00000e+00
f045_timeout        =  0.00000e+00
f045_sampled        =  7.63563e-01
f045_input          =  7.64808e-01
f045_tcomplete      =  2.28755e-05
f046_d7             =  3.30000e+00
f046_d6             =  3.30000e+00
f046_d5             =  3.30000e+00
f046_d4             =  4.50664e-297
f046_d3             =  3.30000e+00
f046_d2             =  4.08882e-312
f046_d1             =  4.08882e-312
f046_d0             =  3.30000e+00
f046_complete       =  3.30000e+00
f046_invalid        =  0.00000e+00
f046_timeout        =  0.00000e+00
f046_sampled        =  1.41011e+00
f046_input          =  1.40984e+00
f046_tcomplete      =  2.33755e-05
f047_d7             =  3.30000e+00
f047_d6             =  3.30000e+00
f047_d5             =  3.30000e+00
f047_d4             =  4.08882e-312
f047_d3             =  3.30000e+00
f047_d2             =  4.08882e-312
f047_d1             =  3.30000e+00
f047_d0             =  4.48455e-297
f047_complete       =  3.30000e+00
f047_invalid        =  0.00000e+00
f047_timeout        =  0.00000e+00
f047_sampled        =  1.41800e+00
f047_input          =  1.41489e+00
f047_tcomplete      =  2.38755e-05
f048_d7             =  3.30000e+00
f048_d6             =  5.08390e-297
f048_d5             =  3.30000e+00
f048_d4             =  3.30000e+00
f048_d3             =  3.30000e+00
f048_d2             =  4.08882e-312
f048_d1             =  3.30000e+00
f048_d0             =  4.08882e-312
f048_complete       =  3.30000e+00
f048_invalid        =  0.00000e+00
f048_timeout        =  0.00000e+00
f048_sampled        =  7.78863e-01
f048_input          =  7.77490e-01
f048_tcomplete      =  2.43755e-05
f049_d7             =  5.29466e-297
f049_d6             =  3.30000e+00
f049_d5             =  3.30000e+00
f049_d4             =  5.29466e-297
f049_d3             =  3.30000e+00
f049_d2             =  3.30000e+00
f049_d1             =  3.30000e+00
f049_d0             =  3.30000e+00
f049_complete       =  3.30000e+00
f049_invalid        =  0.00000e+00
f049_timeout        =  0.00000e+00
f049_sampled        =  -2.13258e-01
f049_input          =  -2.12782e-01
f049_tcomplete      =  2.48755e-05
f050_d7             =  4.08882e-312
f050_d6             =  5.38383e-297
f050_d5             =  3.30000e+00
f050_d4             =  4.08882e-312
f050_d3             =  3.30000e+00
f050_d2             =  5.38383e-297
f050_d1             =  3.30000e+00
f050_d0             =  3.30000e+00
f050_complete       =  3.30000e+00
f050_invalid        =  0.00000e+00
f050_timeout        =  0.00000e+00
f050_sampled        =  -1.10764e+00
f050_input          =  -1.10649e+00
f050_tcomplete      =  2.53755e-05
f051_d7             =  4.08882e-312
f051_d6             =  4.08882e-312
f051_d5             =  5.22657e-297
f051_d4             =  4.08882e-312
f051_d3             =  3.30000e+00
f051_d2             =  3.30000e+00
f051_d1             =  3.30000e+00
f051_d0             =  5.22657e-297
f051_complete       =  3.30000e+00
f051_invalid        =  0.00000e+00
f051_timeout        =  0.00000e+00
f051_sampled        =  -1.49731e+00
f051_input          =  -1.49779e+00
f051_tcomplete      =  2.58755e-05
f052_d7             =  4.08882e-312
f052_d6             =  4.08882e-312
f052_d5             =  3.30000e+00
f052_d4             =  4.08882e-312
f052_d3             =  4.44819e-297
f052_d2             =  3.30000e+00
f052_d1             =  4.44819e-297
f052_d0             =  4.08882e-312
f052_complete       =  3.30000e+00
f052_invalid        =  0.00000e+00
f052_timeout        =  0.00000e+00
f052_sampled        =  -1.21020e+00
f052_input          =  -1.20919e+00
f052_tcomplete      =  2.63755e-05
f053_d7             =  4.08882e-312
f053_d6             =  3.30000e+00
f053_d5             =  3.30000e+00
f053_d4             =  4.08882e-312
f053_d3             =  4.08882e-312
f053_d2             =  4.42229e-297
f053_d1             =  3.30000e+00
f053_d0             =  3.30000e+00
f053_complete       =  3.30000e+00
f053_invalid        =  0.00000e+00
f053_timeout        =  0.00000e+00
f053_sampled        =  -3.70985e-01
f053_input          =  -3.71708e-01
f053_tcomplete      =  2.68755e-05
f054_d7             =  3.30000e+00
f054_d6             =  4.42338e-297
f054_d5             =  3.30000e+00
f054_d4             =  4.08882e-312
f054_d3             =  3.30000e+00
f054_d2             =  3.30000e+00
f054_d1             =  3.30000e+00
f054_d0             =  3.30000e+00
f054_complete       =  3.30000e+00
f054_invalid        =  0.00000e+00
f054_timeout        =  0.00000e+00
f054_sampled        =  6.33121e-01
f054_input          =  6.34695e-01
f054_tcomplete      =  2.73755e-05
f055_d7             =  3.30000e+00
f055_d6             =  3.30000e+00
f055_d5             =  3.30000e+00
f055_d4             =  4.08882e-312
f055_d3             =  5.30426e-297
f055_d2             =  3.30000e+00
f055_d1             =  5.30426e-297
f055_d0             =  3.30000e+00
f055_complete       =  3.30000e+00
f055_invalid        =  0.00000e+00
f055_timeout        =  0.00000e+00
f055_sampled        =  1.35112e+00
f055_input          =  1.35277e+00
f055_tcomplete      =  2.78755e-05
f056_d7             =  3.30000e+00
f056_d6             =  3.30000e+00
f056_d5             =  3.30000e+00
f056_d4             =  4.08882e-312
f056_d3             =  3.30000e+00
f056_d2             =  3.30000e+00
f056_d1             =  4.08882e-312
f056_d0             =  3.30000e+00
f056_complete       =  3.30000e+00
f056_invalid        =  0.00000e+00
f056_timeout        =  0.00000e+00
f056_sampled        =  1.45436e+00
f056_input          =  1.45682e+00
f056_tcomplete      =  2.83755e-05
f057_d7             =  3.30000e+00
f057_d6             =  3.30000e+00
f057_d5             =  4.80975e-297
f057_d4             =  4.08882e-312
f057_d3             =  4.80975e-297
f057_d2             =  4.80975e-297
f057_d1             =  3.30000e+00
f057_d0             =  3.30000e+00
f057_complete       =  3.30000e+00
f057_invalid        =  0.00000e+00
f057_timeout        =  0.00000e+00
f057_sampled        =  9.00113e-01
f057_input          =  8.99503e-01
f057_tcomplete      =  2.88755e-05
f058_d7             =  5.11684e-297
f058_d6             =  3.30000e+00
f058_d5             =  3.30000e+00
f058_d4             =  3.30000e+00
f058_d3             =  3.30000e+00
f058_d2             =  4.08882e-312
f058_d1             =  3.30000e+00
f058_d0             =  5.11684e-297
f058_complete       =  3.30000e+00
f058_invalid        =  0.00000e+00
f058_timeout        =  0.00000e+00
f058_sampled        =  -6.61966e-02
f058_input          =  -6.62641e-02
f058_tcomplete      =  2.93755e-05
f059_d7             =  4.08882e-312
f059_d6             =  4.52321e-297
f059_d5             =  3.30000e+00
f059_d4             =  3.30000e+00
f059_d3             =  4.52321e-297
f059_d2             =  4.08882e-312
f059_d1             =  3.30000e+00
f059_d0             =  3.30000e+00
f059_complete       =  3.30000e+00
f059_invalid        =  0.00000e+00
f059_timeout        =  0.00000e+00
f059_sampled        =  -1.00292e+00
f059_input          =  -1.00184e+00
f059_tcomplete      =  2.98755e-05
f060_d7             =  4.08882e-312
f060_d6             =  4.08882e-312
f060_d5             =  5.10059e-297
f060_d4             =  5.10059e-297
f060_d3             =  3.30000e+00
f060_d2             =  3.30000e+00
f060_d1             =  3.30000e+00
f060_d0             =  3.30000e+00
f060_complete       =  3.30000e+00
f060_invalid        =  0.00000e+00
f060_timeout        =  0.00000e+00
f060_sampled        =  -1.48379e+00
f060_input          =  -1.48275e+00
f060_tcomplete      =  3.03755e-05
f061_d7             =  4.08882e-312
f061_d6             =  4.08882e-312
f061_d5             =  4.08882e-312
f061_d4             =  3.30000e+00
f061_d3             =  3.30000e+00
f061_d2             =  3.30000e+00
f061_d1             =  3.30000e+00
f061_d0             =  5.08395e-297
f061_complete       =  3.30000e+00
f061_invalid        =  0.00000e+00
f061_timeout        =  0.00000e+00
f061_sampled        =  -1.29155e+00
f061_input          =  -1.29032e+00
f061_tcomplete      =  3.08755e-05
f062_d7             =  4.08882e-312
f062_d6             =  3.30000e+00
f062_d5             =  4.08882e-312
f062_d4             =  3.30000e+00
f062_d3             =  3.30000e+00
f062_d2             =  4.51880e-297
f062_d1             =  4.51880e-297
f062_d0             =  4.08882e-312
f062_complete       =  3.30000e+00
f062_invalid        =  0.00000e+00
f062_timeout        =  0.00000e+00
f062_sampled        =  -5.13955e-01
f062_input          =  -5.12270e-01
f062_tcomplete      =  3.13755e-05
f063_d7             =  3.30000e+00
f063_d6             =  4.52935e-297
f063_d5             =  3.30000e+00
f063_d4             =  4.52935e-297
f063_d3             =  4.52935e-297
f063_d2             =  3.30000e+00
f063_d1             =  4.08882e-312
f063_d0             =  4.08882e-312
f063_complete       =  3.30000e+00
f063_invalid        =  0.00000e+00
f063_timeout        =  0.00000e+00
f063_sampled        =  4.95233e-01
f063_input          =  4.98359e-01
f063_tcomplete      =  3.18755e-05
f064_d7             =  3.30000e+00
f064_d6             =  3.30000e+00
f064_d5             =  3.30000e+00
f064_d4             =  4.08882e-312
f064_d3             =  4.08882e-312
f064_d2             =  5.05110e-297
f064_d1             =  4.08882e-312
f064_d0             =  4.08882e-312
f064_complete       =  3.30000e+00
f064_invalid        =  0.00000e+00
f064_timeout        =  0.00000e+00
f064_sampled        =  1.28523e+00
f064_input          =  1.28264e+00
f064_tcomplete      =  3.23755e-05
f065_d7             =  3.30000e+00
f065_d6             =  3.30000e+00
f065_d5             =  3.30000e+00
f065_d4             =  4.08882e-312
f065_d3             =  3.30000e+00
f065_d2             =  3.30000e+00
f065_d1             =  3.30000e+00
f065_d0             =  3.30000e+00
f065_complete       =  3.30000e+00
f065_invalid        =  0.00000e+00
f065_timeout        =  0.00000e+00
f065_sampled        =  1.48445e+00
f065_input          =  1.48485e+00
f065_tcomplete      =  3.28755e-05
f066_d7             =  3.30000e+00
f066_d6             =  3.30000e+00
f066_d5             =  5.51324e-297
f066_d4             =  4.08882e-312
f066_d3             =  3.30000e+00
f066_d2             =  5.51324e-297
f066_d1             =  3.30000e+00
f066_d0             =  3.30000e+00
f066_complete       =  3.30000e+00
f066_invalid        =  0.00000e+00
f066_timeout        =  0.00000e+00
f066_sampled        =  1.01349e+00
f066_input          =  1.01279e+00
f066_tcomplete      =  3.33755e-05
f067_d7             =  3.30000e+00
f067_d6             =  5.26156e-297
f067_d5             =  4.08882e-312
f067_d4             =  4.08882e-312
f067_d3             =  5.26156e-297
f067_d2             =  3.30000e+00
f067_d1             =  5.26156e-297
f067_d0             =  3.30000e+00
f067_complete       =  3.30000e+00
f067_invalid        =  0.00000e+00
f067_timeout        =  0.00000e+00
f067_sampled        =  7.95345e-02
f067_input          =  8.09493e-02
f067_tcomplete      =  3.38755e-05
p_f000_cmp7_p0      =  -2.93127e-06
p_f000_cmp7_n0      =  -2.92210e-06
p_f000_cmp7_p5      =  3.30000e+00
p_f000_cmp7_n5      =  -1.72718e-06
p_f000_cmp6_p0      =  -8.23030e-06
p_f000_cmp6_n0      =  -8.25691e-06
p_f000_cmp6_p5      =  3.30000e+00
p_f000_cmp6_n5      =  -1.97102e-06
p_f000_cmp5_p0      =  -3.01703e-06
p_f000_cmp5_n0      =  -3.00808e-06
p_f000_cmp5_p5      =  -1.69748e-06
p_f000_cmp5_n5      =  3.30000e+00
p_f000_cmp4_p0      =  -3.01502e-06
p_f000_cmp4_n0      =  -3.00689e-06
p_f000_cmp4_p5      =  3.30000e+00
p_f000_cmp4_n5      =  -1.63630e-06
p_f000_cmp3_p0      =  -8.18025e-06
p_f000_cmp3_n0      =  -8.20992e-06
p_f000_cmp3_p5      =  3.30000e+00
p_f000_cmp3_n5      =  -1.93749e-06
p_f000_cmp2_p0      =  -8.17885e-06
p_f000_cmp2_n0      =  -8.21000e-06
p_f000_cmp2_p5      =  3.30000e+00
p_f000_cmp2_n5      =  -1.93297e-06
p_f000_cmp1_p0      =  -2.99590e-06
p_f000_cmp1_n0      =  -2.98770e-06
p_f000_cmp1_p5      =  3.30000e+00
p_f000_cmp1_n5      =  -1.62964e-06
p_f000_cmp0_p0      =  -8.21621e-06
p_f000_cmp0_n0      =  -8.24973e-06
p_f000_cmp0_p5      =  3.30000e+00
p_f000_cmp0_n5      =  -1.93268e-06
p_f000_dctrl7_p     =  3.30001e+00
p_f000_dctrl7_n     =  3.44595e-01
p_f000_dctrl6_p     =  3.26645e+00
p_f000_dctrl6_n     =  3.07314e-06
p_f000_dctrl5_p     =  -1.17977e-06
p_f000_dctrl5_n     =  3.29964e+00
p_f000_dctrl4_p     =  3.29999e+00
p_f000_dctrl4_n     =  -1.04577e-07
p_f000_dctrl3_p     =  3.30000e+00
p_f000_dctrl3_n     =  -2.41534e-08
p_f000_dctrl2_p     =  3.30000e+00
p_f000_dctrl2_n     =  -1.21857e-08
p_f000_dctrl1_p     =  3.30000e+00
p_f000_dctrl1_n     =  -5.95961e-09
p_f000_do7_drv_470  =  3.30000e+00
p_f000_do7_rx_470   =  3.30000e+00
p_f000_do6_drv_470  =  3.30000e+00
p_f000_do6_rx_470   =  3.30000e+00
p_f000_do5_drv_470  =  0.00000e+00
p_f000_do5_rx_470   =  0.00000e+00
p_f000_do4_drv_470  =  3.30000e+00
p_f000_do4_rx_470   =  3.30000e+00
p_f000_do3_drv_470  =  3.30000e+00
p_f000_do3_rx_470   =  3.30000e+00
p_f000_do2_drv_470  =  3.30000e+00
p_f000_do2_rx_470   =  3.30000e+00
p_f000_do1_drv_470  =  3.30000e+00
p_f000_do1_rx_470   =  3.30000e+00
p_f000_do0_drv_470  =  3.30000e+00
p_f000_do0_rx_470   =  3.30000e+00
p_f000_do7_drv_480  =  3.30000e+00
p_f000_do7_rx_480   =  3.30000e+00
p_f000_do6_drv_480  =  3.30000e+00
p_f000_do6_rx_480   =  3.30000e+00
p_f000_do5_drv_480  =  0.00000e+00
p_f000_do5_rx_480   =  0.00000e+00
p_f000_do4_drv_480  =  3.30000e+00
p_f000_do4_rx_480   =  3.30000e+00
p_f000_do3_drv_480  =  3.30000e+00
p_f000_do3_rx_480   =  3.30000e+00
p_f000_do2_drv_480  =  3.30000e+00
p_f000_do2_rx_480   =  3.30000e+00
p_f000_do1_drv_480  =  3.30000e+00
p_f000_do1_rx_480   =  3.30000e+00
p_f000_do0_drv_480  =  3.30000e+00
p_f000_do0_rx_480   =  3.30000e+00
p_f001_cmp7_p0      =  -3.03494e-06
p_f001_cmp7_n0      =  -3.02664e-06
p_f001_cmp7_p5      =  3.30000e+00
p_f001_cmp7_n5      =  -1.75353e-06
p_f001_cmp6_p0      =  -8.34909e-06
p_f001_cmp6_n0      =  -8.37616e-06
p_f001_cmp6_p5      =  3.30000e+00
p_f001_cmp6_n5      =  -1.98670e-06
p_f001_cmp5_p0      =  -3.15612e-06
p_f001_cmp5_n0      =  -3.14902e-06
p_f001_cmp5_p5      =  3.30000e+00
p_f001_cmp5_n5      =  -1.65377e-06
p_f001_cmp4_p0      =  -3.10410e-06
p_f001_cmp4_n0      =  -3.09572e-06
p_f001_cmp4_p5      =  -1.71021e-06
p_f001_cmp4_n5      =  3.30000e+00
p_f001_cmp3_p0      =  -8.29685e-06
p_f001_cmp3_n0      =  -8.32781e-06
p_f001_cmp3_p5      =  3.30000e+00
p_f001_cmp3_n5      =  -1.94835e-06
p_f001_cmp2_p0      =  -8.29551e-06
p_f001_cmp2_n0      =  -8.32805e-06
p_f001_cmp2_p5      =  3.30000e+00
p_f001_cmp2_n5      =  -1.94343e-06
p_f001_cmp1_p0      =  -3.09909e-06
p_f001_cmp1_n0      =  -3.09125e-06
p_f001_cmp1_p5      =  3.30000e+00
p_f001_cmp1_n5      =  -1.63786e-06
p_f001_cmp0_p0      =  -8.33268e-06
p_f001_cmp0_n0      =  -8.36839e-06
p_f001_cmp0_p5      =  3.30000e+00
p_f001_cmp0_n5      =  -1.93901e-06
p_f001_dctrl7_p     =  3.30001e+00
p_f001_dctrl7_n     =  3.44757e-01
p_f001_dctrl6_p     =  3.26642e+00
p_f001_dctrl6_n     =  3.45123e-06
p_f001_dctrl5_p     =  3.29964e+00
p_f001_dctrl5_n     =  -1.43744e-06
p_f001_dctrl4_p     =  -1.38495e-07
p_f001_dctrl4_n     =  3.29999e+00
p_f001_dctrl3_p     =  3.30000e+00
p_f001_dctrl3_n     =  -2.43511e-08
p_f001_dctrl2_p     =  3.30000e+00
p_f001_dctrl2_n     =  -1.23334e-08
p_f001_dctrl1_p     =  3.30000e+00
p_f001_dctrl1_n     =  -6.01171e-09
p_f001_do7_drv_470  =  3.30000e+00
p_f001_do7_rx_470   =  3.30000e+00
p_f001_do6_drv_470  =  3.30000e+00
p_f001_do6_rx_470   =  3.30000e+00
p_f001_do5_drv_470  =  3.30000e+00
p_f001_do5_rx_470   =  3.30000e+00
p_f001_do4_drv_470  =  0.00000e+00
p_f001_do4_rx_470   =  1.45265e-268
p_f001_do3_drv_470  =  3.30000e+00
p_f001_do3_rx_470   =  3.30000e+00
p_f001_do2_drv_470  =  3.30000e+00
p_f001_do2_rx_470   =  3.30000e+00
p_f001_do1_drv_470  =  3.30000e+00
p_f001_do1_rx_470   =  3.30000e+00
p_f001_do0_drv_470  =  3.30000e+00
p_f001_do0_rx_470   =  3.30000e+00
p_f001_do7_drv_480  =  3.30000e+00
p_f001_do7_rx_480   =  3.30000e+00
p_f001_do6_drv_480  =  3.30000e+00
p_f001_do6_rx_480   =  3.30000e+00
p_f001_do5_drv_480  =  3.30000e+00
p_f001_do5_rx_480   =  3.30000e+00
p_f001_do4_drv_480  =  0.00000e+00
p_f001_do4_rx_480   =  5.10007e-297
p_f001_do3_drv_480  =  3.30000e+00
p_f001_do3_rx_480   =  3.30000e+00
p_f001_do2_drv_480  =  3.30000e+00
p_f001_do2_rx_480   =  3.30000e+00
p_f001_do1_drv_480  =  3.30000e+00
p_f001_do1_rx_480   =  3.30000e+00
p_f001_do0_drv_480  =  3.30000e+00
p_f001_do0_rx_480   =  3.30000e+00
p_f002_cmp7_p0      =  -3.21222e-06
p_f002_cmp7_n0      =  -3.20521e-06
p_f002_cmp7_p5      =  3.30000e+00
p_f002_cmp7_n5      =  -1.75146e-06
p_f002_cmp6_p0      =  -8.17845e-06
p_f002_cmp6_n0      =  -8.20844e-06
p_f002_cmp6_p5      =  3.30000e+00
p_f002_cmp6_n5      =  -2.00300e-06
p_f002_cmp5_p0      =  -3.37772e-06
p_f002_cmp5_n0      =  -3.37092e-06
p_f002_cmp5_p5      =  -1.74552e-06
p_f002_cmp5_n5      =  3.30000e+00
p_f002_cmp4_p0      =  -3.29386e-06
p_f002_cmp4_n0      =  -3.28554e-06
p_f002_cmp4_p5      =  -1.73597e-06
p_f002_cmp4_n5      =  3.30000e+00
p_f002_cmp3_p0      =  -8.52927e-06
p_f002_cmp3_n0      =  -8.56384e-06
p_f002_cmp3_p5      =  3.30000e+00
p_f002_cmp3_n5      =  -1.96840e-06
p_f002_cmp2_p0      =  -8.52693e-06
p_f002_cmp2_n0      =  -8.56565e-06
p_f002_cmp2_p5      =  -2.04406e-06
p_f002_cmp2_n5      =  3.30000e+00
p_f002_cmp1_p0      =  -3.28856e-06
p_f002_cmp1_n0      =  -3.28150e-06
p_f002_cmp1_p5      =  3.30000e+00
p_f002_cmp1_n5      =  -1.65603e-06
p_f002_cmp0_p0      =  -8.56667e-06
p_f002_cmp0_n0      =  -8.60485e-06
p_f002_cmp0_p5      =  3.30000e+00
p_f002_cmp0_n5      =  -1.96471e-06
p_f002_dctrl7_p     =  3.30001e+00
p_f002_dctrl7_n     =  3.45085e-01
p_f002_dctrl6_p     =  3.26635e+00
p_f002_dctrl6_n     =  2.42672e-06
p_f002_dctrl5_p     =  -1.01829e-06
p_f002_dctrl5_n     =  3.29964e+00
p_f002_dctrl4_p     =  -1.35198e-07
p_f002_dctrl4_n     =  3.29999e+00
p_f002_dctrl3_p     =  3.30000e+00
p_f002_dctrl3_n     =  -2.67497e-08
p_f002_dctrl2_p     =  -1.35602e-08
p_f002_dctrl2_n     =  3.30000e+00
p_f002_dctrl1_p     =  3.30000e+00
p_f002_dctrl1_n     =  -6.05231e-09
p_f002_do7_drv_470  =  3.30000e+00
p_f002_do7_rx_470   =  3.30000e+00
p_f002_do6_drv_470  =  3.30000e+00
p_f002_do6_rx_470   =  3.30000e+00
p_f002_do5_drv_470  =  0.00000e+00
p_f002_do5_rx_470   =  1.57018e-268
p_f002_do4_drv_470  =  0.00000e+00
p_f002_do4_rx_470   =  4.08882e-312
p_f002_do3_drv_470  =  3.30000e+00
p_f002_do3_rx_470   =  3.30000e+00
p_f002_do2_drv_470  =  0.00000e+00
p_f002_do2_rx_470   =  1.57018e-268
p_f002_do1_drv_470  =  3.30000e+00
p_f002_do1_rx_470   =  3.30000e+00
p_f002_do0_drv_470  =  3.30000e+00
p_f002_do0_rx_470   =  3.30000e+00
p_f002_do7_drv_480  =  3.30000e+00
p_f002_do7_rx_480   =  3.30000e+00
p_f002_do6_drv_480  =  3.30000e+00
p_f002_do6_rx_480   =  3.30000e+00
p_f002_do5_drv_480  =  0.00000e+00
p_f002_do5_rx_480   =  5.51273e-297
p_f002_do4_drv_480  =  0.00000e+00
p_f002_do4_rx_480   =  4.08882e-312
p_f002_do3_drv_480  =  3.30000e+00
p_f002_do3_rx_480   =  3.30000e+00
p_f002_do2_drv_480  =  0.00000e+00
p_f002_do2_rx_480   =  5.51273e-297
p_f002_do1_drv_480  =  3.30000e+00
p_f002_do1_rx_480   =  3.30000e+00
p_f002_do0_drv_480  =  3.30000e+00
p_f002_do0_rx_480   =  3.30000e+00
p_f003_cmp7_p0      =  -3.15729e-06
p_f003_cmp7_n0      =  -3.14976e-06
p_f003_cmp7_p5      =  3.30000e+00
p_f003_cmp7_n5      =  -1.73645e-06
p_f003_cmp6_p0      =  -8.53376e-06
p_f003_cmp6_n0      =  -8.58242e-06
p_f003_cmp6_p5      =  -2.10126e-06
p_f003_cmp6_n5      =  3.30000e+00
p_f003_cmp5_p0      =  -3.27899e-06
p_f003_cmp5_n0      =  -3.27128e-06
p_f003_cmp5_p5      =  -1.73994e-06
p_f003_cmp5_n5      =  3.30000e+00
p_f003_cmp4_p0      =  -3.37063e-06
p_f003_cmp4_n0      =  -3.36353e-06
p_f003_cmp4_p5      =  -1.73929e-06
p_f003_cmp4_n5      =  3.30000e+00
p_f003_cmp3_p0      =  -8.48677e-06
p_f003_cmp3_n0      =  -8.52737e-06
p_f003_cmp3_p5      =  -2.04963e-06
p_f003_cmp3_n5      =  3.30000e+00
p_f003_cmp2_p0      =  -8.48910e-06
p_f003_cmp2_n0      =  -8.52549e-06
p_f003_cmp2_p5      =  3.30000e+00
p_f003_cmp2_n5      =  -1.95894e-06
p_f003_cmp1_p0      =  -3.25706e-06
p_f003_cmp1_n0      =  -3.24934e-06
p_f003_cmp1_p5      =  -1.72350e-06
p_f003_cmp1_n5      =  3.30000e+00
p_f003_cmp0_p0      =  -8.52750e-06
p_f003_cmp0_n0      =  -8.56554e-06
p_f003_cmp0_p5      =  3.30000e+00
p_f003_cmp0_n5      =  -1.95630e-06
p_f003_dctrl7_p     =  3.30001e+00
p_f003_dctrl7_n     =  3.45025e-01
p_f003_dctrl6_p     =  3.08267e-05
p_f003_dctrl6_n     =  3.26635e+00
p_f003_dctrl5_p     =  -1.10574e-06
p_f003_dctrl5_n     =  3.29964e+00
p_f003_dctrl4_p     =  -1.23182e-07
p_f003_dctrl4_n     =  3.29999e+00
p_f003_dctrl3_p     =  -2.85240e-08
p_f003_dctrl3_n     =  3.30000e+00
p_f003_dctrl2_p     =  3.30000e+00
p_f003_dctrl2_n     =  -1.32291e-08
p_f003_dctrl1_p     =  -6.40954e-09
p_f003_dctrl1_n     =  3.30000e+00
p_f003_do7_drv_470  =  3.30000e+00
p_f003_do7_rx_470   =  3.30000e+00
p_f003_do6_drv_470  =  0.00000e+00
p_f003_do6_rx_470   =  1.49898e-268
p_f003_do5_drv_470  =  0.00000e+00
p_f003_do5_rx_470   =  4.08882e-312
p_f003_do4_drv_470  =  0.00000e+00
p_f003_do4_rx_470   =  4.08882e-312
p_f003_do3_drv_470  =  0.00000e+00
p_f003_do3_rx_470   =  1.49898e-268
p_f003_do2_drv_470  =  3.30000e+00
p_f003_do2_rx_470   =  3.30000e+00
p_f003_do1_drv_470  =  0.00000e+00
p_f003_do1_rx_470   =  1.49898e-268
p_f003_do0_drv_470  =  3.30000e+00
p_f003_do0_rx_470   =  3.30000e+00
p_f003_do7_drv_480  =  3.30000e+00
p_f003_do7_rx_480   =  3.30000e+00
p_f003_do6_drv_480  =  0.00000e+00
p_f003_do6_rx_480   =  5.26273e-297
p_f003_do5_drv_480  =  0.00000e+00
p_f003_do5_rx_480   =  4.08882e-312
p_f003_do4_drv_480  =  0.00000e+00
p_f003_do4_rx_480   =  4.08882e-312
p_f003_do3_drv_480  =  0.00000e+00
p_f003_do3_rx_480   =  5.26273e-297
p_f003_do2_drv_480  =  3.30000e+00
p_f003_do2_rx_480   =  3.30000e+00
p_f003_do1_drv_480  =  0.00000e+00
p_f003_do1_rx_480   =  5.26273e-297
p_f003_do0_drv_480  =  3.30000e+00
p_f003_do0_rx_480   =  3.30000e+00
p_f064_cmp7_p0      =  -3.05766e-06
p_f064_cmp7_n0      =  -3.04933e-06
p_f064_cmp7_p5      =  3.30000e+00
p_f064_cmp7_n5      =  -1.74122e-06
p_f064_cmp6_p0      =  -8.38521e-06
p_f064_cmp6_n0      =  -8.41290e-06
p_f064_cmp6_p5      =  3.30000e+00
p_f064_cmp6_n5      =  -1.98590e-06
p_f064_cmp5_p0      =  -2.92322e-06
p_f064_cmp5_n0      =  -2.91363e-06
p_f064_cmp5_p5      =  3.30000e+00
p_f064_cmp5_n5      =  -1.62067e-06
p_f064_cmp4_p0      =  -3.21479e-06
p_f064_cmp4_n0      =  -3.20673e-06
p_f064_cmp4_p5      =  -1.72625e-06
p_f064_cmp4_n5      =  3.30000e+00
p_f064_cmp3_p0      =  -8.02022e-06
p_f064_cmp3_n0      =  -8.05654e-06
p_f064_cmp3_p5      =  -2.00915e-06
p_f064_cmp3_n5      =  3.30000e+00
p_f064_cmp2_p0      =  -8.33132e-06
p_f064_cmp2_n0      =  -8.37046e-06
p_f064_cmp2_p5      =  -2.03730e-06
p_f064_cmp2_n5      =  3.30000e+00
p_f064_cmp1_p0      =  -3.16704e-06
p_f064_cmp1_n0      =  -3.15905e-06
p_f064_cmp1_p5      =  -1.70581e-06
p_f064_cmp1_n5      =  3.30000e+00
p_f064_cmp0_p0      =  -8.02015e-06
p_f064_cmp0_n0      =  -8.05352e-06
p_f064_cmp0_p5      =  -2.00000e-06
p_f064_cmp0_n5      =  3.30000e+00
p_f064_dctrl7_p     =  3.30001e+00
p_f064_dctrl7_n     =  3.44595e-01
p_f064_dctrl6_p     =  3.26642e+00
p_f064_dctrl6_n     =  3.08059e-06
p_f064_dctrl5_p     =  3.29964e+00
p_f064_dctrl5_n     =  -1.61824e-06
p_f064_dctrl4_p     =  -1.18609e-07
p_f064_dctrl4_n     =  3.29999e+00
p_f064_dctrl3_p     =  -2.64316e-08
p_f064_dctrl3_n     =  3.30000e+00
p_f064_dctrl2_p     =  -1.28422e-08
p_f064_dctrl2_n     =  3.30000e+00
p_f064_dctrl1_p     =  -6.35358e-09
p_f064_dctrl1_n     =  3.30000e+00
p_f064_do7_drv_470  =  3.30000e+00
p_f064_do7_rx_470   =  3.30000e+00
p_f064_do6_drv_470  =  3.30000e+00
p_f064_do6_rx_470   =  3.30000e+00
p_f064_do5_drv_470  =  3.30000e+00
p_f064_do5_rx_470   =  3.30000e+00
p_f064_do4_drv_470  =  0.00000e+00
p_f064_do4_rx_470   =  4.08882e-312
p_f064_do3_drv_470  =  0.00000e+00
p_f064_do3_rx_470   =  4.08882e-312
p_f064_do2_drv_470  =  0.00000e+00
p_f064_do2_rx_470   =  1.43870e-268
p_f064_do1_drv_470  =  0.00000e+00
p_f064_do1_rx_470   =  4.08882e-312
p_f064_do0_drv_470  =  0.00000e+00
p_f064_do0_rx_470   =  4.08882e-312
p_f064_do7_drv_480  =  3.30000e+00
p_f064_do7_rx_480   =  3.30000e+00
p_f064_do6_drv_480  =  3.30000e+00
p_f064_do6_rx_480   =  3.30000e+00
p_f064_do5_drv_480  =  3.30000e+00
p_f064_do5_rx_480   =  3.30000e+00
p_f064_do4_drv_480  =  0.00000e+00
p_f064_do4_rx_480   =  4.08882e-312
p_f064_do3_drv_480  =  0.00000e+00
p_f064_do3_rx_480   =  4.08882e-312
p_f064_do2_drv_480  =  0.00000e+00
p_f064_do2_rx_480   =  5.05110e-297
p_f064_do1_drv_480  =  0.00000e+00
p_f064_do1_rx_480   =  4.08882e-312
p_f064_do0_drv_480  =  0.00000e+00
p_f064_do0_rx_480   =  4.08882e-312
p_f065_cmp7_p0      =  -3.16064e-06
p_f065_cmp7_n0      =  -3.15320e-06
p_f065_cmp7_p5      =  3.30000e+00
p_f065_cmp7_n5      =  -1.76739e-06
p_f065_cmp6_p0      =  -8.50380e-06
p_f065_cmp6_n0      =  -8.53189e-06
p_f065_cmp6_p5      =  3.30000e+00
p_f065_cmp6_n5      =  -2.00264e-06
p_f065_cmp5_p0      =  -3.04968e-06
p_f065_cmp5_n0      =  -3.04182e-06
p_f065_cmp5_p5      =  3.30000e+00
p_f065_cmp5_n5      =  -1.64320e-06
p_f065_cmp4_p0      =  -3.22973e-06
p_f065_cmp4_n0      =  -3.22224e-06
p_f065_cmp4_p5      =  -1.72289e-06
p_f065_cmp4_n5      =  3.30000e+00
p_f065_cmp3_p0      =  -8.14101e-06
p_f065_cmp3_n0      =  -8.17056e-06
p_f065_cmp3_p5      =  3.30000e+00
p_f065_cmp3_n5      =  -1.93344e-06
p_f065_cmp2_p0      =  -8.45140e-06
p_f065_cmp2_n0      =  -8.48548e-06
p_f065_cmp2_p5      =  3.30000e+00
p_f065_cmp2_n5      =  -1.95883e-06
p_f065_cmp1_p0      =  -3.06757e-06
p_f065_cmp1_n0      =  -3.05952e-06
p_f065_cmp1_p5      =  3.30000e+00
p_f065_cmp1_n5      =  -1.63461e-06
p_f065_cmp0_p0      =  -8.13769e-06
p_f065_cmp0_n0      =  -8.17129e-06
p_f065_cmp0_p5      =  3.30000e+00
p_f065_cmp0_n5      =  -1.95595e-06
p_f065_dctrl7_p     =  3.30001e+00
p_f065_dctrl7_n     =  3.44757e-01
p_f065_dctrl6_p     =  3.26639e+00
p_f065_dctrl6_n     =  3.46141e-06
p_f065_dctrl5_p     =  3.29964e+00
p_f065_dctrl5_n     =  -1.43974e-06
p_f065_dctrl4_p     =  -1.38725e-07
p_f065_dctrl4_n     =  3.29999e+00
p_f065_dctrl3_p     =  3.30000e+00
p_f065_dctrl3_n     =  -2.43926e-08
p_f065_dctrl2_p     =  3.30000e+00
p_f065_dctrl2_n     =  -1.22973e-08
p_f065_dctrl1_p     =  3.30000e+00
p_f065_dctrl1_n     =  -6.05188e-09
p_f065_do7_drv_470  =  3.30000e+00
p_f065_do7_rx_470   =  3.30000e+00
p_f065_do6_drv_470  =  3.30000e+00
p_f065_do6_rx_470   =  3.30000e+00
p_f065_do5_drv_470  =  3.30000e+00
p_f065_do5_rx_470   =  3.30000e+00
p_f065_do4_drv_470  =  0.00000e+00
p_f065_do4_rx_470   =  4.08882e-312
p_f065_do3_drv_470  =  3.30000e+00
p_f065_do3_rx_470   =  3.30000e+00
p_f065_do2_drv_470  =  3.30000e+00
p_f065_do2_rx_470   =  3.30000e+00
p_f065_do1_drv_470  =  3.30000e+00
p_f065_do1_rx_470   =  3.30000e+00
p_f065_do0_drv_470  =  3.30000e+00
p_f065_do0_rx_470   =  3.30000e+00
p_f065_do7_drv_480  =  3.30000e+00
p_f065_do7_rx_480   =  3.30000e+00
p_f065_do6_drv_480  =  3.30000e+00
p_f065_do6_rx_480   =  3.30000e+00
p_f065_do5_drv_480  =  3.30000e+00
p_f065_do5_rx_480   =  3.30000e+00
p_f065_do4_drv_480  =  0.00000e+00
p_f065_do4_rx_480   =  4.08882e-312
p_f065_do3_drv_480  =  3.30000e+00
p_f065_do3_rx_480   =  3.30000e+00
p_f065_do2_drv_480  =  3.30000e+00
p_f065_do2_rx_480   =  3.30000e+00
p_f065_do1_drv_480  =  3.30000e+00
p_f065_do1_rx_480   =  3.30000e+00
p_f065_do0_drv_480  =  3.30000e+00
p_f065_do0_rx_480   =  3.30000e+00
p_f066_cmp7_p0      =  -3.33844e-06
p_f066_cmp7_n0      =  -3.33228e-06
p_f066_cmp7_p5      =  3.30000e+00
p_f066_cmp7_n5      =  -1.76485e-06
p_f066_cmp6_p0      =  -9.14101e-06
p_f066_cmp6_n0      =  -9.17574e-06
p_f066_cmp6_p5      =  3.30000e+00
p_f066_cmp6_n5      =  -2.01540e-06
p_f066_cmp5_p0      =  -3.21651e-06
p_f066_cmp5_n0      =  -3.20832e-06
p_f066_cmp5_p5      =  -1.73447e-06
p_f066_cmp5_n5      =  3.30000e+00
p_f066_cmp4_p0      =  -3.41941e-06
p_f066_cmp4_n0      =  -3.41195e-06
p_f066_cmp4_p5      =  -1.74893e-06
p_f066_cmp4_n5      =  3.30000e+00
p_f066_cmp3_p0      =  -8.37338e-06
p_f066_cmp3_n0      =  -8.40651e-06
p_f066_cmp3_p5      =  3.30000e+00
p_f066_cmp3_n5      =  -1.95263e-06
p_f066_cmp2_p0      =  -8.68266e-06
p_f066_cmp2_n0      =  -8.72333e-06
p_f066_cmp2_p5      =  -2.06393e-06
p_f066_cmp2_n5      =  3.30000e+00
p_f066_cmp1_p0      =  -3.25703e-06
p_f066_cmp1_n0      =  -3.24979e-06
p_f066_cmp1_p5      =  3.30000e+00
p_f066_cmp1_n5      =  -1.65260e-06
p_f066_cmp0_p0      =  -8.37200e-06
p_f066_cmp0_n0      =  -8.40748e-06
p_f066_cmp0_p5      =  3.30000e+00
p_f066_cmp0_n5      =  -1.94495e-06
p_f066_dctrl7_p     =  3.30001e+00
p_f066_dctrl7_n     =  3.45085e-01
p_f066_dctrl6_p     =  3.26632e+00
p_f066_dctrl6_n     =  2.43638e-06
p_f066_dctrl5_p     =  -1.02001e-06
p_f066_dctrl5_n     =  3.29964e+00
p_f066_dctrl4_p     =  -1.35137e-07
p_f066_dctrl4_n     =  3.29999e+00
p_f066_dctrl3_p     =  3.30000e+00
p_f066_dctrl3_n     =  -2.68875e-08
p_f066_dctrl2_p     =  -1.35459e-08
p_f066_dctrl2_n     =  3.30000e+00
p_f066_dctrl1_p     =  3.30000e+00
p_f066_dctrl1_n     =  -6.05303e-09
p_f066_do7_drv_470  =  3.30000e+00
p_f066_do7_rx_470   =  3.30000e+00
p_f066_do6_drv_470  =  3.30000e+00
p_f066_do6_rx_470   =  3.30000e+00
p_f066_do5_drv_470  =  0.00000e+00
p_f066_do5_rx_470   =  1.57033e-268
p_f066_do4_drv_470  =  0.00000e+00
p_f066_do4_rx_470   =  4.08882e-312
p_f066_do3_drv_470  =  3.30000e+00
p_f066_do3_rx_470   =  3.30000e+00
p_f066_do2_drv_470  =  0.00000e+00
p_f066_do2_rx_470   =  1.57033e-268
p_f066_do1_drv_470  =  3.30000e+00
p_f066_do1_rx_470   =  3.30000e+00
p_f066_do0_drv_470  =  3.30000e+00
p_f066_do0_rx_470   =  3.30000e+00
p_f066_do7_drv_480  =  3.30000e+00
p_f066_do7_rx_480   =  3.30000e+00
p_f066_do6_drv_480  =  3.30000e+00
p_f066_do6_rx_480   =  3.30000e+00
p_f066_do5_drv_480  =  0.00000e+00
p_f066_do5_rx_480   =  5.51324e-297
p_f066_do4_drv_480  =  0.00000e+00
p_f066_do4_rx_480   =  4.08882e-312
p_f066_do3_drv_480  =  3.30000e+00
p_f066_do3_rx_480   =  3.30000e+00
p_f066_do2_drv_480  =  0.00000e+00
p_f066_do2_rx_480   =  5.51324e-297
p_f066_do1_drv_480  =  3.30000e+00
p_f066_do1_rx_480   =  3.30000e+00
p_f066_do0_drv_480  =  3.30000e+00
p_f066_do0_rx_480   =  3.30000e+00
p_f067_cmp7_p0      =  -3.28539e-06
p_f067_cmp7_n0      =  -3.27872e-06
p_f067_cmp7_p5      =  3.30000e+00
p_f067_cmp7_n5      =  -1.74990e-06
p_f067_cmp6_p0      =  -8.68750e-06
p_f067_cmp6_n0      =  -8.73881e-06
p_f067_cmp6_p5      =  -2.11799e-06
p_f067_cmp6_n5      =  3.30000e+00
p_f067_cmp5_p0      =  -3.18575e-06
p_f067_cmp5_n0      =  -3.17737e-06
p_f067_cmp5_p5      =  -1.73053e-06
p_f067_cmp5_n5      =  3.30000e+00
p_f067_cmp4_p0      =  -3.50975e-06
p_f067_cmp4_n0      =  -3.50365e-06
p_f067_cmp4_p5      =  -1.75245e-06
p_f067_cmp4_n5      =  3.30000e+00
p_f067_cmp3_p0      =  -8.33118e-06
p_f067_cmp3_n0      =  -8.36966e-06
p_f067_cmp3_p5      =  -2.03376e-06
p_f067_cmp3_n5      =  3.30000e+00
p_f067_cmp2_p0      =  -8.64489e-06
p_f067_cmp2_n0      =  -8.68307e-06
p_f067_cmp2_p5      =  3.30000e+00
p_f067_cmp2_n5      =  -1.97465e-06
p_f067_cmp1_p0      =  -3.22554e-06
p_f067_cmp1_n0      =  -3.21760e-06
p_f067_cmp1_p5      =  -1.71945e-06
p_f067_cmp1_n5      =  3.30000e+00
p_f067_cmp0_p0      =  -8.33266e-06
p_f067_cmp0_n0      =  -8.36840e-06
p_f067_cmp0_p5      =  3.30000e+00
p_f067_cmp0_n5      =  -1.94001e-06
p_f067_dctrl7_p     =  3.30001e+00
p_f067_dctrl7_n     =  3.45025e-01
p_f067_dctrl6_p     =  3.08561e-05
p_f067_dctrl6_n     =  3.26632e+00
p_f067_dctrl5_p     =  -1.10574e-06
p_f067_dctrl5_n     =  3.29964e+00
p_f067_dctrl4_p     =  -1.23465e-07
p_f067_dctrl4_n     =  3.29999e+00
p_f067_dctrl3_p     =  -2.85109e-08
p_f067_dctrl3_n     =  3.30000e+00
p_f067_dctrl2_p     =  3.30000e+00
p_f067_dctrl2_n     =  -1.31747e-08
p_f067_dctrl1_p     =  -6.42460e-09
p_f067_dctrl1_n     =  3.30000e+00
p_f067_do7_drv_470  =  3.30000e+00
p_f067_do7_rx_470   =  3.30000e+00
p_f067_do6_drv_470  =  0.00000e+00
p_f067_do6_rx_470   =  1.49865e-268
p_f067_do5_drv_470  =  0.00000e+00
p_f067_do5_rx_470   =  4.08882e-312
p_f067_do4_drv_470  =  0.00000e+00
p_f067_do4_rx_470   =  4.08882e-312
p_f067_do3_drv_470  =  0.00000e+00
p_f067_do3_rx_470   =  1.49865e-268
p_f067_do2_drv_470  =  3.30000e+00
p_f067_do2_rx_470   =  3.30000e+00
p_f067_do1_drv_470  =  0.00000e+00
p_f067_do1_rx_470   =  1.49865e-268
p_f067_do0_drv_470  =  3.30000e+00
p_f067_do0_rx_470   =  3.30000e+00
p_f067_do7_drv_480  =  3.30000e+00
p_f067_do7_rx_480   =  3.30000e+00
p_f067_do6_drv_480  =  0.00000e+00
p_f067_do6_rx_480   =  5.26156e-297
p_f067_do5_drv_480  =  0.00000e+00
p_f067_do5_rx_480   =  4.08882e-312
p_f067_do4_drv_480  =  0.00000e+00
p_f067_do4_rx_480   =  4.08882e-312
p_f067_do3_drv_480  =  0.00000e+00
p_f067_do3_rx_480   =  5.26156e-297
p_f067_do2_drv_480  =  3.30000e+00
p_f067_do2_rx_480   =  3.30000e+00
p_f067_do1_drv_480  =  0.00000e+00
p_f067_do1_rx_480   =  5.26156e-297
p_f067_do0_drv_480  =  3.30000e+00
p_f067_do0_rx_480   =  3.30000e+00
ngspice-46 done
