
Note: Compatibility modes selected: hs a

Warning: m=xx on .subckt line will override multiplier m hierarchy!


Circuit: * a44 actual analog core with fixed tt timed behavioral sar control.

Reducing trtol to 1 for xspice 'A' devices
Doing analysis at TEMP = 27.000000 and TNOM = 27.000000

Using SPARSE 1.3 as Direct Linear Solver

Initial Transient Solution
--------------------------

Node                                   Voltage
----                                   -------
vdd                                        3.3
vrefp_src                                  2.5
vrefp                                      2.5
vrefp_cap                                  2.5
vrefn_src                                  0.8
vrefn                                      0.8
vrefn_cap                                  0.8
vinp_src                               2.29145
vinn_src                               1.00855
vinp                                   2.29145
vinn                                   1.00855
clks_src                                     0
clks                                         0
cmp_noise                         -0.000227239
xcore.xcdacp.vbot1                         2.5
dctrlp1                                      0
xcore.vresp_raw                    0.000645482
xcore.xcdacp.vbot2                         2.5
dctrlp2                                      0
xcore.xcdacp.vbot3                         2.5
dctrlp3                                      0
xcore.xcdacp.vbot4                         2.5
dctrlp4                                      0
xcore.xcdacp.vbot5                         2.5
dctrlp5                                      0
xcore.xcdacp.vbot6                         2.5
dctrlp6                                      0
xcore.xcdacp.vbot7                         2.5
dctrlp7                                      0
xcore.xcdacp.x1.clksb                      3.3
xcore.xcdacp.x1.net2                 1.327e-10
xcore.xcdacp.x1.net1                       3.3
xcore.xcdacp.x1.bottom_gate        6.11378e-09
xcore.xcdacp.x1.net4               3.06702e-09
xcore.xcdacp.x1.net3                       3.3
xcore.xcdacn.vbot1                         2.5
dctrln1                                      0
xcore.vresn_raw                    0.000746726
xcore.xcdacn.vbot2                         2.5
dctrln2                                      0
xcore.xcdacn.vbot3                         2.5
dctrln3                                      0
xcore.xcdacn.vbot4                         2.5
dctrln4                                      0
xcore.xcdacn.vbot5                         2.5
dctrln5                                      0
xcore.xcdacn.vbot6                         2.5
dctrln6                                      0
xcore.xcdacn.vbot7                         2.5
dctrln7                                      0
xcore.xcdacn.x1.clksb                      3.3
xcore.xcdacn.x1.net2               1.17038e-10
xcore.xcdacn.x1.net1                       3.3
xcore.xcdacn.x1.bottom_gate        6.14381e-09
xcore.xcdacn.x1.net4               3.06237e-09
xcore.xcdacn.x1.net3                       3.3
vresp                              0.000531862
vresn                              0.000860346
xcore.xcmp.net1                      0.0272284
cmpck                                        0
xcore.xcmp.xp                              3.3
xcore.xcmp.xn                              3.3
xcore.xcmp.ln                              3.3
xcore.xcmp.lp                              3.3
dcmpn                              3.66482e-09
dcmpp                              3.65743e-09
sampled_diff                      -0.000328484
input_diff                              1.2829
cmpck_drv                                    0
dctrlp7_drv                                  0
dctrlp6_drv                                  0
dctrlp5_drv                                  0
dctrlp4_drv                                  0
dctrlp3_drv                                  0
dctrlp2_drv                                  0
dctrlp1_drv                                  0
dctrln7_drv                                  0
dctrln6_drv                                  0
dctrln5_drv                                  0
dctrln4_drv                                  0
dctrln3_drv                                  0
dctrln2_drv                                  0
dctrln1_drv                                  0
dout7_drv                                    0
dout6_drv                                    0
dout5_drv                                    0
dout4_drv                                    0
dout3_drv                                    0
dout2_drv                                    0
dout1_drv                                    0
dout0_drv                                    0
eoc                                          0
invalid0                                     0
timeout0                                     0
complete                                     0
dout7_rx                                     0
dout6_rx                                     0
dout5_rx                                     0
dout4_rx                                     0
dout3_rx                                     0
dout2_rx                                     0
dout1_rx                                     0
dout0_rx                                     0
e_input_diff#branch                -1.2829e-10
e_sample_diff#branch               3.28484e-14
e.xcore.e_cmp_noise_n#branch      -8.60346e-14
e.xcore.e_cmp_noise_p#branch      -5.31862e-14
vcmp_noise#branch                  2.27239e-14
vclks_id#branch                              0
vvinn_id#branch                   -4.15785e-10
vvinp_id#branch                   -9.44321e-10
vvrefn_id#branch                  -1.76652e-09
vvrefp_id#branch                  -1.52076e-08
vvdd#branch                       -1.77552e-08
a_status#branch_1_0                          0
a_status#branch_1_1                          0
a_status#branch_1_2                          0
a_status#branch_1_3                          0
a_dout#branch_1_0                            0
a_dout#branch_1_1                            0
a_dout#branch_1_2                            0
a_dout#branch_1_3                            0
a_dout#branch_1_4                            0
a_dout#branch_1_5                            0
a_dout#branch_1_6                            0
a_dout#branch_1_7                            0
a_dctrln#branch_1_0                          0
a_dctrln#branch_1_1                          0
a_dctrln#branch_1_2                          0
a_dctrln#branch_1_3                          0
a_dctrln#branch_1_4                          0
a_dctrln#branch_1_5                          0
a_dctrln#branch_1_6                          0
a_dctrlp#branch_1_0                          0
a_dctrlp#branch_1_1                          0
a_dctrlp#branch_1_2                          0
a_dctrlp#branch_1_3                          0
a_dctrlp#branch_1_4                          0
a_dctrlp#branch_1_5                          0
a_dctrlp#branch_1_6                          0
a_cmpck#branch_1_0                           0


Instance: abeh   Message: WARNING: output scheduled with impossible delay (-4.01e-12) at 5.01e-12/0.

Instance: abeh   Message: XSPICE time is behind vtime:
XSPICE 2.005247285700703e-07
Cosim  2.00554e-07

Instance: abeh   Message: XSPICE time is behind vtime:
XSPICE 7.005004736725396e-07
Cosim  7.00534e-07

Instance: abeh   Message: XSPICE time is behind vtime:
XSPICE 1.200542871951104e-06
Cosim  1.200558e-06

Instance: abeh   Message: XSPICE time is behind vtime:
XSPICE 2.20053806157555e-06
Cosim  2.200547e-06

Instance: abeh   Message: XSPICE time is behind vtime:
XSPICE 2.700520482427382e-06
Cosim  2.700554e-06

Instance: abeh   Message: XSPICE time is behind vtime:
XSPICE 3.200498482419496e-06
Cosim  3.200532e-06

Instance: abeh   Message: XSPICE time is behind vtime:
XSPICE 4.700529044335892e-06
Cosim  4.700554e-06

Instance: abeh   Message: XSPICE time is behind vtime:
XSPICE 5.20052147367655e-06
Cosim  5.200555e-06

Instance: abeh   Message: XSPICE time is behind vtime:
XSPICE 5.700532454112031e-06
Cosim  5.700553e-06

Instance: abeh   Message: XSPICE time is behind vtime:
XSPICE 7.200517482423556e-06
Cosim  7.200551e-06

Instance: abeh   Message: XSPICE time is behind vtime:
XSPICE 7.700517482424008e-06
Cosim  7.700551e-06

Instance: abeh   Message: XSPICE time is behind vtime:
XSPICE 9.200532968199139e-06
Cosim  9.200552999999999e-06

Instance: abeh   Message: XSPICE time is behind vtime:
XSPICE 9.700521473675514e-06
Cosim  9.700555e-06

Instance: abeh   Message: XSPICE time is behind vtime:
XSPICE 1.020052859351159e-05
Cosim  1.0200554e-05

Instance: abeh   Message: XSPICE time is behind vtime:
XSPICE 1.170050068072797e-05
Cosim  1.1700534e-05

Instance: abeh   Message: XSPICE time is behind vtime:
XSPICE 1.220052448242844e-05
Cosim  1.2200558e-05

Instance: abeh   Message: XSPICE time is behind vtime:
XSPICE 1.270053744010905e-05
Cosim  1.2700547e-05

Instance: abeh   Message: XSPICE time is behind vtime:
XSPICE 1.370051544564162e-05
Cosim  1.370053e-05

Instance: abeh   Message: XSPICE time is behind vtime:
XSPICE 1.420050047367199e-05
Cosim  1.4200534e-05

Instance: abeh   Message: XSPICE time is behind vtime:
XSPICE 1.470052434829441e-05
Cosim  1.4700554e-05

Instance: abeh   Message: XSPICE time is behind vtime:
XSPICE 1.620052234996565e-05
Cosim  1.6200552e-05

Instance: abeh   Message: XSPICE time is behind vtime:
XSPICE 1.670051948243274e-05
Cosim  1.6700553e-05

Instance: abeh   Message: XSPICE time is behind vtime:
XSPICE 1.720053649887231e-05
Cosim  1.7200552e-05

Instance: abeh   Message: XSPICE time is behind vtime:
XSPICE 1.820053842927054e-05
Cosim  1.8200547e-05

Instance: abeh   Message: XSPICE time is behind vtime:
XSPICE 1.870052147366552e-05
Cosim  1.8700555e-05

Instance: abeh   Message: XSPICE time is behind vtime:
XSPICE 1.920049773945682e-05
Cosim  1.9200531e-05

Instance: abeh   Message: XSPICE time is behind vtime:
XSPICE 2.070052766899424e-05
Cosim  2.0700553e-05

Instance: abeh   Message: XSPICE time is behind vtime:
XSPICE 2.120051748243736e-05
Cosim  2.1200551e-05

Instance: abeh   Message: XSPICE time is behind vtime:
XSPICE 2.170053107183287e-05
Cosim  2.1700552e-05

Instance: abeh   Message: XSPICE time is behind vtime:
XSPICE 2.320052047365753e-05
Cosim  2.3200554e-05

Instance: abeh   Message: XSPICE time is behind vtime:
XSPICE 2.370052047365757e-05
Cosim  2.3700554e-05

Instance: abeh   Message: XSPICE time is behind vtime:
XSPICE 2.520053159983003e-05
Cosim  2.5200552e-05

Instance: abeh   Message: XSPICE time is behind vtime:
XSPICE 2.570051748243725e-05
Cosim  2.5700551e-05

Instance: abeh   Message: XSPICE time is behind vtime:
XSPICE 2.620052820913067e-05
Cosim  2.6200554e-05

Instance: abeh   Message: XSPICE time is behind vtime:
XSPICE 2.770049906511195e-05
Cosim  2.7700532e-05

Instance: abeh   Message: XSPICE time is behind vtime:
XSPICE 2.8200521473665e-05
Cosim  2.8200555e-05

Instance: abeh   Message: XSPICE time is behind vtime:
XSPICE 2.870053381060392e-05
Cosim  2.8700543e-05

Instance: abeh   Message: XSPICE time is behind vtime:
XSPICE 2.970054007010418e-05
Cosim  2.9700555e-05

Instance: abeh   Message: XSPICE time is behind vtime:
XSPICE 3.020051948243203e-05
Cosim  3.0200553e-05

Instance: abeh   Message: XSPICE time is behind vtime:
XSPICE 3.070052195404391e-05
Cosim  3.0700552e-05

Instance: abeh   Message: XSPICE time is behind vtime:
XSPICE 3.220052473460289e-05
Cosim  3.2200554e-05

Instance: abeh   Message: XSPICE time is behind vtime:
XSPICE 3.270050047367159e-05
Cosim  3.2700534e-05

Instance: abeh   Message: XSPICE time is behind vtime:
XSPICE 3.320054287226616e-05
Cosim  3.3200558e-05

No. of Data Rows : 735414
f000_d7             =  3.30000e+00
f000_d6             =  3.30000e+00
f000_d5             =  3.30000e+00
f000_d4             =  0.00000e+00
f000_d3             =  0.00000e+00
f000_d2             =  0.00000e+00
f000_d1             =  0.00000e+00
f000_d0             =  3.30000e+00
f000_complete       =  3.30000e+00
f000_invalid        =  0.00000e+00
f000_timeout        =  0.00000e+00
f000_sampled        =  1.28268e+00
f000_input          =  1.28290e+00
f000_tcomplete      =  3.75504e-07
f001_d7             =  3.30000e+00
f001_d6             =  3.30000e+00
f001_d5             =  3.30000e+00
f001_d4             =  3.30000e+00
f001_d3             =  0.00000e+00
f001_d2             =  0.00000e+00
f001_d1             =  0.00000e+00
f001_d0             =  3.30000e+00
f001_complete       =  3.30000e+00
f001_invalid        =  0.00000e+00
f001_timeout        =  0.00000e+00
f001_sampled        =  1.48444e+00
f001_input          =  1.48483e+00
f001_tcomplete      =  8.75484e-07
f002_d7             =  3.30000e+00
f002_d6             =  3.30000e+00
f002_d5             =  5.36820e-297
f002_d4             =  5.36820e-297
f002_d3             =  3.30000e+00
f002_d2             =  3.30000e+00
f002_d1             =  0.00000e+00
f002_d0             =  3.30000e+00
f002_complete       =  3.30000e+00
f002_invalid        =  0.00000e+00
f002_timeout        =  0.00000e+00
f002_sampled        =  1.01372e+00
f002_input          =  1.01283e+00
f002_tcomplete      =  1.37551e-06
f003_d7             =  3.30000e+00
f003_d6             =  5.11630e-297
f003_d5             =  4.08882e-312
f003_d4             =  4.08882e-312
f003_d3             =  5.11630e-297
f003_d2             =  3.30000e+00
f003_d1             =  3.30000e+00
f003_d0             =  5.11630e-297
f003_complete       =  3.30000e+00
f003_invalid        =  0.00000e+00
f003_timeout        =  0.00000e+00
f003_sampled        =  8.27923e-02
f003_input          =  8.09296e-02
f003_tcomplete      =  1.87550e-06
f004_d7             =  5.01300e-297
f004_d6             =  4.08882e-312
f004_d5             =  3.30000e+00
f004_d4             =  3.30000e+00
f004_d3             =  3.30000e+00
f004_d2             =  3.30000e+00
f004_d1             =  3.30000e+00
f004_d0             =  4.08882e-312
f004_complete       =  3.30000e+00
f004_invalid        =  0.00000e+00
f004_timeout        =  0.00000e+00
f004_sampled        =  -8.86717e-01
f004_input          =  -8.87652e-01
f004_tcomplete      =  2.37550e-06
f005_d7             =  4.08882e-312
f005_d6             =  4.08882e-312
f005_d5             =  5.26510e-297
f005_d4             =  3.30000e+00
f005_d3             =  5.26510e-297
f005_d2             =  5.26510e-297
f005_d1             =  3.30000e+00
f005_d0             =  3.30000e+00
f005_complete       =  3.30000e+00
f005_invalid        =  0.00000e+00
f005_timeout        =  0.00000e+00
f005_sampled        =  -1.45641e+00
f005_input          =  -1.45315e+00
f005_tcomplete      =  2.87550e-06
f006_d7             =  4.08882e-312
f006_d6             =  4.08882e-312
f006_d5             =  4.08882e-312
f006_d4             =  3.30000e+00
f006_d3             =  3.30000e+00
f006_d2             =  4.08882e-312
f006_d1             =  3.30000e+00
f006_d0             =  4.53569e-297
f006_complete       =  3.30000e+00
f006_invalid        =  0.00000e+00
f006_timeout        =  0.00000e+00
f006_sampled        =  -1.36089e+00
f006_input          =  -1.35908e+00
f006_tcomplete      =  3.37548e-06
f007_d7             =  4.08882e-312
f007_d6             =  3.30000e+00
f007_d5             =  4.08882e-312
f007_d4             =  3.30000e+00
f007_d3             =  5.23554e-297
f007_d2             =  4.08882e-312
f007_d1             =  5.23554e-297
f007_d0             =  4.08882e-312
f007_complete       =  3.30000e+00
f007_invalid        =  0.00000e+00
f007_timeout        =  0.00000e+00
f007_sampled        =  -6.47697e-01
f007_input          =  -6.47946e-01
f007_tcomplete      =  3.87550e-06
f008_d7             =  3.30000e+00
f008_d6             =  4.57163e-297
f008_d5             =  4.08882e-312
f008_d4             =  3.30000e+00
f008_d3             =  3.30000e+00
f008_d2             =  4.08882e-312
f008_d1             =  3.30000e+00
f008_d0             =  3.30000e+00
f008_complete       =  3.30000e+00
f008_invalid        =  0.00000e+00
f008_timeout        =  0.00000e+00
f008_sampled        =  3.57042e-01
f008_input          =  3.57346e-01
f008_tcomplete      =  4.37548e-06
f009_d7             =  3.30000e+00
f009_d6             =  3.30000e+00
f009_d5             =  4.08882e-312
f009_d4             =  3.30000e+00
f009_d3             =  3.30000e+00
f009_d2             =  4.08882e-312
f009_d1             =  3.30000e+00
f009_d0             =  3.30000e+00
f009_complete       =  3.30000e+00
f009_invalid        =  0.00000e+00
f009_timeout        =  0.00000e+00
f009_sampled        =  1.20019e+00
f009_input          =  1.20053e+00
f009_tcomplete      =  4.87550e-06
f010_d7             =  3.30000e+00
f010_d6             =  3.30000e+00
f010_d5             =  3.30000e+00
f010_d4             =  3.30000e+00
f010_d3             =  5.23648e-297
f010_d2             =  4.08882e-312
f010_d1             =  5.23648e-297
f010_d0             =  3.30000e+00
f010_complete       =  3.30000e+00
f010_invalid        =  0.00000e+00
f010_timeout        =  0.00000e+00
f010_sampled        =  1.50004e+00
f010_input          =  1.49858e+00
f010_tcomplete      =  5.37550e-06
f011_d7             =  3.30000e+00
f011_d6             =  3.30000e+00
f011_d5             =  5.19618e-297
f011_d4             =  3.30000e+00
f011_d3             =  4.08882e-312
f011_d2             =  3.30000e+00
f011_d1             =  4.08882e-312
f011_d0             =  3.30000e+00
f011_complete       =  3.30000e+00
f011_invalid        =  0.00000e+00
f011_timeout        =  0.00000e+00
f011_sampled        =  1.11553e+00
f011_input          =  1.11630e+00
f011_tcomplete      =  5.87550e-06
f012_d7             =  3.30000e+00
f012_d6             =  5.36994e-297
f012_d5             =  4.08882e-312
f012_d4             =  3.30000e+00
f012_d3             =  4.08882e-312
f012_d2             =  5.36994e-297
f012_d1             =  3.30000e+00
f012_d0             =  5.36994e-297
f012_complete       =  3.30000e+00
f012_invalid        =  0.00000e+00
f012_timeout        =  0.00000e+00
f012_sampled        =  2.25665e-01
f012_input          =  2.27160e-01
f012_tcomplete      =  6.37551e-06
f013_d7             =  5.21927e-297
f013_d6             =  3.30000e+00
f013_d5             =  4.08882e-312
f013_d4             =  5.21927e-297
f013_d3             =  4.08882e-312
f013_d2             =  3.30000e+00
f013_d1             =  3.30000e+00
f013_d0             =  3.30000e+00
f013_complete       =  3.30000e+00
f013_invalid        =  0.00000e+00
f013_timeout        =  0.00000e+00
f013_sampled        =  -7.64627e-01
f013_input          =  -7.64904e-01
f013_tcomplete      =  6.87550e-06
f014_d7             =  4.08882e-312
f014_d6             =  5.14410e-297
f014_d5             =  4.08882e-312
f014_d4             =  3.30000e+00
f014_d3             =  4.08882e-312
f014_d2             =  3.30000e+00
f014_d1             =  3.30000e+00
f014_d0             =  5.14410e-297
f014_complete       =  3.30000e+00
f014_invalid        =  0.00000e+00
f014_timeout        =  0.00000e+00
f014_sampled        =  -1.40823e+00
f014_input          =  -1.40986e+00
f014_tcomplete      =  7.37550e-06
f015_d7             =  4.08882e-312
f015_d6             =  4.08882e-312
f015_d5             =  4.08882e-312
f015_d4             =  3.30000e+00
f015_d3             =  4.08882e-312
f015_d2             =  3.30000e+00
f015_d1             =  3.30000e+00
f015_d0             =  4.08882e-312
f015_complete       =  3.30000e+00
f015_invalid        =  0.00000e+00
f015_timeout        =  0.00000e+00
f015_sampled        =  -1.41192e+00
f015_input          =  -1.41473e+00
f015_tcomplete      =  7.87550e-06
f016_d7             =  4.08882e-312
f016_d6             =  3.30000e+00
f016_d5             =  4.08882e-312
f016_d4             =  5.24185e-297
f016_d3             =  4.08882e-312
f016_d2             =  3.30000e+00
f016_d1             =  3.30000e+00
f016_d0             =  4.08882e-312
f016_complete       =  3.30000e+00
f016_invalid        =  0.00000e+00
f016_timeout        =  0.00000e+00
f016_sampled        =  -7.78200e-01
f016_input          =  -7.77500e-01
f016_tcomplete      =  8.37550e-06
f017_d7             =  3.30000e+00
f017_d6             =  4.49353e-297
f017_d5             =  4.08882e-312
f017_d4             =  3.30000e+00
f017_d3             =  4.08882e-312
f017_d2             =  4.49353e-297
f017_d1             =  4.49353e-297
f017_d0             =  3.30000e+00
f017_complete       =  3.30000e+00
f017_invalid        =  0.00000e+00
f017_timeout        =  0.00000e+00
f017_sampled        =  2.12833e-01
f017_input          =  2.12831e-01
f017_tcomplete      =  8.87548e-06
f018_d7             =  3.30000e+00
f018_d6             =  3.30000e+00
f018_d5             =  4.08882e-312
f018_d4             =  3.30000e+00
f018_d3             =  4.08882e-312
f018_d2             =  3.30000e+00
f018_d1             =  4.08882e-312
f018_d0             =  5.27306e-297
f018_complete       =  3.30000e+00
f018_invalid        =  0.00000e+00
f018_timeout        =  0.00000e+00
f018_sampled        =  1.10816e+00
f018_input          =  1.10650e+00
f018_tcomplete      =  9.37550e-06
f019_d7             =  3.30000e+00
f019_d6             =  3.30000e+00
f019_d5             =  3.30000e+00
f019_d4             =  3.30000e+00
f019_d3             =  4.08882e-312
f019_d2             =  5.24047e-297
f019_d1             =  4.08882e-312
f019_d0             =  3.30000e+00
f019_complete       =  3.30000e+00
f019_invalid        =  0.00000e+00
f019_timeout        =  0.00000e+00
f019_sampled        =  1.49598e+00
f019_input          =  1.49787e+00
f019_tcomplete      =  9.87550e-06
f020_d7             =  3.30000e+00
f020_d6             =  3.30000e+00
f020_d5             =  5.23372e-297
f020_d4             =  3.30000e+00
f020_d3             =  3.30000e+00
f020_d2             =  3.30000e+00
f020_d1             =  4.08882e-312
f020_d0             =  5.23372e-297
f020_complete       =  3.30000e+00
f020_invalid        =  0.00000e+00
f020_timeout        =  0.00000e+00
f020_sampled        =  1.20794e+00
f020_input          =  1.20911e+00
f020_tcomplete      =  1.03755e-05
f021_d7             =  3.30000e+00
f021_d6             =  4.77045e-297
f021_d5             =  4.08882e-312
f021_d4             =  3.30000e+00
f021_d3             =  3.30000e+00
f021_d2             =  3.30000e+00
f021_d1             =  4.08882e-312
f021_d0             =  4.08882e-312
f021_complete       =  3.30000e+00
f021_invalid        =  0.00000e+00
f021_timeout        =  0.00000e+00
f021_sampled        =  3.70580e-01
f021_input          =  3.71647e-01
f021_tcomplete      =  1.08755e-05
f022_d7             =  4.46267e-297
f022_d6             =  3.30000e+00
f022_d5             =  4.08882e-312
f022_d4             =  3.30000e+00
f022_d3             =  4.46267e-297
f022_d2             =  4.46267e-297
f022_d1             =  4.08882e-312
f022_d0             =  3.30000e+00
f022_complete       =  3.30000e+00
f022_invalid        =  0.00000e+00
f022_timeout        =  0.00000e+00
f022_sampled        =  -6.33720e-01
f022_input          =  -6.34561e-01
f022_tcomplete      =  1.13755e-05
f023_d7             =  4.08882e-312
f023_d6             =  4.59081e-297
f023_d5             =  4.08882e-312
f023_d4             =  3.30000e+00
f023_d3             =  3.30000e+00
f023_d2             =  4.08882e-312
f023_d1             =  3.30000e+00
f023_d0             =  4.59081e-297
f023_complete       =  3.30000e+00
f023_invalid        =  0.00000e+00
f023_timeout        =  0.00000e+00
f023_sampled        =  -1.35279e+00
f023_input          =  -1.35284e+00
f023_tcomplete      =  1.18755e-05
f024_d7             =  4.08882e-312
f024_d6             =  4.08882e-312
f024_d5             =  4.08882e-312
f024_d4             =  3.30000e+00
f024_d3             =  5.35600e-297
f024_d2             =  4.08882e-312
f024_d1             =  3.30000e+00
f024_d0             =  3.30000e+00
f024_complete       =  3.30000e+00
f024_invalid        =  0.00000e+00
f024_timeout        =  0.00000e+00
f024_sampled        =  -1.45612e+00
f024_input          =  -1.45680e+00
f024_tcomplete      =  1.23755e-05
f025_d7             =  4.08882e-312
f025_d6             =  4.08882e-312
f025_d5             =  3.30000e+00
f025_d4             =  3.30000e+00
f025_d3             =  3.30000e+00
f025_d2             =  3.30000e+00
f025_d1             =  5.00338e-297
f025_d0             =  3.30000e+00
f025_complete       =  3.30000e+00
f025_invalid        =  0.00000e+00
f025_timeout        =  0.00000e+00
f025_sampled        =  -8.98674e-01
f025_input          =  -8.99486e-01
f025_tcomplete      =  1.28755e-05
f026_d7             =  3.30000e+00
f026_d6             =  4.08882e-312
f026_d5             =  5.16531e-297
f026_d4             =  5.16531e-297
f026_d3             =  5.16531e-297
f026_d2             =  3.30000e+00
f026_d1             =  3.30000e+00
f026_d0             =  5.16531e-297
f026_complete       =  3.30000e+00
f026_invalid        =  0.00000e+00
f026_timeout        =  0.00000e+00
f026_sampled        =  6.57171e-02
f026_input          =  6.62724e-02
f026_tcomplete      =  1.33755e-05
f027_d7             =  3.30000e+00
f027_d6             =  3.30000e+00
f027_d5             =  4.08882e-312
f027_d4             =  4.08882e-312
f027_d3             =  3.30000e+00
f027_d2             =  3.30000e+00
f027_d1             =  4.47683e-297
f027_d0             =  4.08882e-312
f027_complete       =  3.30000e+00
f027_invalid        =  0.00000e+00
f027_timeout        =  0.00000e+00
f027_sampled        =  1.00073e+00
f027_input          =  1.00191e+00
f027_tcomplete      =  1.38755e-05
f028_d7             =  3.30000e+00
f028_d6             =  3.30000e+00
f028_d5             =  3.30000e+00
f028_d4             =  3.30000e+00
f028_d3             =  4.65654e-297
f028_d2             =  4.65654e-297
f028_d1             =  4.08882e-312
f028_d0             =  4.08882e-312
f028_complete       =  3.30000e+00
f028_invalid        =  0.00000e+00
f028_timeout        =  0.00000e+00
f028_sampled        =  1.48144e+00
f028_input          =  1.48267e+00
f028_tcomplete      =  1.43755e-05
f029_d7             =  3.30000e+00
f029_d6             =  3.30000e+00
f029_d5             =  3.30000e+00
f029_d4             =  5.23718e-297
f029_d3             =  4.08882e-312
f029_d2             =  4.08882e-312
f029_d1             =  3.30000e+00
f029_d0             =  4.08882e-312
f029_complete       =  3.30000e+00
f029_invalid        =  0.00000e+00
f029_timeout        =  0.00000e+00
f029_sampled        =  1.29040e+00
f029_input          =  1.29018e+00
f029_tcomplete      =  1.48755e-05
f030_d7             =  3.30000e+00
f030_d6             =  4.55150e-297
f030_d5             =  3.30000e+00
f030_d4             =  4.08882e-312
f030_d3             =  4.08882e-312
f030_d2             =  3.30000e+00
f030_d1             =  3.30000e+00
f030_d0             =  3.30000e+00
f030_complete       =  3.30000e+00
f030_invalid        =  0.00000e+00
f030_timeout        =  0.00000e+00
f030_sampled        =  5.12443e-01
f030_input          =  5.12219e-01
f030_tcomplete      =  1.53755e-05
f031_d7             =  4.51021e-297
f031_d6             =  3.30000e+00
f031_d5             =  4.51021e-297
f031_d4             =  3.30000e+00
f031_d3             =  3.30000e+00
f031_d2             =  4.51021e-297
f031_d1             =  3.30000e+00
f031_d0             =  3.30000e+00
f031_complete       =  3.30000e+00
f031_invalid        =  0.00000e+00
f031_timeout        =  0.00000e+00
f031_sampled        =  -4.99738e-01
f031_input          =  -4.98384e-01
f031_tcomplete      =  1.58755e-05
f032_d7             =  4.08882e-312
f032_d6             =  5.17355e-297
f032_d5             =  3.30000e+00
f032_d4             =  5.17355e-297
f032_d3             =  5.17355e-297
f032_d2             =  4.08882e-312
f032_d1             =  5.17355e-297
f032_d0             =  5.17355e-297
f032_complete       =  3.30000e+00
f032_invalid        =  0.00000e+00
f032_timeout        =  0.00000e+00
f032_sampled        =  -1.28213e+00
f032_input          =  -1.28283e+00
f032_tcomplete      =  1.63755e-05
f033_d7             =  4.08882e-312
f033_d6             =  4.08882e-312
f033_d5             =  5.28156e-297
f033_d4             =  3.30000e+00
f033_d3             =  4.08882e-312
f033_d2             =  4.08882e-312
f033_d1             =  4.08882e-312
f033_d0             =  4.08882e-312
f033_complete       =  3.30000e+00
f033_invalid        =  0.00000e+00
f033_timeout        =  0.00000e+00
f033_sampled        =  -1.48300e+00
f033_input          =  -1.48476e+00
f033_tcomplete      =  1.68755e-05
f034_d7             =  4.08882e-312
f034_d6             =  4.08882e-312
f034_d5             =  3.30000e+00
f034_d4             =  3.30000e+00
f034_d3             =  4.08882e-312
f034_d2             =  3.30000e+00
f034_d1             =  4.08882e-312
f034_d0             =  4.08882e-312
f034_complete       =  3.30000e+00
f034_invalid        =  0.00000e+00
f034_timeout        =  0.00000e+00
f034_sampled        =  -1.01357e+00
f034_input          =  -1.01284e+00
f034_tcomplete      =  1.73755e-05
f035_d7             =  4.08882e-312
f035_d6             =  3.30000e+00
f035_d5             =  3.30000e+00
f035_d4             =  3.30000e+00
f035_d3             =  3.30000e+00
f035_d2             =  5.15060e-297
f035_d1             =  3.30000e+00
f035_d0             =  4.08882e-312
f035_complete       =  3.30000e+00
f035_invalid        =  0.00000e+00
f035_timeout        =  0.00000e+00
f035_sampled        =  -8.14254e-02
f035_input          =  -8.09153e-02
f035_tcomplete      =  1.78755e-05
f036_d7             =  3.30000e+00
f036_d6             =  3.30000e+00
f036_d5             =  4.98762e-297
f036_d4             =  4.98762e-297
f036_d3             =  4.98762e-297
f036_d2             =  4.08882e-312
f036_d1             =  3.30000e+00
f036_d0             =  3.30000e+00
f036_complete       =  3.30000e+00
f036_invalid        =  0.00000e+00
f036_timeout        =  0.00000e+00
f036_sampled        =  8.86273e-01
f036_input          =  8.87638e-01
f036_tcomplete      =  1.83755e-05
f037_d7             =  3.30000e+00
f037_d6             =  3.30000e+00
f037_d5             =  3.30000e+00
f037_d4             =  4.08882e-312
f037_d3             =  3.30000e+00
f037_d2             =  3.30000e+00
f037_d1             =  3.30000e+00
f037_d0             =  5.27134e-297
f037_complete       =  3.30000e+00
f037_invalid        =  0.00000e+00
f037_timeout        =  0.00000e+00
f037_sampled        =  1.45206e+00
f037_input          =  1.45327e+00
f037_tcomplete      =  1.88755e-05
f038_d7             =  3.30000e+00
f038_d6             =  3.30000e+00
f038_d5             =  3.30000e+00
f038_d4             =  4.08882e-312
f038_d3             =  4.56252e-297
f038_d2             =  3.30000e+00
f038_d1             =  3.30000e+00
f038_d0             =  3.30000e+00
f038_complete       =  3.30000e+00
f038_invalid        =  0.00000e+00
f038_timeout        =  0.00000e+00
f038_sampled        =  1.35610e+00
f038_input          =  1.35910e+00
f038_tcomplete      =  1.93755e-05
f039_d7             =  3.30000e+00
f039_d6             =  5.08741e-297
f039_d5             =  3.30000e+00
f039_d4             =  3.30000e+00
f039_d3             =  4.08882e-312
f039_d2             =  5.08741e-297
f039_d1             =  5.08741e-297
f039_d0             =  3.30000e+00
f039_complete       =  3.30000e+00
f039_invalid        =  0.00000e+00
f039_timeout        =  0.00000e+00
f039_sampled        =  6.46356e-01
f039_input          =  6.48116e-01
f039_tcomplete      =  1.98755e-05
f040_d7             =  4.54139e-297
f040_d6             =  3.30000e+00
f040_d5             =  3.30000e+00
f040_d4             =  4.54139e-297
f040_d3             =  4.08882e-312
f040_d2             =  3.30000e+00
f040_d1             =  4.08882e-312
f040_d0             =  3.30000e+00
f040_complete       =  3.30000e+00
f040_invalid        =  0.00000e+00
f040_timeout        =  0.00000e+00
f040_sampled        =  -3.55596e-01
f040_input          =  -3.57254e-01
f040_tcomplete      =  2.03755e-05
f041_d7             =  4.08882e-312
f041_d6             =  5.20727e-297
f041_d5             =  3.30000e+00
f041_d4             =  4.08882e-312
f041_d3             =  4.08882e-312
f041_d2             =  3.30000e+00
f041_d1             =  3.30000e+00
f041_d0             =  5.20727e-297
f041_complete       =  3.30000e+00
f041_invalid        =  0.00000e+00
f041_timeout        =  0.00000e+00
f041_sampled        =  -1.20006e+00
f041_input          =  -1.20043e+00
f041_tcomplete      =  2.08755e-05
f042_d7             =  4.08882e-312
f042_d6             =  4.08882e-312
f042_d5             =  5.13666e-297
f042_d4             =  3.30000e+00
f042_d3             =  4.08882e-312
f042_d2             =  5.13666e-297
f042_d1             =  5.13666e-297
f042_d0             =  4.08882e-312
f042_complete       =  3.30000e+00
f042_invalid        =  0.00000e+00
f042_timeout        =  0.00000e+00
f042_sampled        =  -1.49712e+00
f042_input          =  -1.49850e+00
f042_tcomplete      =  2.13755e-05
f043_d7             =  4.08882e-312
f043_d6             =  4.08882e-312
f043_d5             =  3.30000e+00
f043_d4             =  5.16409e-297
f043_d3             =  3.30000e+00
f043_d2             =  3.30000e+00
f043_d1             =  4.08882e-312
f043_d0             =  3.30000e+00
f043_complete       =  3.30000e+00
f043_invalid        =  0.00000e+00
f043_timeout        =  0.00000e+00
f043_sampled        =  -1.11710e+00
f043_input          =  -1.11640e+00
f043_tcomplete      =  2.18755e-05
f044_d7             =  4.08882e-312
f044_d6             =  3.30000e+00
f044_d5             =  3.30000e+00
f044_d4             =  4.08882e-312
f044_d3             =  3.30000e+00
f044_d2             =  3.30000e+00
f044_d1             =  3.30000e+00
f044_d0             =  3.30000e+00
f044_complete       =  3.30000e+00
f044_invalid        =  0.00000e+00
f044_timeout        =  0.00000e+00
f044_sampled        =  -2.30270e-01
f044_input          =  -2.27456e-01
f044_tcomplete      =  2.23755e-05
f045_d7             =  3.30000e+00
f045_d6             =  5.14443e-297
f045_d5             =  3.30000e+00
f045_d4             =  3.30000e+00
f045_d3             =  3.30000e+00
f045_d2             =  5.14443e-297
f045_d1             =  3.30000e+00
f045_d0             =  5.14443e-297
f045_complete       =  3.30000e+00
f045_invalid        =  0.00000e+00
f045_timeout        =  0.00000e+00
f045_sampled        =  7.64862e-01
f045_input          =  7.64787e-01
f045_tcomplete      =  2.28755e-05
f046_d7             =  3.30000e+00
f046_d6             =  3.30000e+00
f046_d5             =  3.30000e+00
f046_d4             =  5.22395e-297
f046_d3             =  3.30000e+00
f046_d2             =  4.08882e-312
f046_d1             =  3.30000e+00
f046_d0             =  3.30000e+00
f046_complete       =  3.30000e+00
f046_invalid        =  0.00000e+00
f046_timeout        =  0.00000e+00
f046_sampled        =  1.40814e+00
f046_input          =  1.40987e+00
f046_tcomplete      =  2.33755e-05
f047_d7             =  3.30000e+00
f047_d6             =  3.30000e+00
f047_d5             =  3.30000e+00
f047_d4             =  4.08882e-312
f047_d3             =  3.30000e+00
f047_d2             =  4.08882e-312
f047_d1             =  3.30000e+00
f047_d0             =  3.30000e+00
f047_complete       =  3.30000e+00
f047_invalid        =  0.00000e+00
f047_timeout        =  0.00000e+00
f047_sampled        =  1.41590e+00
f047_input          =  1.41483e+00
f047_tcomplete      =  2.38755e-05
f048_d7             =  3.30000e+00
f048_d6             =  5.12412e-297
f048_d5             =  3.30000e+00
f048_d4             =  3.30000e+00
f048_d3             =  3.30000e+00
f048_d2             =  4.08882e-312
f048_d1             =  3.30000e+00
f048_d0             =  3.30000e+00
f048_complete       =  3.30000e+00
f048_invalid        =  0.00000e+00
f048_timeout        =  0.00000e+00
f048_sampled        =  7.76830e-01
f048_input          =  7.77531e-01
f048_tcomplete      =  2.43755e-05
f049_d7             =  4.45390e-297
f049_d6             =  3.30000e+00
f049_d5             =  3.30000e+00
f049_d4             =  3.30000e+00
f049_d3             =  4.45390e-297
f049_d2             =  4.08882e-312
f049_d1             =  4.45390e-297
f049_d0             =  4.45390e-297
f049_complete       =  3.30000e+00
f049_invalid        =  0.00000e+00
f049_timeout        =  0.00000e+00
f049_sampled        =  -2.13854e-01
f049_input          =  -2.12836e-01
f049_tcomplete      =  2.48755e-05
f050_d7             =  4.08882e-312
f050_d6             =  5.18420e-297
f050_d5             =  3.30000e+00
f050_d4             =  5.18420e-297
f050_d3             =  3.30000e+00
f050_d2             =  3.30000e+00
f050_d1             =  4.08882e-312
f050_d0             =  3.30000e+00
f050_complete       =  3.30000e+00
f050_invalid        =  0.00000e+00
f050_timeout        =  0.00000e+00
f050_sampled        =  -1.10493e+00
f050_input          =  -1.10635e+00
f050_tcomplete      =  2.53755e-05
f051_d7             =  4.08882e-312
f051_d6             =  4.08882e-312
f051_d5             =  5.13600e-297
f051_d4             =  3.30000e+00
f051_d3             =  5.13600e-297
f051_d2             =  5.13600e-297
f051_d1             =  4.08882e-312
f051_d0             =  5.13600e-297
f051_complete       =  3.30000e+00
f051_invalid        =  0.00000e+00
f051_timeout        =  0.00000e+00
f051_sampled        =  -1.49840e+00
f051_input          =  -1.49787e+00
f051_tcomplete      =  2.58755e-05
f052_d7             =  4.08882e-312
f052_d6             =  4.08882e-312
f052_d5             =  3.30000e+00
f052_d4             =  5.20100e-297
f052_d3             =  4.08882e-312
f052_d2             =  3.30000e+00
f052_d1             =  4.08882e-312
f052_d0             =  3.30000e+00
f052_complete       =  3.30000e+00
f052_invalid        =  0.00000e+00
f052_timeout        =  0.00000e+00
f052_sampled        =  -1.21135e+00
f052_input          =  -1.20918e+00
f052_tcomplete      =  2.63755e-05
f053_d7             =  4.08882e-312
f053_d6             =  3.30000e+00
f053_d5             =  3.30000e+00
f053_d4             =  4.08882e-312
f053_d3             =  4.08882e-312
f053_d2             =  3.30000e+00
f053_d1             =  4.08882e-312
f053_d0             =  3.30000e+00
f053_complete       =  3.30000e+00
f053_invalid        =  0.00000e+00
f053_timeout        =  0.00000e+00
f053_sampled        =  -3.68790e-01
f053_input          =  -3.71618e-01
f053_tcomplete      =  2.68755e-05
f054_d7             =  3.30000e+00
f054_d6             =  5.27184e-297
f054_d5             =  3.30000e+00
f054_d4             =  3.30000e+00
f054_d3             =  4.08882e-312
f054_d2             =  5.27184e-297
f054_d1             =  4.08882e-312
f054_d0             =  5.27184e-297
f054_complete       =  3.30000e+00
f054_invalid        =  0.00000e+00
f054_timeout        =  0.00000e+00
f054_sampled        =  6.35203e-01
f054_input          =  6.34670e-01
f054_tcomplete      =  2.73755e-05
f055_d7             =  3.30000e+00
f055_d6             =  3.30000e+00
f055_d5             =  3.30000e+00
f055_d4             =  4.52568e-297
f055_d3             =  4.08882e-312
f055_d2             =  3.30000e+00
f055_d1             =  3.30000e+00
f055_d0             =  3.30000e+00
f055_complete       =  3.30000e+00
f055_invalid        =  0.00000e+00
f055_timeout        =  0.00000e+00
f055_sampled        =  1.35446e+00
f055_input          =  1.35290e+00
f055_tcomplete      =  2.78755e-05
f056_d7             =  3.30000e+00
f056_d6             =  3.30000e+00
f056_d5             =  3.30000e+00
f056_d4             =  4.08882e-312
f056_d3             =  3.30000e+00
f056_d2             =  3.30000e+00
f056_d1             =  3.30000e+00
f056_d0             =  5.27646e-297
f056_complete       =  3.30000e+00
f056_invalid        =  0.00000e+00
f056_timeout        =  0.00000e+00
f056_sampled        =  1.45865e+00
f056_input          =  1.45691e+00
f056_tcomplete      =  2.83755e-05
f057_d7             =  3.30000e+00
f057_d6             =  3.30000e+00
f057_d5             =  5.20395e-297
f057_d4             =  4.08882e-312
f057_d3             =  5.20395e-297
f057_d2             =  3.30000e+00
f057_d1             =  5.20395e-297
f057_d0             =  4.08882e-312
f057_complete       =  3.30000e+00
f057_invalid        =  0.00000e+00
f057_timeout        =  0.00000e+00
f057_sampled        =  9.01809e-01
f057_input          =  8.99427e-01
f057_tcomplete      =  2.88755e-05
f058_d7             =  5.14118e-297
f058_d6             =  3.30000e+00
f058_d5             =  3.30000e+00
f058_d4             =  3.30000e+00
f058_d3             =  3.30000e+00
f058_d2             =  3.30000e+00
f058_d1             =  4.08882e-312
f058_d0             =  4.08882e-312
f058_complete       =  3.30000e+00
f058_invalid        =  0.00000e+00
f058_timeout        =  0.00000e+00
f058_sampled        =  -6.79019e-02
f058_input          =  -6.61024e-02
f058_tcomplete      =  2.93755e-05
f059_d7             =  4.08882e-312
f059_d6             =  5.25021e-297
f059_d5             =  3.30000e+00
f059_d4             =  3.30000e+00
f059_d3             =  5.25021e-297
f059_d2             =  3.30000e+00
f059_d1             =  4.08882e-312
f059_d0             =  3.30000e+00
f059_complete       =  3.30000e+00
f059_invalid        =  0.00000e+00
f059_timeout        =  0.00000e+00
f059_sampled        =  -1.00066e+00
f059_input          =  -1.00198e+00
f059_tcomplete      =  2.98755e-05
f060_d7             =  4.08882e-312
f060_d6             =  4.08882e-312
f060_d5             =  5.38439e-297
f060_d4             =  3.30000e+00
f060_d3             =  4.08882e-312
f060_d2             =  5.38439e-297
f060_d1             =  4.08882e-312
f060_d0             =  3.30000e+00
f060_complete       =  3.30000e+00
f060_invalid        =  0.00000e+00
f060_timeout        =  0.00000e+00
f060_sampled        =  -1.48215e+00
f060_input          =  -1.48270e+00
f060_tcomplete      =  3.03755e-05
f061_d7             =  4.08882e-312
f061_d6             =  4.08882e-312
f061_d5             =  4.08882e-312
f061_d4             =  3.30000e+00
f061_d3             =  3.30000e+00
f061_d2             =  3.30000e+00
f061_d1             =  3.30000e+00
f061_d0             =  3.30000e+00
f061_complete       =  3.30000e+00
f061_invalid        =  0.00000e+00
f061_timeout        =  0.00000e+00
f061_sampled        =  -1.29006e+00
f061_input          =  -1.29037e+00
f061_tcomplete      =  3.08755e-05
f062_d7             =  4.08882e-312
f062_d6             =  3.30000e+00
f062_d5             =  4.08882e-312
f062_d4             =  3.30000e+00
f062_d3             =  3.30000e+00
f062_d2             =  4.50902e-297
f062_d1             =  3.30000e+00
f062_d0             =  4.50902e-297
f062_complete       =  3.30000e+00
f062_invalid        =  0.00000e+00
f062_timeout        =  0.00000e+00
f062_sampled        =  -5.14729e-01
f062_input          =  -5.12275e-01
f062_tcomplete      =  3.13755e-05
f063_d7             =  3.30000e+00
f063_d6             =  4.47430e-297
f063_d5             =  3.30000e+00
f063_d4             =  4.47430e-297
f063_d3             =  4.47430e-297
f063_d2             =  3.30000e+00
f063_d1             =  3.30000e+00
f063_d0             =  4.08882e-312
f063_complete       =  3.30000e+00
f063_invalid        =  0.00000e+00
f063_timeout        =  0.00000e+00
f063_sampled        =  4.95630e-01
f063_input          =  4.98417e-01
f063_tcomplete      =  3.18755e-05
f064_d7             =  3.30000e+00
f064_d6             =  3.30000e+00
f064_d5             =  3.30000e+00
f064_d4             =  4.08882e-312
f064_d3             =  4.08882e-312
f064_d2             =  5.21456e-297
f064_d1             =  5.21456e-297
f064_d0             =  3.30000e+00
f064_complete       =  3.30000e+00
f064_invalid        =  0.00000e+00
f064_timeout        =  0.00000e+00
f064_sampled        =  1.28055e+00
f064_input          =  1.28283e+00
f064_tcomplete      =  3.23755e-05
f065_d7             =  3.30000e+00
f065_d6             =  3.30000e+00
f065_d5             =  3.30000e+00
f065_d4             =  3.30000e+00
f065_d3             =  4.08882e-312
f065_d2             =  4.08882e-312
f065_d1             =  4.08882e-312
f065_d0             =  3.30000e+00
f065_complete       =  3.30000e+00
f065_invalid        =  0.00000e+00
f065_timeout        =  0.00000e+00
f065_sampled        =  1.48394e+00
f065_input          =  1.48483e+00
f065_tcomplete      =  3.28755e-05
f066_d7             =  3.30000e+00
f066_d6             =  3.30000e+00
f066_d5             =  5.39583e-297
f066_d4             =  5.39583e-297
f066_d3             =  3.30000e+00
f066_d2             =  3.30000e+00
f066_d1             =  4.08882e-312
f066_d0             =  3.30000e+00
f066_complete       =  3.30000e+00
f066_invalid        =  0.00000e+00
f066_timeout        =  0.00000e+00
f066_sampled        =  1.01356e+00
f066_input          =  1.01283e+00
f066_tcomplete      =  3.33755e-05
f067_d7             =  3.30000e+00
f067_d6             =  5.09723e-297
f067_d5             =  4.08882e-312
f067_d4             =  4.08882e-312
f067_d3             =  5.09723e-297
f067_d2             =  3.30000e+00
f067_d1             =  3.30000e+00
f067_d0             =  3.30000e+00
f067_complete       =  3.30000e+00
f067_invalid        =  0.00000e+00
f067_timeout        =  0.00000e+00
f067_sampled        =  8.14474e-02
f067_input          =  8.10532e-02
f067_tcomplete      =  3.38755e-05
p_f000_cmp7_p0      =  -3.09724e-06
p_f000_cmp7_n0      =  -3.11828e-06
p_f000_cmp7_p5      =  3.30000e+00
p_f000_cmp7_n5      =  -1.83103e-06
p_f000_cmp6_p0      =  -8.53423e-06
p_f000_cmp6_n0      =  -8.51643e-06
p_f000_cmp6_p5      =  3.30000e+00
p_f000_cmp6_n5      =  -2.08938e-06
p_f000_cmp5_p0      =  -3.24390e-06
p_f000_cmp5_n0      =  -3.26504e-06
p_f000_cmp5_p5      =  3.30000e+00
p_f000_cmp5_n5      =  -1.73513e-06
p_f000_cmp4_p0      =  -3.24065e-06
p_f000_cmp4_n0      =  -3.26105e-06
p_f000_cmp4_p5      =  -1.74711e-06
p_f000_cmp4_n5      =  3.30000e+00
p_f000_cmp3_p0      =  -8.47411e-06
p_f000_cmp3_n0      =  -8.47093e-06
p_f000_cmp3_p5      =  -2.06631e-06
p_f000_cmp3_n5      =  3.30000e+00
p_f000_cmp2_p0      =  -8.47465e-06
p_f000_cmp2_n0      =  -8.46875e-06
p_f000_cmp2_p5      =  -2.05955e-06
p_f000_cmp2_n5      =  3.30000e+00
p_f000_cmp1_p0      =  -3.22880e-06
p_f000_cmp1_n0      =  -3.25002e-06
p_f000_cmp1_p5      =  -1.73086e-06
p_f000_cmp1_n5      =  3.30000e+00
p_f000_cmp0_p0      =  -8.51708e-06
p_f000_cmp0_n0      =  -8.50743e-06
p_f000_cmp0_p5      =  3.30000e+00
p_f000_cmp0_n5      =  -2.04734e-06
p_f000_dctrl7_p     =  3.30001e+00
p_f000_dctrl7_n     =  3.48664e-01
p_f000_dctrl6_p     =  3.26636e+00
p_f000_dctrl6_n     =  3.08672e-06
p_f000_dctrl5_p     =  3.29964e+00
p_f000_dctrl5_n     =  -1.66001e-06
p_f000_dctrl4_p     =  -1.24694e-07
p_f000_dctrl4_n     =  3.29999e+00
p_f000_dctrl3_p     =  -2.78001e-08
p_f000_dctrl3_n     =  3.30000e+00
p_f000_dctrl2_p     =  -1.36133e-08
p_f000_dctrl2_n     =  3.30000e+00
p_f000_dctrl1_p     =  -6.73865e-09
p_f000_dctrl1_n     =  3.30000e+00
p_f000_do7_drv_470  =  3.30000e+00
p_f000_do7_rx_470   =  3.30000e+00
p_f000_do6_drv_470  =  3.30000e+00
p_f000_do6_rx_470   =  3.30000e+00
p_f000_do5_drv_470  =  3.30000e+00
p_f000_do5_rx_470   =  3.30000e+00
p_f000_do4_drv_470  =  0.00000e+00
p_f000_do4_rx_470   =  0.00000e+00
p_f000_do3_drv_470  =  0.00000e+00
p_f000_do3_rx_470   =  0.00000e+00
p_f000_do2_drv_470  =  0.00000e+00
p_f000_do2_rx_470   =  0.00000e+00
p_f000_do1_drv_470  =  0.00000e+00
p_f000_do1_rx_470   =  0.00000e+00
p_f000_do0_drv_470  =  3.30000e+00
p_f000_do0_rx_470   =  3.30000e+00
p_f000_do7_drv_480  =  3.30000e+00
p_f000_do7_rx_480   =  3.30000e+00
p_f000_do6_drv_480  =  3.30000e+00
p_f000_do6_rx_480   =  3.30000e+00
p_f000_do5_drv_480  =  3.30000e+00
p_f000_do5_rx_480   =  3.30000e+00
p_f000_do4_drv_480  =  0.00000e+00
p_f000_do4_rx_480   =  0.00000e+00
p_f000_do3_drv_480  =  0.00000e+00
p_f000_do3_rx_480   =  0.00000e+00
p_f000_do2_drv_480  =  0.00000e+00
p_f000_do2_rx_480   =  0.00000e+00
p_f000_do1_drv_480  =  0.00000e+00
p_f000_do1_rx_480   =  0.00000e+00
p_f000_do0_drv_480  =  3.30000e+00
p_f000_do0_rx_480   =  3.30000e+00
p_f001_cmp7_p0      =  -2.56632e-06
p_f001_cmp7_n0      =  -2.58310e-06
p_f001_cmp7_p5      =  3.30000e+00
p_f001_cmp7_n5      =  -1.77978e-06
p_f001_cmp6_p0      =  -7.71901e-06
p_f001_cmp6_n0      =  -7.72516e-06
p_f001_cmp6_p5      =  3.30000e+00
p_f001_cmp6_n5      =  -2.01693e-06
p_f001_cmp5_p0      =  -2.66251e-06
p_f001_cmp5_n0      =  -2.68000e-06
p_f001_cmp5_p5      =  3.30000e+00
p_f001_cmp5_n5      =  -1.67660e-06
p_f001_cmp4_p0      =  -2.63988e-06
p_f001_cmp4_n0      =  -2.65728e-06
p_f001_cmp4_p5      =  3.30000e+00
p_f001_cmp4_n5      =  -1.66397e-06
p_f001_cmp3_p0      =  -7.65086e-06
p_f001_cmp3_n0      =  -7.66596e-06
p_f001_cmp3_p5      =  -1.98757e-06
p_f001_cmp3_n5      =  3.30000e+00
p_f001_cmp2_p0      =  -7.64993e-06
p_f001_cmp2_n0      =  -7.66408e-06
p_f001_cmp2_p5      =  -1.98490e-06
p_f001_cmp2_n5      =  3.30000e+00
p_f001_cmp1_p0      =  -2.63148e-06
p_f001_cmp1_n0      =  -2.64767e-06
p_f001_cmp1_p5      =  -1.67052e-06
p_f001_cmp1_n5      =  3.30000e+00
p_f001_cmp0_p0      =  -7.69136e-06
p_f001_cmp0_n0      =  -7.70197e-06
p_f001_cmp0_p5      =  3.30000e+00
p_f001_cmp0_n5      =  -1.95757e-06
p_f001_dctrl7_p     =  3.30001e+00
p_f001_dctrl7_n     =  3.47564e-01
p_f001_dctrl6_p     =  3.26656e+00
p_f001_dctrl6_n     =  3.44136e-06
p_f001_dctrl5_p     =  3.29964e+00
p_f001_dctrl5_n     =  -1.45041e-06
p_f001_dctrl4_p     =  3.29999e+00
p_f001_dctrl4_n     =  -1.37956e-07
p_f001_dctrl3_p     =  -2.73898e-08
p_f001_dctrl3_n     =  3.30000e+00
p_f001_dctrl2_p     =  -1.33815e-08
p_f001_dctrl2_n     =  3.30000e+00
p_f001_dctrl1_p     =  -6.61677e-09
p_f001_dctrl1_n     =  3.30000e+00
p_f001_do7_drv_470  =  3.30000e+00
p_f001_do7_rx_470   =  3.30000e+00
p_f001_do6_drv_470  =  3.30000e+00
p_f001_do6_rx_470   =  3.30000e+00
p_f001_do5_drv_470  =  3.30000e+00
p_f001_do5_rx_470   =  3.30000e+00
p_f001_do4_drv_470  =  3.30000e+00
p_f001_do4_rx_470   =  3.30000e+00
p_f001_do3_drv_470  =  0.00000e+00
p_f001_do3_rx_470   =  0.00000e+00
p_f001_do2_drv_470  =  0.00000e+00
p_f001_do2_rx_470   =  0.00000e+00
p_f001_do1_drv_470  =  0.00000e+00
p_f001_do1_rx_470   =  0.00000e+00
p_f001_do0_drv_470  =  3.30000e+00
p_f001_do0_rx_470   =  3.30000e+00
p_f001_do7_drv_480  =  3.30000e+00
p_f001_do7_rx_480   =  3.30000e+00
p_f001_do6_drv_480  =  3.30000e+00
p_f001_do6_rx_480   =  3.30000e+00
p_f001_do5_drv_480  =  3.30000e+00
p_f001_do5_rx_480   =  3.30000e+00
p_f001_do4_drv_480  =  3.30000e+00
p_f001_do4_rx_480   =  3.30000e+00
p_f001_do3_drv_480  =  0.00000e+00
p_f001_do3_rx_480   =  0.00000e+00
p_f001_do2_drv_480  =  0.00000e+00
p_f001_do2_rx_480   =  0.00000e+00
p_f001_do1_drv_480  =  0.00000e+00
p_f001_do1_rx_480   =  0.00000e+00
p_f001_do0_drv_480  =  3.30000e+00
p_f001_do0_rx_480   =  3.30000e+00
p_f002_cmp7_p0      =  -3.27049e-06
p_f002_cmp7_n0      =  -3.29258e-06
p_f002_cmp7_p5      =  3.30000e+00
p_f002_cmp7_n5      =  -1.84058e-06
p_f002_cmp6_p0      =  -8.69290e-06
p_f002_cmp6_n0      =  -8.67250e-06
p_f002_cmp6_p5      =  3.30000e+00
p_f002_cmp6_n5      =  -2.10286e-06
p_f002_cmp5_p0      =  -3.37039e-06
p_f002_cmp5_n0      =  -3.39185e-06
p_f002_cmp5_p5      =  -1.76562e-06
p_f002_cmp5_n5      =  3.30000e+00
p_f002_cmp4_p0      =  -3.35505e-06
p_f002_cmp4_n0      =  -3.37615e-06
p_f002_cmp4_p5      =  -1.75470e-06
p_f002_cmp4_n5      =  3.30000e+00
p_f002_cmp3_p0      =  -9.15897e-06
p_f002_cmp3_n0      =  -9.14901e-06
p_f002_cmp3_p5      =  3.30000e+00
p_f002_cmp3_n5      =  -2.06409e-06
p_f002_cmp2_p0      =  -8.64123e-06
p_f002_cmp2_n0      =  -8.62807e-06
p_f002_cmp2_p5      =  3.30000e+00
p_f002_cmp2_n5      =  -2.06132e-06
p_f002_cmp1_p0      =  -3.34863e-06
p_f002_cmp1_n0      =  -3.37026e-06
p_f002_cmp1_p5      =  -1.74715e-06
p_f002_cmp1_n5      =  3.30000e+00
p_f002_cmp0_p0      =  -8.68206e-06
p_f002_cmp0_n0      =  -8.66857e-06
p_f002_cmp0_p5      =  3.30000e+00
p_f002_cmp0_n5      =  -2.06219e-06
p_f002_dctrl7_p     =  3.30001e+00
p_f002_dctrl7_n     =  3.48886e-01
p_f002_dctrl6_p     =  3.26632e+00
p_f002_dctrl6_n     =  2.44306e-06
p_f002_dctrl5_p     =  -1.08313e-06
p_f002_dctrl5_n     =  3.29964e+00
p_f002_dctrl4_p     =  -1.41330e-07
p_f002_dctrl4_n     =  3.29999e+00
p_f002_dctrl3_p     =  3.30000e+00
p_f002_dctrl3_n     =  -2.70150e-08
p_f002_dctrl2_p     =  3.30000e+00
p_f002_dctrl2_n     =  -1.36409e-08
p_f002_dctrl1_p     =  -6.71292e-09
p_f002_dctrl1_n     =  3.30000e+00
p_f002_do7_drv_470  =  3.30000e+00
p_f002_do7_rx_470   =  3.30000e+00
p_f002_do6_drv_470  =  3.30000e+00
p_f002_do6_rx_470   =  3.30000e+00
p_f002_do5_drv_470  =  0.00000e+00
p_f002_do5_rx_470   =  1.52902e-268
p_f002_do4_drv_470  =  0.00000e+00
p_f002_do4_rx_470   =  1.52902e-268
p_f002_do3_drv_470  =  3.30000e+00
p_f002_do3_rx_470   =  3.30000e+00
p_f002_do2_drv_470  =  3.30000e+00
p_f002_do2_rx_470   =  3.30000e+00
p_f002_do1_drv_470  =  0.00000e+00
p_f002_do1_rx_470   =  0.00000e+00
p_f002_do0_drv_470  =  3.30000e+00
p_f002_do0_rx_470   =  3.30000e+00
p_f002_do7_drv_480  =  3.30000e+00
p_f002_do7_rx_480   =  3.30000e+00
p_f002_do6_drv_480  =  3.30000e+00
p_f002_do6_rx_480   =  3.30000e+00
p_f002_do5_drv_480  =  0.00000e+00
p_f002_do5_rx_480   =  5.36820e-297
p_f002_do4_drv_480  =  0.00000e+00
p_f002_do4_rx_480   =  5.36820e-297
p_f002_do3_drv_480  =  3.30000e+00
p_f002_do3_rx_480   =  3.30000e+00
p_f002_do2_drv_480  =  3.30000e+00
p_f002_do2_rx_480   =  3.30000e+00
p_f002_do1_drv_480  =  0.00000e+00
p_f002_do1_rx_480   =  0.00000e+00
p_f002_do0_drv_480  =  3.30000e+00
p_f002_do0_rx_480   =  3.30000e+00
p_f003_cmp7_p0      =  -2.99382e-06
p_f003_cmp7_n0      =  -3.01377e-06
p_f003_cmp7_p5      =  3.30000e+00
p_f003_cmp7_n5      =  -1.80111e-06
p_f003_cmp6_p0      =  -8.99404e-06
p_f003_cmp6_n0      =  -9.00347e-06
p_f003_cmp6_p5      =  -2.09154e-06
p_f003_cmp6_n5      =  3.30000e+00
p_f003_cmp5_p0      =  -3.14000e-06
p_f003_cmp5_n0      =  -3.15986e-06
p_f003_cmp5_p5      =  -1.73821e-06
p_f003_cmp5_n5      =  3.30000e+00
p_f003_cmp4_p0      =  -3.11991e-06
p_f003_cmp4_n0      =  -3.13914e-06
p_f003_cmp4_p5      =  -1.73211e-06
p_f003_cmp4_n5      =  3.30000e+00
p_f003_cmp3_p0      =  -8.30986e-06
p_f003_cmp3_n0      =  -8.30720e-06
p_f003_cmp3_p5      =  -2.04064e-06
p_f003_cmp3_n5      =  3.30000e+00
p_f003_cmp2_p0      =  -8.31239e-06
p_f003_cmp2_n0      =  -8.30584e-06
p_f003_cmp2_p5      =  3.30000e+00
p_f003_cmp2_n5      =  -2.03358e-06
p_f003_cmp1_p0      =  -3.34518e-06
p_f003_cmp1_n0      =  -3.36592e-06
p_f003_cmp1_p5      =  3.30000e+00
p_f003_cmp1_n5      =  -1.72029e-06
p_f003_cmp0_p0      =  -8.35140e-06
p_f003_cmp0_n0      =  -8.34671e-06
p_f003_cmp0_p5      =  -2.03610e-06
p_f003_cmp0_n5      =  3.30000e+00
p_f003_dctrl7_p     =  3.30001e+00
p_f003_dctrl7_n     =  3.48437e-01
p_f003_dctrl6_p     =  3.06750e-05
p_f003_dctrl6_n     =  3.26646e+00
p_f003_dctrl5_p     =  -1.16639e-06
p_f003_dctrl5_n     =  3.29964e+00
p_f003_dctrl4_p     =  -1.28721e-07
p_f003_dctrl4_n     =  3.29999e+00
p_f003_dctrl3_p     =  -3.01497e-08
p_f003_dctrl3_n     =  3.30000e+00
p_f003_dctrl2_p     =  3.30000e+00
p_f003_dctrl2_n     =  -1.34372e-08
p_f003_dctrl1_p     =  3.30000e+00
p_f003_dctrl1_n     =  -6.38852e-09
p_f003_do7_drv_470  =  3.30000e+00
p_f003_do7_rx_470   =  3.30000e+00
p_f003_do6_drv_470  =  0.00000e+00
p_f003_do6_rx_470   =  1.45727e-268
p_f003_do5_drv_470  =  0.00000e+00
p_f003_do5_rx_470   =  4.08882e-312
p_f003_do4_drv_470  =  0.00000e+00
p_f003_do4_rx_470   =  4.08882e-312
p_f003_do3_drv_470  =  0.00000e+00
p_f003_do3_rx_470   =  1.45727e-268
p_f003_do2_drv_470  =  3.30000e+00
p_f003_do2_rx_470   =  3.30000e+00
p_f003_do1_drv_470  =  3.30000e+00
p_f003_do1_rx_470   =  3.30000e+00
p_f003_do0_drv_470  =  0.00000e+00
p_f003_do0_rx_470   =  1.45727e-268
p_f003_do7_drv_480  =  3.30000e+00
p_f003_do7_rx_480   =  3.30000e+00
p_f003_do6_drv_480  =  0.00000e+00
p_f003_do6_rx_480   =  5.11630e-297
p_f003_do5_drv_480  =  0.00000e+00
p_f003_do5_rx_480   =  4.08882e-312
p_f003_do4_drv_480  =  0.00000e+00
p_f003_do4_rx_480   =  4.08882e-312
p_f003_do3_drv_480  =  0.00000e+00
p_f003_do3_rx_480   =  5.11630e-297
p_f003_do2_drv_480  =  3.30000e+00
p_f003_do2_rx_480   =  3.30000e+00
p_f003_do1_drv_480  =  3.30000e+00
p_f003_do1_rx_480   =  3.30000e+00
p_f003_do0_drv_480  =  0.00000e+00
p_f003_do0_rx_480   =  5.11630e-297
p_f064_cmp7_p0      =  -3.60850e-06
p_f064_cmp7_n0      =  -3.62977e-06
p_f064_cmp7_p5      =  3.30000e+00
p_f064_cmp7_n5      =  -1.85039e-06
p_f064_cmp6_p0      =  -8.69820e-06
p_f064_cmp6_n0      =  -8.67558e-06
p_f064_cmp6_p5      =  3.30000e+00
p_f064_cmp6_n5      =  -2.10555e-06
p_f064_cmp5_p0      =  -3.15507e-06
p_f064_cmp5_n0      =  -3.17557e-06
p_f064_cmp5_p5      =  3.30000e+00
p_f064_cmp5_n5      =  -1.72529e-06
p_f064_cmp4_p0      =  -3.35948e-06
p_f064_cmp4_n0      =  -3.38075e-06
p_f064_cmp4_p5      =  -1.76003e-06
p_f064_cmp4_n5      =  3.30000e+00
p_f064_cmp3_p0      =  -8.30945e-06
p_f064_cmp3_n0      =  -8.30985e-06
p_f064_cmp3_p5      =  -2.05026e-06
p_f064_cmp3_n5      =  3.30000e+00
p_f064_cmp2_p0      =  -8.63909e-06
p_f064_cmp2_n0      =  -8.63046e-06
p_f064_cmp2_p5      =  -2.07648e-06
p_f064_cmp2_n5      =  3.30000e+00
p_f064_cmp1_p0      =  -3.19899e-06
p_f064_cmp1_n0      =  -3.22000e-06
p_f064_cmp1_p5      =  -1.72453e-06
p_f064_cmp1_n5      =  3.30000e+00
p_f064_cmp0_p0      =  -8.31068e-06
p_f064_cmp0_n0      =  -8.30609e-06
p_f064_cmp0_p5      =  3.30000e+00
p_f064_cmp0_n5      =  -2.02731e-06
p_f064_dctrl7_p     =  3.30001e+00
p_f064_dctrl7_n     =  3.48664e-01
p_f064_dctrl6_p     =  3.26633e+00
p_f064_dctrl6_n     =  3.08921e-06
p_f064_dctrl5_p     =  3.29964e+00
p_f064_dctrl5_n     =  -1.66332e-06
p_f064_dctrl4_p     =  -1.24934e-07
p_f064_dctrl4_n     =  3.29999e+00
p_f064_dctrl3_p     =  -2.76906e-08
p_f064_dctrl3_n     =  3.30000e+00
p_f064_dctrl2_p     =  -1.36623e-08
p_f064_dctrl2_n     =  3.30000e+00
p_f064_dctrl1_p     =  -6.73627e-09
p_f064_dctrl1_n     =  3.30000e+00
p_f064_do7_drv_470  =  3.30000e+00
p_f064_do7_rx_470   =  3.30000e+00
p_f064_do6_drv_470  =  3.30000e+00
p_f064_do6_rx_470   =  3.30000e+00
p_f064_do5_drv_470  =  3.30000e+00
p_f064_do5_rx_470   =  3.30000e+00
p_f064_do4_drv_470  =  0.00000e+00
p_f064_do4_rx_470   =  4.08882e-312
p_f064_do3_drv_470  =  0.00000e+00
p_f064_do3_rx_470   =  4.08882e-312
p_f064_do2_drv_470  =  0.00000e+00
p_f064_do2_rx_470   =  1.48526e-268
p_f064_do1_drv_470  =  0.00000e+00
p_f064_do1_rx_470   =  1.48526e-268
p_f064_do0_drv_470  =  3.30000e+00
p_f064_do0_rx_470   =  3.30000e+00
p_f064_do7_drv_480  =  3.30000e+00
p_f064_do7_rx_480   =  3.30000e+00
p_f064_do6_drv_480  =  3.30000e+00
p_f064_do6_rx_480   =  3.30000e+00
p_f064_do5_drv_480  =  3.30000e+00
p_f064_do5_rx_480   =  3.30000e+00
p_f064_do4_drv_480  =  0.00000e+00
p_f064_do4_rx_480   =  4.08882e-312
p_f064_do3_drv_480  =  0.00000e+00
p_f064_do3_rx_480   =  4.08882e-312
p_f064_do2_drv_480  =  0.00000e+00
p_f064_do2_rx_480   =  5.21456e-297
p_f064_do1_drv_480  =  0.00000e+00
p_f064_do1_rx_480   =  5.21456e-297
p_f064_do0_drv_480  =  3.30000e+00
p_f064_do0_rx_480   =  3.30000e+00
p_f065_cmp7_p0      =  -2.68517e-06
p_f065_cmp7_n0      =  -2.70283e-06
p_f065_cmp7_p5      =  3.30000e+00
p_f065_cmp7_n5      =  -1.79265e-06
p_f065_cmp6_p0      =  -7.88266e-06
p_f065_cmp6_n0      =  -7.88394e-06
p_f065_cmp6_p5      =  3.30000e+00
p_f065_cmp6_n5      =  -2.03232e-06
p_f065_cmp5_p0      =  -2.57407e-06
p_f065_cmp5_n0      =  -2.59088e-06
p_f065_cmp5_p5      =  3.30000e+00
p_f065_cmp5_n5      =  -1.66599e-06
p_f065_cmp4_p0      =  -2.75894e-06
p_f065_cmp4_n0      =  -2.77723e-06
p_f065_cmp4_p5      =  3.30000e+00
p_f065_cmp4_n5      =  -1.67652e-06
p_f065_cmp3_p0      =  -7.48623e-06
p_f065_cmp3_n0      =  -7.50495e-06
p_f065_cmp3_p5      =  -1.97257e-06
p_f065_cmp3_n5      =  3.30000e+00
p_f065_cmp2_p0      =  -7.81481e-06
p_f065_cmp2_n0      =  -7.82527e-06
p_f065_cmp2_p5      =  -2.00057e-06
p_f065_cmp2_n5      =  3.30000e+00
p_f065_cmp1_p0      =  -2.61381e-06
p_f065_cmp1_n0      =  -2.62962e-06
p_f065_cmp1_p5      =  -1.66933e-06
p_f065_cmp1_n5      =  3.30000e+00
p_f065_cmp0_p0      =  -7.48502e-06
p_f065_cmp0_n0      =  -7.50057e-06
p_f065_cmp0_p5      =  3.30000e+00
p_f065_cmp0_n5      =  -1.98019e-06
p_f065_dctrl7_p     =  3.30001e+00
p_f065_dctrl7_n     =  3.47564e-01
p_f065_dctrl6_p     =  3.26653e+00
p_f065_dctrl6_n     =  3.44120e-06
p_f065_dctrl5_p     =  3.29964e+00
p_f065_dctrl5_n     =  -1.44762e-06
p_f065_dctrl4_p     =  3.29999e+00
p_f065_dctrl4_n     =  -1.38237e-07
p_f065_dctrl3_p     =  -2.72787e-08
p_f065_dctrl3_n     =  3.30000e+00
p_f065_dctrl2_p     =  -1.33237e-08
p_f065_dctrl2_n     =  3.30000e+00
p_f065_dctrl1_p     =  -6.62408e-09
p_f065_dctrl1_n     =  3.30000e+00
p_f065_do7_drv_470  =  3.30000e+00
p_f065_do7_rx_470   =  3.30000e+00
p_f065_do6_drv_470  =  3.30000e+00
p_f065_do6_rx_470   =  3.30000e+00
p_f065_do5_drv_470  =  3.30000e+00
p_f065_do5_rx_470   =  3.30000e+00
p_f065_do4_drv_470  =  3.30000e+00
p_f065_do4_rx_470   =  3.30000e+00
p_f065_do3_drv_470  =  0.00000e+00
p_f065_do3_rx_470   =  4.08882e-312
p_f065_do2_drv_470  =  0.00000e+00
p_f065_do2_rx_470   =  4.08882e-312
p_f065_do1_drv_470  =  0.00000e+00
p_f065_do1_rx_470   =  4.08882e-312
p_f065_do0_drv_470  =  3.30000e+00
p_f065_do0_rx_470   =  3.30000e+00
p_f065_do7_drv_480  =  3.30000e+00
p_f065_do7_rx_480   =  3.30000e+00
p_f065_do6_drv_480  =  3.30000e+00
p_f065_do6_rx_480   =  3.30000e+00
p_f065_do5_drv_480  =  3.30000e+00
p_f065_do5_rx_480   =  3.30000e+00
p_f065_do4_drv_480  =  3.30000e+00
p_f065_do4_rx_480   =  3.30000e+00
p_f065_do3_drv_480  =  0.00000e+00
p_f065_do3_rx_480   =  4.08882e-312
p_f065_do2_drv_480  =  0.00000e+00
p_f065_do2_rx_480   =  4.08882e-312
p_f065_do1_drv_480  =  0.00000e+00
p_f065_do1_rx_480   =  4.08882e-312
p_f065_do0_drv_480  =  3.30000e+00
p_f065_do0_rx_480   =  3.30000e+00
p_f066_cmp7_p0      =  -3.41314e-06
p_f066_cmp7_n0      =  -3.43601e-06
p_f066_cmp7_p5      =  3.30000e+00
p_f066_cmp7_n5      =  -1.85487e-06
p_f066_cmp6_p0      =  -8.85712e-06
p_f066_cmp6_n0      =  -8.83204e-06
p_f066_cmp6_p5      =  3.30000e+00
p_f066_cmp6_n5      =  -2.11891e-06
p_f066_cmp5_p0      =  -3.28203e-06
p_f066_cmp5_n0      =  -3.30285e-06
p_f066_cmp5_p5      =  -1.75434e-06
p_f066_cmp5_n5      =  3.30000e+00
p_f066_cmp4_p0      =  -3.78799e-06
p_f066_cmp4_n0      =  -3.81023e-06
p_f066_cmp4_p5      =  -1.77382e-06
p_f066_cmp4_n5      =  3.30000e+00
p_f066_cmp3_p0      =  -9.36676e-06
p_f066_cmp3_n0      =  -9.36293e-06
p_f066_cmp3_p5      =  3.30000e+00
p_f066_cmp3_n5      =  -2.04514e-06
p_f066_cmp2_p0      =  -8.80632e-06
p_f066_cmp2_n0      =  -8.78895e-06
p_f066_cmp2_p5      =  3.30000e+00
p_f066_cmp2_n5      =  -2.07871e-06
p_f066_cmp1_p0      =  -3.31875e-06
p_f066_cmp1_n0      =  -3.34016e-06
p_f066_cmp1_p5      =  -1.74396e-06
p_f066_cmp1_n5      =  3.30000e+00
p_f066_cmp0_p0      =  -8.47570e-06
p_f066_cmp0_n0      =  -8.46720e-06
p_f066_cmp0_p5      =  3.30000e+00
p_f066_cmp0_n5      =  -2.04247e-06
p_f066_dctrl7_p     =  3.30001e+00
p_f066_dctrl7_n     =  3.48886e-01
p_f066_dctrl6_p     =  3.26629e+00
p_f066_dctrl6_n     =  2.44449e-06
p_f066_dctrl5_p     =  -1.08505e-06
p_f066_dctrl5_n     =  3.29964e+00
p_f066_dctrl4_p     =  -1.41362e-07
p_f066_dctrl4_n     =  3.29999e+00
p_f066_dctrl3_p     =  3.30000e+00
p_f066_dctrl3_n     =  -2.69008e-08
p_f066_dctrl2_p     =  3.30000e+00
p_f066_dctrl2_n     =  -1.36138e-08
p_f066_dctrl1_p     =  -6.71568e-09
p_f066_dctrl1_n     =  3.30000e+00
p_f066_do7_drv_470  =  3.30000e+00
p_f066_do7_rx_470   =  3.30000e+00
p_f066_do6_drv_470  =  3.30000e+00
p_f066_do6_rx_470   =  3.30000e+00
p_f066_do5_drv_470  =  0.00000e+00
p_f066_do5_rx_470   =  1.53689e-268
p_f066_do4_drv_470  =  0.00000e+00
p_f066_do4_rx_470   =  1.53689e-268
p_f066_do3_drv_470  =  3.30000e+00
p_f066_do3_rx_470   =  3.30000e+00
p_f066_do2_drv_470  =  3.30000e+00
p_f066_do2_rx_470   =  3.30000e+00
p_f066_do1_drv_470  =  0.00000e+00
p_f066_do1_rx_470   =  4.08882e-312
p_f066_do0_drv_470  =  3.30000e+00
p_f066_do0_rx_470   =  3.30000e+00
p_f066_do7_drv_480  =  3.30000e+00
p_f066_do7_rx_480   =  3.30000e+00
p_f066_do6_drv_480  =  3.30000e+00
p_f066_do6_rx_480   =  3.30000e+00
p_f066_do5_drv_480  =  0.00000e+00
p_f066_do5_rx_480   =  5.39583e-297
p_f066_do4_drv_480  =  0.00000e+00
p_f066_do4_rx_480   =  5.39583e-297
p_f066_do3_drv_480  =  3.30000e+00
p_f066_do3_rx_480   =  3.30000e+00
p_f066_do2_drv_480  =  3.30000e+00
p_f066_do2_rx_480   =  3.30000e+00
p_f066_do1_drv_480  =  0.00000e+00
p_f066_do1_rx_480   =  4.08882e-312
p_f066_do0_drv_480  =  3.30000e+00
p_f066_do0_rx_480   =  3.30000e+00
p_f067_cmp7_p0      =  -3.11579e-06
p_f067_cmp7_n0      =  -3.13663e-06
p_f067_cmp7_p5      =  3.30000e+00
p_f067_cmp7_n5      =  -1.81552e-06
p_f067_cmp6_p0      =  -9.15233e-06
p_f067_cmp6_n0      =  -9.15882e-06
p_f067_cmp6_p5      =  -2.11074e-06
p_f067_cmp6_n5      =  3.30000e+00
p_f067_cmp5_p0      =  -3.05184e-06
p_f067_cmp5_n0      =  -3.07107e-06
p_f067_cmp5_p5      =  -1.72763e-06
p_f067_cmp5_n5      =  3.30000e+00
p_f067_cmp4_p0      =  -3.23877e-06
p_f067_cmp4_n0      =  -3.25886e-06
p_f067_cmp4_p5      =  -1.74489e-06
p_f067_cmp4_n5      =  3.30000e+00
p_f067_cmp3_p0      =  -8.14486e-06
p_f067_cmp3_n0      =  -8.14647e-06
p_f067_cmp3_p5      =  -2.02804e-06
p_f067_cmp3_n5      =  3.30000e+00
p_f067_cmp2_p0      =  -8.47742e-06
p_f067_cmp2_n0      =  -8.46661e-06
p_f067_cmp2_p5      =  3.30000e+00
p_f067_cmp2_n5      =  -2.04974e-06
p_f067_cmp1_p0      =  -3.07937e-06
p_f067_cmp1_n0      =  -3.10002e-06
p_f067_cmp1_p5      =  3.30000e+00
p_f067_cmp1_n5      =  -1.70806e-06
p_f067_cmp0_p0      =  -8.14547e-06
p_f067_cmp0_n0      =  -8.14504e-06
p_f067_cmp0_p5      =  3.30000e+00
p_f067_cmp0_n5      =  -2.00888e-06
p_f067_dctrl7_p     =  3.30001e+00
p_f067_dctrl7_n     =  3.48437e-01
p_f067_dctrl6_p     =  3.07056e-05
p_f067_dctrl6_n     =  3.26643e+00
p_f067_dctrl5_p     =  -1.16640e-06
p_f067_dctrl5_n     =  3.29964e+00
p_f067_dctrl4_p     =  -1.28166e-07
p_f067_dctrl4_n     =  3.29999e+00
p_f067_dctrl3_p     =  -3.00302e-08
p_f067_dctrl3_n     =  3.30000e+00
p_f067_dctrl2_p     =  3.30000e+00
p_f067_dctrl2_n     =  -1.33376e-08
p_f067_dctrl1_p     =  3.30000e+00
p_f067_dctrl1_n     =  -6.34956e-09
p_f067_do7_drv_470  =  3.30000e+00
p_f067_do7_rx_470   =  3.30000e+00
p_f067_do6_drv_470  =  0.00000e+00
p_f067_do6_rx_470   =  1.45184e-268
p_f067_do5_drv_470  =  0.00000e+00
p_f067_do5_rx_470   =  4.08882e-312
p_f067_do4_drv_470  =  0.00000e+00
p_f067_do4_rx_470   =  4.08882e-312
p_f067_do3_drv_470  =  0.00000e+00
p_f067_do3_rx_470   =  1.45184e-268
p_f067_do2_drv_470  =  3.30000e+00
p_f067_do2_rx_470   =  3.30000e+00
p_f067_do1_drv_470  =  3.30000e+00
p_f067_do1_rx_470   =  3.30000e+00
p_f067_do0_drv_470  =  3.30000e+00
p_f067_do0_rx_470   =  3.30000e+00
p_f067_do7_drv_480  =  3.30000e+00
p_f067_do7_rx_480   =  3.30000e+00
p_f067_do6_drv_480  =  0.00000e+00
p_f067_do6_rx_480   =  5.09723e-297
p_f067_do5_drv_480  =  0.00000e+00
p_f067_do5_rx_480   =  4.08882e-312
p_f067_do4_drv_480  =  0.00000e+00
p_f067_do4_rx_480   =  4.08882e-312
p_f067_do3_drv_480  =  0.00000e+00
p_f067_do3_rx_480   =  5.09723e-297
p_f067_do2_drv_480  =  3.30000e+00
p_f067_do2_rx_480   =  3.30000e+00
p_f067_do1_drv_480  =  3.30000e+00
p_f067_do1_rx_480   =  3.30000e+00
p_f067_do0_drv_480  =  3.30000e+00
p_f067_do0_rx_480   =  3.30000e+00
ngspice-46 done
