
Note: Compatibility modes selected: hs a

Warning: m=xx on .subckt line will override multiplier m hierarchy!


Circuit: * a44 actual analog core with fixed tt timed behavioral sar control.

Reducing trtol to 1 for xspice 'A' devices
Doing analysis at TEMP = 27.000000 and TNOM = 27.000000

Using SPARSE 1.3 as Direct Linear Solver

Initial Transient Solution
--------------------------

Node                                   Voltage
----                                   -------
vdd                                        3.3
vrefp_src                                  2.5
vrefp                                      2.5
vrefp_cap                                  2.5
vrefn_src                                  0.8
vrefn                                      0.8
vrefn_cap                                  0.8
vinp_src                               2.29142
vinn_src                               1.00858
vinp                                   2.29142
vinn                                   1.00858
clks_src                                     0
clks                                         0
cmp_noise                          -0.00205052
xcore.xcdacp.vbot1                         2.5
dctrlp1                                      0
xcore.vresp_raw                     0.00113053
xcore.xcdacp.vbot2                         2.5
dctrlp2                                      0
xcore.xcdacp.vbot3                         2.5
dctrlp3                                      0
xcore.xcdacp.vbot4                         2.5
dctrlp4                                      0
xcore.xcdacp.vbot5                         2.5
dctrlp5                                      0
xcore.xcdacp.vbot6                         2.5
dctrlp6                                      0
xcore.xcdacp.vbot7                         2.5
dctrlp7                                      0
xcore.xcdacp.x1.clksb                      3.3
xcore.xcdacp.x1.net2               1.44398e-10
xcore.xcdacp.x1.net1                       3.3
xcore.xcdacp.x1.bottom_gate        6.16006e-09
xcore.xcdacp.x1.net4               3.08261e-09
xcore.xcdacp.x1.net3                       3.3
xcore.xcdacn.vbot1                         2.5
dctrln1                                      0
xcore.vresn_raw                    0.000379437
xcore.xcdacn.vbot2                         2.5
dctrln2                                      0
xcore.xcdacn.vbot3                         2.5
dctrln3                                      0
xcore.xcdacn.vbot4                         2.5
dctrln4                                      0
xcore.xcdacn.vbot5                         2.5
dctrln5                                      0
xcore.xcdacn.vbot6                         2.5
dctrln6                                      0
xcore.xcdacn.vbot7                         2.5
dctrln7                                      0
xcore.xcdacn.x1.clksb                      3.3
xcore.xcdacn.x1.net2               1.16774e-10
xcore.xcdacn.x1.net1                       3.3
xcore.xcdacn.x1.bottom_gate        6.14408e-09
xcore.xcdacn.x1.net4               3.07047e-09
xcore.xcdacn.x1.net3                       3.3
vresp                              0.000105269
vresn                                0.0014047
xcore.xcmp.net1                      0.0224443
cmpck                                        0
xcore.xcmp.xp                              3.3
xcore.xcmp.xn                              3.3
xcore.xcmp.ln                              3.3
xcore.xcmp.lp                              3.3
dcmpn                              3.66457e-09
dcmpp                               3.6491e-09
sampled_diff                       -0.00129943
input_diff                             1.28284
cmpck_drv                                    0
dctrlp7_drv                                  0
dctrlp6_drv                                  0
dctrlp5_drv                                  0
dctrlp4_drv                                  0
dctrlp3_drv                                  0
dctrlp2_drv                                  0
dctrlp1_drv                                  0
dctrln7_drv                                  0
dctrln6_drv                                  0
dctrln5_drv                                  0
dctrln4_drv                                  0
dctrln3_drv                                  0
dctrln2_drv                                  0
dctrln1_drv                                  0
dout7_drv                                    0
dout6_drv                                    0
dout5_drv                                    0
dout4_drv                                    0
dout3_drv                                    0
dout2_drv                                    0
dout1_drv                                    0
dout0_drv                                    0
eoc                                          0
invalid0                                     0
timeout0                                     0
complete                                     0
dout7_rx                                     0
dout6_rx                                     0
dout5_rx                                     0
dout4_rx                                     0
dout3_rx                                     0
dout2_rx                                     0
dout1_rx                                     0
dout0_rx                                     0
e_input_diff#branch               -1.28284e-10
e_sample_diff#branch               1.29943e-13
e.xcore.e_cmp_noise_n#branch       -1.4047e-13
e.xcore.e_cmp_noise_p#branch      -1.05269e-14
vcmp_noise#branch                  2.05052e-13
vclks_id#branch                              0
vvinn_id#branch                    -4.1577e-10
vvinp_id#branch                   -9.44347e-10
vvrefn_id#branch                  -1.76652e-09
vvrefp_id#branch                  -1.52078e-08
vvdd#branch                       -1.77531e-08
a_status#branch_1_0                          0
a_status#branch_1_1                          0
a_status#branch_1_2                          0
a_status#branch_1_3                          0
a_dout#branch_1_0                            0
a_dout#branch_1_1                            0
a_dout#branch_1_2                            0
a_dout#branch_1_3                            0
a_dout#branch_1_4                            0
a_dout#branch_1_5                            0
a_dout#branch_1_6                            0
a_dout#branch_1_7                            0
a_dctrln#branch_1_0                          0
a_dctrln#branch_1_1                          0
a_dctrln#branch_1_2                          0
a_dctrln#branch_1_3                          0
a_dctrln#branch_1_4                          0
a_dctrln#branch_1_5                          0
a_dctrln#branch_1_6                          0
a_dctrlp#branch_1_0                          0
a_dctrlp#branch_1_1                          0
a_dctrlp#branch_1_2                          0
a_dctrlp#branch_1_3                          0
a_dctrlp#branch_1_4                          0
a_dctrlp#branch_1_5                          0
a_dctrlp#branch_1_6                          0
a_cmpck#branch_1_0                           0


Instance: abeh   Message: WARNING: output scheduled with impossible delay (-4.01e-12) at 5.01e-12/0.

Instance: abeh   Message: XSPICE time is behind vtime:
XSPICE 2.005225176128192e-07
Cosim  2.00551e-07

Instance: abeh   Message: XSPICE time is behind vtime:
XSPICE 7.005205848999288e-07
Cosim  7.00554e-07

Instance: abeh   Message: XSPICE time is behind vtime:
XSPICE 1.200518808260714e-06
Cosim  1.200533e-06

Instance: abeh   Message: XSPICE time is behind vtime:
XSPICE 2.20054036103238e-06
Cosim  2.200548e-06

Instance: abeh   Message: XSPICE time is behind vtime:
XSPICE 2.700497634006852e-06
Cosim  2.700531e-06

Instance: abeh   Message: XSPICE time is behind vtime:
XSPICE 3.200498299901986e-06
Cosim  3.200531e-06

Instance: abeh   Message: XSPICE time is behind vtime:
XSPICE 4.700528882429063e-06
Cosim  4.700553e-06

Instance: abeh   Message: XSPICE time is behind vtime:
XSPICE 5.200518584906331e-06
Cosim  5.200552e-06

Instance: abeh   Message: XSPICE time is behind vtime:
XSPICE 5.700534329426736e-06
Cosim  5.700554e-06

Instance: abeh   Message: XSPICE time is behind vtime:
XSPICE 7.200518633997929e-06
Cosim  7.200552e-06

Instance: abeh   Message: XSPICE time is behind vtime:
XSPICE 7.700519633998065e-06
Cosim  7.700553e-06

Instance: abeh   Message: XSPICE time is behind vtime:
XSPICE 9.200534851323231e-06
Cosim  9.200554e-06

Instance: abeh   Message: XSPICE time is behind vtime:
XSPICE 9.700518584905619e-06
Cosim  9.700552e-06

Instance: abeh   Message: XSPICE time is behind vtime:
XSPICE 1.020052941618521e-05
Cosim  1.0200554e-05

Instance: abeh   Message: XSPICE time is behind vtime:
XSPICE 1.17004996325267e-05
Cosim  1.1700532e-05

Instance: abeh   Message: XSPICE time is behind vtime:
XSPICE 1.220049863400739e-05
Cosim  1.2200532e-05

Instance: abeh   Message: XSPICE time is behind vtime:
XSPICE 1.270053472884724e-05
Cosim  1.2700543e-05

Instance: abeh   Message: XSPICE time is behind vtime:
XSPICE 1.370054338380628e-05
Cosim  1.3700557e-05

Instance: abeh   Message: XSPICE time is behind vtime:
XSPICE 1.420052058490165e-05
Cosim  1.4200554e-05

Instance: abeh   Message: XSPICE time is behind vtime:
XSPICE 1.470052212125523e-05
Cosim  1.4700551e-05

Instance: abeh   Message: XSPICE time is behind vtime:
XSPICE 1.62005213525861e-05
Cosim  1.620055e-05

Instance: abeh   Message: XSPICE time is behind vtime:
XSPICE 1.670051863401611e-05
Cosim  1.6700552e-05

Instance: abeh   Message: XSPICE time is behind vtime:
XSPICE 1.720051670808373e-05
Cosim  1.7200531e-05

Instance: abeh   Message: XSPICE time is behind vtime:
XSPICE 1.820054043215546e-05
Cosim  1.8200548e-05

Instance: abeh   Message: XSPICE time is behind vtime:
XSPICE 1.870051958489359e-05
Cosim  1.8700553e-05

Instance: abeh   Message: XSPICE time is behind vtime:
XSPICE 1.920049848089491e-05
Cosim  1.9200531e-05

Instance: abeh   Message: XSPICE time is behind vtime:
XSPICE 2.070053273314535e-05
Cosim  2.0700557e-05

Instance: abeh   Message: XSPICE time is behind vtime:
XSPICE 2.120051763401902e-05
Cosim  2.1200551e-05

Instance: abeh   Message: XSPICE time is behind vtime:
XSPICE 2.170053320315372e-05
Cosim  2.1700553e-05

Instance: abeh   Message: XSPICE time is behind vtime:
XSPICE 2.320051858488443e-05
Cosim  2.3200552e-05

Instance: abeh   Message: XSPICE time is behind vtime:
XSPICE 2.370051858488544e-05
Cosim  2.3700552e-05

Instance: abeh   Message: XSPICE time is behind vtime:
XSPICE 2.520053372613443e-05
Cosim  2.5200553e-05

Instance: abeh   Message: XSPICE time is behind vtime:
XSPICE 2.570051763401913e-05
Cosim  2.5700551e-05

Instance: abeh   Message: XSPICE time is behind vtime:
XSPICE 2.620053226365903e-05
Cosim  2.6200557e-05

Instance: abeh   Message: XSPICE time is behind vtime:
XSPICE 2.770050081356832e-05
Cosim  2.7700533e-05

Instance: abeh   Message: XSPICE time is behind vtime:
XSPICE 2.820052058489473e-05
Cosim  2.8200554e-05

Instance: abeh   Message: XSPICE time is behind vtime:
XSPICE 2.870053681283921e-05
Cosim  2.8700545e-05

Instance: abeh   Message: XSPICE time is behind vtime:
XSPICE 2.970054329134812e-05
Cosim  2.9700557e-05

Instance: abeh   Message: XSPICE time is behind vtime:
XSPICE 3.020051963401446e-05
Cosim  3.0200553e-05

Instance: abeh   Message: XSPICE time is behind vtime:
XSPICE 3.07005219517838e-05
Cosim  3.0700551e-05

Instance: abeh   Message: XSPICE time is behind vtime:
XSPICE 3.220052252323948e-05
Cosim  3.2200551e-05

Instance: abeh   Message: XSPICE time is behind vtime:
XSPICE 3.27005205849014e-05
Cosim  3.2700554e-05

Instance: abeh   Message: XSPICE time is behind vtime:
XSPICE 3.320051880978466e-05
Cosim  3.3200533e-05

No. of Data Rows : 735224
f000_d7             =  3.30000e+00
f000_d6             =  3.30000e+00
f000_d5             =  3.30000e+00
f000_d4             =  0.00000e+00
f000_d3             =  0.00000e+00
f000_d2             =  0.00000e+00
f000_d1             =  0.00000e+00
f000_d0             =  0.00000e+00
f000_complete       =  3.30000e+00
f000_invalid        =  0.00000e+00
f000_timeout        =  0.00000e+00
f000_sampled        =  1.28079e+00
f000_input          =  1.28284e+00
f000_tcomplete      =  3.75501e-07
f001_d7             =  3.30000e+00
f001_d6             =  3.30000e+00
f001_d5             =  3.30000e+00
f001_d4             =  3.30000e+00
f001_d3             =  0.00000e+00
f001_d2             =  0.00000e+00
f001_d1             =  0.00000e+00
f001_d0             =  0.00000e+00
f001_complete       =  3.30000e+00
f001_invalid        =  0.00000e+00
f001_timeout        =  0.00000e+00
f001_sampled        =  1.48292e+00
f001_input          =  1.48471e+00
f001_tcomplete      =  8.75504e-07
f002_d7             =  3.30000e+00
f002_d6             =  3.30000e+00
f002_d5             =  4.54357e-297
f002_d4             =  4.54357e-297
f002_d3             =  3.30000e+00
f002_d2             =  3.30000e+00
f002_d1             =  0.00000e+00
f002_d0             =  0.00000e+00
f002_complete       =  3.30000e+00
f002_invalid        =  0.00000e+00
f002_timeout        =  0.00000e+00
f002_sampled        =  1.01148e+00
f002_input          =  1.01284e+00
f002_tcomplete      =  1.37548e-06
f003_d7             =  3.30000e+00
f003_d6             =  5.15004e-297
f003_d5             =  4.08882e-312
f003_d4             =  4.08882e-312
f003_d3             =  5.15004e-297
f003_d2             =  3.30000e+00
f003_d1             =  3.30000e+00
f003_d0             =  0.00000e+00
f003_complete       =  3.30000e+00
f003_invalid        =  0.00000e+00
f003_timeout        =  0.00000e+00
f003_sampled        =  8.08919e-02
f003_input          =  8.09469e-02
f003_tcomplete      =  1.87550e-06
f004_d7             =  5.03124e-297
f004_d6             =  4.08882e-312
f004_d5             =  3.30000e+00
f004_d4             =  3.30000e+00
f004_d3             =  3.30000e+00
f004_d2             =  3.30000e+00
f004_d1             =  5.03124e-297
f004_d0             =  0.00000e+00
f004_complete       =  3.30000e+00
f004_invalid        =  0.00000e+00
f004_timeout        =  0.00000e+00
f004_sampled        =  -8.87136e-01
f004_input          =  -8.87648e-01
f004_tcomplete      =  2.37550e-06
f005_d7             =  4.08882e-312
f005_d6             =  4.08882e-312
f005_d5             =  4.47265e-297
f005_d4             =  3.30000e+00
f005_d3             =  4.47265e-297
f005_d2             =  4.47265e-297
f005_d1             =  3.30000e+00
f005_d0             =  0.00000e+00
f005_complete       =  3.30000e+00
f005_invalid        =  0.00000e+00
f005_timeout        =  0.00000e+00
f005_sampled        =  -1.45012e+00
f005_input          =  -1.45336e+00
f005_tcomplete      =  2.87548e-06
f006_d7             =  4.08882e-312
f006_d6             =  4.08882e-312
f006_d5             =  4.08882e-312
f006_d4             =  3.30000e+00
f006_d3             =  3.30000e+00
f006_d2             =  4.08882e-312
f006_d1             =  4.50015e-297
f006_d0             =  3.30000e+00
f006_complete       =  3.30000e+00
f006_invalid        =  0.00000e+00
f006_timeout        =  0.00000e+00
f006_sampled        =  -1.35825e+00
f006_input          =  -1.35899e+00
f006_tcomplete      =  3.37548e-06
f007_d7             =  4.08882e-312
f007_d6             =  3.30000e+00
f007_d5             =  4.08882e-312
f007_d4             =  5.22861e-297
f007_d3             =  3.30000e+00
f007_d2             =  3.30000e+00
f007_d1             =  3.30000e+00
f007_d0             =  3.30000e+00
f007_complete       =  3.30000e+00
f007_invalid        =  0.00000e+00
f007_timeout        =  0.00000e+00
f007_sampled        =  -6.44417e-01
f007_input          =  -6.47958e-01
f007_tcomplete      =  3.87550e-06
f008_d7             =  3.30000e+00
f008_d6             =  5.28807e-297
f008_d5             =  4.08882e-312
f008_d4             =  3.30000e+00
f008_d3             =  3.30000e+00
f008_d2             =  5.28807e-297
f008_d1             =  3.30000e+00
f008_d0             =  5.28807e-297
f008_complete       =  3.30000e+00
f008_invalid        =  0.00000e+00
f008_timeout        =  0.00000e+00
f008_sampled        =  3.58950e-01
f008_input          =  3.57417e-01
f008_tcomplete      =  4.37551e-06
f009_d7             =  3.30000e+00
f009_d6             =  3.30000e+00
f009_d5             =  4.08882e-312
f009_d4             =  3.30000e+00
f009_d3             =  3.30000e+00
f009_d2             =  4.08882e-312
f009_d1             =  3.30000e+00
f009_d0             =  4.08882e-312
f009_complete       =  3.30000e+00
f009_invalid        =  0.00000e+00
f009_timeout        =  0.00000e+00
f009_sampled        =  1.20004e+00
f009_input          =  1.20041e+00
f009_tcomplete      =  4.87550e-06
f010_d7             =  3.30000e+00
f010_d6             =  3.30000e+00
f010_d5             =  3.30000e+00
f010_d4             =  3.30000e+00
f010_d3             =  5.21285e-297
f010_d2             =  4.08882e-312
f010_d1             =  5.21285e-297
f010_d0             =  4.08882e-312
f010_complete       =  3.30000e+00
f010_invalid        =  0.00000e+00
f010_timeout        =  0.00000e+00
f010_sampled        =  1.49697e+00
f010_input          =  1.49854e+00
f010_tcomplete      =  5.37550e-06
f011_d7             =  3.30000e+00
f011_d6             =  3.30000e+00
f011_d5             =  5.25067e-297
f011_d4             =  3.30000e+00
f011_d3             =  4.08882e-312
f011_d2             =  3.30000e+00
f011_d1             =  4.08882e-312
f011_d0             =  4.08882e-312
f011_complete       =  3.30000e+00
f011_invalid        =  0.00000e+00
f011_timeout        =  0.00000e+00
f011_sampled        =  1.11548e+00
f011_input          =  1.11636e+00
f011_tcomplete      =  5.87550e-06
f012_d7             =  3.30000e+00
f012_d6             =  4.45686e-297
f012_d5             =  4.08882e-312
f012_d4             =  3.30000e+00
f012_d3             =  4.08882e-312
f012_d2             =  4.45686e-297
f012_d1             =  4.08882e-312
f012_d0             =  3.30000e+00
f012_complete       =  3.30000e+00
f012_invalid        =  0.00000e+00
f012_timeout        =  0.00000e+00
f012_sampled        =  2.27459e-01
f012_input          =  2.27388e-01
f012_tcomplete      =  6.37548e-06
f013_d7             =  5.18395e-297
f013_d6             =  3.30000e+00
f013_d5             =  4.08882e-312
f013_d4             =  5.18395e-297
f013_d3             =  4.08882e-312
f013_d2             =  3.30000e+00
f013_d1             =  3.30000e+00
f013_d0             =  5.18395e-297
f013_complete       =  3.30000e+00
f013_invalid        =  0.00000e+00
f013_timeout        =  0.00000e+00
f013_sampled        =  -7.64499e-01
f013_input          =  -7.64860e-01
f013_tcomplete      =  6.87550e-06
f014_d7             =  4.08882e-312
f014_d6             =  5.13476e-297
f014_d5             =  4.08882e-312
f014_d4             =  3.30000e+00
f014_d3             =  4.08882e-312
f014_d2             =  3.30000e+00
f014_d1             =  5.13476e-297
f014_d0             =  3.30000e+00
f014_complete       =  3.30000e+00
f014_invalid        =  0.00000e+00
f014_timeout        =  0.00000e+00
f014_sampled        =  -1.41122e+00
f014_input          =  -1.40980e+00
f014_tcomplete      =  7.37550e-06
f015_d7             =  4.08882e-312
f015_d6             =  4.08882e-312
f015_d5             =  4.08882e-312
f015_d4             =  3.30000e+00
f015_d3             =  4.08882e-312
f015_d2             =  3.30000e+00
f015_d1             =  4.08882e-312
f015_d0             =  3.30000e+00
f015_complete       =  3.30000e+00
f015_invalid        =  0.00000e+00
f015_timeout        =  0.00000e+00
f015_sampled        =  -1.41465e+00
f015_input          =  -1.41475e+00
f015_tcomplete      =  7.87550e-06
f016_d7             =  4.08882e-312
f016_d6             =  3.30000e+00
f016_d5             =  4.08882e-312
f016_d4             =  5.10470e-297
f016_d3             =  4.08882e-312
f016_d2             =  3.30000e+00
f016_d1             =  4.08882e-312
f016_d0             =  3.30000e+00
f016_complete       =  3.30000e+00
f016_invalid        =  0.00000e+00
f016_timeout        =  0.00000e+00
f016_sampled        =  -7.77684e-01
f016_input          =  -7.77492e-01
f016_tcomplete      =  8.37550e-06
f017_d7             =  3.30000e+00
f017_d6             =  4.44079e-297
f017_d5             =  4.08882e-312
f017_d4             =  3.30000e+00
f017_d3             =  4.08882e-312
f017_d2             =  4.44079e-297
f017_d1             =  4.08882e-312
f017_d0             =  4.44079e-297
f017_complete       =  3.30000e+00
f017_invalid        =  0.00000e+00
f017_timeout        =  0.00000e+00
f017_sampled        =  2.13808e-01
f017_input          =  2.12837e-01
f017_tcomplete      =  8.87548e-06
f018_d7             =  3.30000e+00
f018_d6             =  3.30000e+00
f018_d5             =  4.08882e-312
f018_d4             =  3.30000e+00
f018_d3             =  4.08882e-312
f018_d2             =  4.08882e-312
f018_d1             =  3.30000e+00
f018_d0             =  3.30000e+00
f018_complete       =  3.30000e+00
f018_invalid        =  0.00000e+00
f018_timeout        =  0.00000e+00
f018_sampled        =  1.10237e+00
f018_input          =  1.10653e+00
f018_tcomplete      =  9.37550e-06
f019_d7             =  3.30000e+00
f019_d6             =  3.30000e+00
f019_d5             =  3.30000e+00
f019_d4             =  3.30000e+00
f019_d3             =  4.08882e-312
f019_d2             =  4.08882e-312
f019_d1             =  5.12426e-297
f019_d0             =  5.12426e-297
f019_complete       =  3.30000e+00
f019_invalid        =  0.00000e+00
f019_timeout        =  0.00000e+00
f019_sampled        =  1.49866e+00
f019_input          =  1.49776e+00
f019_tcomplete      =  9.87550e-06
f020_d7             =  3.30000e+00
f020_d6             =  3.30000e+00
f020_d5             =  5.21629e-297
f020_d4             =  3.30000e+00
f020_d3             =  3.30000e+00
f020_d2             =  4.08882e-312
f020_d1             =  3.30000e+00
f020_d0             =  3.30000e+00
f020_complete       =  3.30000e+00
f020_invalid        =  0.00000e+00
f020_timeout        =  0.00000e+00
f020_sampled        =  1.20839e+00
f020_input          =  1.20921e+00
f020_tcomplete      =  1.03755e-05
f021_d7             =  3.30000e+00
f021_d6             =  4.64188e-297
f021_d5             =  4.08882e-312
f021_d4             =  3.30000e+00
f021_d3             =  3.30000e+00
f021_d2             =  3.30000e+00
f021_d1             =  4.64188e-297
f021_d0             =  4.64188e-297
f021_complete       =  3.30000e+00
f021_invalid        =  0.00000e+00
f021_timeout        =  0.00000e+00
f021_sampled        =  3.72381e-01
f021_input          =  3.71602e-01
f021_tcomplete      =  1.08755e-05
f022_d7             =  4.47870e-297
f022_d6             =  3.30000e+00
f022_d5             =  4.08882e-312
f022_d4             =  3.30000e+00
f022_d3             =  4.47870e-297
f022_d2             =  4.47870e-297
f022_d1             =  4.08882e-312
f022_d0             =  4.08882e-312
f022_complete       =  3.30000e+00
f022_invalid        =  0.00000e+00
f022_timeout        =  0.00000e+00
f022_sampled        =  -6.33644e-01
f022_input          =  -6.34564e-01
f022_tcomplete      =  1.13755e-05
f023_d7             =  4.08882e-312
f023_d6             =  4.58819e-297
f023_d5             =  4.08882e-312
f023_d4             =  3.30000e+00
f023_d3             =  3.30000e+00
f023_d2             =  4.08882e-312
f023_d1             =  4.08882e-312
f023_d0             =  3.30000e+00
f023_complete       =  3.30000e+00
f023_invalid        =  0.00000e+00
f023_timeout        =  0.00000e+00
f023_sampled        =  -1.35198e+00
f023_input          =  -1.35274e+00
f023_tcomplete      =  1.18755e-05
f024_d7             =  4.08882e-312
f024_d6             =  4.08882e-312
f024_d5             =  4.08882e-312
f024_d4             =  3.30000e+00
f024_d3             =  4.50639e-297
f024_d2             =  4.08882e-312
f024_d1             =  3.30000e+00
f024_d0             =  4.50639e-297
f024_complete       =  3.30000e+00
f024_invalid        =  0.00000e+00
f024_timeout        =  0.00000e+00
f024_sampled        =  -1.45806e+00
f024_input          =  -1.45672e+00
f024_tcomplete      =  1.23755e-05
f025_d7             =  4.08882e-312
f025_d6             =  4.08882e-312
f025_d5             =  3.30000e+00
f025_d4             =  3.30000e+00
f025_d3             =  3.30000e+00
f025_d2             =  3.30000e+00
f025_d1             =  4.87790e-297
f025_d0             =  4.08882e-312
f025_complete       =  3.30000e+00
f025_invalid        =  0.00000e+00
f025_timeout        =  0.00000e+00
f025_sampled        =  -8.98208e-01
f025_input          =  -8.99514e-01
f025_tcomplete      =  1.28755e-05
f026_d7             =  3.30000e+00
f026_d6             =  4.08882e-312
f026_d5             =  5.08752e-297
f026_d4             =  5.08752e-297
f026_d3             =  5.08752e-297
f026_d2             =  3.30000e+00
f026_d1             =  4.08882e-312
f026_d0             =  4.08882e-312
f026_complete       =  3.30000e+00
f026_invalid        =  0.00000e+00
f026_timeout        =  0.00000e+00
f026_sampled        =  6.45337e-02
f026_input          =  6.63560e-02
f026_tcomplete      =  1.33755e-05
f027_d7             =  3.30000e+00
f027_d6             =  3.30000e+00
f027_d5             =  4.08882e-312
f027_d4             =  4.08882e-312
f027_d3             =  3.30000e+00
f027_d2             =  5.28513e-297
f027_d1             =  3.30000e+00
f027_d0             =  3.30000e+00
f027_complete       =  3.30000e+00
f027_invalid        =  0.00000e+00
f027_timeout        =  0.00000e+00
f027_sampled        =  1.00093e+00
f027_input          =  1.00199e+00
f027_tcomplete      =  1.38755e-05
f028_d7             =  3.30000e+00
f028_d6             =  3.30000e+00
f028_d5             =  3.30000e+00
f028_d4             =  4.08882e-312
f028_d3             =  3.30000e+00
f028_d2             =  3.30000e+00
f028_d1             =  3.30000e+00
f028_d0             =  3.30000e+00
f028_complete       =  3.30000e+00
f028_invalid        =  0.00000e+00
f028_timeout        =  0.00000e+00
f028_sampled        =  1.48409e+00
f028_input          =  1.48259e+00
f028_tcomplete      =  1.43755e-05
f029_d7             =  3.30000e+00
f029_d6             =  3.30000e+00
f029_d5             =  3.30000e+00
f029_d4             =  4.08882e-312
f029_d3             =  5.29829e-297
f029_d2             =  5.29829e-297
f029_d1             =  5.29829e-297
f029_d0             =  3.30000e+00
f029_complete       =  3.30000e+00
f029_invalid        =  0.00000e+00
f029_timeout        =  0.00000e+00
f029_sampled        =  1.28919e+00
f029_input          =  1.29035e+00
f029_tcomplete      =  1.48755e-05
f030_d7             =  3.30000e+00
f030_d6             =  4.50854e-297
f030_d5             =  3.30000e+00
f030_d4             =  4.08882e-312
f030_d3             =  4.08882e-312
f030_d2             =  3.30000e+00
f030_d1             =  3.30000e+00
f030_d0             =  4.50854e-297
f030_complete       =  3.30000e+00
f030_invalid        =  0.00000e+00
f030_timeout        =  0.00000e+00
f030_sampled        =  5.13204e-01
f030_input          =  5.12219e-01
f030_tcomplete      =  1.53755e-05
f031_d7             =  4.46861e-297
f031_d6             =  3.30000e+00
f031_d5             =  4.46861e-297
f031_d4             =  3.30000e+00
f031_d3             =  3.30000e+00
f031_d2             =  4.46861e-297
f031_d1             =  3.30000e+00
f031_d0             =  4.08882e-312
f031_complete       =  3.30000e+00
f031_invalid        =  0.00000e+00
f031_timeout        =  0.00000e+00
f031_sampled        =  -4.98341e-01
f031_input          =  -4.98438e-01
f031_tcomplete      =  1.58755e-05
f032_d7             =  4.08882e-312
f032_d6             =  5.09003e-297
f032_d5             =  4.08882e-312
f032_d4             =  3.30000e+00
f032_d3             =  3.30000e+00
f032_d2             =  3.30000e+00
f032_d1             =  3.30000e+00
f032_d0             =  3.30000e+00
f032_complete       =  3.30000e+00
f032_invalid        =  0.00000e+00
f032_timeout        =  0.00000e+00
f032_sampled        =  -1.28077e+00
f032_input          =  -1.28277e+00
f032_tcomplete      =  1.63755e-05
f033_d7             =  4.08882e-312
f033_d6             =  4.08882e-312
f033_d5             =  4.08882e-312
f033_d4             =  3.30000e+00
f033_d3             =  5.37540e-297
f033_d2             =  5.37540e-297
f033_d1             =  5.37540e-297
f033_d0             =  5.37540e-297
f033_complete       =  3.30000e+00
f033_invalid        =  0.00000e+00
f033_timeout        =  0.00000e+00
f033_sampled        =  -1.48377e+00
f033_input          =  -1.48478e+00
f033_tcomplete      =  1.68755e-05
f034_d7             =  4.08882e-312
f034_d6             =  4.08882e-312
f034_d5             =  3.30000e+00
f034_d4             =  3.30000e+00
f034_d3             =  4.08882e-312
f034_d2             =  4.08882e-312
f034_d1             =  3.30000e+00
f034_d0             =  3.30000e+00
f034_complete       =  3.30000e+00
f034_invalid        =  0.00000e+00
f034_timeout        =  0.00000e+00
f034_sampled        =  -1.01443e+00
f034_input          =  -1.01275e+00
f034_tcomplete      =  1.73755e-05
f035_d7             =  4.08882e-312
f035_d6             =  3.30000e+00
f035_d5             =  3.30000e+00
f035_d4             =  3.30000e+00
f035_d3             =  3.30000e+00
f035_d2             =  4.08882e-312
f035_d1             =  5.12620e-297
f035_d0             =  3.30000e+00
f035_complete       =  3.30000e+00
f035_invalid        =  0.00000e+00
f035_timeout        =  0.00000e+00
f035_sampled        =  -8.16970e-02
f035_input          =  -8.10089e-02
f035_tcomplete      =  1.78755e-05
f036_d7             =  3.30000e+00
f036_d6             =  3.30000e+00
f036_d5             =  4.99916e-297
f036_d4             =  4.99916e-297
f036_d3             =  4.99916e-297
f036_d2             =  4.08882e-312
f036_d1             =  3.30000e+00
f036_d0             =  4.99916e-297
f036_complete       =  3.30000e+00
f036_invalid        =  0.00000e+00
f036_timeout        =  0.00000e+00
f036_sampled        =  8.89000e-01
f036_input          =  8.87691e-01
f036_tcomplete      =  1.83755e-05
f037_d7             =  3.30000e+00
f037_d6             =  3.30000e+00
f037_d5             =  3.30000e+00
f037_d4             =  4.08882e-312
f037_d3             =  3.30000e+00
f037_d2             =  3.30000e+00
f037_d1             =  5.16619e-297
f037_d0             =  3.30000e+00
f037_complete       =  3.30000e+00
f037_invalid        =  0.00000e+00
f037_timeout        =  0.00000e+00
f037_sampled        =  1.45185e+00
f037_input          =  1.45316e+00
f037_tcomplete      =  1.88755e-05
f038_d7             =  3.30000e+00
f038_d6             =  3.30000e+00
f038_d5             =  3.30000e+00
f038_d4             =  4.08882e-312
f038_d3             =  4.49954e-297
f038_d2             =  3.30000e+00
f038_d1             =  3.30000e+00
f038_d0             =  4.49954e-297
f038_complete       =  3.30000e+00
f038_invalid        =  0.00000e+00
f038_timeout        =  0.00000e+00
f038_sampled        =  1.35916e+00
f038_input          =  1.35915e+00
f038_tcomplete      =  1.93755e-05
f039_d7             =  3.30000e+00
f039_d6             =  5.28132e-297
f039_d5             =  3.30000e+00
f039_d4             =  3.30000e+00
f039_d3             =  4.08882e-312
f039_d2             =  5.28132e-297
f039_d1             =  5.28132e-297
f039_d0             =  4.08882e-312
f039_complete       =  3.30000e+00
f039_invalid        =  0.00000e+00
f039_timeout        =  0.00000e+00
f039_sampled        =  6.50541e-01
f039_input          =  6.48032e-01
f039_tcomplete      =  1.98755e-05
f040_d7             =  4.47168e-297
f040_d6             =  3.30000e+00
f040_d5             =  3.30000e+00
f040_d4             =  4.47168e-297
f040_d3             =  4.08882e-312
f040_d2             =  3.30000e+00
f040_d1             =  4.08882e-312
f040_d0             =  4.08882e-312
f040_complete       =  3.30000e+00
f040_invalid        =  0.00000e+00
f040_timeout        =  0.00000e+00
f040_sampled        =  -3.58064e-01
f040_input          =  -3.57391e-01
f040_tcomplete      =  2.03755e-05
f041_d7             =  4.08882e-312
f041_d6             =  5.28752e-297
f041_d5             =  3.30000e+00
f041_d4             =  4.08882e-312
f041_d3             =  4.08882e-312
f041_d2             =  3.30000e+00
f041_d1             =  4.08882e-312
f041_d0             =  3.30000e+00
f041_complete       =  3.30000e+00
f041_invalid        =  0.00000e+00
f041_timeout        =  0.00000e+00
f041_sampled        =  -1.20006e+00
f041_input          =  -1.20039e+00
f041_tcomplete      =  2.08755e-05
f042_d7             =  4.08882e-312
f042_d6             =  4.08882e-312
f042_d5             =  5.12064e-297
f042_d4             =  4.08882e-312
f042_d3             =  3.30000e+00
f042_d2             =  3.30000e+00
f042_d1             =  3.30000e+00
f042_d0             =  3.30000e+00
f042_complete       =  3.30000e+00
f042_invalid        =  0.00000e+00
f042_timeout        =  0.00000e+00
f042_sampled        =  -1.49616e+00
f042_input          =  -1.49854e+00
f042_tcomplete      =  2.13755e-05
f043_d7             =  4.08882e-312
f043_d6             =  4.08882e-312
f043_d5             =  3.30000e+00
f043_d4             =  4.08882e-312
f043_d3             =  3.30000e+00
f043_d2             =  5.15849e-297
f043_d1             =  3.30000e+00
f043_d0             =  3.30000e+00
f043_complete       =  3.30000e+00
f043_invalid        =  0.00000e+00
f043_timeout        =  0.00000e+00
f043_sampled        =  -1.11869e+00
f043_input          =  -1.11629e+00
f043_tcomplete      =  2.18755e-05
f044_d7             =  4.08882e-312
f044_d6             =  3.30000e+00
f044_d5             =  3.30000e+00
f044_d4             =  4.08882e-312
f044_d3             =  3.30000e+00
f044_d2             =  3.30000e+00
f044_d1             =  3.30000e+00
f044_d0             =  5.34386e-297
f044_complete       =  3.30000e+00
f044_invalid        =  0.00000e+00
f044_timeout        =  0.00000e+00
f044_sampled        =  -2.29264e-01
f044_input          =  -2.27395e-01
f044_tcomplete      =  2.23755e-05
f045_d7             =  3.30000e+00
f045_d6             =  5.04294e-297
f045_d5             =  3.30000e+00
f045_d4             =  3.30000e+00
f045_d3             =  3.30000e+00
f045_d2             =  5.04294e-297
f045_d1             =  5.04294e-297
f045_d0             =  3.30000e+00
f045_complete       =  3.30000e+00
f045_invalid        =  0.00000e+00
f045_timeout        =  0.00000e+00
f045_sampled        =  7.62866e-01
f045_input          =  7.64891e-01
f045_tcomplete      =  2.28755e-05
f046_d7             =  3.30000e+00
f046_d6             =  3.30000e+00
f046_d5             =  3.30000e+00
f046_d4             =  5.18070e-297
f046_d3             =  3.30000e+00
f046_d2             =  4.08882e-312
f046_d1             =  3.30000e+00
f046_d0             =  5.18070e-297
f046_complete       =  3.30000e+00
f046_invalid        =  0.00000e+00
f046_timeout        =  0.00000e+00
f046_sampled        =  1.41187e+00
f046_input          =  1.40981e+00
f046_tcomplete      =  2.33755e-05
f047_d7             =  3.30000e+00
f047_d6             =  3.30000e+00
f047_d5             =  3.30000e+00
f047_d4             =  4.08882e-312
f047_d3             =  3.30000e+00
f047_d2             =  4.08882e-312
f047_d1             =  3.30000e+00
f047_d0             =  4.08882e-312
f047_complete       =  3.30000e+00
f047_invalid        =  0.00000e+00
f047_timeout        =  0.00000e+00
f047_sampled        =  1.41663e+00
f047_input          =  1.41480e+00
f047_tcomplete      =  2.38755e-05
f048_d7             =  3.30000e+00
f048_d6             =  5.13869e-297
f048_d5             =  3.30000e+00
f048_d4             =  3.30000e+00
f048_d3             =  3.30000e+00
f048_d2             =  4.08882e-312
f048_d1             =  3.30000e+00
f048_d0             =  4.08882e-312
f048_complete       =  3.30000e+00
f048_invalid        =  0.00000e+00
f048_timeout        =  0.00000e+00
f048_sampled        =  7.76550e-01
f048_input          =  7.77503e-01
f048_tcomplete      =  2.43755e-05
f049_d7             =  4.47392e-297
f049_d6             =  3.30000e+00
f049_d5             =  3.30000e+00
f049_d4             =  4.47392e-297
f049_d3             =  3.30000e+00
f049_d2             =  3.30000e+00
f049_d1             =  3.30000e+00
f049_d0             =  3.30000e+00
f049_complete       =  3.30000e+00
f049_invalid        =  0.00000e+00
f049_timeout        =  0.00000e+00
f049_sampled        =  -2.13906e-01
f049_input          =  -2.12767e-01
f049_tcomplete      =  2.48755e-05
f050_d7             =  4.08882e-312
f050_d6             =  5.40946e-297
f050_d5             =  3.30000e+00
f050_d4             =  4.08882e-312
f050_d3             =  3.30000e+00
f050_d2             =  3.30000e+00
f050_d1             =  5.40946e-297
f050_d0             =  5.40946e-297
f050_complete       =  3.30000e+00
f050_invalid        =  0.00000e+00
f050_timeout        =  0.00000e+00
f050_sampled        =  -1.10644e+00
f050_input          =  -1.10648e+00
f050_tcomplete      =  2.53755e-05
f051_d7             =  4.08882e-312
f051_d6             =  4.08882e-312
f051_d5             =  5.08845e-297
f051_d4             =  4.08882e-312
f051_d3             =  3.30000e+00
f051_d2             =  3.30000e+00
f051_d1             =  3.30000e+00
f051_d0             =  4.08882e-312
f051_complete       =  3.30000e+00
f051_invalid        =  0.00000e+00
f051_timeout        =  0.00000e+00
f051_sampled        =  -1.49501e+00
f051_input          =  -1.49778e+00
f051_tcomplete      =  2.58755e-05
f052_d7             =  4.08882e-312
f052_d6             =  4.08882e-312
f052_d5             =  3.30000e+00
f052_d4             =  4.08882e-312
f052_d3             =  5.35563e-297
f052_d2             =  3.30000e+00
f052_d1             =  5.35563e-297
f052_d0             =  4.08882e-312
f052_complete       =  3.30000e+00
f052_invalid        =  0.00000e+00
f052_timeout        =  0.00000e+00
f052_sampled        =  -1.20999e+00
f052_input          =  -1.20920e+00
f052_tcomplete      =  2.63755e-05
f053_d7             =  4.08882e-312
f053_d6             =  3.30000e+00
f053_d5             =  3.30000e+00
f053_d4             =  4.08882e-312
f053_d3             =  4.08882e-312
f053_d2             =  3.30000e+00
f053_d1             =  4.08882e-312
f053_d0             =  4.08882e-312
f053_complete       =  3.30000e+00
f053_invalid        =  0.00000e+00
f053_timeout        =  0.00000e+00
f053_sampled        =  -3.72466e-01
f053_input          =  -3.71692e-01
f053_tcomplete      =  2.68755e-05
f054_d7             =  3.30000e+00
f054_d6             =  4.55840e-297
f054_d5             =  3.30000e+00
f054_d4             =  4.08882e-312
f054_d3             =  3.30000e+00
f054_d2             =  3.30000e+00
f054_d1             =  3.30000e+00
f054_d0             =  3.30000e+00
f054_complete       =  3.30000e+00
f054_invalid        =  0.00000e+00
f054_timeout        =  0.00000e+00
f054_sampled        =  6.32897e-01
f054_input          =  6.34595e-01
f054_tcomplete      =  2.73755e-05
f055_d7             =  3.30000e+00
f055_d6             =  3.30000e+00
f055_d5             =  3.30000e+00
f055_d4             =  4.08882e-312
f055_d3             =  4.54363e-297
f055_d2             =  3.30000e+00
f055_d1             =  3.30000e+00
f055_d0             =  4.54363e-297
f055_complete       =  3.30000e+00
f055_invalid        =  0.00000e+00
f055_timeout        =  0.00000e+00
f055_sampled        =  1.35221e+00
f055_input          =  1.35287e+00
f055_tcomplete      =  2.78755e-05
f056_d7             =  3.30000e+00
f056_d6             =  3.30000e+00
f056_d5             =  3.30000e+00
f056_d4             =  4.08882e-312
f056_d3             =  3.30000e+00
f056_d2             =  3.30000e+00
f056_d1             =  5.18355e-297
f056_d0             =  3.30000e+00
f056_complete       =  3.30000e+00
f056_invalid        =  0.00000e+00
f056_timeout        =  0.00000e+00
f056_sampled        =  1.45766e+00
f056_input          =  1.45684e+00
f056_tcomplete      =  2.83755e-05
f057_d7             =  3.30000e+00
f057_d6             =  3.30000e+00
f057_d5             =  4.96491e-297
f057_d4             =  4.08882e-312
f057_d3             =  4.96491e-297
f057_d2             =  4.96491e-297
f057_d1             =  3.30000e+00
f057_d0             =  3.30000e+00
f057_complete       =  3.30000e+00
f057_invalid        =  0.00000e+00
f057_timeout        =  0.00000e+00
f057_sampled        =  9.00704e-01
f057_input          =  8.99375e-01
f057_tcomplete      =  2.88755e-05
f058_d7             =  5.10778e-297
f058_d6             =  3.30000e+00
f058_d5             =  3.30000e+00
f058_d4             =  3.30000e+00
f058_d3             =  3.30000e+00
f058_d2             =  4.08882e-312
f058_d1             =  3.30000e+00
f058_d0             =  5.10778e-297
f058_complete       =  3.30000e+00
f058_invalid        =  0.00000e+00
f058_timeout        =  0.00000e+00
f058_sampled        =  -6.61980e-02
f058_input          =  -6.62675e-02
f058_tcomplete      =  2.93755e-05
f059_d7             =  4.08882e-312
f059_d6             =  5.34828e-297
f059_d5             =  3.30000e+00
f059_d4             =  3.30000e+00
f059_d3             =  5.34828e-297
f059_d2             =  3.30000e+00
f059_d1             =  5.34828e-297
f059_d0             =  4.08882e-312
f059_complete       =  3.30000e+00
f059_invalid        =  0.00000e+00
f059_timeout        =  0.00000e+00
f059_sampled        =  -1.00314e+00
f059_input          =  -1.00181e+00
f059_tcomplete      =  2.98755e-05
f060_d7             =  4.08882e-312
f060_d6             =  4.08882e-312
f060_d5             =  5.41054e-297
f060_d4             =  3.30000e+00
f060_d3             =  4.08882e-312
f060_d2             =  5.41054e-297
f060_d1             =  4.08882e-312
f060_d0             =  4.08882e-312
f060_complete       =  3.30000e+00
f060_invalid        =  0.00000e+00
f060_timeout        =  0.00000e+00
f060_sampled        =  -1.48343e+00
f060_input          =  -1.48261e+00
f060_tcomplete      =  3.03755e-05
f061_d7             =  4.08882e-312
f061_d6             =  4.08882e-312
f061_d5             =  4.08882e-312
f061_d4             =  3.30000e+00
f061_d3             =  3.30000e+00
f061_d2             =  3.30000e+00
f061_d1             =  3.30000e+00
f061_d0             =  4.08882e-312
f061_complete       =  3.30000e+00
f061_invalid        =  0.00000e+00
f061_timeout        =  0.00000e+00
f061_sampled        =  -1.28953e+00
f061_input          =  -1.29029e+00
f061_tcomplete      =  3.08755e-05
f062_d7             =  4.08882e-312
f062_d6             =  3.30000e+00
f062_d5             =  4.08882e-312
f062_d4             =  3.30000e+00
f062_d3             =  3.30000e+00
f062_d2             =  4.53228e-297
f062_d1             =  4.53228e-297
f062_d0             =  3.30000e+00
f062_complete       =  3.30000e+00
f062_invalid        =  0.00000e+00
f062_timeout        =  0.00000e+00
f062_sampled        =  -5.11820e-01
f062_input          =  -5.12361e-01
f062_tcomplete      =  3.13755e-05
f063_d7             =  3.30000e+00
f063_d6             =  4.49812e-297
f063_d5             =  3.30000e+00
f063_d4             =  4.49812e-297
f063_d3             =  4.49812e-297
f063_d2             =  3.30000e+00
f063_d1             =  4.08882e-312
f063_d0             =  3.30000e+00
f063_complete       =  3.30000e+00
f063_invalid        =  0.00000e+00
f063_timeout        =  0.00000e+00
f063_sampled        =  4.99102e-01
f063_input          =  4.98495e-01
f063_tcomplete      =  3.18755e-05
f064_d7             =  3.30000e+00
f064_d6             =  3.30000e+00
f064_d5             =  3.30000e+00
f064_d4             =  4.08882e-312
f064_d3             =  4.08882e-312
f064_d2             =  5.13425e-297
f064_d1             =  4.08882e-312
f064_d0             =  5.13425e-297
f064_complete       =  3.30000e+00
f064_invalid        =  0.00000e+00
f064_timeout        =  0.00000e+00
f064_sampled        =  1.28711e+00
f064_input          =  1.28277e+00
f064_tcomplete      =  3.23755e-05
f065_d7             =  3.30000e+00
f065_d6             =  3.30000e+00
f065_d5             =  3.30000e+00
f065_d4             =  3.30000e+00
f065_d3             =  4.08882e-312
f065_d2             =  4.08882e-312
f065_d1             =  4.08882e-312
f065_d0             =  4.08882e-312
f065_complete       =  3.30000e+00
f065_invalid        =  0.00000e+00
f065_timeout        =  0.00000e+00
f065_sampled        =  1.48788e+00
f065_input          =  1.48484e+00
f065_tcomplete      =  3.28755e-05
f066_d7             =  3.30000e+00
f066_d6             =  3.30000e+00
f066_d5             =  4.54704e-297
f066_d4             =  4.54704e-297
f066_d3             =  3.30000e+00
f066_d2             =  3.30000e+00
f066_d1             =  4.08882e-312
f066_d0             =  4.08882e-312
f066_complete       =  3.30000e+00
f066_invalid        =  0.00000e+00
f066_timeout        =  0.00000e+00
f066_sampled        =  1.01178e+00
f066_input          =  1.01281e+00
f066_tcomplete      =  3.33755e-05
f067_d7             =  3.30000e+00
f067_d6             =  5.14687e-297
f067_d5             =  4.08882e-312
f067_d4             =  4.08882e-312
f067_d3             =  5.14687e-297
f067_d2             =  3.30000e+00
f067_d1             =  3.30000e+00
f067_d0             =  4.08882e-312
f067_complete       =  3.30000e+00
f067_invalid        =  0.00000e+00
f067_timeout        =  0.00000e+00
f067_sampled        =  8.13121e-02
f067_input          =  8.11176e-02
f067_tcomplete      =  3.38755e-05
p_f000_cmp7_p0      =  -3.06537e-06
p_f000_cmp7_n0      =  -3.08695e-06
p_f000_cmp7_p5      =  3.30000e+00
p_f000_cmp7_n5      =  -1.80405e-06
p_f000_cmp6_p0      =  -8.42515e-06
p_f000_cmp6_n0      =  -8.41327e-06
p_f000_cmp6_p5      =  3.30000e+00
p_f000_cmp6_n5      =  -2.05755e-06
p_f000_cmp5_p0      =  -3.16526e-06
p_f000_cmp5_n0      =  -3.18641e-06
p_f000_cmp5_p5      =  3.30000e+00
p_f000_cmp5_n5      =  -1.70688e-06
p_f000_cmp4_p0      =  -3.16274e-06
p_f000_cmp4_n0      =  -3.18384e-06
p_f000_cmp4_p5      =  -1.70186e-06
p_f000_cmp4_n5      =  3.30000e+00
p_f000_cmp3_p0      =  -8.36327e-06
p_f000_cmp3_n0      =  -8.36524e-06
p_f000_cmp3_p5      =  -2.01280e-06
p_f000_cmp3_n5      =  3.30000e+00
p_f000_cmp2_p0      =  -8.36308e-06
p_f000_cmp2_n0      =  -8.36339e-06
p_f000_cmp2_p5      =  -2.00904e-06
p_f000_cmp2_n5      =  3.30000e+00
p_f000_cmp1_p0      =  -3.14899e-06
p_f000_cmp1_n0      =  -3.16957e-06
p_f000_cmp1_p5      =  -1.69091e-06
p_f000_cmp1_n5      =  3.30000e+00
p_f000_cmp0_p0      =  -8.40549e-06
p_f000_cmp0_n0      =  -8.40291e-06
p_f000_cmp0_p5      =  -2.00360e-06
p_f000_cmp0_n5      =  3.30000e+00
p_f000_dctrl7_p     =  3.30001e+00
p_f000_dctrl7_n     =  3.48058e-01
p_f000_dctrl6_p     =  3.26643e+00
p_f000_dctrl6_n     =  3.04742e-06
p_f000_dctrl5_p     =  3.29965e+00
p_f000_dctrl5_n     =  -1.67986e-06
p_f000_dctrl4_p     =  -1.26264e-07
p_f000_dctrl4_n     =  3.29999e+00
p_f000_dctrl3_p     =  -2.76705e-08
p_f000_dctrl3_n     =  3.30000e+00
p_f000_dctrl2_p     =  -1.37197e-08
p_f000_dctrl2_n     =  3.30000e+00
p_f000_dctrl1_p     =  -6.63718e-09
p_f000_dctrl1_n     =  3.30000e+00
p_f000_do7_drv_470  =  3.30000e+00
p_f000_do7_rx_470   =  3.30000e+00
p_f000_do6_drv_470  =  3.30000e+00
p_f000_do6_rx_470   =  3.30000e+00
p_f000_do5_drv_470  =  3.30000e+00
p_f000_do5_rx_470   =  3.30000e+00
p_f000_do4_drv_470  =  0.00000e+00
p_f000_do4_rx_470   =  0.00000e+00
p_f000_do3_drv_470  =  0.00000e+00
p_f000_do3_rx_470   =  0.00000e+00
p_f000_do2_drv_470  =  0.00000e+00
p_f000_do2_rx_470   =  0.00000e+00
p_f000_do1_drv_470  =  0.00000e+00
p_f000_do1_rx_470   =  0.00000e+00
p_f000_do0_drv_470  =  0.00000e+00
p_f000_do0_rx_470   =  0.00000e+00
p_f000_do7_drv_480  =  3.30000e+00
p_f000_do7_rx_480   =  3.30000e+00
p_f000_do6_drv_480  =  3.30000e+00
p_f000_do6_rx_480   =  3.30000e+00
p_f000_do5_drv_480  =  3.30000e+00
p_f000_do5_rx_480   =  3.30000e+00
p_f000_do4_drv_480  =  0.00000e+00
p_f000_do4_rx_480   =  0.00000e+00
p_f000_do3_drv_480  =  0.00000e+00
p_f000_do3_rx_480   =  0.00000e+00
p_f000_do2_drv_480  =  0.00000e+00
p_f000_do2_rx_480   =  0.00000e+00
p_f000_do1_drv_480  =  0.00000e+00
p_f000_do1_rx_480   =  0.00000e+00
p_f000_do0_drv_480  =  0.00000e+00
p_f000_do0_rx_480   =  0.00000e+00
p_f001_cmp7_p0      =  -3.16464e-06
p_f001_cmp7_n0      =  -3.18702e-06
p_f001_cmp7_p5      =  3.30000e+00
p_f001_cmp7_n5      =  -1.83120e-06
p_f001_cmp6_p0      =  -8.55388e-06
p_f001_cmp6_n0      =  -8.53854e-06
p_f001_cmp6_p5      =  3.30000e+00
p_f001_cmp6_n5      =  -2.07263e-06
p_f001_cmp5_p0      =  -3.25954e-06
p_f001_cmp5_n0      =  -3.28231e-06
p_f001_cmp5_p5      =  3.30000e+00
p_f001_cmp5_n5      =  -1.72516e-06
p_f001_cmp4_p0      =  -3.24297e-06
p_f001_cmp4_n0      =  -3.26500e-06
p_f001_cmp4_p5      =  3.30000e+00
p_f001_cmp4_n5      =  -1.70459e-06
p_f001_cmp3_p0      =  -8.48929e-06
p_f001_cmp3_n0      =  -8.48936e-06
p_f001_cmp3_p5      =  -2.02390e-06
p_f001_cmp3_n5      =  3.30000e+00
p_f001_cmp2_p0      =  -8.48924e-06
p_f001_cmp2_n0      =  -8.48757e-06
p_f001_cmp2_p5      =  -2.02084e-06
p_f001_cmp2_n5      =  3.30000e+00
p_f001_cmp1_p0      =  -3.20514e-06
p_f001_cmp1_n0      =  -3.22621e-06
p_f001_cmp1_p5      =  -1.70231e-06
p_f001_cmp1_n5      =  3.30000e+00
p_f001_cmp0_p0      =  -8.53138e-06
p_f001_cmp0_n0      =  -8.52755e-06
p_f001_cmp0_p5      =  -2.02003e-06
p_f001_cmp0_n5      =  3.30000e+00
p_f001_dctrl7_p     =  3.30001e+00
p_f001_dctrl7_n     =  3.48227e-01
p_f001_dctrl6_p     =  3.26640e+00
p_f001_dctrl6_n     =  3.43165e-06
p_f001_dctrl5_p     =  3.29965e+00
p_f001_dctrl5_n     =  -1.48744e-06
p_f001_dctrl4_p     =  3.29999e+00
p_f001_dctrl4_n     =  -1.46816e-07
p_f001_dctrl3_p     =  -2.75613e-08
p_f001_dctrl3_n     =  3.30000e+00
p_f001_dctrl2_p     =  -1.35711e-08
p_f001_dctrl2_n     =  3.30000e+00
p_f001_dctrl1_p     =  -6.58775e-09
p_f001_dctrl1_n     =  3.30000e+00
p_f001_do7_drv_470  =  3.30000e+00
p_f001_do7_rx_470   =  3.30000e+00
p_f001_do6_drv_470  =  3.30000e+00
p_f001_do6_rx_470   =  3.30000e+00
p_f001_do5_drv_470  =  3.30000e+00
p_f001_do5_rx_470   =  3.30000e+00
p_f001_do4_drv_470  =  3.30000e+00
p_f001_do4_rx_470   =  3.30000e+00
p_f001_do3_drv_470  =  0.00000e+00
p_f001_do3_rx_470   =  0.00000e+00
p_f001_do2_drv_470  =  0.00000e+00
p_f001_do2_rx_470   =  0.00000e+00
p_f001_do1_drv_470  =  0.00000e+00
p_f001_do1_rx_470   =  0.00000e+00
p_f001_do0_drv_470  =  0.00000e+00
p_f001_do0_rx_470   =  0.00000e+00
p_f001_do7_drv_480  =  3.30000e+00
p_f001_do7_rx_480   =  3.30000e+00
p_f001_do6_drv_480  =  3.30000e+00
p_f001_do6_rx_480   =  3.30000e+00
p_f001_do5_drv_480  =  3.30000e+00
p_f001_do5_rx_480   =  3.30000e+00
p_f001_do4_drv_480  =  3.30000e+00
p_f001_do4_rx_480   =  3.30000e+00
p_f001_do3_drv_480  =  0.00000e+00
p_f001_do3_rx_480   =  0.00000e+00
p_f001_do2_drv_480  =  0.00000e+00
p_f001_do2_rx_480   =  0.00000e+00
p_f001_do1_drv_480  =  0.00000e+00
p_f001_do1_rx_480   =  0.00000e+00
p_f001_do0_drv_480  =  0.00000e+00
p_f001_do0_rx_480   =  0.00000e+00
p_f002_cmp7_p0      =  -2.53363e-06
p_f002_cmp7_n0      =  -2.55243e-06
p_f002_cmp7_p5      =  3.30000e+00
p_f002_cmp7_n5      =  -1.73734e-06
p_f002_cmp6_p0      =  -7.57318e-06
p_f002_cmp6_n0      =  -7.57694e-06
p_f002_cmp6_p5      =  3.30000e+00
p_f002_cmp6_n5      =  -1.99254e-06
p_f002_cmp5_p0      =  -2.65746e-06
p_f002_cmp5_n0      =  -2.67591e-06
p_f002_cmp5_p5      =  -1.64944e-06
p_f002_cmp5_n5      =  3.30000e+00
p_f002_cmp4_p0      =  -2.63284e-06
p_f002_cmp4_n0      =  -2.65037e-06
p_f002_cmp4_p5      =  -1.63998e-06
p_f002_cmp4_n5      =  3.30000e+00
p_f002_cmp3_p0      =  -8.21129e-06
p_f002_cmp3_n0      =  -8.22347e-06
p_f002_cmp3_p5      =  3.30000e+00
p_f002_cmp3_n5      =  -1.95441e-06
p_f002_cmp2_p0      =  -7.60567e-06
p_f002_cmp2_n0      =  -7.61910e-06
p_f002_cmp2_p5      =  3.30000e+00
p_f002_cmp2_n5      =  -1.94536e-06
p_f002_cmp1_p0      =  -2.62241e-06
p_f002_cmp1_n0      =  -2.63993e-06
p_f002_cmp1_p5      =  -1.63499e-06
p_f002_cmp1_n5      =  3.30000e+00
p_f002_cmp0_p0      =  -7.64701e-06
p_f002_cmp0_n0      =  -7.65983e-06
p_f002_cmp0_p5      =  -1.93865e-06
p_f002_cmp0_n5      =  3.30000e+00
p_f002_dctrl7_p     =  3.30001e+00
p_f002_dctrl7_n     =  3.47068e-01
p_f002_dctrl6_p     =  3.26661e+00
p_f002_dctrl6_n     =  2.37508e-06
p_f002_dctrl5_p     =  -1.02632e-06
p_f002_dctrl5_n     =  3.29965e+00
p_f002_dctrl4_p     =  -1.40896e-07
p_f002_dctrl4_n     =  3.29999e+00
p_f002_dctrl3_p     =  3.30000e+00
p_f002_dctrl3_n     =  -2.79717e-08
p_f002_dctrl2_p     =  3.30000e+00
p_f002_dctrl2_n     =  -1.38521e-08
p_f002_dctrl1_p     =  -6.52314e-09
p_f002_dctrl1_n     =  3.30000e+00
p_f002_do7_drv_470  =  3.30000e+00
p_f002_do7_rx_470   =  3.30000e+00
p_f002_do6_drv_470  =  3.30000e+00
p_f002_do6_rx_470   =  3.30000e+00
p_f002_do5_drv_470  =  0.00000e+00
p_f002_do5_rx_470   =  1.29414e-268
p_f002_do4_drv_470  =  0.00000e+00
p_f002_do4_rx_470   =  1.29414e-268
p_f002_do3_drv_470  =  3.30000e+00
p_f002_do3_rx_470   =  3.30000e+00
p_f002_do2_drv_470  =  3.30000e+00
p_f002_do2_rx_470   =  3.30000e+00
p_f002_do1_drv_470  =  0.00000e+00
p_f002_do1_rx_470   =  0.00000e+00
p_f002_do0_drv_470  =  0.00000e+00
p_f002_do0_rx_470   =  0.00000e+00
p_f002_do7_drv_480  =  3.30000e+00
p_f002_do7_rx_480   =  3.30000e+00
p_f002_do6_drv_480  =  3.30000e+00
p_f002_do6_rx_480   =  3.30000e+00
p_f002_do5_drv_480  =  0.00000e+00
p_f002_do5_rx_480   =  4.54357e-297
p_f002_do4_drv_480  =  0.00000e+00
p_f002_do4_rx_480   =  4.54357e-297
p_f002_do3_drv_480  =  3.30000e+00
p_f002_do3_rx_480   =  3.30000e+00
p_f002_do2_drv_480  =  3.30000e+00
p_f002_do2_rx_480   =  3.30000e+00
p_f002_do1_drv_480  =  0.00000e+00
p_f002_do1_rx_480   =  0.00000e+00
p_f002_do0_drv_480  =  0.00000e+00
p_f002_do0_rx_480   =  0.00000e+00
p_f003_cmp7_p0      =  -3.02758e-06
p_f003_cmp7_n0      =  -3.04913e-06
p_f003_cmp7_p5      =  3.30000e+00
p_f003_cmp7_n5      =  -1.78904e-06
p_f003_cmp6_p0      =  -8.42192e-06
p_f003_cmp6_n0      =  -8.42764e-06
p_f003_cmp6_p5      =  -2.05612e-06
p_f003_cmp6_n5      =  3.30000e+00
p_f003_cmp5_p0      =  -3.40696e-06
p_f003_cmp5_n0      =  -3.42797e-06
p_f003_cmp5_p5      =  -1.71200e-06
p_f003_cmp5_n5      =  3.30000e+00
p_f003_cmp4_p0      =  -3.15964e-06
p_f003_cmp4_n0      =  -3.18045e-06
p_f003_cmp4_p5      =  -1.70011e-06
p_f003_cmp4_n5      =  3.30000e+00
p_f003_cmp3_p0      =  -8.36314e-06
p_f003_cmp3_n0      =  -8.36280e-06
p_f003_cmp3_p5      =  -2.00616e-06
p_f003_cmp3_n5      =  3.30000e+00
p_f003_cmp2_p0      =  -8.36496e-06
p_f003_cmp2_n0      =  -8.36091e-06
p_f003_cmp2_p5      =  3.30000e+00
p_f003_cmp2_n5      =  -2.01799e-06
p_f003_cmp1_p0      =  -3.14867e-06
p_f003_cmp1_n0      =  -3.16975e-06
p_f003_cmp1_p5      =  3.30000e+00
p_f003_cmp1_n5      =  -1.69688e-06
p_f003_cmp0_p0      =  -8.40507e-06
p_f003_cmp0_n0      =  -8.40360e-06
p_f003_cmp0_p5      =  -2.00851e-06
p_f003_cmp0_n5      =  3.30000e+00
p_f003_dctrl7_p     =  3.30001e+00
p_f003_dctrl7_n     =  3.48054e-01
p_f003_dctrl6_p     =  3.05371e-05
p_f003_dctrl6_n     =  3.26637e+00
p_f003_dctrl5_p     =  -1.12551e-06
p_f003_dctrl5_n     =  3.29964e+00
p_f003_dctrl4_p     =  -1.30415e-07
p_f003_dctrl4_n     =  3.29999e+00
p_f003_dctrl3_p     =  -2.98051e-08
p_f003_dctrl3_n     =  3.30000e+00
p_f003_dctrl2_p     =  3.30000e+00
p_f003_dctrl2_n     =  -1.36369e-08
p_f003_dctrl1_p     =  3.30000e+00
p_f003_dctrl1_n     =  -6.65569e-09
p_f003_do7_drv_470  =  3.30000e+00
p_f003_do7_rx_470   =  3.30000e+00
p_f003_do6_drv_470  =  0.00000e+00
p_f003_do6_rx_470   =  1.46688e-268
p_f003_do5_drv_470  =  0.00000e+00
p_f003_do5_rx_470   =  4.08882e-312
p_f003_do4_drv_470  =  0.00000e+00
p_f003_do4_rx_470   =  4.08882e-312
p_f003_do3_drv_470  =  0.00000e+00
p_f003_do3_rx_470   =  1.46688e-268
p_f003_do2_drv_470  =  3.30000e+00
p_f003_do2_rx_470   =  3.30000e+00
p_f003_do1_drv_470  =  3.30000e+00
p_f003_do1_rx_470   =  3.30000e+00
p_f003_do0_drv_470  =  0.00000e+00
p_f003_do0_rx_470   =  0.00000e+00
p_f003_do7_drv_480  =  3.30000e+00
p_f003_do7_rx_480   =  3.30000e+00
p_f003_do6_drv_480  =  0.00000e+00
p_f003_do6_rx_480   =  5.15004e-297
p_f003_do5_drv_480  =  0.00000e+00
p_f003_do5_rx_480   =  4.08882e-312
p_f003_do4_drv_480  =  0.00000e+00
p_f003_do4_rx_480   =  4.08882e-312
p_f003_do3_drv_480  =  0.00000e+00
p_f003_do3_rx_480   =  5.15004e-297
p_f003_do2_drv_480  =  3.30000e+00
p_f003_do2_rx_480   =  3.30000e+00
p_f003_do1_drv_480  =  3.30000e+00
p_f003_do1_rx_480   =  3.30000e+00
p_f003_do0_drv_480  =  0.00000e+00
p_f003_do0_rx_480   =  0.00000e+00
p_f064_cmp7_p0      =  -3.18310e-06
p_f064_cmp7_n0      =  -3.20538e-06
p_f064_cmp7_p5      =  3.30000e+00
p_f064_cmp7_n5      =  -1.81802e-06
p_f064_cmp6_p0      =  -8.59248e-06
p_f064_cmp6_n0      =  -8.57647e-06
p_f064_cmp6_p5      =  3.30000e+00
p_f064_cmp6_n5      =  -2.07341e-06
p_f064_cmp5_p0      =  -3.07838e-06
p_f064_cmp5_n0      =  -3.09902e-06
p_f064_cmp5_p5      =  3.30000e+00
p_f064_cmp5_n5      =  -1.69724e-06
p_f064_cmp4_p0      =  -3.27885e-06
p_f064_cmp4_n0      =  -3.30061e-06
p_f064_cmp4_p5      =  -1.71446e-06
p_f064_cmp4_n5      =  3.30000e+00
p_f064_cmp3_p0      =  -8.19523e-06
p_f064_cmp3_n0      =  -8.20010e-06
p_f064_cmp3_p5      =  -1.99713e-06
p_f064_cmp3_n5      =  3.30000e+00
p_f064_cmp2_p0      =  -8.53133e-06
p_f064_cmp2_n0      =  -8.52851e-06
p_f064_cmp2_p5      =  -2.02435e-06
p_f064_cmp2_n5      =  3.30000e+00
p_f064_cmp1_p0      =  -3.11979e-06
p_f064_cmp1_n0      =  -3.14017e-06
p_f064_cmp1_p5      =  -1.68869e-06
p_f064_cmp1_n5      =  3.30000e+00
p_f064_cmp0_p0      =  -8.19479e-06
p_f064_cmp0_n0      =  -8.19645e-06
p_f064_cmp0_p5      =  -1.98400e-06
p_f064_cmp0_n5      =  3.30000e+00
p_f064_dctrl7_p     =  3.30001e+00
p_f064_dctrl7_n     =  3.48058e-01
p_f064_dctrl6_p     =  3.26640e+00
p_f064_dctrl6_n     =  3.05314e-06
p_f064_dctrl5_p     =  3.29965e+00
p_f064_dctrl5_n     =  -1.68083e-06
p_f064_dctrl4_p     =  -1.26404e-07
p_f064_dctrl4_n     =  3.29999e+00
p_f064_dctrl3_p     =  -2.77012e-08
p_f064_dctrl3_n     =  3.30000e+00
p_f064_dctrl2_p     =  -1.36929e-08
p_f064_dctrl2_n     =  3.30000e+00
p_f064_dctrl1_p     =  -6.64275e-09
p_f064_dctrl1_n     =  3.30000e+00
p_f064_do7_drv_470  =  3.30000e+00
p_f064_do7_rx_470   =  3.30000e+00
p_f064_do6_drv_470  =  3.30000e+00
p_f064_do6_rx_470   =  3.30000e+00
p_f064_do5_drv_470  =  3.30000e+00
p_f064_do5_rx_470   =  3.30000e+00
p_f064_do4_drv_470  =  0.00000e+00
p_f064_do4_rx_470   =  4.08882e-312
p_f064_do3_drv_470  =  0.00000e+00
p_f064_do3_rx_470   =  4.08882e-312
p_f064_do2_drv_470  =  0.00000e+00
p_f064_do2_rx_470   =  1.46238e-268
p_f064_do1_drv_470  =  0.00000e+00
p_f064_do1_rx_470   =  4.08882e-312
p_f064_do0_drv_470  =  0.00000e+00
p_f064_do0_rx_470   =  1.46238e-268
p_f064_do7_drv_480  =  3.30000e+00
p_f064_do7_rx_480   =  3.30000e+00
p_f064_do6_drv_480  =  3.30000e+00
p_f064_do6_rx_480   =  3.30000e+00
p_f064_do5_drv_480  =  3.30000e+00
p_f064_do5_rx_480   =  3.30000e+00
p_f064_do4_drv_480  =  0.00000e+00
p_f064_do4_rx_480   =  4.08882e-312
p_f064_do3_drv_480  =  0.00000e+00
p_f064_do3_rx_480   =  4.08882e-312
p_f064_do2_drv_480  =  0.00000e+00
p_f064_do2_rx_480   =  5.13425e-297
p_f064_do1_drv_480  =  0.00000e+00
p_f064_do1_rx_480   =  4.08882e-312
p_f064_do0_drv_480  =  0.00000e+00
p_f064_do0_rx_480   =  5.13425e-297
p_f065_cmp7_p0      =  -3.28130e-06
p_f065_cmp7_n0      =  -3.30438e-06
p_f065_cmp7_p5      =  3.30000e+00
p_f065_cmp7_n5      =  -1.84500e-06
p_f065_cmp6_p0      =  -8.72096e-06
p_f065_cmp6_n0      =  -8.70143e-06
p_f065_cmp6_p5      =  3.30000e+00
p_f065_cmp6_n5      =  -2.08897e-06
p_f065_cmp5_p0      =  -3.17304e-06
p_f065_cmp5_n0      =  -3.19528e-06
p_f065_cmp5_p5      =  3.30000e+00
p_f065_cmp5_n5      =  -1.71503e-06
p_f065_cmp4_p0      =  -3.35944e-06
p_f065_cmp4_n0      =  -3.38219e-06
p_f065_cmp4_p5      =  3.30000e+00
p_f065_cmp4_n5      =  -1.70443e-06
p_f065_cmp3_p0      =  -8.32125e-06
p_f065_cmp3_n0      =  -8.32419e-06
p_f065_cmp3_p5      =  -2.00867e-06
p_f065_cmp3_n5      =  3.30000e+00
p_f065_cmp2_p0      =  -8.65745e-06
p_f065_cmp2_n0      =  -8.65273e-06
p_f065_cmp2_p5      =  -2.03669e-06
p_f065_cmp2_n5      =  3.30000e+00
p_f065_cmp1_p0      =  -3.36928e-06
p_f065_cmp1_n0      =  -3.39009e-06
p_f065_cmp1_p5      =  -1.70566e-06
p_f065_cmp1_n5      =  3.30000e+00
p_f065_cmp0_p0      =  -8.32083e-06
p_f065_cmp0_n0      =  -8.32094e-06
p_f065_cmp0_p5      =  -2.03784e-06
p_f065_cmp0_n5      =  3.30000e+00
p_f065_dctrl7_p     =  3.30001e+00
p_f065_dctrl7_n     =  3.48226e-01
p_f065_dctrl6_p     =  3.26637e+00
p_f065_dctrl6_n     =  3.43561e-06
p_f065_dctrl5_p     =  3.29965e+00
p_f065_dctrl5_n     =  -1.48863e-06
p_f065_dctrl4_p     =  3.29999e+00
p_f065_dctrl4_n     =  -1.46807e-07
p_f065_dctrl3_p     =  -2.75538e-08
p_f065_dctrl3_n     =  3.30000e+00
p_f065_dctrl2_p     =  -1.35772e-08
p_f065_dctrl2_n     =  3.30000e+00
p_f065_dctrl1_p     =  -6.59822e-09
p_f065_dctrl1_n     =  3.30000e+00
p_f065_do7_drv_470  =  3.30000e+00
p_f065_do7_rx_470   =  3.30000e+00
p_f065_do6_drv_470  =  3.30000e+00
p_f065_do6_rx_470   =  3.30000e+00
p_f065_do5_drv_470  =  3.30000e+00
p_f065_do5_rx_470   =  3.30000e+00
p_f065_do4_drv_470  =  3.30000e+00
p_f065_do4_rx_470   =  3.30000e+00
p_f065_do3_drv_470  =  0.00000e+00
p_f065_do3_rx_470   =  4.08882e-312
p_f065_do2_drv_470  =  0.00000e+00
p_f065_do2_rx_470   =  4.08882e-312
p_f065_do1_drv_470  =  0.00000e+00
p_f065_do1_rx_470   =  4.08882e-312
p_f065_do0_drv_470  =  0.00000e+00
p_f065_do0_rx_470   =  4.08882e-312
p_f065_do7_drv_480  =  3.30000e+00
p_f065_do7_rx_480   =  3.30000e+00
p_f065_do6_drv_480  =  3.30000e+00
p_f065_do6_rx_480   =  3.30000e+00
p_f065_do5_drv_480  =  3.30000e+00
p_f065_do5_rx_480   =  3.30000e+00
p_f065_do4_drv_480  =  3.30000e+00
p_f065_do4_rx_480   =  3.30000e+00
p_f065_do3_drv_480  =  0.00000e+00
p_f065_do3_rx_480   =  4.08882e-312
p_f065_do2_drv_480  =  0.00000e+00
p_f065_do2_rx_480   =  4.08882e-312
p_f065_do1_drv_480  =  0.00000e+00
p_f065_do1_rx_480   =  4.08882e-312
p_f065_do0_drv_480  =  0.00000e+00
p_f065_do0_rx_480   =  4.08882e-312
p_f066_cmp7_p0      =  -2.65104e-06
p_f066_cmp7_n0      =  -2.67053e-06
p_f066_cmp7_p5      =  3.30000e+00
p_f066_cmp7_n5      =  -1.75073e-06
p_f066_cmp6_p0      =  -7.59422e-06
p_f066_cmp6_n0      =  -7.59705e-06
p_f066_cmp6_p5      =  3.30000e+00
p_f066_cmp6_n5      =  -2.00789e-06
p_f066_cmp5_p0      =  -2.57118e-06
p_f066_cmp5_n0      =  -2.58916e-06
p_f066_cmp5_p5      =  -1.64020e-06
p_f066_cmp5_n5      =  3.30000e+00
p_f066_cmp4_p0      =  -2.74934e-06
p_f066_cmp4_n0      =  -2.76749e-06
p_f066_cmp4_p5      =  -1.65262e-06
p_f066_cmp4_n5      =  3.30000e+00
p_f066_cmp3_p0      =  -7.80223e-06
p_f066_cmp3_n0      =  -7.81613e-06
p_f066_cmp3_p5      =  3.30000e+00
p_f066_cmp3_n5      =  -1.93520e-06
p_f066_cmp2_p0      =  -7.77408e-06
p_f066_cmp2_n0      =  -7.78410e-06
p_f066_cmp2_p5      =  3.30000e+00
p_f066_cmp2_n5      =  -1.95672e-06
p_f066_cmp1_p0      =  -2.59313e-06
p_f066_cmp1_n0      =  -2.61050e-06
p_f066_cmp1_p5      =  -1.63167e-06
p_f066_cmp1_n5      =  3.30000e+00
p_f066_cmp0_p0      =  -7.43633e-06
p_f066_cmp0_n0      =  -7.45335e-06
p_f066_cmp0_p5      =  -1.92007e-06
p_f066_cmp0_n5      =  3.30000e+00
p_f066_dctrl7_p     =  3.30001e+00
p_f066_dctrl7_n     =  3.47068e-01
p_f066_dctrl6_p     =  3.26658e+00
p_f066_dctrl6_n     =  2.37375e-06
p_f066_dctrl5_p     =  -1.02625e-06
p_f066_dctrl5_n     =  3.29965e+00
p_f066_dctrl4_p     =  -1.40800e-07
p_f066_dctrl4_n     =  3.29999e+00
p_f066_dctrl3_p     =  3.30000e+00
p_f066_dctrl3_n     =  -2.80856e-08
p_f066_dctrl2_p     =  3.30000e+00
p_f066_dctrl2_n     =  -1.37882e-08
p_f066_dctrl1_p     =  -6.53515e-09
p_f066_dctrl1_n     =  3.30000e+00
p_f066_do7_drv_470  =  3.30000e+00
p_f066_do7_rx_470   =  3.30000e+00
p_f066_do6_drv_470  =  3.30000e+00
p_f066_do6_rx_470   =  3.30000e+00
p_f066_do5_drv_470  =  0.00000e+00
p_f066_do5_rx_470   =  1.29513e-268
p_f066_do4_drv_470  =  0.00000e+00
p_f066_do4_rx_470   =  1.29513e-268
p_f066_do3_drv_470  =  3.30000e+00
p_f066_do3_rx_470   =  3.30000e+00
p_f066_do2_drv_470  =  3.30000e+00
p_f066_do2_rx_470   =  3.30000e+00
p_f066_do1_drv_470  =  0.00000e+00
p_f066_do1_rx_470   =  4.08882e-312
p_f066_do0_drv_470  =  0.00000e+00
p_f066_do0_rx_470   =  4.08882e-312
p_f066_do7_drv_480  =  3.30000e+00
p_f066_do7_rx_480   =  3.30000e+00
p_f066_do6_drv_480  =  3.30000e+00
p_f066_do6_rx_480   =  3.30000e+00
p_f066_do5_drv_480  =  0.00000e+00
p_f066_do5_rx_480   =  4.54704e-297
p_f066_do4_drv_480  =  0.00000e+00
p_f066_do4_rx_480   =  4.54704e-297
p_f066_do3_drv_480  =  3.30000e+00
p_f066_do3_rx_480   =  3.30000e+00
p_f066_do2_drv_480  =  3.30000e+00
p_f066_do2_rx_480   =  3.30000e+00
p_f066_do1_drv_480  =  0.00000e+00
p_f066_do1_rx_480   =  4.08882e-312
p_f066_do0_drv_480  =  0.00000e+00
p_f066_do0_rx_480   =  4.08882e-312
p_f067_cmp7_p0      =  -3.14730e-06
p_f067_cmp7_n0      =  -3.16954e-06
p_f067_cmp7_p5      =  3.30000e+00
p_f067_cmp7_n5      =  -1.80315e-06
p_f067_cmp6_p0      =  -8.58799e-06
p_f067_cmp6_n0      =  -8.59113e-06
p_f067_cmp6_p5      =  -2.07278e-06
p_f067_cmp6_n5      =  3.30000e+00
p_f067_cmp5_p0      =  -3.27706e-06
p_f067_cmp5_n0      =  -3.29756e-06
p_f067_cmp5_p5      =  -1.70143e-06
p_f067_cmp5_n5      =  3.30000e+00
p_f067_cmp4_p0      =  -3.27606e-06
p_f067_cmp4_n0      =  -3.29754e-06
p_f067_cmp4_p5      =  -1.71342e-06
p_f067_cmp4_n5      =  3.30000e+00
p_f067_cmp3_p0      =  -8.19491e-06
p_f067_cmp3_n0      =  -8.19771e-06
p_f067_cmp3_p5      =  -1.99122e-06
p_f067_cmp3_n5      =  3.30000e+00
p_f067_cmp2_p0      =  -8.43101e-06
p_f067_cmp2_n0      =  -8.42317e-06
p_f067_cmp2_p5      =  3.30000e+00
p_f067_cmp2_n5      =  -2.03488e-06
p_f067_cmp1_p0      =  -3.11941e-06
p_f067_cmp1_n0      =  -3.14032e-06
p_f067_cmp1_p5      =  3.30000e+00
p_f067_cmp1_n5      =  -1.69204e-06
p_f067_cmp0_p0      =  -8.15170e-06
p_f067_cmp0_n0      =  -8.15397e-06
p_f067_cmp0_p5      =  -1.98832e-06
p_f067_cmp0_n5      =  3.30000e+00
p_f067_dctrl7_p     =  3.30001e+00
p_f067_dctrl7_n     =  3.48054e-01
p_f067_dctrl6_p     =  3.05626e-05
p_f067_dctrl6_n     =  3.26634e+00
p_f067_dctrl5_p     =  -1.12318e-06
p_f067_dctrl5_n     =  3.29964e+00
p_f067_dctrl4_p     =  -1.30521e-07
p_f067_dctrl4_n     =  3.29999e+00
p_f067_dctrl3_p     =  -2.96796e-08
p_f067_dctrl3_n     =  3.30000e+00
p_f067_dctrl2_p     =  3.30000e+00
p_f067_dctrl2_n     =  -1.36108e-08
p_f067_dctrl1_p     =  3.30000e+00
p_f067_dctrl1_n     =  -6.63903e-09
p_f067_do7_drv_470  =  3.30000e+00
p_f067_do7_rx_470   =  3.30000e+00
p_f067_do6_drv_470  =  0.00000e+00
p_f067_do6_rx_470   =  1.46598e-268
p_f067_do5_drv_470  =  0.00000e+00
p_f067_do5_rx_470   =  4.08882e-312
p_f067_do4_drv_470  =  0.00000e+00
p_f067_do4_rx_470   =  4.08882e-312
p_f067_do3_drv_470  =  0.00000e+00
p_f067_do3_rx_470   =  1.46598e-268
p_f067_do2_drv_470  =  3.30000e+00
p_f067_do2_rx_470   =  3.30000e+00
p_f067_do1_drv_470  =  3.30000e+00
p_f067_do1_rx_470   =  3.30000e+00
p_f067_do0_drv_470  =  0.00000e+00
p_f067_do0_rx_470   =  4.08882e-312
p_f067_do7_drv_480  =  3.30000e+00
p_f067_do7_rx_480   =  3.30000e+00
p_f067_do6_drv_480  =  0.00000e+00
p_f067_do6_rx_480   =  5.14687e-297
p_f067_do5_drv_480  =  0.00000e+00
p_f067_do5_rx_480   =  4.08882e-312
p_f067_do4_drv_480  =  0.00000e+00
p_f067_do4_rx_480   =  4.08882e-312
p_f067_do3_drv_480  =  0.00000e+00
p_f067_do3_rx_480   =  5.14687e-297
p_f067_do2_drv_480  =  3.30000e+00
p_f067_do2_rx_480   =  3.30000e+00
p_f067_do1_drv_480  =  3.30000e+00
p_f067_do1_rx_480   =  3.30000e+00
p_f067_do0_drv_480  =  0.00000e+00
p_f067_do0_rx_480   =  4.08882e-312
ngspice-46 done
