
Note: Compatibility modes selected: hs a

Warning: m=xx on .subckt line will override multiplier m hierarchy!


Circuit: * a44 actual analog core with fixed tt timed behavioral sar control.

Reducing trtol to 1 for xspice 'A' devices
Doing analysis at TEMP = 27.000000 and TNOM = 27.000000

Using SPARSE 1.3 as Direct Linear Solver

Initial Transient Solution
--------------------------

Node                                   Voltage
----                                   -------
vdd                                        3.3
vrefp_src                                  2.5
vrefp                                      2.5
vrefp_cap                                  2.5
vrefn_src                                  0.8
vrefn                                      0.8
vrefn_cap                                  0.8
vinp_src                               2.29138
vinn_src                               1.00862
vinp                                   2.29138
vinn                                   1.00862
clks_src                                     0
clks                                         0
cmp_noise                           0.00175174
xcore.xcdacp.vbot1                         2.5
dctrlp1                                      0
xcore.vresp_raw                    0.000797212
xcore.xcdacp.vbot2                         2.5
dctrlp2                                      0
xcore.xcdacp.vbot3                         2.5
dctrlp3                                      0
xcore.xcdacp.vbot4                         2.5
dctrlp4                                      0
xcore.xcdacp.vbot5                         2.5
dctrlp5                                      0
xcore.xcdacp.vbot6                         2.5
dctrlp6                                      0
xcore.xcdacp.vbot7                         2.5
dctrlp7                                      0
xcore.xcdacp.x1.clksb                      3.3
xcore.xcdacp.x1.net2               1.44987e-10
xcore.xcdacp.x1.net1                       3.3
xcore.xcdacp.x1.bottom_gate        6.14473e-09
xcore.xcdacp.x1.net4               3.06728e-09
xcore.xcdacp.x1.net3                       3.3
xcore.xcdacn.vbot1                         2.5
dctrln1                                      0
xcore.vresn_raw                    0.000794934
xcore.xcdacn.vbot2                         2.5
dctrln2                                      0
xcore.xcdacn.vbot3                         2.5
dctrln3                                      0
xcore.xcdacn.vbot4                         2.5
dctrln4                                      0
xcore.xcdacn.vbot5                         2.5
dctrln5                                      0
xcore.xcdacn.vbot6                         2.5
dctrln6                                      0
xcore.xcdacn.vbot7                         2.5
dctrln7                                      0
xcore.xcdacn.x1.clksb                      3.3
xcore.xcdacn.x1.net2               1.39627e-10
xcore.xcdacn.x1.net1                       3.3
xcore.xcdacn.x1.bottom_gate        6.16328e-09
xcore.xcdacn.x1.net4               3.10702e-09
xcore.xcdacn.x1.net3                       3.3
vresp                               0.00167308
vresn                             -8.09344e-05
xcore.xcmp.net1                       0.023566
cmpck                                        0
xcore.xcmp.xp                              3.3
xcore.xcmp.xn                              3.3
xcore.xcmp.ln                              3.3
xcore.xcmp.lp                              3.3
dcmpn                              3.63813e-09
dcmpp                               3.6375e-09
sampled_diff                        0.00175401
input_diff                             1.28276
cmpck_drv                                    0
dctrlp7_drv                                  0
dctrlp6_drv                                  0
dctrlp5_drv                                  0
dctrlp4_drv                                  0
dctrlp3_drv                                  0
dctrlp2_drv                                  0
dctrlp1_drv                                  0
dctrln7_drv                                  0
dctrln6_drv                                  0
dctrln5_drv                                  0
dctrln4_drv                                  0
dctrln3_drv                                  0
dctrln2_drv                                  0
dctrln1_drv                                  0
dout7_drv                                    0
dout6_drv                                    0
dout5_drv                                    0
dout4_drv                                    0
dout3_drv                                    0
dout2_drv                                    0
dout1_drv                                    0
dout0_drv                                    0
eoc                                          0
invalid0                                     0
timeout0                                     0
complete                                     0
dout7_rx                                     0
dout6_rx                                     0
dout5_rx                                     0
dout4_rx                                     0
dout3_rx                                     0
dout2_rx                                     0
dout1_rx                                     0
dout0_rx                                     0
e_input_diff#branch               -1.28276e-10
e_sample_diff#branch              -1.75401e-13
e.xcore.e_cmp_noise_n#branch       8.09344e-15
e.xcore.e_cmp_noise_p#branch      -1.67308e-13
vcmp_noise#branch                 -1.75174e-13
vclks_id#branch                              0
vvinn_id#branch                   -4.15733e-10
vvinp_id#branch                   -9.44428e-10
vvrefn_id#branch                  -1.76652e-09
vvrefp_id#branch                  -1.52075e-08
vvdd#branch                       -1.77537e-08
a_status#branch_1_0                          0
a_status#branch_1_1                          0
a_status#branch_1_2                          0
a_status#branch_1_3                          0
a_dout#branch_1_0                            0
a_dout#branch_1_1                            0
a_dout#branch_1_2                            0
a_dout#branch_1_3                            0
a_dout#branch_1_4                            0
a_dout#branch_1_5                            0
a_dout#branch_1_6                            0
a_dout#branch_1_7                            0
a_dctrln#branch_1_0                          0
a_dctrln#branch_1_1                          0
a_dctrln#branch_1_2                          0
a_dctrln#branch_1_3                          0
a_dctrln#branch_1_4                          0
a_dctrln#branch_1_5                          0
a_dctrln#branch_1_6                          0
a_dctrlp#branch_1_0                          0
a_dctrlp#branch_1_1                          0
a_dctrlp#branch_1_2                          0
a_dctrlp#branch_1_3                          0
a_dctrlp#branch_1_4                          0
a_dctrlp#branch_1_5                          0
a_dctrlp#branch_1_6                          0
a_cmpck#branch_1_0                           0


Instance: abeh   Message: WARNING: output scheduled with impossible delay (-4.01e-12) at 5.01e-12/0.

Instance: abeh   Message: XSPICE time is behind vtime:
XSPICE 2.005178787506695e-07
Cosim  2.00548e-07

Instance: abeh   Message: XSPICE time is behind vtime:
XSPICE 7.005164077882238e-07
Cosim  7.0055e-07

Instance: abeh   Message: XSPICE time is behind vtime:
XSPICE 1.200514922636391e-06
Cosim  1.200531e-06

Instance: abeh   Message: XSPICE time is behind vtime:
XSPICE 2.200535756834928e-06
Cosim  2.200544e-06

Instance: abeh   Message: XSPICE time is behind vtime:
XSPICE 2.700500542234849e-06
Cosim  2.700534e-06

Instance: abeh   Message: XSPICE time is behind vtime:
XSPICE 3.200496907823511e-06
Cosim  3.20053e-06

Instance: abeh   Message: XSPICE time is behind vtime:
XSPICE 4.700505168632192e-06
Cosim  4.700531e-06

Instance: abeh   Message: XSPICE time is behind vtime:
XSPICE 5.200517407791721e-06
Cosim  5.200551e-06

Instance: abeh   Message: XSPICE time is behind vtime:
XSPICE 5.700508541975532e-06
Cosim  5.70053e-06

Instance: abeh   Message: XSPICE time is behind vtime:
XSPICE 7.200519542224964e-06
Cosim  7.200553e-06

Instance: abeh   Message: XSPICE time is behind vtime:
XSPICE 7.700497542226591e-06
Cosim  7.700531e-06

Instance: abeh   Message: XSPICE time is behind vtime:
XSPICE 9.200509052161879e-06
Cosim  9.20053e-06

Instance: abeh   Message: XSPICE time is behind vtime:
XSPICE 9.70051740779112e-06
Cosim  9.700550999999999e-06

Instance: abeh   Message: XSPICE time is behind vtime:
XSPICE 1.020050571002003e-05
Cosim  1.0200532e-05

Instance: abeh   Message: XSPICE time is behind vtime:
XSPICE 1.170049824379421e-05
Cosim  1.1700531e-05

Instance: abeh   Message: XSPICE time is behind vtime:
XSPICE 1.220051954223425e-05
Cosim  1.2200553e-05

Instance: abeh   Message: XSPICE time is behind vtime:
XSPICE 1.270053513643486e-05
Cosim  1.2700544e-05

Instance: abeh   Message: XSPICE time is behind vtime:
XSPICE 1.370051749383605e-05
Cosim  1.3700533e-05

Instance: abeh   Message: XSPICE time is behind vtime:
XSPICE 1.420051640778805e-05
Cosim  1.420055e-05

Instance: abeh   Message: XSPICE time is behind vtime:
XSPICE 1.470051748194568e-05
Cosim  1.4700548e-05

Instance: abeh   Message: XSPICE time is behind vtime:
XSPICE 1.620051893468281e-05
Cosim  1.6200548e-05

Instance: abeh   Message: XSPICE time is behind vtime:
XSPICE 1.670051654223978e-05
Cosim  1.670055e-05

Instance: abeh   Message: XSPICE time is behind vtime:
XSPICE 1.720051616440099e-05
Cosim  1.7200531e-05

Instance: abeh   Message: XSPICE time is behind vtime:
XSPICE 1.820053443751835e-05
Cosim  1.8200544e-05

Instance: abeh   Message: XSPICE time is behind vtime:
XSPICE 1.870050040778153e-05
Cosim  1.8700534e-05

Instance: abeh   Message: XSPICE time is behind vtime:
XSPICE 1.920049740776406e-05
Cosim  1.9200531e-05

Instance: abeh   Message: XSPICE time is behind vtime:
XSPICE 2.07005062745973e-05
Cosim  2.0700531e-05

Instance: abeh   Message: XSPICE time is behind vtime:
XSPICE 2.120051754224413e-05
Cosim  2.1200551e-05

Instance: abeh   Message: XSPICE time is behind vtime:
XSPICE 2.170050970632344e-05
Cosim  2.170053e-05

Instance: abeh   Message: XSPICE time is behind vtime:
XSPICE 2.320051940777243e-05
Cosim  2.3200553e-05

Instance: abeh   Message: XSPICE time is behind vtime:
XSPICE 2.370049740777258e-05
Cosim  2.3700531e-05

Instance: abeh   Message: XSPICE time is behind vtime:
XSPICE 2.520051023110133e-05
Cosim  2.520053e-05

Instance: abeh   Message: XSPICE time is behind vtime:
XSPICE 2.570051754224384e-05
Cosim  2.5700551e-05

Instance: abeh   Message: XSPICE time is behind vtime:
XSPICE 2.62005068108649e-05
Cosim  2.6200532e-05

Instance: abeh   Message: XSPICE time is behind vtime:
XSPICE 2.770049740776519e-05
Cosim  2.7700531e-05

Instance: abeh   Message: XSPICE time is behind vtime:
XSPICE 2.820052040778257e-05
Cosim  2.8200554e-05

Instance: abeh   Message: XSPICE time is behind vtime:
XSPICE 2.870053381875156e-05
Cosim  2.8700544e-05

Instance: abeh   Message: XSPICE time is behind vtime:
XSPICE 2.970051874759438e-05
Cosim  2.9700533e-05

Instance: abeh   Message: XSPICE time is behind vtime:
XSPICE 3.020051654224152e-05
Cosim  3.020055e-05

Instance: abeh   Message: XSPICE time is behind vtime:
XSPICE 3.07005185299424e-05
Cosim  3.0700548e-05

Instance: abeh   Message: XSPICE time is behind vtime:
XSPICE 3.220051788240622e-05
Cosim  3.2200548e-05

Instance: abeh   Message: XSPICE time is behind vtime:
XSPICE 3.270051640778902e-05
Cosim  3.270055e-05

Instance: abeh   Message: XSPICE time is behind vtime:
XSPICE 3.320051492979269e-05
Cosim  3.3200531e-05

No. of Data Rows : 735256
f000_d7             =  3.30000e+00
f000_d6             =  3.30000e+00
f000_d5             =  3.30000e+00
f000_d4             =  0.00000e+00
f000_d3             =  0.00000e+00
f000_d2             =  0.00000e+00
f000_d1             =  3.30000e+00
f000_d0             =  0.00000e+00
f000_complete       =  3.30000e+00
f000_invalid        =  0.00000e+00
f000_timeout        =  0.00000e+00
f000_sampled        =  1.28451e+00
f000_input          =  1.28275e+00
f000_tcomplete      =  3.75498e-07
f001_d7             =  3.30000e+00
f001_d6             =  3.30000e+00
f001_d5             =  3.30000e+00
f001_d4             =  3.30000e+00
f001_d3             =  0.00000e+00
f001_d2             =  0.00000e+00
f001_d1             =  5.07678e-297
f001_d0             =  3.30000e+00
f001_complete       =  3.30000e+00
f001_invalid        =  0.00000e+00
f001_timeout        =  0.00000e+00
f001_sampled        =  1.48619e+00
f001_input          =  1.48474e+00
f001_tcomplete      =  8.75500e-07
f002_d7             =  3.30000e+00
f002_d6             =  3.30000e+00
f002_d5             =  4.49494e-297
f002_d4             =  4.49494e-297
f002_d3             =  3.30000e+00
f002_d2             =  3.30000e+00
f002_d1             =  4.08882e-312
f002_d0             =  3.30000e+00
f002_complete       =  3.30000e+00
f002_invalid        =  0.00000e+00
f002_timeout        =  0.00000e+00
f002_sampled        =  1.01171e+00
f002_input          =  1.01289e+00
f002_tcomplete      =  1.37548e-06
f003_d7             =  3.30000e+00
f003_d6             =  5.16907e-297
f003_d5             =  4.08882e-312
f003_d4             =  4.08882e-312
f003_d3             =  5.16907e-297
f003_d2             =  3.30000e+00
f003_d1             =  3.30000e+00
f003_d0             =  3.30000e+00
f003_complete       =  3.30000e+00
f003_invalid        =  0.00000e+00
f003_timeout        =  0.00000e+00
f003_sampled        =  7.99980e-02
f003_input          =  8.09591e-02
f003_tcomplete      =  1.87550e-06
f004_d7             =  4.90833e-297
f004_d6             =  4.08882e-312
f004_d5             =  3.30000e+00
f004_d4             =  3.30000e+00
f004_d3             =  3.30000e+00
f004_d2             =  3.30000e+00
f004_d1             =  3.30000e+00
f004_d0             =  4.90833e-297
f004_complete       =  3.30000e+00
f004_invalid        =  0.00000e+00
f004_timeout        =  0.00000e+00
f004_sampled        =  -8.88994e-01
f004_input          =  -8.87729e-01
f004_tcomplete      =  2.37549e-06
f005_d7             =  4.08882e-312
f005_d6             =  4.08882e-312
f005_d5             =  4.58593e-297
f005_d4             =  3.30000e+00
f005_d3             =  4.58593e-297
f005_d2             =  4.58593e-297
f005_d1             =  3.30000e+00
f005_d0             =  3.30000e+00
f005_complete       =  3.30000e+00
f005_invalid        =  0.00000e+00
f005_timeout        =  0.00000e+00
f005_sampled        =  -1.45339e+00
f005_input          =  -1.45326e+00
f005_tcomplete      =  2.87548e-06
f006_d7             =  4.08882e-312
f006_d6             =  4.08882e-312
f006_d5             =  4.08882e-312
f006_d4             =  3.30000e+00
f006_d3             =  3.30000e+00
f006_d2             =  4.08882e-312
f006_d1             =  3.30000e+00
f006_d0             =  4.48712e-297
f006_complete       =  3.30000e+00
f006_invalid        =  0.00000e+00
f006_timeout        =  0.00000e+00
f006_sampled        =  -1.35937e+00
f006_input          =  -1.35915e+00
f006_tcomplete      =  3.37548e-06
f007_d7             =  4.08882e-312
f007_d6             =  3.30000e+00
f007_d5             =  4.08882e-312
f007_d4             =  3.30000e+00
f007_d3             =  4.51413e-297
f007_d2             =  4.08882e-312
f007_d1             =  4.51413e-297
f007_d0             =  4.08882e-312
f007_complete       =  3.30000e+00
f007_invalid        =  0.00000e+00
f007_timeout        =  0.00000e+00
f007_sampled        =  -6.46868e-01
f007_input          =  -6.47847e-01
f007_tcomplete      =  3.87548e-06
f008_d7             =  3.30000e+00
f008_d6             =  4.50820e-297
f008_d5             =  4.08882e-312
f008_d4             =  3.30000e+00
f008_d3             =  3.30000e+00
f008_d2             =  3.30000e+00
f008_d1             =  4.08882e-312
f008_d0             =  4.08882e-312
f008_complete       =  3.30000e+00
f008_invalid        =  0.00000e+00
f008_timeout        =  0.00000e+00
f008_sampled        =  3.56528e-01
f008_input          =  3.57323e-01
f008_tcomplete      =  4.37548e-06
f009_d7             =  3.30000e+00
f009_d6             =  3.30000e+00
f009_d5             =  4.08882e-312
f009_d4             =  3.30000e+00
f009_d3             =  3.30000e+00
f009_d2             =  4.56194e-297
f009_d1             =  3.30000e+00
f009_d0             =  3.30000e+00
f009_complete       =  3.30000e+00
f009_invalid        =  0.00000e+00
f009_timeout        =  0.00000e+00
f009_sampled        =  1.20120e+00
f009_input          =  1.20036e+00
f009_tcomplete      =  4.87548e-06
f010_d7             =  3.30000e+00
f010_d6             =  3.30000e+00
f010_d5             =  3.30000e+00
f010_d4             =  3.30000e+00
f010_d3             =  5.13975e-297
f010_d2             =  4.08882e-312
f010_d1             =  3.30000e+00
f010_d0             =  5.13975e-297
f010_complete       =  3.30000e+00
f010_invalid        =  0.00000e+00
f010_timeout        =  0.00000e+00
f010_sampled        =  1.49941e+00
f010_input          =  1.49856e+00
f010_tcomplete      =  5.37550e-06
f011_d7             =  3.30000e+00
f011_d6             =  3.30000e+00
f011_d5             =  4.46247e-297
f011_d4             =  3.30000e+00
f011_d3             =  4.08882e-312
f011_d2             =  3.30000e+00
f011_d1             =  4.46247e-297
f011_d0             =  3.30000e+00
f011_complete       =  3.30000e+00
f011_invalid        =  0.00000e+00
f011_timeout        =  0.00000e+00
f011_sampled        =  1.11620e+00
f011_input          =  1.11629e+00
f011_tcomplete      =  5.87548e-06
f012_d7             =  3.30000e+00
f012_d6             =  5.24466e-297
f012_d5             =  4.08882e-312
f012_d4             =  3.30000e+00
f012_d3             =  4.08882e-312
f012_d2             =  5.24466e-297
f012_d1             =  3.30000e+00
f012_d0             =  5.24466e-297
f012_complete       =  3.30000e+00
f012_invalid        =  0.00000e+00
f012_timeout        =  0.00000e+00
f012_sampled        =  2.26312e-01
f012_input          =  2.27471e-01
f012_tcomplete      =  6.37550e-06
f013_d7             =  5.13763e-297
f013_d6             =  3.30000e+00
f013_d5             =  4.08882e-312
f013_d4             =  5.13763e-297
f013_d3             =  4.08882e-312
f013_d2             =  3.30000e+00
f013_d1             =  3.30000e+00
f013_d0             =  3.30000e+00
f013_complete       =  3.30000e+00
f013_invalid        =  0.00000e+00
f013_timeout        =  0.00000e+00
f013_sampled        =  -7.64911e-01
f013_input          =  -7.64805e-01
f013_tcomplete      =  6.87550e-06
f014_d7             =  4.08882e-312
f014_d6             =  5.20278e-297
f014_d5             =  4.08882e-312
f014_d4             =  3.30000e+00
f014_d3             =  4.08882e-312
f014_d2             =  3.30000e+00
f014_d1             =  3.30000e+00
f014_d0             =  5.20278e-297
f014_complete       =  3.30000e+00
f014_invalid        =  0.00000e+00
f014_timeout        =  0.00000e+00
f014_sampled        =  -1.40961e+00
f014_input          =  -1.40975e+00
f014_tcomplete      =  7.37550e-06
f015_d7             =  4.08882e-312
f015_d6             =  4.08882e-312
f015_d5             =  4.08882e-312
f015_d4             =  3.30000e+00
f015_d3             =  4.08882e-312
f015_d2             =  3.30000e+00
f015_d1             =  3.30000e+00
f015_d0             =  4.08882e-312
f015_complete       =  3.30000e+00
f015_invalid        =  0.00000e+00
f015_timeout        =  0.00000e+00
f015_sampled        =  -1.41583e+00
f015_input          =  -1.41474e+00
f015_tcomplete      =  7.87548e-06
f016_d7             =  4.08882e-312
f016_d6             =  3.30000e+00
f016_d5             =  4.08882e-312
f016_d4             =  5.04705e-297
f016_d3             =  4.08882e-312
f016_d2             =  3.30000e+00
f016_d1             =  3.30000e+00
f016_d0             =  4.08882e-312
f016_complete       =  3.30000e+00
f016_invalid        =  0.00000e+00
f016_timeout        =  0.00000e+00
f016_sampled        =  -7.79822e-01
f016_input          =  -7.77386e-01
f016_tcomplete      =  8.37550e-06
f017_d7             =  3.30000e+00
f017_d6             =  4.46282e-297
f017_d5             =  4.08882e-312
f017_d4             =  3.30000e+00
f017_d3             =  4.08882e-312
f017_d2             =  4.46282e-297
f017_d1             =  4.46282e-297
f017_d0             =  3.30000e+00
f017_complete       =  3.30000e+00
f017_invalid        =  0.00000e+00
f017_timeout        =  0.00000e+00
f017_sampled        =  2.13893e-01
f017_input          =  2.12799e-01
f017_tcomplete      =  8.87548e-06
f018_d7             =  3.30000e+00
f018_d6             =  3.30000e+00
f018_d5             =  4.08882e-312
f018_d4             =  3.30000e+00
f018_d3             =  4.08882e-312
f018_d2             =  3.30000e+00
f018_d1             =  4.08882e-312
f018_d0             =  4.48789e-297
f018_complete       =  3.30000e+00
f018_invalid        =  0.00000e+00
f018_timeout        =  0.00000e+00
f018_sampled        =  1.10612e+00
f018_input          =  1.10651e+00
f018_tcomplete      =  9.37548e-06
f019_d7             =  3.30000e+00
f019_d6             =  3.30000e+00
f019_d5             =  3.30000e+00
f019_d4             =  3.30000e+00
f019_d3             =  4.08882e-312
f019_d2             =  5.15119e-297
f019_d1             =  3.30000e+00
f019_d0             =  4.08882e-312
f019_complete       =  3.30000e+00
f019_invalid        =  0.00000e+00
f019_timeout        =  0.00000e+00
f019_sampled        =  1.49871e+00
f019_input          =  1.49779e+00
f019_tcomplete      =  9.87550e-06
f020_d7             =  3.30000e+00
f020_d6             =  3.30000e+00
f020_d5             =  4.54955e-297
f020_d4             =  3.30000e+00
f020_d3             =  3.30000e+00
f020_d2             =  3.30000e+00
f020_d1             =  4.54955e-297
f020_d0             =  4.08882e-312
f020_complete       =  3.30000e+00
f020_invalid        =  0.00000e+00
f020_timeout        =  0.00000e+00
f020_sampled        =  1.20770e+00
f020_input          =  1.20915e+00
f020_tcomplete      =  1.03755e-05
f021_d7             =  3.30000e+00
f021_d6             =  4.49388e-297
f021_d5             =  4.08882e-312
f021_d4             =  3.30000e+00
f021_d3             =  3.30000e+00
f021_d2             =  3.30000e+00
f021_d1             =  4.08882e-312
f021_d0             =  3.30000e+00
f021_complete       =  3.30000e+00
f021_invalid        =  0.00000e+00
f021_timeout        =  0.00000e+00
f021_sampled        =  3.72288e-01
f021_input          =  3.71695e-01
f021_tcomplete      =  1.08755e-05
f022_d7             =  4.48878e-297
f022_d6             =  3.30000e+00
f022_d5             =  4.08882e-312
f022_d4             =  3.30000e+00
f022_d3             =  4.48878e-297
f022_d2             =  4.48878e-297
f022_d1             =  4.08882e-312
f022_d0             =  3.30000e+00
f022_complete       =  3.30000e+00
f022_invalid        =  0.00000e+00
f022_timeout        =  0.00000e+00
f022_sampled        =  -6.34616e-01
f022_input          =  -6.34609e-01
f022_tcomplete      =  1.13755e-05
f023_d7             =  4.08882e-312
f023_d6             =  4.48871e-297
f023_d5             =  4.08882e-312
f023_d4             =  3.30000e+00
f023_d3             =  3.30000e+00
f023_d2             =  4.08882e-312
f023_d1             =  3.30000e+00
f023_d0             =  3.30000e+00
f023_complete       =  3.30000e+00
f023_invalid        =  0.00000e+00
f023_timeout        =  0.00000e+00
f023_sampled        =  -1.35247e+00
f023_input          =  -1.35279e+00
f023_tcomplete      =  1.18755e-05
f024_d7             =  4.08882e-312
f024_d6             =  4.08882e-312
f024_d5             =  4.08882e-312
f024_d4             =  3.30000e+00
f024_d3             =  5.34718e-297
f024_d2             =  4.08882e-312
f024_d1             =  3.30000e+00
f024_d0             =  3.30000e+00
f024_complete       =  3.30000e+00
f024_invalid        =  0.00000e+00
f024_timeout        =  0.00000e+00
f024_sampled        =  -1.45724e+00
f024_input          =  -1.45690e+00
f024_tcomplete      =  1.23755e-05
f025_d7             =  4.08882e-312
f025_d6             =  4.08882e-312
f025_d5             =  3.30000e+00
f025_d4             =  3.30000e+00
f025_d3             =  3.30000e+00
f025_d2             =  3.30000e+00
f025_d1             =  4.89147e-297
f025_d0             =  3.30000e+00
f025_complete       =  3.30000e+00
f025_invalid        =  0.00000e+00
f025_timeout        =  0.00000e+00
f025_sampled        =  -9.01450e-01
f025_input          =  -8.99475e-01
f025_tcomplete      =  1.28755e-05
f026_d7             =  3.30000e+00
f026_d6             =  4.08882e-312
f026_d5             =  5.18638e-297
f026_d4             =  5.18638e-297
f026_d3             =  5.18638e-297
f026_d2             =  3.30000e+00
f026_d1             =  3.30000e+00
f026_d0             =  5.18638e-297
f026_complete       =  3.30000e+00
f026_invalid        =  0.00000e+00
f026_timeout        =  0.00000e+00
f026_sampled        =  6.86448e-02
f026_input          =  6.62368e-02
f026_tcomplete      =  1.33755e-05
f027_d7             =  3.30000e+00
f027_d6             =  3.30000e+00
f027_d5             =  4.08882e-312
f027_d4             =  4.08882e-312
f027_d3             =  3.30000e+00
f027_d2             =  3.30000e+00
f027_d1             =  4.58114e-297
f027_d0             =  4.08882e-312
f027_complete       =  3.30000e+00
f027_invalid        =  0.00000e+00
f027_timeout        =  0.00000e+00
f027_sampled        =  1.00048e+00
f027_input          =  1.00194e+00
f027_tcomplete      =  1.38755e-05
f028_d7             =  3.30000e+00
f028_d6             =  3.30000e+00
f028_d5             =  3.30000e+00
f028_d4             =  3.30000e+00
f028_d3             =  5.08144e-297
f028_d2             =  5.08144e-297
f028_d1             =  4.08882e-312
f028_d0             =  3.30000e+00
f028_complete       =  3.30000e+00
f028_invalid        =  0.00000e+00
f028_timeout        =  0.00000e+00
f028_sampled        =  1.48059e+00
f028_input          =  1.48254e+00
f028_tcomplete      =  1.43755e-05
f029_d7             =  3.30000e+00
f029_d6             =  3.30000e+00
f029_d5             =  3.30000e+00
f029_d4             =  5.04754e-297
f029_d3             =  4.08882e-312
f029_d2             =  4.08882e-312
f029_d1             =  3.30000e+00
f029_d0             =  5.04754e-297
f029_complete       =  3.30000e+00
f029_invalid        =  0.00000e+00
f029_timeout        =  0.00000e+00
f029_sampled        =  1.29074e+00
f029_input          =  1.29039e+00
f029_tcomplete      =  1.48755e-05
f030_d7             =  3.30000e+00
f030_d6             =  4.55732e-297
f030_d5             =  3.30000e+00
f030_d4             =  4.08882e-312
f030_d3             =  4.08882e-312
f030_d2             =  3.30000e+00
f030_d1             =  3.30000e+00
f030_d0             =  3.30000e+00
f030_complete       =  3.30000e+00
f030_invalid        =  0.00000e+00
f030_timeout        =  0.00000e+00
f030_sampled        =  5.11615e-01
f030_input          =  5.12295e-01
f030_tcomplete      =  1.53755e-05
f031_d7             =  4.58487e-297
f031_d6             =  3.30000e+00
f031_d5             =  4.58487e-297
f031_d4             =  3.30000e+00
f031_d3             =  3.30000e+00
f031_d2             =  4.58487e-297
f031_d1             =  3.30000e+00
f031_d0             =  3.30000e+00
f031_complete       =  3.30000e+00
f031_invalid        =  0.00000e+00
f031_timeout        =  0.00000e+00
f031_sampled        =  -4.99458e-01
f031_input          =  -4.98397e-01
f031_tcomplete      =  1.58755e-05
f032_d7             =  4.08882e-312
f032_d6             =  5.04847e-297
f032_d5             =  3.30000e+00
f032_d4             =  5.04847e-297
f032_d3             =  5.04847e-297
f032_d2             =  4.08882e-312
f032_d1             =  5.04847e-297
f032_d0             =  5.04847e-297
f032_complete       =  3.30000e+00
f032_invalid        =  0.00000e+00
f032_timeout        =  0.00000e+00
f032_sampled        =  -1.28466e+00
f032_input          =  -1.28276e+00
f032_tcomplete      =  1.63755e-05
f033_d7             =  4.08882e-312
f033_d6             =  4.08882e-312
f033_d5             =  5.07660e-297
f033_d4             =  3.30000e+00
f033_d3             =  4.08882e-312
f033_d2             =  4.08882e-312
f033_d1             =  4.08882e-312
f033_d0             =  3.30000e+00
f033_complete       =  3.30000e+00
f033_invalid        =  0.00000e+00
f033_timeout        =  0.00000e+00
f033_sampled        =  -1.48223e+00
f033_input          =  -1.48472e+00
f033_tcomplete      =  1.68755e-05
f034_d7             =  4.08882e-312
f034_d6             =  4.08882e-312
f034_d5             =  3.30000e+00
f034_d4             =  3.30000e+00
f034_d3             =  4.08882e-312
f034_d2             =  3.30000e+00
f034_d1             =  4.08882e-312
f034_d0             =  4.51690e-297
f034_complete       =  3.30000e+00
f034_invalid        =  0.00000e+00
f034_timeout        =  0.00000e+00
f034_sampled        =  -1.01265e+00
f034_input          =  -1.01278e+00
f034_tcomplete      =  1.73755e-05
f035_d7             =  4.08882e-312
f035_d6             =  3.30000e+00
f035_d5             =  3.30000e+00
f035_d4             =  3.30000e+00
f035_d3             =  3.30000e+00
f035_d2             =  5.21914e-297
f035_d1             =  3.30000e+00
f035_d0             =  3.30000e+00
f035_complete       =  3.30000e+00
f035_invalid        =  0.00000e+00
f035_timeout        =  0.00000e+00
f035_sampled        =  -7.89418e-02
f035_input          =  -8.08729e-02
f035_tcomplete      =  1.78755e-05
f036_d7             =  3.30000e+00
f036_d6             =  3.30000e+00
f036_d5             =  4.92178e-297
f036_d4             =  4.92178e-297
f036_d3             =  4.92178e-297
f036_d2             =  3.30000e+00
f036_d1             =  4.92178e-297
f036_d0             =  4.92178e-297
f036_complete       =  3.30000e+00
f036_invalid        =  0.00000e+00
f036_timeout        =  0.00000e+00
f036_sampled        =  8.87272e-01
f036_input          =  8.87712e-01
f036_tcomplete      =  1.83755e-05
f037_d7             =  3.30000e+00
f037_d6             =  3.30000e+00
f037_d5             =  3.30000e+00
f037_d4             =  4.08882e-312
f037_d3             =  3.30000e+00
f037_d2             =  3.30000e+00
f037_d1             =  3.30000e+00
f037_d0             =  4.08882e-312
f037_complete       =  3.30000e+00
f037_invalid        =  0.00000e+00
f037_timeout        =  0.00000e+00
f037_sampled        =  1.45382e+00
f037_input          =  1.45318e+00
f037_tcomplete      =  1.88755e-05
f038_d7             =  3.30000e+00
f038_d6             =  3.30000e+00
f038_d5             =  3.30000e+00
f038_d4             =  4.08882e-312
f038_d3             =  4.49635e-297
f038_d2             =  3.30000e+00
f038_d1             =  3.30000e+00
f038_d0             =  3.30000e+00
f038_complete       =  3.30000e+00
f038_invalid        =  0.00000e+00
f038_timeout        =  0.00000e+00
f038_sampled        =  1.36001e+00
f038_input          =  1.35907e+00
f038_tcomplete      =  1.93755e-05
f039_d7             =  3.30000e+00
f039_d6             =  4.74256e-297
f039_d5             =  3.30000e+00
f039_d4             =  3.30000e+00
f039_d3             =  4.08882e-312
f039_d2             =  4.74256e-297
f039_d1             =  3.30000e+00
f039_d0             =  4.74256e-297
f039_complete       =  3.30000e+00
f039_invalid        =  0.00000e+00
f039_timeout        =  0.00000e+00
f039_sampled        =  6.48775e-01
f039_input          =  6.48045e-01
f039_tcomplete      =  1.98755e-05
f040_d7             =  4.51045e-297
f040_d6             =  3.30000e+00
f040_d5             =  3.30000e+00
f040_d4             =  4.51045e-297
f040_d3             =  4.08882e-312
f040_d2             =  3.30000e+00
f040_d1             =  3.30000e+00
f040_d0             =  4.08882e-312
f040_complete       =  3.30000e+00
f040_invalid        =  0.00000e+00
f040_timeout        =  0.00000e+00
f040_sampled        =  -3.58684e-01
f040_input          =  -3.57257e-01
f040_tcomplete      =  2.03755e-05
f041_d7             =  4.08882e-312
f041_d6             =  4.67381e-297
f041_d5             =  3.30000e+00
f041_d4             =  4.08882e-312
f041_d3             =  4.08882e-312
f041_d2             =  3.30000e+00
f041_d1             =  3.30000e+00
f041_d0             =  4.08882e-312
f041_complete       =  3.30000e+00
f041_invalid        =  0.00000e+00
f041_timeout        =  0.00000e+00
f041_sampled        =  -1.19863e+00
f041_input          =  -1.20043e+00
f041_tcomplete      =  2.08755e-05
f042_d7             =  4.08882e-312
f042_d6             =  4.08882e-312
f042_d5             =  5.14008e-297
f042_d4             =  3.30000e+00
f042_d3             =  4.08882e-312
f042_d2             =  5.14008e-297
f042_d1             =  5.14008e-297
f042_d0             =  4.08882e-312
f042_complete       =  3.30000e+00
f042_invalid        =  0.00000e+00
f042_timeout        =  0.00000e+00
f042_sampled        =  -1.49896e+00
f042_input          =  -1.49852e+00
f042_tcomplete      =  2.13755e-05
f043_d7             =  4.08882e-312
f043_d6             =  4.08882e-312
f043_d5             =  3.30000e+00
f043_d4             =  4.45858e-297
f043_d3             =  3.30000e+00
f043_d2             =  3.30000e+00
f043_d1             =  4.08882e-312
f043_d0             =  3.30000e+00
f043_complete       =  3.30000e+00
f043_invalid        =  0.00000e+00
f043_timeout        =  0.00000e+00
f043_sampled        =  -1.11299e+00
f043_input          =  -1.11632e+00
f043_tcomplete      =  2.18755e-05
f044_d7             =  4.08882e-312
f044_d6             =  3.30000e+00
f044_d5             =  3.30000e+00
f044_d4             =  3.30000e+00
f044_d3             =  5.21247e-297
f044_d2             =  5.21247e-297
f044_d1             =  4.08882e-312
f044_d0             =  5.21247e-297
f044_complete       =  3.30000e+00
f044_invalid        =  0.00000e+00
f044_timeout        =  0.00000e+00
f044_sampled        =  -2.26239e-01
f044_input          =  -2.27266e-01
f044_tcomplete      =  2.23755e-05
f045_d7             =  3.30000e+00
f045_d6             =  5.14411e-297
f045_d5             =  3.30000e+00
f045_d4             =  3.30000e+00
f045_d3             =  3.30000e+00
f045_d2             =  4.08882e-312
f045_d1             =  3.30000e+00
f045_d0             =  3.30000e+00
f045_complete       =  3.30000e+00
f045_invalid        =  0.00000e+00
f045_timeout        =  0.00000e+00
f045_sampled        =  7.65594e-01
f045_input          =  7.64855e-01
f045_tcomplete      =  2.28755e-05
f046_d7             =  3.30000e+00
f046_d6             =  3.30000e+00
f046_d5             =  3.30000e+00
f046_d4             =  5.16501e-297
f046_d3             =  3.30000e+00
f046_d2             =  4.08882e-312
f046_d1             =  3.30000e+00
f046_d0             =  3.30000e+00
f046_complete       =  3.30000e+00
f046_invalid        =  0.00000e+00
f046_timeout        =  0.00000e+00
f046_sampled        =  1.40819e+00
f046_input          =  1.40993e+00
f046_tcomplete      =  2.33755e-05
f047_d7             =  3.30000e+00
f047_d6             =  3.30000e+00
f047_d5             =  3.30000e+00
f047_d4             =  4.08882e-312
f047_d3             =  3.30000e+00
f047_d2             =  3.30000e+00
f047_d1             =  4.47924e-297
f047_d0             =  4.47924e-297
f047_complete       =  3.30000e+00
f047_invalid        =  0.00000e+00
f047_timeout        =  0.00000e+00
f047_sampled        =  1.41459e+00
f047_input          =  1.41485e+00
f047_tcomplete      =  2.38755e-05
f048_d7             =  3.30000e+00
f048_d6             =  5.00190e-297
f048_d5             =  3.30000e+00
f048_d4             =  3.30000e+00
f048_d3             =  3.30000e+00
f048_d2             =  3.30000e+00
f048_d1             =  4.08882e-312
f048_d0             =  4.08882e-312
f048_complete       =  3.30000e+00
f048_invalid        =  0.00000e+00
f048_timeout        =  0.00000e+00
f048_sampled        =  7.79180e-01
f048_input          =  7.77440e-01
f048_tcomplete      =  2.43755e-05
f049_d7             =  4.45311e-297
f049_d6             =  3.30000e+00
f049_d5             =  3.30000e+00
f049_d4             =  3.30000e+00
f049_d3             =  4.45311e-297
f049_d2             =  4.45311e-297
f049_d1             =  4.08882e-312
f049_d0             =  3.30000e+00
f049_complete       =  3.30000e+00
f049_invalid        =  0.00000e+00
f049_timeout        =  0.00000e+00
f049_sampled        =  -2.12029e-01
f049_input          =  -2.12702e-01
f049_tcomplete      =  2.48755e-05
f050_d7             =  4.08882e-312
f050_d6             =  4.46909e-297
f050_d5             =  3.30000e+00
f050_d4             =  4.46909e-297
f050_d3             =  3.30000e+00
f050_d2             =  3.30000e+00
f050_d1             =  4.08882e-312
f050_d0             =  3.30000e+00
f050_complete       =  3.30000e+00
f050_invalid        =  0.00000e+00
f050_timeout        =  0.00000e+00
f050_sampled        =  -1.10920e+00
f050_input          =  -1.10639e+00
f050_tcomplete      =  2.53755e-05
f051_d7             =  4.08882e-312
f051_d6             =  4.08882e-312
f051_d5             =  5.14034e-297
f051_d4             =  3.30000e+00
f051_d3             =  5.14034e-297
f051_d2             =  5.14034e-297
f051_d1             =  4.08882e-312
f051_d0             =  5.14034e-297
f051_complete       =  3.30000e+00
f051_invalid        =  0.00000e+00
f051_timeout        =  0.00000e+00
f051_sampled        =  -1.50041e+00
f051_input          =  -1.49785e+00
f051_tcomplete      =  2.58755e-05
f052_d7             =  4.08882e-312
f052_d6             =  4.08882e-312
f052_d5             =  3.30000e+00
f052_d4             =  4.53587e-297
f052_d3             =  4.08882e-312
f052_d2             =  3.30000e+00
f052_d1             =  3.30000e+00
f052_d0             =  4.08882e-312
f052_complete       =  3.30000e+00
f052_invalid        =  0.00000e+00
f052_timeout        =  0.00000e+00
f052_sampled        =  -1.21139e+00
f052_input          =  -1.20921e+00
f052_tcomplete      =  2.63755e-05
f053_d7             =  4.08882e-312
f053_d6             =  3.30000e+00
f053_d5             =  3.30000e+00
f053_d4             =  4.08882e-312
f053_d3             =  4.08882e-312
f053_d2             =  3.30000e+00
f053_d1             =  4.48575e-297
f053_d0             =  3.30000e+00
f053_complete       =  3.30000e+00
f053_invalid        =  0.00000e+00
f053_timeout        =  0.00000e+00
f053_sampled        =  -3.71784e-01
f053_input          =  -3.71650e-01
f053_tcomplete      =  2.68755e-05
f054_d7             =  3.30000e+00
f054_d6             =  4.48796e-297
f054_d5             =  3.30000e+00
f054_d4             =  3.30000e+00
f054_d3             =  4.08882e-312
f054_d2             =  4.48796e-297
f054_d1             =  4.08882e-312
f054_d0             =  3.30000e+00
f054_complete       =  3.30000e+00
f054_invalid        =  0.00000e+00
f054_timeout        =  0.00000e+00
f054_sampled        =  6.35333e-01
f054_input          =  6.34682e-01
f054_tcomplete      =  2.73755e-05
f055_d7             =  3.30000e+00
f055_d6             =  3.30000e+00
f055_d5             =  3.30000e+00
f055_d4             =  4.49207e-297
f055_d3             =  4.08882e-312
f055_d2             =  3.30000e+00
f055_d1             =  3.30000e+00
f055_d0             =  3.30000e+00
f055_complete       =  3.30000e+00
f055_invalid        =  0.00000e+00
f055_timeout        =  0.00000e+00
f055_sampled        =  1.35135e+00
f055_input          =  1.35290e+00
f055_tcomplete      =  2.78755e-05
f056_d7             =  3.30000e+00
f056_d6             =  3.30000e+00
f056_d5             =  3.30000e+00
f056_d4             =  4.08882e-312
f056_d3             =  3.30000e+00
f056_d2             =  3.30000e+00
f056_d1             =  3.30000e+00
f056_d0             =  3.30000e+00
f056_complete       =  3.30000e+00
f056_invalid        =  0.00000e+00
f056_timeout        =  0.00000e+00
f056_sampled        =  1.45633e+00
f056_input          =  1.45689e+00
f056_tcomplete      =  2.83755e-05
f057_d7             =  3.30000e+00
f057_d6             =  3.30000e+00
f057_d5             =  5.07463e-297
f057_d4             =  4.08882e-312
f057_d3             =  5.07463e-297
f057_d2             =  3.30000e+00
f057_d1             =  5.07463e-297
f057_d0             =  3.30000e+00
f057_complete       =  3.30000e+00
f057_invalid        =  0.00000e+00
f057_timeout        =  0.00000e+00
f057_sampled        =  8.97267e-01
f057_input          =  8.99582e-01
f057_tcomplete      =  2.88755e-05
f058_d7             =  5.24087e-297
f058_d6             =  3.30000e+00
f058_d5             =  3.30000e+00
f058_d4             =  3.30000e+00
f058_d3             =  3.30000e+00
f058_d2             =  3.30000e+00
f058_d1             =  4.08882e-312
f058_d0             =  5.24087e-297
f058_complete       =  3.30000e+00
f058_invalid        =  0.00000e+00
f058_timeout        =  0.00000e+00
f058_sampled        =  -6.47170e-02
f058_input          =  -6.62101e-02
f058_tcomplete      =  2.93755e-05
f059_d7             =  4.08882e-312
f059_d6             =  4.61882e-297
f059_d5             =  3.30000e+00
f059_d4             =  3.30000e+00
f059_d3             =  4.61882e-297
f059_d2             =  3.30000e+00
f059_d1             =  4.08882e-312
f059_d0             =  3.30000e+00
f059_complete       =  3.30000e+00
f059_invalid        =  0.00000e+00
f059_timeout        =  0.00000e+00
f059_sampled        =  -1.00133e+00
f059_input          =  -1.00174e+00
f059_tcomplete      =  2.98755e-05
f060_d7             =  4.08882e-312
f060_d6             =  4.08882e-312
f060_d5             =  5.18348e-297
f060_d4             =  3.30000e+00
f060_d3             =  4.08882e-312
f060_d2             =  5.18348e-297
f060_d1             =  4.08882e-312
f060_d0             =  3.30000e+00
f060_complete       =  3.30000e+00
f060_invalid        =  0.00000e+00
f060_timeout        =  0.00000e+00
f060_sampled        =  -1.48080e+00
f060_input          =  -1.48266e+00
f060_tcomplete      =  3.03755e-05
f061_d7             =  4.08882e-312
f061_d6             =  4.08882e-312
f061_d5             =  3.30000e+00
f061_d4             =  4.99711e-297
f061_d3             =  4.08882e-312
f061_d2             =  4.08882e-312
f061_d1             =  4.08882e-312
f061_d0             =  4.99711e-297
f061_complete       =  3.30000e+00
f061_invalid        =  0.00000e+00
f061_timeout        =  0.00000e+00
f061_sampled        =  -1.29110e+00
f061_input          =  -1.29043e+00
f061_tcomplete      =  3.08755e-05
f062_d7             =  4.08882e-312
f062_d6             =  3.30000e+00
f062_d5             =  4.58054e-297
f062_d4             =  3.30000e+00
f062_d3             =  3.30000e+00
f062_d2             =  4.08882e-312
f062_d1             =  3.30000e+00
f062_d0             =  4.08882e-312
f062_complete       =  3.30000e+00
f062_invalid        =  0.00000e+00
f062_timeout        =  0.00000e+00
f062_sampled        =  -5.13087e-01
f062_input          =  -5.12258e-01
f062_tcomplete      =  3.13755e-05
f063_d7             =  3.30000e+00
f063_d6             =  4.61040e-297
f063_d5             =  3.30000e+00
f063_d4             =  4.61040e-297
f063_d3             =  4.61040e-297
f063_d2             =  3.30000e+00
f063_d1             =  3.30000e+00
f063_d0             =  4.08882e-312
f063_complete       =  3.30000e+00
f063_invalid        =  0.00000e+00
f063_timeout        =  0.00000e+00
f063_sampled        =  4.98735e-01
f063_input          =  4.98349e-01
f063_tcomplete      =  3.18755e-05
f064_d7             =  3.30000e+00
f064_d6             =  3.30000e+00
f064_d5             =  3.30000e+00
f064_d4             =  4.08882e-312
f064_d3             =  4.08882e-312
f064_d2             =  4.99971e-297
f064_d1             =  4.99971e-297
f064_d0             =  3.30000e+00
f064_complete       =  3.30000e+00
f064_invalid        =  0.00000e+00
f064_timeout        =  0.00000e+00
f064_sampled        =  1.28097e+00
f064_input          =  1.28272e+00
f064_tcomplete      =  3.23755e-05
f065_d7             =  3.30000e+00
f065_d6             =  3.30000e+00
f065_d5             =  3.30000e+00
f065_d4             =  3.30000e+00
f065_d3             =  4.08882e-312
f065_d2             =  4.08882e-312
f065_d1             =  4.08882e-312
f065_d0             =  3.30000e+00
f065_complete       =  3.30000e+00
f065_invalid        =  0.00000e+00
f065_timeout        =  0.00000e+00
f065_sampled        =  1.48235e+00
f065_input          =  1.48480e+00
f065_tcomplete      =  3.28755e-05
f066_d7             =  3.30000e+00
f066_d6             =  3.30000e+00
f066_d5             =  4.49714e-297
f066_d4             =  4.49714e-297
f066_d3             =  3.30000e+00
f066_d2             =  3.30000e+00
f066_d1             =  4.08882e-312
f066_d0             =  3.30000e+00
f066_complete       =  3.30000e+00
f066_invalid        =  0.00000e+00
f066_timeout        =  0.00000e+00
f066_sampled        =  1.01430e+00
f066_input          =  1.01275e+00
f066_tcomplete      =  3.33755e-05
f067_d7             =  3.30000e+00
f067_d6             =  5.16521e-297
f067_d5             =  4.08882e-312
f067_d4             =  4.08882e-312
f067_d3             =  5.16521e-297
f067_d2             =  3.30000e+00
f067_d1             =  3.30000e+00
f067_d0             =  3.30000e+00
f067_complete       =  3.30000e+00
f067_invalid        =  0.00000e+00
f067_timeout        =  0.00000e+00
f067_sampled        =  7.98318e-02
f067_input          =  8.09656e-02
f067_tcomplete      =  3.38755e-05
p_f000_cmp7_p0      =  -2.86403e-06
p_f000_cmp7_n0      =  -2.87075e-06
p_f000_cmp7_p5      =  3.30000e+00
p_f000_cmp7_n5      =  -1.83721e-06
p_f000_cmp6_p0      =  -8.28445e-06
p_f000_cmp6_n0      =  -8.26010e-06
p_f000_cmp6_p5      =  3.30000e+00
p_f000_cmp6_n5      =  -2.09534e-06
p_f000_cmp5_p0      =  -2.95208e-06
p_f000_cmp5_n0      =  -2.95871e-06
p_f000_cmp5_p5      =  3.30000e+00
p_f000_cmp5_n5      =  -1.74143e-06
p_f000_cmp4_p0      =  -2.94991e-06
p_f000_cmp4_n0      =  -2.95524e-06
p_f000_cmp4_p5      =  -1.61949e-06
p_f000_cmp4_n5      =  3.30000e+00
p_f000_cmp3_p0      =  -8.22371e-06
p_f000_cmp3_n0      =  -8.21126e-06
p_f000_cmp3_p5      =  -1.91392e-06
p_f000_cmp3_n5      =  3.30000e+00
p_f000_cmp2_p0      =  -8.22401e-06
p_f000_cmp2_n0      =  -8.20952e-06
p_f000_cmp2_p5      =  -1.90987e-06
p_f000_cmp2_n5      =  3.30000e+00
p_f000_cmp1_p0      =  -2.93847e-06
p_f000_cmp1_n0      =  -2.94484e-06
p_f000_cmp1_p5      =  3.30000e+00
p_f000_cmp1_n5      =  -1.72679e-06
p_f000_cmp0_p0      =  -8.26758e-06
p_f000_cmp0_n0      =  -8.25272e-06
p_f000_cmp0_p5      =  -1.90920e-06
p_f000_cmp0_n5      =  3.30000e+00
p_f000_dctrl7_p     =  3.30001e+00
p_f000_dctrl7_n     =  3.46986e-01
p_f000_dctrl6_p     =  3.26642e+00
p_f000_dctrl6_n     =  3.07860e-06
p_f000_dctrl5_p     =  3.29964e+00
p_f000_dctrl5_n     =  -1.64969e-06
p_f000_dctrl4_p     =  -1.19149e-07
p_f000_dctrl4_n     =  3.29999e+00
p_f000_dctrl3_p     =  -2.64875e-08
p_f000_dctrl3_n     =  3.30000e+00
p_f000_dctrl2_p     =  -1.33573e-08
p_f000_dctrl2_n     =  3.30000e+00
p_f000_dctrl1_p     =  3.30000e+00
p_f000_dctrl1_n     =  -6.53280e-09
p_f000_do7_drv_470  =  3.30000e+00
p_f000_do7_rx_470   =  3.30000e+00
p_f000_do6_drv_470  =  3.30000e+00
p_f000_do6_rx_470   =  3.30000e+00
p_f000_do5_drv_470  =  3.30000e+00
p_f000_do5_rx_470   =  3.30000e+00
p_f000_do4_drv_470  =  0.00000e+00
p_f000_do4_rx_470   =  0.00000e+00
p_f000_do3_drv_470  =  0.00000e+00
p_f000_do3_rx_470   =  0.00000e+00
p_f000_do2_drv_470  =  0.00000e+00
p_f000_do2_rx_470   =  0.00000e+00
p_f000_do1_drv_470  =  3.30000e+00
p_f000_do1_rx_470   =  3.30000e+00
p_f000_do0_drv_470  =  0.00000e+00
p_f000_do0_rx_470   =  0.00000e+00
p_f000_do7_drv_480  =  3.30000e+00
p_f000_do7_rx_480   =  3.30000e+00
p_f000_do6_drv_480  =  3.30000e+00
p_f000_do6_rx_480   =  3.30000e+00
p_f000_do5_drv_480  =  3.30000e+00
p_f000_do5_rx_480   =  3.30000e+00
p_f000_do4_drv_480  =  0.00000e+00
p_f000_do4_rx_480   =  0.00000e+00
p_f000_do3_drv_480  =  0.00000e+00
p_f000_do3_rx_480   =  0.00000e+00
p_f000_do2_drv_480  =  0.00000e+00
p_f000_do2_rx_480   =  0.00000e+00
p_f000_do1_drv_480  =  3.30000e+00
p_f000_do1_rx_480   =  3.30000e+00
p_f000_do0_drv_480  =  0.00000e+00
p_f000_do0_rx_480   =  0.00000e+00
p_f001_cmp7_p0      =  -3.03310e-06
p_f001_cmp7_n0      =  -3.03870e-06
p_f001_cmp7_p5      =  3.30000e+00
p_f001_cmp7_n5      =  -1.86534e-06
p_f001_cmp6_p0      =  -8.37402e-06
p_f001_cmp6_n0      =  -8.34936e-06
p_f001_cmp6_p5      =  3.30000e+00
p_f001_cmp6_n5      =  -2.10960e-06
p_f001_cmp5_p0      =  -3.01905e-06
p_f001_cmp5_n0      =  -3.02559e-06
p_f001_cmp5_p5      =  3.30000e+00
p_f001_cmp5_n5      =  -1.75365e-06
p_f001_cmp4_p0      =  -3.20019e-06
p_f001_cmp4_n0      =  -3.20517e-06
p_f001_cmp4_p5      =  3.30000e+00
p_f001_cmp4_n5      =  -1.74997e-06
p_f001_cmp3_p0      =  -8.31073e-06
p_f001_cmp3_n0      =  -8.29918e-06
p_f001_cmp3_p5      =  -1.92269e-06
p_f001_cmp3_n5      =  3.30000e+00
p_f001_cmp2_p0      =  -8.31081e-06
p_f001_cmp2_n0      =  -8.29770e-06
p_f001_cmp2_p5      =  -1.91847e-06
p_f001_cmp2_n5      =  3.30000e+00
p_f001_cmp1_p0      =  -2.99966e-06
p_f001_cmp1_n0      =  -3.00488e-06
p_f001_cmp1_p5      =  -1.61481e-06
p_f001_cmp1_n5      =  3.30000e+00
p_f001_cmp0_p0      =  -8.35552e-06
p_f001_cmp0_n0      =  -8.33929e-06
p_f001_cmp0_p5      =  3.30000e+00
p_f001_cmp0_n5      =  -2.06156e-06
p_f001_dctrl7_p     =  3.30001e+00
p_f001_dctrl7_n     =  3.47097e-01
p_f001_dctrl6_p     =  3.26640e+00
p_f001_dctrl6_n     =  3.45579e-06
p_f001_dctrl5_p     =  3.29964e+00
p_f001_dctrl5_n     =  -1.45868e-06
p_f001_dctrl4_p     =  3.29999e+00
p_f001_dctrl4_n     =  -1.37610e-07
p_f001_dctrl3_p     =  -2.64364e-08
p_f001_dctrl3_n     =  3.30000e+00
p_f001_dctrl2_p     =  -1.32072e-08
p_f001_dctrl2_n     =  3.30000e+00
p_f001_dctrl1_p     =  -6.48441e-09
p_f001_dctrl1_n     =  3.30000e+00
p_f001_do7_drv_470  =  3.30000e+00
p_f001_do7_rx_470   =  3.30000e+00
p_f001_do6_drv_470  =  3.30000e+00
p_f001_do6_rx_470   =  3.30000e+00
p_f001_do5_drv_470  =  3.30000e+00
p_f001_do5_rx_470   =  3.30000e+00
p_f001_do4_drv_470  =  3.30000e+00
p_f001_do4_rx_470   =  3.30000e+00
p_f001_do3_drv_470  =  0.00000e+00
p_f001_do3_rx_470   =  0.00000e+00
p_f001_do2_drv_470  =  0.00000e+00
p_f001_do2_rx_470   =  0.00000e+00
p_f001_do1_drv_470  =  0.00000e+00
p_f001_do1_rx_470   =  1.44601e-268
p_f001_do0_drv_470  =  3.30000e+00
p_f001_do0_rx_470   =  3.30000e+00
p_f001_do7_drv_480  =  3.30000e+00
p_f001_do7_rx_480   =  3.30000e+00
p_f001_do6_drv_480  =  3.30000e+00
p_f001_do6_rx_480   =  3.30000e+00
p_f001_do5_drv_480  =  3.30000e+00
p_f001_do5_rx_480   =  3.30000e+00
p_f001_do4_drv_480  =  3.30000e+00
p_f001_do4_rx_480   =  3.30000e+00
p_f001_do3_drv_480  =  0.00000e+00
p_f001_do3_rx_480   =  0.00000e+00
p_f001_do2_drv_480  =  0.00000e+00
p_f001_do2_rx_480   =  0.00000e+00
p_f001_do1_drv_480  =  0.00000e+00
p_f001_do1_rx_480   =  5.07678e-297
p_f001_do0_drv_480  =  3.30000e+00
p_f001_do0_rx_480   =  3.30000e+00
p_f002_cmp7_p0      =  -2.34323e-06
p_f002_cmp7_n0      =  -2.35515e-06
p_f002_cmp7_p5      =  3.30000e+00
p_f002_cmp7_n5      =  -1.77147e-06
p_f002_cmp6_p0      =  -7.54071e-06
p_f002_cmp6_n0      =  -7.51769e-06
p_f002_cmp6_p5      =  3.30000e+00
p_f002_cmp6_n5      =  -2.02608e-06
p_f002_cmp5_p0      =  -2.45094e-06
p_f002_cmp5_n0      =  -2.46136e-06
p_f002_cmp5_p5      =  -1.57508e-06
p_f002_cmp5_n5      =  3.30000e+00
p_f002_cmp4_p0      =  -2.43047e-06
p_f002_cmp4_n0      =  -2.44060e-06
p_f002_cmp4_p5      =  -1.56283e-06
p_f002_cmp4_n5      =  3.30000e+00
p_f002_cmp3_p0      =  -7.48556e-06
p_f002_cmp3_n0      =  -7.46421e-06
p_f002_cmp3_p5      =  3.30000e+00
p_f002_cmp3_n5      =  -1.99459e-06
p_f002_cmp2_p0      =  -7.48411e-06
p_f002_cmp2_n0      =  -7.46343e-06
p_f002_cmp2_p5      =  3.30000e+00
p_f002_cmp2_n5      =  -1.98804e-06
p_f002_cmp1_p0      =  -2.42205e-06
p_f002_cmp1_n0      =  -2.43275e-06
p_f002_cmp1_p5      =  -1.55418e-06
p_f002_cmp1_n5      =  3.30000e+00
p_f002_cmp0_p0      =  -7.52692e-06
p_f002_cmp0_n0      =  -7.50662e-06
p_f002_cmp0_p5      =  3.30000e+00
p_f002_cmp0_n5      =  -1.98862e-06
p_f002_dctrl7_p     =  3.30001e+00
p_f002_dctrl7_n     =  3.46054e-01
p_f002_dctrl6_p     =  3.26659e+00
p_f002_dctrl6_n     =  2.40629e-06
p_f002_dctrl5_p     =  -1.00188e-06
p_f002_dctrl5_n     =  3.29964e+00
p_f002_dctrl4_p     =  -1.32513e-07
p_f002_dctrl4_n     =  3.29999e+00
p_f002_dctrl3_p     =  3.30000e+00
p_f002_dctrl3_n     =  -2.66373e-08
p_f002_dctrl2_p     =  3.30000e+00
p_f002_dctrl2_n     =  -1.32475e-08
p_f002_dctrl1_p     =  -6.43316e-09
p_f002_dctrl1_n     =  3.30000e+00
p_f002_do7_drv_470  =  3.30000e+00
p_f002_do7_rx_470   =  3.30000e+00
p_f002_do6_drv_470  =  3.30000e+00
p_f002_do6_rx_470   =  3.30000e+00
p_f002_do5_drv_470  =  0.00000e+00
p_f002_do5_rx_470   =  1.28029e-268
p_f002_do4_drv_470  =  0.00000e+00
p_f002_do4_rx_470   =  1.28029e-268
p_f002_do3_drv_470  =  3.30000e+00
p_f002_do3_rx_470   =  3.30000e+00
p_f002_do2_drv_470  =  3.30000e+00
p_f002_do2_rx_470   =  3.30000e+00
p_f002_do1_drv_470  =  0.00000e+00
p_f002_do1_rx_470   =  4.08882e-312
p_f002_do0_drv_470  =  3.30000e+00
p_f002_do0_rx_470   =  3.30000e+00
p_f002_do7_drv_480  =  3.30000e+00
p_f002_do7_rx_480   =  3.30000e+00
p_f002_do6_drv_480  =  3.30000e+00
p_f002_do6_rx_480   =  3.30000e+00
p_f002_do5_drv_480  =  0.00000e+00
p_f002_do5_rx_480   =  4.49494e-297
p_f002_do4_drv_480  =  0.00000e+00
p_f002_do4_rx_480   =  4.49494e-297
p_f002_do3_drv_480  =  3.30000e+00
p_f002_do3_rx_480   =  3.30000e+00
p_f002_do2_drv_480  =  3.30000e+00
p_f002_do2_rx_480   =  3.30000e+00
p_f002_do1_drv_480  =  0.00000e+00
p_f002_do1_rx_480   =  4.08882e-312
p_f002_do0_drv_480  =  3.30000e+00
p_f002_do0_rx_480   =  3.30000e+00
p_f003_cmp7_p0      =  -2.98610e-06
p_f003_cmp7_n0      =  -2.99132e-06
p_f003_cmp7_p5      =  3.30000e+00
p_f003_cmp7_n5      =  -1.83925e-06
p_f003_cmp6_p0      =  -8.49583e-06
p_f003_cmp6_n0      =  -8.48993e-06
p_f003_cmp6_p5      =  -1.97815e-06
p_f003_cmp6_n5      =  3.30000e+00
p_f003_cmp5_p0      =  -3.11549e-06
p_f003_cmp5_n0      =  -3.11949e-06
p_f003_cmp5_p5      =  -1.64144e-06
p_f003_cmp5_n5      =  3.30000e+00
p_f003_cmp4_p0      =  -3.09904e-06
p_f003_cmp4_n0      =  -3.10267e-06
p_f003_cmp4_p5      =  -1.63301e-06
p_f003_cmp4_n5      =  3.30000e+00
p_f003_cmp3_p0      =  -8.44191e-06
p_f003_cmp3_n0      =  -8.42763e-06
p_f003_cmp3_p5      =  -1.92232e-06
p_f003_cmp3_n5      =  3.30000e+00
p_f003_cmp2_p0      =  -8.44426e-06
p_f003_cmp2_n0      =  -8.42606e-06
p_f003_cmp2_p5      =  3.30000e+00
p_f003_cmp2_n5      =  -2.07794e-06
p_f003_cmp1_p0      =  -3.09027e-06
p_f003_cmp1_n0      =  -3.09568e-06
p_f003_cmp1_p5      =  3.30000e+00
p_f003_cmp1_n5      =  -1.74933e-06
p_f003_cmp0_p0      =  -8.48636e-06
p_f003_cmp0_n0      =  -8.47079e-06
p_f003_cmp0_p5      =  3.30000e+00
p_f003_cmp0_n5      =  -2.07111e-06
p_f003_dctrl7_p     =  3.30001e+00
p_f003_dctrl7_n     =  3.47255e-01
p_f003_dctrl6_p     =  3.07567e-05
p_f003_dctrl6_n     =  3.26640e+00
p_f003_dctrl5_p     =  -1.10675e-06
p_f003_dctrl5_n     =  3.29964e+00
p_f003_dctrl4_p     =  -1.23363e-07
p_f003_dctrl4_n     =  3.29999e+00
p_f003_dctrl3_p     =  -2.86583e-08
p_f003_dctrl3_n     =  3.30000e+00
p_f003_dctrl2_p     =  3.30000e+00
p_f003_dctrl2_n     =  -1.30932e-08
p_f003_dctrl1_p     =  3.30000e+00
p_f003_dctrl1_n     =  -6.51625e-09
p_f003_do7_drv_470  =  3.30000e+00
p_f003_do7_rx_470   =  3.30000e+00
p_f003_do6_drv_470  =  0.00000e+00
p_f003_do6_rx_470   =  1.47230e-268
p_f003_do5_drv_470  =  0.00000e+00
p_f003_do5_rx_470   =  4.08882e-312
p_f003_do4_drv_470  =  0.00000e+00
p_f003_do4_rx_470   =  4.08882e-312
p_f003_do3_drv_470  =  0.00000e+00
p_f003_do3_rx_470   =  1.47230e-268
p_f003_do2_drv_470  =  3.30000e+00
p_f003_do2_rx_470   =  3.30000e+00
p_f003_do1_drv_470  =  3.30000e+00
p_f003_do1_rx_470   =  3.30000e+00
p_f003_do0_drv_470  =  3.30000e+00
p_f003_do0_rx_470   =  3.30000e+00
p_f003_do7_drv_480  =  3.30000e+00
p_f003_do7_rx_480   =  3.30000e+00
p_f003_do6_drv_480  =  0.00000e+00
p_f003_do6_rx_480   =  5.16907e-297
p_f003_do5_drv_480  =  0.00000e+00
p_f003_do5_rx_480   =  4.08882e-312
p_f003_do4_drv_480  =  0.00000e+00
p_f003_do4_rx_480   =  4.08882e-312
p_f003_do3_drv_480  =  0.00000e+00
p_f003_do3_rx_480   =  5.16907e-297
p_f003_do2_drv_480  =  3.30000e+00
p_f003_do2_rx_480   =  3.30000e+00
p_f003_do1_drv_480  =  3.30000e+00
p_f003_do1_rx_480   =  3.30000e+00
p_f003_do0_drv_480  =  3.30000e+00
p_f003_do0_rx_480   =  3.30000e+00
p_f064_cmp7_p0      =  -2.98572e-06
p_f064_cmp7_n0      =  -2.99125e-06
p_f064_cmp7_p5      =  3.30000e+00
p_f064_cmp7_n5      =  -1.85225e-06
p_f064_cmp6_p0      =  -8.45790e-06
p_f064_cmp6_n0      =  -8.43356e-06
p_f064_cmp6_p5      =  3.30000e+00
p_f064_cmp6_n5      =  -2.11154e-06
p_f064_cmp5_p0      =  -2.86163e-06
p_f064_cmp5_n0      =  -2.86913e-06
p_f064_cmp5_p5      =  3.30000e+00
p_f064_cmp5_n5      =  -1.73105e-06
p_f064_cmp4_p0      =  -3.07066e-06
p_f064_cmp4_n0      =  -3.07482e-06
p_f064_cmp4_p5      =  -1.63173e-06
p_f064_cmp4_n5      =  3.30000e+00
p_f064_cmp3_p0      =  -8.04968e-06
p_f064_cmp3_n0      =  -8.03611e-06
p_f064_cmp3_p5      =  -1.89938e-06
p_f064_cmp3_n5      =  3.30000e+00
p_f064_cmp2_p0      =  -8.39831e-06
p_f064_cmp2_n0      =  -8.38467e-06
p_f064_cmp2_p5      =  -1.92479e-06
p_f064_cmp2_n5      =  3.30000e+00
p_f064_cmp1_p0      =  -2.90812e-06
p_f064_cmp1_n0      =  -2.91475e-06
p_f064_cmp1_p5      =  -1.59325e-06
p_f064_cmp1_n5      =  3.30000e+00
p_f064_cmp0_p0      =  -7.72715e-06
p_f064_cmp0_n0      =  -7.71135e-06
p_f064_cmp0_p5      =  3.30000e+00
p_f064_cmp0_n5      =  -2.04340e-06
p_f064_dctrl7_p     =  3.30001e+00
p_f064_dctrl7_n     =  3.46986e-01
p_f064_dctrl6_p     =  3.26639e+00
p_f064_dctrl6_n     =  3.07631e-06
p_f064_dctrl5_p     =  3.29964e+00
p_f064_dctrl5_n     =  -1.64909e-06
p_f064_dctrl4_p     =  -1.19023e-07
p_f064_dctrl4_n     =  3.29999e+00
p_f064_dctrl3_p     =  -2.64718e-08
p_f064_dctrl3_n     =  3.30000e+00
p_f064_dctrl2_p     =  -1.33528e-08
p_f064_dctrl2_n     =  3.30000e+00
p_f064_dctrl1_p     =  -6.53059e-09
p_f064_dctrl1_n     =  3.30000e+00
p_f064_do7_drv_470  =  3.30000e+00
p_f064_do7_rx_470   =  3.30000e+00
p_f064_do6_drv_470  =  3.30000e+00
p_f064_do6_rx_470   =  3.30000e+00
p_f064_do5_drv_470  =  3.30000e+00
p_f064_do5_rx_470   =  3.30000e+00
p_f064_do4_drv_470  =  0.00000e+00
p_f064_do4_rx_470   =  4.08882e-312
p_f064_do3_drv_470  =  0.00000e+00
p_f064_do3_rx_470   =  4.08882e-312
p_f064_do2_drv_470  =  0.00000e+00
p_f064_do2_rx_470   =  1.42406e-268
p_f064_do1_drv_470  =  0.00000e+00
p_f064_do1_rx_470   =  1.42406e-268
p_f064_do0_drv_470  =  3.30000e+00
p_f064_do0_rx_470   =  3.30000e+00
p_f064_do7_drv_480  =  3.30000e+00
p_f064_do7_rx_480   =  3.30000e+00
p_f064_do6_drv_480  =  3.30000e+00
p_f064_do6_rx_480   =  3.30000e+00
p_f064_do5_drv_480  =  3.30000e+00
p_f064_do5_rx_480   =  3.30000e+00
p_f064_do4_drv_480  =  0.00000e+00
p_f064_do4_rx_480   =  4.08882e-312
p_f064_do3_drv_480  =  0.00000e+00
p_f064_do3_rx_480   =  4.08882e-312
p_f064_do2_drv_480  =  0.00000e+00
p_f064_do2_rx_480   =  4.99971e-297
p_f064_do1_drv_480  =  0.00000e+00
p_f064_do1_rx_480   =  4.99971e-297
p_f064_do0_drv_480  =  3.30000e+00
p_f064_do0_rx_480   =  3.30000e+00
p_f065_cmp7_p0      =  -3.18011e-06
p_f065_cmp7_n0      =  -3.18435e-06
p_f065_cmp7_p5      =  3.30000e+00
p_f065_cmp7_n5      =  -1.88067e-06
p_f065_cmp6_p0      =  -8.54730e-06
p_f065_cmp6_n0      =  -8.52260e-06
p_f065_cmp6_p5      =  3.30000e+00
p_f065_cmp6_n5      =  -2.12437e-06
p_f065_cmp5_p0      =  -2.92899e-06
p_f065_cmp5_n0      =  -2.93641e-06
p_f065_cmp5_p5      =  3.30000e+00
p_f065_cmp5_n5      =  -1.74326e-06
p_f065_cmp4_p0      =  -3.12569e-06
p_f065_cmp4_n0      =  -3.13080e-06
p_f065_cmp4_p5      =  3.30000e+00
p_f065_cmp4_n5      =  -1.75534e-06
p_f065_cmp3_p0      =  -8.13671e-06
p_f065_cmp3_n0      =  -8.12398e-06
p_f065_cmp3_p5      =  -1.90724e-06
p_f065_cmp3_n5      =  3.30000e+00
p_f065_cmp2_p0      =  -8.48501e-06
p_f065_cmp2_n0      =  -8.47297e-06
p_f065_cmp2_p5      =  -1.93293e-06
p_f065_cmp2_n5      =  3.30000e+00
p_f065_cmp1_p0      =  -2.96922e-06
p_f065_cmp1_n0      =  -2.97474e-06
p_f065_cmp1_p5      =  -1.61204e-06
p_f065_cmp1_n5      =  3.30000e+00
p_f065_cmp0_p0      =  -8.13711e-06
p_f065_cmp0_n0      =  -8.12055e-06
p_f065_cmp0_p5      =  3.30000e+00
p_f065_cmp0_n5      =  -2.07744e-06
p_f065_dctrl7_p     =  3.30001e+00
p_f065_dctrl7_n     =  3.47097e-01
p_f065_dctrl6_p     =  3.26637e+00
p_f065_dctrl6_n     =  3.46537e-06
p_f065_dctrl5_p     =  3.29964e+00
p_f065_dctrl5_n     =  -1.45979e-06
p_f065_dctrl4_p     =  3.29999e+00
p_f065_dctrl4_n     =  -1.37859e-07
p_f065_dctrl3_p     =  -2.64067e-08
p_f065_dctrl3_n     =  3.30000e+00
p_f065_dctrl2_p     =  -1.32141e-08
p_f065_dctrl2_n     =  3.30000e+00
p_f065_dctrl1_p     =  -6.46311e-09
p_f065_dctrl1_n     =  3.30000e+00
p_f065_do7_drv_470  =  3.30000e+00
p_f065_do7_rx_470   =  3.30000e+00
p_f065_do6_drv_470  =  3.30000e+00
p_f065_do6_rx_470   =  3.30000e+00
p_f065_do5_drv_470  =  3.30000e+00
p_f065_do5_rx_470   =  3.30000e+00
p_f065_do4_drv_470  =  3.30000e+00
p_f065_do4_rx_470   =  3.30000e+00
p_f065_do3_drv_470  =  0.00000e+00
p_f065_do3_rx_470   =  4.08882e-312
p_f065_do2_drv_470  =  0.00000e+00
p_f065_do2_rx_470   =  4.08882e-312
p_f065_do1_drv_470  =  0.00000e+00
p_f065_do1_rx_470   =  4.08882e-312
p_f065_do0_drv_470  =  3.30000e+00
p_f065_do0_rx_470   =  3.30000e+00
p_f065_do7_drv_480  =  3.30000e+00
p_f065_do7_rx_480   =  3.30000e+00
p_f065_do6_drv_480  =  3.30000e+00
p_f065_do6_rx_480   =  3.30000e+00
p_f065_do5_drv_480  =  3.30000e+00
p_f065_do5_rx_480   =  3.30000e+00
p_f065_do4_drv_480  =  3.30000e+00
p_f065_do4_rx_480   =  3.30000e+00
p_f065_do3_drv_480  =  0.00000e+00
p_f065_do3_rx_480   =  4.08882e-312
p_f065_do2_drv_480  =  0.00000e+00
p_f065_do2_rx_480   =  4.08882e-312
p_f065_do1_drv_480  =  0.00000e+00
p_f065_do1_rx_480   =  4.08882e-312
p_f065_do0_drv_480  =  3.30000e+00
p_f065_do0_rx_480   =  3.30000e+00
p_f066_cmp7_p0      =  -2.46514e-06
p_f066_cmp7_n0      =  -2.47589e-06
p_f066_cmp7_p5      =  3.30000e+00
p_f066_cmp7_n5      =  -1.78445e-06
p_f066_cmp6_p0      =  -7.71426e-06
p_f066_cmp6_n0      =  -7.69141e-06
p_f066_cmp6_p5      =  3.30000e+00
p_f066_cmp6_n5      =  -2.04215e-06
p_f066_cmp5_p0      =  -2.36068e-06
p_f066_cmp5_n0      =  -2.37198e-06
p_f066_cmp5_p5      =  -1.56546e-06
p_f066_cmp5_n5      =  3.30000e+00
p_f066_cmp4_p0      =  -2.55161e-06
p_f066_cmp4_n0      =  -2.56061e-06
p_f066_cmp4_p5      =  -1.57443e-06
p_f066_cmp4_n5      =  3.30000e+00
p_f066_cmp3_p0      =  -7.31110e-06
p_f066_cmp3_n0      =  -7.28937e-06
p_f066_cmp3_p5      =  3.30000e+00
p_f066_cmp3_n5      =  -1.97956e-06
p_f066_cmp2_p0      =  -7.65846e-06
p_f066_cmp2_n0      =  -7.63854e-06
p_f066_cmp2_p5      =  3.30000e+00
p_f066_cmp2_n5      =  -2.00520e-06
p_f066_cmp1_p0      =  -2.45216e-06
p_f066_cmp1_n0      =  -2.46271e-06
p_f066_cmp1_p5      =  -1.56047e-06
p_f066_cmp1_n5      =  3.30000e+00
p_f066_cmp0_p0      =  -7.45417e-06
p_f066_cmp0_n0      =  -7.43160e-06
p_f066_cmp0_p5      =  3.30000e+00
p_f066_cmp0_n5      =  -1.98053e-06
p_f066_dctrl7_p     =  3.30001e+00
p_f066_dctrl7_n     =  3.46054e-01
p_f066_dctrl6_p     =  3.26656e+00
p_f066_dctrl6_n     =  2.41713e-06
p_f066_dctrl5_p     =  -1.00111e-06
p_f066_dctrl5_n     =  3.29964e+00
p_f066_dctrl4_p     =  -1.32588e-07
p_f066_dctrl4_n     =  3.29999e+00
p_f066_dctrl3_p     =  3.30000e+00
p_f066_dctrl3_n     =  -2.66844e-08
p_f066_dctrl2_p     =  3.30000e+00
p_f066_dctrl2_n     =  -1.32674e-08
p_f066_dctrl1_p     =  -6.45974e-09
p_f066_dctrl1_n     =  3.30000e+00
p_f066_do7_drv_470  =  3.30000e+00
p_f066_do7_rx_470   =  3.30000e+00
p_f066_do6_drv_470  =  3.30000e+00
p_f066_do6_rx_470   =  3.30000e+00
p_f066_do5_drv_470  =  0.00000e+00
p_f066_do5_rx_470   =  1.28092e-268
p_f066_do4_drv_470  =  0.00000e+00
p_f066_do4_rx_470   =  1.28092e-268
p_f066_do3_drv_470  =  3.30000e+00
p_f066_do3_rx_470   =  3.30000e+00
p_f066_do2_drv_470  =  3.30000e+00
p_f066_do2_rx_470   =  3.30000e+00
p_f066_do1_drv_470  =  0.00000e+00
p_f066_do1_rx_470   =  4.08882e-312
p_f066_do0_drv_470  =  3.30000e+00
p_f066_do0_rx_470   =  3.30000e+00
p_f066_do7_drv_480  =  3.30000e+00
p_f066_do7_rx_480   =  3.30000e+00
p_f066_do6_drv_480  =  3.30000e+00
p_f066_do6_rx_480   =  3.30000e+00
p_f066_do5_drv_480  =  0.00000e+00
p_f066_do5_rx_480   =  4.49714e-297
p_f066_do4_drv_480  =  0.00000e+00
p_f066_do4_rx_480   =  4.49714e-297
p_f066_do3_drv_480  =  3.30000e+00
p_f066_do3_rx_480   =  3.30000e+00
p_f066_do2_drv_480  =  3.30000e+00
p_f066_do2_rx_480   =  3.30000e+00
p_f066_do1_drv_480  =  0.00000e+00
p_f066_do1_rx_480   =  4.08882e-312
p_f066_do0_drv_480  =  3.30000e+00
p_f066_do0_rx_480   =  3.30000e+00
p_f067_cmp7_p0      =  -3.10990e-06
p_f067_cmp7_n0      =  -3.11393e-06
p_f067_cmp7_p5      =  3.30000e+00
p_f067_cmp7_n5      =  -1.85281e-06
p_f067_cmp6_p0      =  -8.66817e-06
p_f067_cmp6_n0      =  -8.66384e-06
p_f067_cmp6_p5      =  -1.99316e-06
p_f067_cmp6_n5      =  3.30000e+00
p_f067_cmp5_p0      =  -3.02556e-06
p_f067_cmp5_n0      =  -3.03044e-06
p_f067_cmp5_p5      =  -1.63191e-06
p_f067_cmp5_n5      =  3.30000e+00
p_f067_cmp4_p0      =  -3.22003e-06
p_f067_cmp4_n0      =  -3.22247e-06
p_f067_cmp4_p5      =  -1.64707e-06
p_f067_cmp4_n5      =  3.30000e+00
p_f067_cmp3_p0      =  -8.26760e-06
p_f067_cmp3_n0      =  -8.25254e-06
p_f067_cmp3_p5      =  -1.90805e-06
p_f067_cmp3_n5      =  3.30000e+00
p_f067_cmp2_p0      =  -8.61877e-06
p_f067_cmp2_n0      =  -8.60103e-06
p_f067_cmp2_p5      =  3.30000e+00
p_f067_cmp2_n5      =  -2.09458e-06
p_f067_cmp1_p0      =  -3.05988e-06
p_f067_cmp1_n0      =  -3.06560e-06
p_f067_cmp1_p5      =  3.30000e+00
p_f067_cmp1_n5      =  -1.74744e-06
p_f067_cmp0_p0      =  -8.26834e-06
p_f067_cmp0_n0      =  -8.25164e-06
p_f067_cmp0_p5      =  3.30000e+00
p_f067_cmp0_n5      =  -2.05472e-06
p_f067_dctrl7_p     =  3.30001e+00
p_f067_dctrl7_n     =  3.47255e-01
p_f067_dctrl6_p     =  3.07835e-05
p_f067_dctrl6_n     =  3.26637e+00
p_f067_dctrl5_p     =  -1.10653e-06
p_f067_dctrl5_n     =  3.29964e+00
p_f067_dctrl4_p     =  -1.23663e-07
p_f067_dctrl4_n     =  3.29999e+00
p_f067_dctrl3_p     =  -2.86732e-08
p_f067_dctrl3_n     =  3.30000e+00
p_f067_dctrl2_p     =  3.30000e+00
p_f067_dctrl2_n     =  -1.30253e-08
p_f067_dctrl1_p     =  3.30000e+00
p_f067_dctrl1_n     =  -6.50149e-09
p_f067_do7_drv_470  =  3.30000e+00
p_f067_do7_rx_470   =  3.30000e+00
p_f067_do6_drv_470  =  0.00000e+00
p_f067_do6_rx_470   =  1.47120e-268
p_f067_do5_drv_470  =  0.00000e+00
p_f067_do5_rx_470   =  4.08882e-312
p_f067_do4_drv_470  =  0.00000e+00
p_f067_do4_rx_470   =  4.08882e-312
p_f067_do3_drv_470  =  0.00000e+00
p_f067_do3_rx_470   =  1.47120e-268
p_f067_do2_drv_470  =  3.30000e+00
p_f067_do2_rx_470   =  3.30000e+00
p_f067_do1_drv_470  =  3.30000e+00
p_f067_do1_rx_470   =  3.30000e+00
p_f067_do0_drv_470  =  3.30000e+00
p_f067_do0_rx_470   =  3.30000e+00
p_f067_do7_drv_480  =  3.30000e+00
p_f067_do7_rx_480   =  3.30000e+00
p_f067_do6_drv_480  =  0.00000e+00
p_f067_do6_rx_480   =  5.16521e-297
p_f067_do5_drv_480  =  0.00000e+00
p_f067_do5_rx_480   =  4.08882e-312
p_f067_do4_drv_480  =  0.00000e+00
p_f067_do4_rx_480   =  4.08882e-312
p_f067_do3_drv_480  =  0.00000e+00
p_f067_do3_rx_480   =  5.16521e-297
p_f067_do2_drv_480  =  3.30000e+00
p_f067_do2_rx_480   =  3.30000e+00
p_f067_do1_drv_480  =  3.30000e+00
p_f067_do1_rx_480   =  3.30000e+00
p_f067_do0_drv_480  =  3.30000e+00
p_f067_do0_rx_480   =  3.30000e+00
ngspice-46 done
