
Note: Compatibility modes selected: hs a

Warning: m=xx on .subckt line will override multiplier m hierarchy!


Circuit: * a44 actual analog core with fixed tt timed behavioral sar control.

Reducing trtol to 1 for xspice 'A' devices
Doing analysis at TEMP = 27.000000 and TNOM = 27.000000

Using SPARSE 1.3 as Direct Linear Solver

Initial Transient Solution
--------------------------

Node                                   Voltage
----                                   -------
vdd                                        3.3
vrefp_src                                  2.5
vrefp                                      2.5
vrefp_cap                                  2.5
vrefn_src                                  0.8
vrefn                                      0.8
vrefn_cap                                  0.8
vinp_src                               2.29143
vinn_src                               1.00857
vinp                                   2.29143
vinn                                   1.00857
clks_src                                     0
clks                                         0
cmp_noise                          -0.00110724
xcore.xcdacp.vbot1                         2.5
dctrlp1                                      0
xcore.vresp_raw                    0.000788798
xcore.xcdacp.vbot2                         2.5
dctrlp2                                      0
xcore.xcdacp.vbot3                         2.5
dctrlp3                                      0
xcore.xcdacp.vbot4                         2.5
dctrlp4                                      0
xcore.xcdacp.vbot5                         2.5
dctrlp5                                      0
xcore.xcdacp.vbot6                         2.5
dctrlp6                                      0
xcore.xcdacp.vbot7                         2.5
dctrlp7                                      0
xcore.xcdacp.x1.clksb                      3.3
xcore.xcdacp.x1.net2               1.04188e-10
xcore.xcdacp.x1.net1                       3.3
xcore.xcdacp.x1.bottom_gate        6.11618e-09
xcore.xcdacp.x1.net4               3.06456e-09
xcore.xcdacp.x1.net3                       3.3
xcore.xcdacn.vbot1                         2.5
dctrln1                                      0
xcore.vresn_raw                    0.000433119
xcore.xcdacn.vbot2                         2.5
dctrln2                                      0
xcore.xcdacn.vbot3                         2.5
dctrln3                                      0
xcore.xcdacn.vbot4                         2.5
dctrln4                                      0
xcore.xcdacn.vbot5                         2.5
dctrln5                                      0
xcore.xcdacn.vbot6                         2.5
dctrln6                                      0
xcore.xcdacn.vbot7                         2.5
dctrln7                                      0
xcore.xcdacn.x1.clksb                      3.3
xcore.xcdacn.x1.net2               1.19802e-10
xcore.xcdacn.x1.net1                       3.3
xcore.xcdacn.x1.bottom_gate        6.14059e-09
xcore.xcdacn.x1.net4               3.07101e-09
xcore.xcdacn.x1.net3                       3.3
vresp                               0.00023518
vresn                              0.000986737
xcore.xcmp.net1                      0.0223032
cmpck                                        0
xcore.xcmp.xp                              3.3
xcore.xcmp.xn                              3.3
xcore.xcmp.ln                              3.3
xcore.xcmp.lp                              3.3
dcmpn                              3.72468e-09
dcmpp                              3.61284e-09
sampled_diff                      -0.000751558
input_diff                             1.28286
cmpck_drv                                    0
dctrlp7_drv                                  0
dctrlp6_drv                                  0
dctrlp5_drv                                  0
dctrlp4_drv                                  0
dctrlp3_drv                                  0
dctrlp2_drv                                  0
dctrlp1_drv                                  0
dctrln7_drv                                  0
dctrln6_drv                                  0
dctrln5_drv                                  0
dctrln4_drv                                  0
dctrln3_drv                                  0
dctrln2_drv                                  0
dctrln1_drv                                  0
dout7_drv                                    0
dout6_drv                                    0
dout5_drv                                    0
dout4_drv                                    0
dout3_drv                                    0
dout2_drv                                    0
dout1_drv                                    0
dout0_drv                                    0
eoc                                          0
invalid0                                     0
timeout0                                     0
complete                                     0
dout7_rx                                     0
dout6_rx                                     0
dout5_rx                                     0
dout4_rx                                     0
dout3_rx                                     0
dout2_rx                                     0
dout1_rx                                     0
dout0_rx                                     0
e_input_diff#branch               -1.28286e-10
e_sample_diff#branch               7.51558e-14
e.xcore.e_cmp_noise_n#branch      -9.86737e-14
e.xcore.e_cmp_noise_p#branch       -2.3518e-14
vcmp_noise#branch                  1.10724e-13
vclks_id#branch                              0
vvinn_id#branch                   -4.15717e-10
vvinp_id#branch                   -9.44295e-10
vvrefn_id#branch                  -1.76652e-09
vvrefp_id#branch                  -1.52081e-08
vvdd#branch                       -1.77529e-08
a_status#branch_1_0                          0
a_status#branch_1_1                          0
a_status#branch_1_2                          0
a_status#branch_1_3                          0
a_dout#branch_1_0                            0
a_dout#branch_1_1                            0
a_dout#branch_1_2                            0
a_dout#branch_1_3                            0
a_dout#branch_1_4                            0
a_dout#branch_1_5                            0
a_dout#branch_1_6                            0
a_dout#branch_1_7                            0
a_dctrln#branch_1_0                          0
a_dctrln#branch_1_1                          0
a_dctrln#branch_1_2                          0
a_dctrln#branch_1_3                          0
a_dctrln#branch_1_4                          0
a_dctrln#branch_1_5                          0
a_dctrln#branch_1_6                          0
a_dctrlp#branch_1_0                          0
a_dctrlp#branch_1_1                          0
a_dctrlp#branch_1_2                          0
a_dctrlp#branch_1_3                          0
a_dctrlp#branch_1_4                          0
a_dctrlp#branch_1_5                          0
a_dctrlp#branch_1_6                          0
a_cmpck#branch_1_0                           0


Instance: abeh   Message: WARNING: output scheduled with impossible delay (-4.01e-12) at 5.01e-12/0.

Instance: abeh   Message: XSPICE time is behind vtime:
XSPICE 2.005178068013041e-07
Cosim  2.00547e-07

Instance: abeh   Message: XSPICE time is behind vtime:
XSPICE 7.005185269067621e-07
Cosim  7.00552e-07

Instance: abeh   Message: XSPICE time is behind vtime:
XSPICE 1.200539019163353e-06
Cosim  1.200554e-06

Instance: abeh   Message: XSPICE time is behind vtime:
XSPICE 2.200546852258905e-06
Cosim  2.200554e-06

Instance: abeh   Message: XSPICE time is behind vtime:
XSPICE 2.700501682275392e-06
Cosim  2.700535e-06

Instance: abeh   Message: XSPICE time is behind vtime:
XSPICE 3.200519671546449e-06
Cosim  3.200552e-06

Instance: abeh   Message: XSPICE time is behind vtime:
XSPICE 4.700527149710564e-06
Cosim  4.700552e-06

Instance: abeh   Message: XSPICE time is behind vtime:
XSPICE 5.200517526911102e-06
Cosim  5.200551e-06

Instance: abeh   Message: XSPICE time is behind vtime:
XSPICE 5.700530570623853e-06
Cosim  5.700551e-06

Instance: abeh   Message: XSPICE time is behind vtime:
XSPICE 7.200517682267946e-06
Cosim  7.200551e-06

Instance: abeh   Message: XSPICE time is behind vtime:
XSPICE 7.700517682268624e-06
Cosim  7.700551e-06

Instance: abeh   Message: XSPICE time is behind vtime:
XSPICE 9.200532096534631e-06
Cosim  9.200552e-06

Instance: abeh   Message: XSPICE time is behind vtime:
XSPICE 9.700517526909526e-06
Cosim  9.700550999999999e-06

Instance: abeh   Message: XSPICE time is behind vtime:
XSPICE 1.02005286893602e-05
Cosim  1.0200554e-05

Instance: abeh   Message: XSPICE time is behind vtime:
XSPICE 1.170052001088449e-05
Cosim  1.1700552e-05

Instance: abeh   Message: XSPICE time is behind vtime:
XSPICE 1.220050168227697e-05
Cosim  1.2200535e-05

Instance: abeh   Message: XSPICE time is behind vtime:
XSPICE 1.270053521872211e-05
Cosim  1.2700543e-05

Instance: abeh   Message: XSPICE time is behind vtime:
XSPICE 1.370053759295527e-05
Cosim  1.3700552e-05

Instance: abeh   Message: XSPICE time is behind vtime:
XSPICE 1.4200518526906e-05
Cosim  1.4200552e-05

Instance: abeh   Message: XSPICE time is behind vtime:
XSPICE 1.470051741168318e-05
Cosim  1.4700547e-05

Instance: abeh   Message: XSPICE time is behind vtime:
XSPICE 1.620051874341732e-05
Cosim  1.6200547e-05

Instance: abeh   Message: XSPICE time is behind vtime:
XSPICE 1.670049668228539e-05
Cosim  1.670053e-05

Instance: abeh   Message: XSPICE time is behind vtime:
XSPICE 1.720053917236713e-05
Cosim  1.7200553e-05

Instance: abeh   Message: XSPICE time is behind vtime:
XSPICE 1.82005456123842e-05
Cosim  1.8200554e-05

Instance: abeh   Message: XSPICE time is behind vtime:
XSPICE 1.870049852689948e-05
Cosim  1.8700532e-05

Instance: abeh   Message: XSPICE time is behind vtime:
XSPICE 1.920051779469382e-05
Cosim  1.9200551e-05

Instance: abeh   Message: XSPICE time is behind vtime:
XSPICE 2.070052814125074e-05
Cosim  2.0700552e-05

Instance: abeh   Message: XSPICE time is behind vtime:
XSPICE 2.120051968228761e-05
Cosim  2.1200553e-05

Instance: abeh   Message: XSPICE time is behind vtime:
XSPICE 2.170053263246404e-05
Cosim  2.1700552e-05

Instance: abeh   Message: XSPICE time is behind vtime:
XSPICE 2.320052452689158e-05
Cosim  2.3200558e-05

Instance: abeh   Message: XSPICE time is behind vtime:
XSPICE 2.370049752689103e-05
Cosim  2.3700531e-05

Instance: abeh   Message: XSPICE time is behind vtime:
XSPICE 2.520053316745246e-05
Cosim  2.5200552e-05

Instance: abeh   Message: XSPICE time is behind vtime:
XSPICE 2.570052068228631e-05
Cosim  2.5700554e-05

Instance: abeh   Message: XSPICE time is behind vtime:
XSPICE 2.620052867613487e-05
Cosim  2.6200553e-05

Instance: abeh   Message: XSPICE time is behind vtime:
XSPICE 2.770051912354996e-05
Cosim  2.7700552e-05

Instance: abeh   Message: XSPICE time is behind vtime:
XSPICE 2.820049852690048e-05
Cosim  2.8200532e-05

Instance: abeh   Message: XSPICE time is behind vtime:
XSPICE 2.870053398649284e-05
Cosim  2.8700543e-05

Instance: abeh   Message: XSPICE time is behind vtime:
XSPICE 2.970053975487701e-05
Cosim  2.9700553e-05

Instance: abeh   Message: XSPICE time is behind vtime:
XSPICE 3.020049668228275e-05
Cosim  3.020053e-05

Instance: abeh   Message: XSPICE time is behind vtime:
XSPICE 3.070051834533913e-05
Cosim  3.0700547e-05

Instance: abeh   Message: XSPICE time is behind vtime:
XSPICE 3.220051780505473e-05
Cosim  3.2200547e-05

Instance: abeh   Message: XSPICE time is behind vtime:
XSPICE 3.270051852690649e-05
Cosim  3.2700552e-05

Instance: abeh   Message: XSPICE time is behind vtime:
XSPICE 3.320053902683399e-05
Cosim  3.3200554e-05

No. of Data Rows : 735138
f000_d7             =  3.30000e+00
f000_d6             =  3.30000e+00
f000_d5             =  3.30000e+00
f000_d4             =  0.00000e+00
f000_d3             =  0.00000e+00
f000_d2             =  0.00000e+00
f000_d1             =  0.00000e+00
f000_d0             =  0.00000e+00
f000_complete       =  3.30000e+00
f000_invalid        =  0.00000e+00
f000_timeout        =  0.00000e+00
f000_sampled        =  1.28175e+00
f000_input          =  1.28286e+00
f000_tcomplete      =  3.75497e-07
f001_d7             =  3.30000e+00
f001_d6             =  3.30000e+00
f001_d5             =  3.30000e+00
f001_d4             =  0.00000e+00
f001_d3             =  3.30000e+00
f001_d2             =  3.30000e+00
f001_d1             =  3.30000e+00
f001_d0             =  3.30000e+00
f001_complete       =  3.30000e+00
f001_invalid        =  0.00000e+00
f001_timeout        =  0.00000e+00
f001_sampled        =  1.48685e+00
f001_input          =  1.48485e+00
f001_tcomplete      =  8.75502e-07
f002_d7             =  3.30000e+00
f002_d6             =  3.30000e+00
f002_d5             =  5.44806e-297
f002_d4             =  0.00000e+00
f002_d3             =  3.30000e+00
f002_d2             =  3.30000e+00
f002_d1             =  5.44806e-297
f002_d0             =  5.44806e-297
f002_complete       =  3.30000e+00
f002_invalid        =  0.00000e+00
f002_timeout        =  0.00000e+00
f002_sampled        =  1.01057e+00
f002_input          =  1.01285e+00
f002_tcomplete      =  1.37550e-06
f003_d7             =  3.30000e+00
f003_d6             =  5.04961e-297
f003_d5             =  4.08882e-312
f003_d4             =  0.00000e+00
f003_d3             =  5.04961e-297
f003_d2             =  3.30000e+00
f003_d1             =  4.08882e-312
f003_d0             =  3.30000e+00
f003_complete       =  3.30000e+00
f003_invalid        =  0.00000e+00
f003_timeout        =  0.00000e+00
f003_sampled        =  8.17599e-02
f003_input          =  8.10428e-02
f003_tcomplete      =  1.87550e-06
f004_d7             =  5.22140e-297
f004_d6             =  4.08882e-312
f004_d5             =  3.30000e+00
f004_d4             =  3.30000e+00
f004_d3             =  3.30000e+00
f004_d2             =  3.30000e+00
f004_d1             =  4.08882e-312
f004_d0             =  5.22140e-297
f004_complete       =  3.30000e+00
f004_invalid        =  0.00000e+00
f004_timeout        =  0.00000e+00
f004_sampled        =  -8.87994e-01
f004_input          =  -8.87639e-01
f004_tcomplete      =  2.37550e-06
f005_d7             =  4.08882e-312
f005_d6             =  4.08882e-312
f005_d5             =  4.60824e-297
f005_d4             =  3.30000e+00
f005_d3             =  4.60824e-297
f005_d2             =  4.60824e-297
f005_d1             =  4.08882e-312
f005_d0             =  3.30000e+00
f005_complete       =  3.30000e+00
f005_invalid        =  0.00000e+00
f005_timeout        =  0.00000e+00
f005_sampled        =  -1.45350e+00
f005_input          =  -1.45324e+00
f005_tcomplete      =  2.87548e-06
f006_d7             =  4.08882e-312
f006_d6             =  4.08882e-312
f006_d5             =  4.08882e-312
f006_d4             =  3.30000e+00
f006_d3             =  3.30000e+00
f006_d2             =  4.08882e-312
f006_d1             =  4.08882e-312
f006_d0             =  3.30000e+00
f006_complete       =  3.30000e+00
f006_invalid        =  0.00000e+00
f006_timeout        =  0.00000e+00
f006_sampled        =  -1.35778e+00
f006_input          =  -1.35911e+00
f006_tcomplete      =  3.37550e-06
f007_d7             =  4.08882e-312
f007_d6             =  3.30000e+00
f007_d5             =  4.08882e-312
f007_d4             =  5.12105e-297
f007_d3             =  3.30000e+00
f007_d2             =  3.30000e+00
f007_d1             =  3.30000e+00
f007_d0             =  5.12105e-297
f007_complete       =  3.30000e+00
f007_invalid        =  0.00000e+00
f007_timeout        =  0.00000e+00
f007_sampled        =  -6.44132e-01
f007_input          =  -6.47932e-01
f007_tcomplete      =  3.87550e-06
f008_d7             =  3.30000e+00
f008_d6             =  4.50581e-297
f008_d5             =  4.08882e-312
f008_d4             =  3.30000e+00
f008_d3             =  3.30000e+00
f008_d2             =  4.50581e-297
f008_d1             =  3.30000e+00
f008_d0             =  4.08882e-312
f008_complete       =  3.30000e+00
f008_invalid        =  0.00000e+00
f008_timeout        =  0.00000e+00
f008_sampled        =  3.56293e-01
f008_input          =  3.57413e-01
f008_tcomplete      =  4.37548e-06
f009_d7             =  3.30000e+00
f009_d6             =  3.30000e+00
f009_d5             =  4.08882e-312
f009_d4             =  3.30000e+00
f009_d3             =  3.30000e+00
f009_d2             =  4.08882e-312
f009_d1             =  3.30000e+00
f009_d0             =  4.08882e-312
f009_complete       =  3.30000e+00
f009_invalid        =  0.00000e+00
f009_timeout        =  0.00000e+00
f009_sampled        =  1.19837e+00
f009_input          =  1.20039e+00
f009_tcomplete      =  4.87550e-06
f010_d7             =  3.30000e+00
f010_d6             =  3.30000e+00
f010_d5             =  3.30000e+00
f010_d4             =  3.30000e+00
f010_d3             =  5.09966e-297
f010_d2             =  4.08882e-312
f010_d1             =  5.09966e-297
f010_d0             =  4.08882e-312
f010_complete       =  3.30000e+00
f010_invalid        =  0.00000e+00
f010_timeout        =  0.00000e+00
f010_sampled        =  1.50090e+00
f010_input          =  1.49863e+00
f010_tcomplete      =  5.37550e-06
f011_d7             =  3.30000e+00
f011_d6             =  3.30000e+00
f011_d5             =  5.18483e-297
f011_d4             =  3.30000e+00
f011_d3             =  4.08882e-312
f011_d2             =  4.08882e-312
f011_d1             =  3.30000e+00
f011_d0             =  3.30000e+00
f011_complete       =  3.30000e+00
f011_invalid        =  0.00000e+00
f011_timeout        =  0.00000e+00
f011_sampled        =  1.11562e+00
f011_input          =  1.11637e+00
f011_tcomplete      =  5.87550e-06
f012_d7             =  3.30000e+00
f012_d6             =  5.35840e-297
f012_d5             =  4.08882e-312
f012_d4             =  3.30000e+00
f012_d3             =  4.08882e-312
f012_d2             =  4.08882e-312
f012_d1             =  5.35840e-297
f012_d0             =  5.35840e-297
f012_complete       =  3.30000e+00
f012_invalid        =  0.00000e+00
f012_timeout        =  0.00000e+00
f012_sampled        =  2.28155e-01
f012_input          =  2.27324e-01
f012_tcomplete      =  6.37550e-06
f013_d7             =  5.11821e-297
f013_d6             =  3.30000e+00
f013_d5             =  4.08882e-312
f013_d4             =  5.11821e-297
f013_d3             =  4.08882e-312
f013_d2             =  3.30000e+00
f013_d1             =  3.30000e+00
f013_d0             =  4.08882e-312
f013_complete       =  3.30000e+00
f013_invalid        =  0.00000e+00
f013_timeout        =  0.00000e+00
f013_sampled        =  -7.65532e-01
f013_input          =  -7.64895e-01
f013_tcomplete      =  6.87550e-06
f014_d7             =  4.08882e-312
f014_d6             =  5.13204e-297
f014_d5             =  4.08882e-312
f014_d4             =  3.30000e+00
f014_d3             =  4.08882e-312
f014_d2             =  3.30000e+00
f014_d1             =  5.13204e-297
f014_d0             =  3.30000e+00
f014_complete       =  3.30000e+00
f014_invalid        =  0.00000e+00
f014_timeout        =  0.00000e+00
f014_sampled        =  -1.40954e+00
f014_input          =  -1.40981e+00
f014_tcomplete      =  7.37550e-06
f015_d7             =  4.08882e-312
f015_d6             =  4.08882e-312
f015_d5             =  4.08882e-312
f015_d4             =  3.30000e+00
f015_d3             =  4.08882e-312
f015_d2             =  3.30000e+00
f015_d1             =  4.08882e-312
f015_d0             =  3.30000e+00
f015_complete       =  3.30000e+00
f015_invalid        =  0.00000e+00
f015_timeout        =  0.00000e+00
f015_sampled        =  -1.41573e+00
f015_input          =  -1.41483e+00
f015_tcomplete      =  7.87550e-06
f016_d7             =  4.08882e-312
f016_d6             =  3.30000e+00
f016_d5             =  4.08882e-312
f016_d4             =  5.06896e-297
f016_d3             =  4.08882e-312
f016_d2             =  3.30000e+00
f016_d1             =  4.08882e-312
f016_d0             =  3.30000e+00
f016_complete       =  3.30000e+00
f016_invalid        =  0.00000e+00
f016_timeout        =  0.00000e+00
f016_sampled        =  -7.78677e-01
f016_input          =  -7.77482e-01
f016_tcomplete      =  8.37550e-06
f017_d7             =  3.30000e+00
f017_d6             =  4.42626e-297
f017_d5             =  4.08882e-312
f017_d4             =  4.08882e-312
f017_d3             =  3.30000e+00
f017_d2             =  3.30000e+00
f017_d1             =  3.30000e+00
f017_d0             =  3.30000e+00
f017_complete       =  3.30000e+00
f017_invalid        =  0.00000e+00
f017_timeout        =  0.00000e+00
f017_sampled        =  2.12255e-01
f017_input          =  2.12689e-01
f017_tcomplete      =  8.87548e-06
f018_d7             =  3.30000e+00
f018_d6             =  3.30000e+00
f018_d5             =  4.08882e-312
f018_d4             =  3.30000e+00
f018_d3             =  5.16650e-297
f018_d2             =  5.16650e-297
f018_d1             =  3.30000e+00
f018_d0             =  3.30000e+00
f018_complete       =  3.30000e+00
f018_invalid        =  0.00000e+00
f018_timeout        =  0.00000e+00
f018_sampled        =  1.10537e+00
f018_input          =  1.10640e+00
f018_tcomplete      =  9.37550e-06
f019_d7             =  3.30000e+00
f019_d6             =  3.30000e+00
f019_d5             =  3.30000e+00
f019_d4             =  3.30000e+00
f019_d3             =  4.08882e-312
f019_d2             =  4.08882e-312
f019_d1             =  5.10385e-297
f019_d0             =  5.10385e-297
f019_complete       =  3.30000e+00
f019_invalid        =  0.00000e+00
f019_timeout        =  0.00000e+00
f019_sampled        =  1.49646e+00
f019_input          =  1.49781e+00
f019_tcomplete      =  9.87550e-06
f020_d7             =  3.30000e+00
f020_d6             =  3.30000e+00
f020_d5             =  5.24123e-297
f020_d4             =  3.30000e+00
f020_d3             =  3.30000e+00
f020_d2             =  4.08882e-312
f020_d1             =  3.30000e+00
f020_d0             =  4.08882e-312
f020_complete       =  3.30000e+00
f020_invalid        =  0.00000e+00
f020_timeout        =  0.00000e+00
f020_sampled        =  1.20608e+00
f020_input          =  1.20912e+00
f020_tcomplete      =  1.03755e-05
f021_d7             =  3.30000e+00
f021_d6             =  4.52325e-297
f021_d5             =  4.08882e-312
f021_d4             =  3.30000e+00
f021_d3             =  3.30000e+00
f021_d2             =  4.08882e-312
f021_d1             =  3.30000e+00
f021_d0             =  3.30000e+00
f021_complete       =  3.30000e+00
f021_invalid        =  0.00000e+00
f021_timeout        =  0.00000e+00
f021_sampled        =  3.71103e-01
f021_input          =  3.71585e-01
f021_tcomplete      =  1.08755e-05
f022_d7             =  5.14111e-297
f022_d6             =  3.30000e+00
f022_d5             =  4.08882e-312
f022_d4             =  5.14111e-297
f022_d3             =  3.30000e+00
f022_d2             =  3.30000e+00
f022_d1             =  3.30000e+00
f022_d0             =  3.30000e+00
f022_complete       =  3.30000e+00
f022_invalid        =  0.00000e+00
f022_timeout        =  0.00000e+00
f022_sampled        =  -6.33568e-01
f022_input          =  -6.34669e-01
f022_tcomplete      =  1.13755e-05
f023_d7             =  4.08882e-312
f023_d6             =  5.10039e-297
f023_d5             =  4.08882e-312
f023_d4             =  3.30000e+00
f023_d3             =  3.30000e+00
f023_d2             =  5.10039e-297
f023_d1             =  5.10039e-297
f023_d0             =  3.30000e+00
f023_complete       =  3.30000e+00
f023_invalid        =  0.00000e+00
f023_timeout        =  0.00000e+00
f023_sampled        =  -1.35111e+00
f023_input          =  -1.35276e+00
f023_tcomplete      =  1.18755e-05
f024_d7             =  4.08882e-312
f024_d6             =  4.08882e-312
f024_d5             =  4.08882e-312
f024_d4             =  3.30000e+00
f024_d3             =  4.75176e-297
f024_d2             =  4.08882e-312
f024_d1             =  4.08882e-312
f024_d0             =  3.30000e+00
f024_complete       =  3.30000e+00
f024_invalid        =  0.00000e+00
f024_timeout        =  0.00000e+00
f024_sampled        =  -1.45723e+00
f024_input          =  -1.45679e+00
f024_tcomplete      =  1.23755e-05
f025_d7             =  4.08882e-312
f025_d6             =  4.08882e-312
f025_d5             =  3.30000e+00
f025_d4             =  3.30000e+00
f025_d3             =  3.30000e+00
f025_d2             =  4.08882e-312
f025_d1             =  3.30000e+00
f025_d0             =  3.30000e+00
f025_complete       =  3.30000e+00
f025_invalid        =  0.00000e+00
f025_timeout        =  0.00000e+00
f025_sampled        =  -9.00855e-01
f025_input          =  -8.99489e-01
f025_tcomplete      =  1.28755e-05
f026_d7             =  3.30000e+00
f026_d6             =  4.08882e-312
f026_d5             =  5.05601e-297
f026_d4             =  5.05601e-297
f026_d3             =  5.05601e-297
f026_d2             =  3.30000e+00
f026_d1             =  5.05601e-297
f026_d0             =  5.05601e-297
f026_complete       =  3.30000e+00
f026_invalid        =  0.00000e+00
f026_timeout        =  0.00000e+00
f026_sampled        =  6.73440e-02
f026_input          =  6.61482e-02
f026_tcomplete      =  1.33755e-05
f027_d7             =  3.30000e+00
f027_d6             =  3.30000e+00
f027_d5             =  4.08882e-312
f027_d4             =  4.08882e-312
f027_d3             =  3.30000e+00
f027_d2             =  5.16581e-297
f027_d1             =  3.30000e+00
f027_d0             =  3.30000e+00
f027_complete       =  3.30000e+00
f027_invalid        =  0.00000e+00
f027_timeout        =  0.00000e+00
f027_sampled        =  1.00234e+00
f027_input          =  1.00197e+00
f027_tcomplete      =  1.38755e-05
f028_d7             =  3.30000e+00
f028_d6             =  3.30000e+00
f028_d5             =  3.30000e+00
f028_d4             =  4.08882e-312
f028_d3             =  3.30000e+00
f028_d2             =  3.30000e+00
f028_d1             =  3.30000e+00
f028_d0             =  3.30000e+00
f028_complete       =  3.30000e+00
f028_invalid        =  0.00000e+00
f028_timeout        =  0.00000e+00
f028_sampled        =  1.48310e+00
f028_input          =  1.48261e+00
f028_tcomplete      =  1.43755e-05
f029_d7             =  3.30000e+00
f029_d6             =  3.30000e+00
f029_d5             =  3.30000e+00
f029_d4             =  4.08882e-312
f029_d3             =  5.11860e-297
f029_d2             =  5.11860e-297
f029_d1             =  5.11860e-297
f029_d0             =  3.30000e+00
f029_complete       =  3.30000e+00
f029_invalid        =  0.00000e+00
f029_timeout        =  0.00000e+00
f029_sampled        =  1.28975e+00
f029_input          =  1.29038e+00
f029_tcomplete      =  1.48755e-05
f030_d7             =  3.30000e+00
f030_d6             =  5.24147e-297
f030_d5             =  3.30000e+00
f030_d4             =  4.08882e-312
f030_d3             =  4.08882e-312
f030_d2             =  3.30000e+00
f030_d1             =  3.30000e+00
f030_d0             =  5.24147e-297
f030_complete       =  3.30000e+00
f030_invalid        =  0.00000e+00
f030_timeout        =  0.00000e+00
f030_sampled        =  5.13937e-01
f030_input          =  5.12268e-01
f030_tcomplete      =  1.53755e-05
f031_d7             =  4.47895e-297
f031_d6             =  3.30000e+00
f031_d5             =  4.47895e-297
f031_d4             =  3.30000e+00
f031_d3             =  3.30000e+00
f031_d2             =  4.47895e-297
f031_d1             =  3.30000e+00
f031_d0             =  4.08882e-312
f031_complete       =  3.30000e+00
f031_invalid        =  0.00000e+00
f031_timeout        =  0.00000e+00
f031_sampled        =  -4.98418e-01
f031_input          =  -4.98404e-01
f031_tcomplete      =  1.58755e-05
f032_d7             =  4.08882e-312
f032_d6             =  4.95139e-297
f032_d5             =  4.08882e-312
f032_d4             =  3.30000e+00
f032_d3             =  3.30000e+00
f032_d2             =  3.30000e+00
f032_d1             =  3.30000e+00
f032_d0             =  4.08882e-312
f032_complete       =  3.30000e+00
f032_invalid        =  0.00000e+00
f032_timeout        =  0.00000e+00
f032_sampled        =  -1.28210e+00
f032_input          =  -1.28288e+00
f032_tcomplete      =  1.63755e-05
f033_d7             =  4.08882e-312
f033_d6             =  4.08882e-312
f033_d5             =  4.08882e-312
f033_d4             =  4.42571e-297
f033_d3             =  3.30000e+00
f033_d2             =  3.30000e+00
f033_d1             =  3.30000e+00
f033_d0             =  3.30000e+00
f033_complete       =  3.30000e+00
f033_invalid        =  0.00000e+00
f033_timeout        =  0.00000e+00
f033_sampled        =  -1.48428e+00
f033_input          =  -1.48492e+00
f033_tcomplete      =  1.68755e-05
f034_d7             =  4.08882e-312
f034_d6             =  4.08882e-312
f034_d5             =  3.30000e+00
f034_d4             =  3.30000e+00
f034_d3             =  5.13964e-297
f034_d2             =  5.13964e-297
f034_d1             =  3.30000e+00
f034_d0             =  3.30000e+00
f034_complete       =  3.30000e+00
f034_invalid        =  0.00000e+00
f034_timeout        =  0.00000e+00
f034_sampled        =  -1.01346e+00
f034_input          =  -1.01269e+00
f034_tcomplete      =  1.73755e-05
f035_d7             =  4.08882e-312
f035_d6             =  3.30000e+00
f035_d5             =  3.30000e+00
f035_d4             =  3.30000e+00
f035_d3             =  3.30000e+00
f035_d2             =  4.08882e-312
f035_d1             =  5.01938e-297
f035_d0             =  3.30000e+00
f035_complete       =  3.30000e+00
f035_invalid        =  0.00000e+00
f035_timeout        =  0.00000e+00
f035_sampled        =  -8.29846e-02
f035_input          =  -8.09178e-02
f035_tcomplete      =  1.78755e-05
f036_d7             =  3.30000e+00
f036_d6             =  3.30000e+00
f036_d5             =  5.17465e-297
f036_d4             =  5.17465e-297
f036_d3             =  5.17465e-297
f036_d2             =  4.08882e-312
f036_d1             =  3.30000e+00
f036_d0             =  5.17465e-297
f036_complete       =  3.30000e+00
f036_invalid        =  0.00000e+00
f036_timeout        =  0.00000e+00
f036_sampled        =  8.88700e-01
f036_input          =  8.87598e-01
f036_tcomplete      =  1.83755e-05
f037_d7             =  3.30000e+00
f037_d6             =  3.30000e+00
f037_d5             =  3.30000e+00
f037_d4             =  4.08882e-312
f037_d3             =  3.30000e+00
f037_d2             =  3.30000e+00
f037_d1             =  4.52794e-297
f037_d0             =  3.30000e+00
f037_complete       =  3.30000e+00
f037_invalid        =  0.00000e+00
f037_timeout        =  0.00000e+00
f037_sampled        =  1.45157e+00
f037_input          =  1.45322e+00
f037_tcomplete      =  1.88755e-05
f038_d7             =  3.30000e+00
f038_d6             =  3.30000e+00
f038_d5             =  3.30000e+00
f038_d4             =  4.08882e-312
f038_d3             =  5.14975e-297
f038_d2             =  3.30000e+00
f038_d1             =  3.30000e+00
f038_d0             =  5.14975e-297
f038_complete       =  3.30000e+00
f038_invalid        =  0.00000e+00
f038_timeout        =  0.00000e+00
f038_sampled        =  1.35566e+00
f038_input          =  1.35911e+00
f038_tcomplete      =  1.93755e-05
f039_d7             =  3.30000e+00
f039_d6             =  5.15200e-297
f039_d5             =  3.30000e+00
f039_d4             =  3.30000e+00
f039_d3             =  4.08882e-312
f039_d2             =  5.15200e-297
f039_d1             =  5.15200e-297
f039_d0             =  4.08882e-312
f039_complete       =  3.30000e+00
f039_invalid        =  0.00000e+00
f039_timeout        =  0.00000e+00
f039_sampled        =  6.45750e-01
f039_input          =  6.48012e-01
f039_tcomplete      =  1.98755e-05
f040_d7             =  4.50716e-297
f040_d6             =  3.30000e+00
f040_d5             =  3.30000e+00
f040_d4             =  4.50716e-297
f040_d3             =  4.08882e-312
f040_d2             =  3.30000e+00
f040_d1             =  4.08882e-312
f040_d0             =  4.08882e-312
f040_complete       =  3.30000e+00
f040_invalid        =  0.00000e+00
f040_timeout        =  0.00000e+00
f040_sampled        =  -3.59039e-01
f040_input          =  -3.57262e-01
f040_tcomplete      =  2.03755e-05
f041_d7             =  4.08882e-312
f041_d6             =  5.16636e-297
f041_d5             =  3.30000e+00
f041_d4             =  4.08882e-312
f041_d3             =  4.08882e-312
f041_d2             =  3.30000e+00
f041_d1             =  4.08882e-312
f041_d0             =  3.30000e+00
f041_complete       =  3.30000e+00
f041_invalid        =  0.00000e+00
f041_timeout        =  0.00000e+00
f041_sampled        =  -1.20072e+00
f041_input          =  -1.20054e+00
f041_tcomplete      =  2.08755e-05
f042_d7             =  4.08882e-312
f042_d6             =  4.08882e-312
f042_d5             =  5.18606e-297
f042_d4             =  4.08882e-312
f042_d3             =  3.30000e+00
f042_d2             =  3.30000e+00
f042_d1             =  3.30000e+00
f042_d0             =  5.18606e-297
f042_complete       =  3.30000e+00
f042_invalid        =  0.00000e+00
f042_timeout        =  0.00000e+00
f042_sampled        =  -1.49929e+00
f042_input          =  -1.49859e+00
f042_tcomplete      =  2.13755e-05
f043_d7             =  4.08882e-312
f043_d6             =  4.08882e-312
f043_d5             =  3.30000e+00
f043_d4             =  4.08882e-312
f043_d3             =  3.30000e+00
f043_d2             =  5.16639e-297
f043_d1             =  3.30000e+00
f043_d0             =  3.30000e+00
f043_complete       =  3.30000e+00
f043_invalid        =  0.00000e+00
f043_timeout        =  0.00000e+00
f043_sampled        =  -1.11922e+00
f043_input          =  -1.11642e+00
f043_tcomplete      =  2.18755e-05
f044_d7             =  4.08882e-312
f044_d6             =  3.30000e+00
f044_d5             =  3.30000e+00
f044_d4             =  4.08882e-312
f044_d3             =  3.30000e+00
f044_d2             =  3.30000e+00
f044_d1             =  3.30000e+00
f044_d0             =  5.22430e-297
f044_complete       =  3.30000e+00
f044_invalid        =  0.00000e+00
f044_timeout        =  0.00000e+00
f044_sampled        =  -2.25000e-01
f044_input          =  -2.27375e-01
f044_tcomplete      =  2.23755e-05
f045_d7             =  3.30000e+00
f045_d6             =  5.16579e-297
f045_d5             =  3.30000e+00
f045_d4             =  3.30000e+00
f045_d3             =  3.30000e+00
f045_d2             =  5.16579e-297
f045_d1             =  5.16579e-297
f045_d0             =  3.30000e+00
f045_complete       =  3.30000e+00
f045_invalid        =  0.00000e+00
f045_timeout        =  0.00000e+00
f045_sampled        =  7.66561e-01
f045_input          =  7.64852e-01
f045_tcomplete      =  2.28755e-05
f046_d7             =  3.30000e+00
f046_d6             =  3.30000e+00
f046_d5             =  3.30000e+00
f046_d4             =  5.29712e-297
f046_d3             =  3.30000e+00
f046_d2             =  4.08882e-312
f046_d1             =  4.08882e-312
f046_d0             =  3.30000e+00
f046_complete       =  3.30000e+00
f046_invalid        =  0.00000e+00
f046_timeout        =  0.00000e+00
f046_sampled        =  1.40879e+00
f046_input          =  1.40990e+00
f046_tcomplete      =  2.33755e-05
f047_d7             =  3.30000e+00
f047_d6             =  3.30000e+00
f047_d5             =  3.30000e+00
f047_d4             =  4.08882e-312
f047_d3             =  3.30000e+00
f047_d2             =  4.08882e-312
f047_d1             =  3.30000e+00
f047_d0             =  4.50869e-297
f047_complete       =  3.30000e+00
f047_invalid        =  0.00000e+00
f047_timeout        =  0.00000e+00
f047_sampled        =  1.41427e+00
f047_input          =  1.41485e+00
f047_tcomplete      =  2.38755e-05
f048_d7             =  3.30000e+00
f048_d6             =  5.18175e-297
f048_d5             =  3.30000e+00
f048_d4             =  3.30000e+00
f048_d3             =  3.30000e+00
f048_d2             =  4.08882e-312
f048_d1             =  3.30000e+00
f048_d0             =  4.08882e-312
f048_complete       =  3.30000e+00
f048_invalid        =  0.00000e+00
f048_timeout        =  0.00000e+00
f048_sampled        =  7.78306e-01
f048_input          =  7.77460e-01
f048_tcomplete      =  2.43755e-05
f049_d7             =  4.44173e-297
f049_d6             =  3.30000e+00
f049_d5             =  3.30000e+00
f049_d4             =  4.44173e-297
f049_d3             =  3.30000e+00
f049_d2             =  3.30000e+00
f049_d1             =  3.30000e+00
f049_d0             =  3.30000e+00
f049_complete       =  3.30000e+00
f049_invalid        =  0.00000e+00
f049_timeout        =  0.00000e+00
f049_sampled        =  -2.12974e-01
f049_input          =  -2.12867e-01
f049_tcomplete      =  2.48755e-05
f050_d7             =  4.08882e-312
f050_d6             =  5.37660e-297
f050_d5             =  3.30000e+00
f050_d4             =  4.08882e-312
f050_d3             =  3.30000e+00
f050_d2             =  3.30000e+00
f050_d1             =  5.37660e-297
f050_d0             =  5.37660e-297
f050_complete       =  3.30000e+00
f050_invalid        =  0.00000e+00
f050_timeout        =  0.00000e+00
f050_sampled        =  -1.10521e+00
f050_input          =  -1.10643e+00
f050_tcomplete      =  2.53755e-05
f051_d7             =  4.08882e-312
f051_d6             =  4.08882e-312
f051_d5             =  5.23211e-297
f051_d4             =  4.08882e-312
f051_d3             =  3.30000e+00
f051_d2             =  3.30000e+00
f051_d1             =  3.30000e+00
f051_d0             =  4.08882e-312
f051_complete       =  3.30000e+00
f051_invalid        =  0.00000e+00
f051_timeout        =  0.00000e+00
f051_sampled        =  -1.49767e+00
f051_input          =  -1.49791e+00
f051_tcomplete      =  2.58755e-05
f052_d7             =  4.08882e-312
f052_d6             =  4.08882e-312
f052_d5             =  3.30000e+00
f052_d4             =  4.08882e-312
f052_d3             =  5.21052e-297
f052_d2             =  3.30000e+00
f052_d1             =  5.21052e-297
f052_d0             =  4.08882e-312
f052_complete       =  3.30000e+00
f052_invalid        =  0.00000e+00
f052_timeout        =  0.00000e+00
f052_sampled        =  -1.20960e+00
f052_input          =  -1.20923e+00
f052_tcomplete      =  2.63755e-05
f053_d7             =  4.08882e-312
f053_d6             =  3.30000e+00
f053_d5             =  3.30000e+00
f053_d4             =  4.08882e-312
f053_d3             =  4.08882e-312
f053_d2             =  4.54949e-297
f053_d1             =  3.30000e+00
f053_d0             =  3.30000e+00
f053_complete       =  3.30000e+00
f053_invalid        =  0.00000e+00
f053_timeout        =  0.00000e+00
f053_sampled        =  -3.70250e-01
f053_input          =  -3.71696e-01
f053_tcomplete      =  2.68755e-05
f054_d7             =  3.30000e+00
f054_d6             =  5.21416e-297
f054_d5             =  3.30000e+00
f054_d4             =  4.08882e-312
f054_d3             =  3.30000e+00
f054_d2             =  3.30000e+00
f054_d1             =  3.30000e+00
f054_d0             =  3.30000e+00
f054_complete       =  3.30000e+00
f054_invalid        =  0.00000e+00
f054_timeout        =  0.00000e+00
f054_sampled        =  6.33679e-01
f054_input          =  6.34619e-01
f054_tcomplete      =  2.73755e-05
f055_d7             =  3.30000e+00
f055_d6             =  3.30000e+00
f055_d5             =  3.30000e+00
f055_d4             =  4.08882e-312
f055_d3             =  5.11161e-297
f055_d2             =  3.30000e+00
f055_d1             =  5.11161e-297
f055_d0             =  3.30000e+00
f055_complete       =  3.30000e+00
f055_invalid        =  0.00000e+00
f055_timeout        =  0.00000e+00
f055_sampled        =  1.35192e+00
f055_input          =  1.35288e+00
f055_tcomplete      =  2.78755e-05
f056_d7             =  3.30000e+00
f056_d6             =  3.30000e+00
f056_d5             =  3.30000e+00
f056_d4             =  4.08882e-312
f056_d3             =  3.30000e+00
f056_d2             =  3.30000e+00
f056_d1             =  4.08882e-312
f056_d0             =  3.30000e+00
f056_complete       =  3.30000e+00
f056_invalid        =  0.00000e+00
f056_timeout        =  0.00000e+00
f056_sampled        =  1.45706e+00
f056_input          =  1.45689e+00
f056_tcomplete      =  2.83755e-05
f057_d7             =  3.30000e+00
f057_d6             =  3.30000e+00
f057_d5             =  4.79604e-297
f057_d4             =  4.08882e-312
f057_d3             =  4.79604e-297
f057_d2             =  4.79604e-297
f057_d1             =  3.30000e+00
f057_d0             =  3.30000e+00
f057_complete       =  3.30000e+00
f057_invalid        =  0.00000e+00
f057_timeout        =  0.00000e+00
f057_sampled        =  8.95220e-01
f057_input          =  8.99479e-01
f057_tcomplete      =  2.88755e-05
f058_d7             =  5.05844e-297
f058_d6             =  3.30000e+00
f058_d5             =  3.30000e+00
f058_d4             =  3.30000e+00
f058_d3             =  3.30000e+00
f058_d2             =  4.08882e-312
f058_d1             =  3.30000e+00
f058_d0             =  5.05844e-297
f058_complete       =  3.30000e+00
f058_invalid        =  0.00000e+00
f058_timeout        =  0.00000e+00
f058_sampled        =  -6.85925e-02
f058_input          =  -6.63061e-02
f058_tcomplete      =  2.93755e-05
f059_d7             =  4.08882e-312
f059_d6             =  5.21607e-297
f059_d5             =  3.30000e+00
f059_d4             =  3.30000e+00
f059_d3             =  5.21607e-297
f059_d2             =  3.30000e+00
f059_d1             =  5.21607e-297
f059_d0             =  4.08882e-312
f059_complete       =  3.30000e+00
f059_invalid        =  0.00000e+00
f059_timeout        =  0.00000e+00
f059_sampled        =  -1.00324e+00
f059_input          =  -1.00182e+00
f059_tcomplete      =  2.98755e-05
f060_d7             =  4.08882e-312
f060_d6             =  4.08882e-312
f060_d5             =  4.42797e-297
f060_d4             =  4.42797e-297
f060_d3             =  3.30000e+00
f060_d2             =  3.30000e+00
f060_d1             =  3.30000e+00
f060_d0             =  3.30000e+00
f060_complete       =  3.30000e+00
f060_invalid        =  0.00000e+00
f060_timeout        =  0.00000e+00
f060_sampled        =  -1.48130e+00
f060_input          =  -1.48258e+00
f060_tcomplete      =  3.03755e-05
f061_d7             =  4.08882e-312
f061_d6             =  4.08882e-312
f061_d5             =  4.08882e-312
f061_d4             =  3.30000e+00
f061_d3             =  3.30000e+00
f061_d2             =  3.30000e+00
f061_d1             =  3.30000e+00
f061_d0             =  5.01672e-297
f061_complete       =  3.30000e+00
f061_invalid        =  0.00000e+00
f061_timeout        =  0.00000e+00
f061_sampled        =  -1.29298e+00
f061_input          =  -1.29031e+00
f061_tcomplete      =  3.08755e-05
f062_d7             =  4.08882e-312
f062_d6             =  3.30000e+00
f062_d5             =  4.08882e-312
f062_d4             =  3.30000e+00
f062_d3             =  3.30000e+00
f062_d2             =  4.46206e-297
f062_d1             =  4.46206e-297
f062_d0             =  3.30000e+00
f062_complete       =  3.30000e+00
f062_invalid        =  0.00000e+00
f062_timeout        =  0.00000e+00
f062_sampled        =  -5.11440e-01
f062_input          =  -5.12286e-01
f062_tcomplete      =  3.13755e-05
f063_d7             =  3.30000e+00
f063_d6             =  5.32288e-297
f063_d5             =  3.30000e+00
f063_d4             =  5.32288e-297
f063_d3             =  5.32288e-297
f063_d2             =  3.30000e+00
f063_d1             =  4.08882e-312
f063_d0             =  3.30000e+00
f063_complete       =  3.30000e+00
f063_invalid        =  0.00000e+00
f063_timeout        =  0.00000e+00
f063_sampled        =  4.98918e-01
f063_input          =  4.98376e-01
f063_tcomplete      =  3.18755e-05
f064_d7             =  3.30000e+00
f064_d6             =  3.30000e+00
f064_d5             =  3.30000e+00
f064_d4             =  4.08882e-312
f064_d3             =  4.08882e-312
f064_d2             =  5.00381e-297
f064_d1             =  4.08882e-312
f064_d0             =  5.00381e-297
f064_complete       =  3.30000e+00
f064_invalid        =  0.00000e+00
f064_timeout        =  0.00000e+00
f064_sampled        =  1.28308e+00
f064_input          =  1.28293e+00
f064_tcomplete      =  3.23755e-05
f065_d7             =  3.30000e+00
f065_d6             =  3.30000e+00
f065_d5             =  3.30000e+00
f065_d4             =  4.08882e-312
f065_d3             =  3.30000e+00
f065_d2             =  3.30000e+00
f065_d1             =  3.30000e+00
f065_d0             =  3.30000e+00
f065_complete       =  3.30000e+00
f065_invalid        =  0.00000e+00
f065_timeout        =  0.00000e+00
f065_sampled        =  1.48680e+00
f065_input          =  1.48487e+00
f065_tcomplete      =  3.28755e-05
f066_d7             =  3.30000e+00
f066_d6             =  3.30000e+00
f066_d5             =  5.44809e-297
f066_d4             =  4.08882e-312
f066_d3             =  3.30000e+00
f066_d2             =  3.30000e+00
f066_d1             =  5.44809e-297
f066_d0             =  5.44809e-297
f066_complete       =  3.30000e+00
f066_invalid        =  0.00000e+00
f066_timeout        =  0.00000e+00
f066_sampled        =  1.01221e+00
f066_input          =  1.01271e+00
f066_tcomplete      =  3.33755e-05
f067_d7             =  3.30000e+00
f067_d6             =  5.04942e-297
f067_d5             =  4.08882e-312
f067_d4             =  4.08882e-312
f067_d3             =  5.04942e-297
f067_d2             =  3.30000e+00
f067_d1             =  4.08882e-312
f067_d0             =  3.30000e+00
f067_complete       =  3.30000e+00
f067_invalid        =  0.00000e+00
f067_timeout        =  0.00000e+00
f067_sampled        =  7.99799e-02
f067_input          =  8.10810e-02
f067_tcomplete      =  3.38755e-05
p_f000_cmp7_p0      =  -2.79125e-06
p_f000_cmp7_n0      =  -2.96741e-06
p_f000_cmp7_p5      =  3.30000e+00
p_f000_cmp7_n5      =  -1.75597e-06
p_f000_cmp6_p0      =  -8.22379e-06
p_f000_cmp6_n0      =  -8.19409e-06
p_f000_cmp6_p5      =  3.30000e+00
p_f000_cmp6_n5      =  -2.00159e-06
p_f000_cmp5_p0      =  -2.87663e-06
p_f000_cmp5_n0      =  -3.05576e-06
p_f000_cmp5_p5      =  3.30000e+00
p_f000_cmp5_n5      =  -1.65650e-06
p_f000_cmp4_p0      =  -2.99507e-06
p_f000_cmp4_n0      =  -3.17185e-06
p_f000_cmp4_p5      =  -1.70373e-06
p_f000_cmp4_n5      =  3.30000e+00
p_f000_cmp3_p0      =  -8.16268e-06
p_f000_cmp3_n0      =  -8.15360e-06
p_f000_cmp3_p5      =  -2.01415e-06
p_f000_cmp3_n5      =  3.30000e+00
p_f000_cmp2_p0      =  -8.16270e-06
p_f000_cmp2_n0      =  -8.15221e-06
p_f000_cmp2_p5      =  -2.01193e-06
p_f000_cmp2_n5      =  3.30000e+00
p_f000_cmp1_p0      =  -2.86401e-06
p_f000_cmp1_n0      =  -3.04217e-06
p_f000_cmp1_p5      =  -1.69323e-06
p_f000_cmp1_n5      =  3.30000e+00
p_f000_cmp0_p0      =  -8.20869e-06
p_f000_cmp0_n0      =  -8.18607e-06
p_f000_cmp0_p5      =  -2.00686e-06
p_f000_cmp0_n5      =  3.30000e+00
p_f000_dctrl7_p     =  3.30001e+00
p_f000_dctrl7_n     =  3.45967e-01
p_f000_dctrl6_p     =  3.26650e+00
p_f000_dctrl6_n     =  3.26409e-06
p_f000_dctrl5_p     =  3.29964e+00
p_f000_dctrl5_n     =  -1.63575e-06
p_f000_dctrl4_p     =  -1.19598e-07
p_f000_dctrl4_n     =  3.29999e+00
p_f000_dctrl3_p     =  -2.61625e-08
p_f000_dctrl3_n     =  3.30000e+00
p_f000_dctrl2_p     =  -1.31994e-08
p_f000_dctrl2_n     =  3.30000e+00
p_f000_dctrl1_p     =  -6.29994e-09
p_f000_dctrl1_n     =  3.30000e+00
p_f000_do7_drv_470  =  3.30000e+00
p_f000_do7_rx_470   =  3.30000e+00
p_f000_do6_drv_470  =  3.30000e+00
p_f000_do6_rx_470   =  3.30000e+00
p_f000_do5_drv_470  =  3.30000e+00
p_f000_do5_rx_470   =  3.30000e+00
p_f000_do4_drv_470  =  0.00000e+00
p_f000_do4_rx_470   =  0.00000e+00
p_f000_do3_drv_470  =  0.00000e+00
p_f000_do3_rx_470   =  0.00000e+00
p_f000_do2_drv_470  =  0.00000e+00
p_f000_do2_rx_470   =  0.00000e+00
p_f000_do1_drv_470  =  0.00000e+00
p_f000_do1_rx_470   =  0.00000e+00
p_f000_do0_drv_470  =  0.00000e+00
p_f000_do0_rx_470   =  0.00000e+00
p_f000_do7_drv_480  =  3.30000e+00
p_f000_do7_rx_480   =  3.30000e+00
p_f000_do6_drv_480  =  3.30000e+00
p_f000_do6_rx_480   =  3.30000e+00
p_f000_do5_drv_480  =  3.30000e+00
p_f000_do5_rx_480   =  3.30000e+00
p_f000_do4_drv_480  =  0.00000e+00
p_f000_do4_rx_480   =  0.00000e+00
p_f000_do3_drv_480  =  0.00000e+00
p_f000_do3_rx_480   =  0.00000e+00
p_f000_do2_drv_480  =  0.00000e+00
p_f000_do2_rx_480   =  0.00000e+00
p_f000_do1_drv_480  =  0.00000e+00
p_f000_do1_rx_480   =  0.00000e+00
p_f000_do0_drv_480  =  0.00000e+00
p_f000_do0_rx_480   =  0.00000e+00
p_f001_cmp7_p0      =  -2.95189e-06
p_f001_cmp7_n0      =  -3.13775e-06
p_f001_cmp7_p5      =  3.30000e+00
p_f001_cmp7_n5      =  -1.78721e-06
p_f001_cmp6_p0      =  -8.45022e-06
p_f001_cmp6_n0      =  -8.37428e-06
p_f001_cmp6_p5      =  3.30000e+00
p_f001_cmp6_n5      =  -2.02460e-06
p_f001_cmp5_p0      =  -3.10989e-06
p_f001_cmp5_n0      =  -3.29989e-06
p_f001_cmp5_p5      =  3.30000e+00
p_f001_cmp5_n5      =  -1.68727e-06
p_f001_cmp4_p0      =  -3.01964e-06
p_f001_cmp4_n0      =  -3.20807e-06
p_f001_cmp4_p5      =  -1.70756e-06
p_f001_cmp4_n5      =  3.30000e+00
p_f001_cmp3_p0      =  -8.39202e-06
p_f001_cmp3_n0      =  -8.32919e-06
p_f001_cmp3_p5      =  3.30000e+00
p_f001_cmp3_n5      =  -1.98599e-06
p_f001_cmp2_p0      =  -8.39056e-06
p_f001_cmp2_n0      =  -8.32944e-06
p_f001_cmp2_p5      =  3.30000e+00
p_f001_cmp2_n5      =  -1.98141e-06
p_f001_cmp1_p0      =  -3.03248e-06
p_f001_cmp1_n0      =  -3.22103e-06
p_f001_cmp1_p5      =  3.30000e+00
p_f001_cmp1_n5      =  -1.67067e-06
p_f001_cmp0_p0      =  -8.43401e-06
p_f001_cmp0_n0      =  -8.36605e-06
p_f001_cmp0_p5      =  3.30000e+00
p_f001_cmp0_n5      =  -1.97925e-06
p_f001_dctrl7_p     =  3.30001e+00
p_f001_dctrl7_n     =  3.46242e-01
p_f001_dctrl6_p     =  3.26645e+00
p_f001_dctrl6_n     =  3.63583e-06
p_f001_dctrl5_p     =  3.29964e+00
p_f001_dctrl5_n     =  -1.45396e-06
p_f001_dctrl4_p     =  -1.38997e-07
p_f001_dctrl4_n     =  3.29999e+00
p_f001_dctrl3_p     =  3.30000e+00
p_f001_dctrl3_n     =  -2.44652e-08
p_f001_dctrl2_p     =  3.30000e+00
p_f001_dctrl2_n     =  -1.21265e-08
p_f001_dctrl1_p     =  3.30000e+00
p_f001_dctrl1_n     =  -5.95197e-09
p_f001_do7_drv_470  =  3.30000e+00
p_f001_do7_rx_470   =  3.30000e+00
p_f001_do6_drv_470  =  3.30000e+00
p_f001_do6_rx_470   =  3.30000e+00
p_f001_do5_drv_470  =  3.30000e+00
p_f001_do5_rx_470   =  3.30000e+00
p_f001_do4_drv_470  =  0.00000e+00
p_f001_do4_rx_470   =  0.00000e+00
p_f001_do3_drv_470  =  3.30000e+00
p_f001_do3_rx_470   =  3.30000e+00
p_f001_do2_drv_470  =  3.30000e+00
p_f001_do2_rx_470   =  3.30000e+00
p_f001_do1_drv_470  =  3.30000e+00
p_f001_do1_rx_470   =  3.30000e+00
p_f001_do0_drv_470  =  3.30000e+00
p_f001_do0_rx_470   =  3.30000e+00
p_f001_do7_drv_480  =  3.30000e+00
p_f001_do7_rx_480   =  3.30000e+00
p_f001_do6_drv_480  =  3.30000e+00
p_f001_do6_rx_480   =  3.30000e+00
p_f001_do5_drv_480  =  3.30000e+00
p_f001_do5_rx_480   =  3.30000e+00
p_f001_do4_drv_480  =  0.00000e+00
p_f001_do4_rx_480   =  0.00000e+00
p_f001_do3_drv_480  =  3.30000e+00
p_f001_do3_rx_480   =  3.30000e+00
p_f001_do2_drv_480  =  3.30000e+00
p_f001_do2_rx_480   =  3.30000e+00
p_f001_do1_drv_480  =  3.30000e+00
p_f001_do1_rx_480   =  3.30000e+00
p_f001_do0_drv_480  =  3.30000e+00
p_f001_do0_rx_480   =  3.30000e+00
p_f002_cmp7_p0      =  -3.11783e-06
p_f002_cmp7_n0      =  -3.30477e-06
p_f002_cmp7_p5      =  3.30000e+00
p_f002_cmp7_n5      =  -1.77501e-06
p_f002_cmp6_p0      =  -8.53129e-06
p_f002_cmp6_n0      =  -8.43949e-06
p_f002_cmp6_p5      =  3.30000e+00
p_f002_cmp6_n5      =  -2.02378e-06
p_f002_cmp5_p0      =  -3.09452e-06
p_f002_cmp5_n0      =  -3.28577e-06
p_f002_cmp5_p5      =  -1.72839e-06
p_f002_cmp5_n5      =  3.30000e+00
p_f002_cmp4_p0      =  -3.08118e-06
p_f002_cmp4_n0      =  -3.27186e-06
p_f002_cmp4_p5      =  -1.71873e-06
p_f002_cmp4_n5      =  3.30000e+00
p_f002_cmp3_p0      =  -7.62178e-06
p_f002_cmp3_n0      =  -7.49150e-06
p_f002_cmp3_p5      =  3.30000e+00
p_f002_cmp3_n5      =  -1.99714e-06
p_f002_cmp2_p0      =  -8.47874e-06
p_f002_cmp2_n0      =  -8.40211e-06
p_f002_cmp2_p5      =  3.30000e+00
p_f002_cmp2_n5      =  -1.97508e-06
p_f002_cmp1_p0      =  -3.07587e-06
p_f002_cmp1_n0      =  -3.26694e-06
p_f002_cmp1_p5      =  -1.71725e-06
p_f002_cmp1_n5      =  3.30000e+00
p_f002_cmp0_p0      =  -8.52327e-06
p_f002_cmp0_n0      =  -8.43877e-06
p_f002_cmp0_p5      =  -2.03623e-06
p_f002_cmp0_n5      =  3.30000e+00
p_f002_dctrl7_p     =  3.30001e+00
p_f002_dctrl7_n     =  3.46350e-01
p_f002_dctrl6_p     =  3.26643e+00
p_f002_dctrl6_n     =  2.63591e-06
p_f002_dctrl5_p     =  -1.01113e-06
p_f002_dctrl5_n     =  3.29964e+00
p_f002_dctrl4_p     =  -1.35444e-07
p_f002_dctrl4_n     =  3.29999e+00
p_f002_dctrl3_p     =  3.30000e+00
p_f002_dctrl3_n     =  -2.68175e-08
p_f002_dctrl2_p     =  3.30000e+00
p_f002_dctrl2_n     =  -1.32311e-08
p_f002_dctrl1_p     =  -6.26658e-09
p_f002_dctrl1_n     =  3.30000e+00
p_f002_do7_drv_470  =  3.30000e+00
p_f002_do7_rx_470   =  3.30000e+00
p_f002_do6_drv_470  =  3.30000e+00
p_f002_do6_rx_470   =  3.30000e+00
p_f002_do5_drv_470  =  0.00000e+00
p_f002_do5_rx_470   =  1.55176e-268
p_f002_do4_drv_470  =  0.00000e+00
p_f002_do4_rx_470   =  0.00000e+00
p_f002_do3_drv_470  =  3.30000e+00
p_f002_do3_rx_470   =  3.30000e+00
p_f002_do2_drv_470  =  3.30000e+00
p_f002_do2_rx_470   =  3.30000e+00
p_f002_do1_drv_470  =  0.00000e+00
p_f002_do1_rx_470   =  1.55176e-268
p_f002_do0_drv_470  =  0.00000e+00
p_f002_do0_rx_470   =  1.55176e-268
p_f002_do7_drv_480  =  3.30000e+00
p_f002_do7_rx_480   =  3.30000e+00
p_f002_do6_drv_480  =  3.30000e+00
p_f002_do6_rx_480   =  3.30000e+00
p_f002_do5_drv_480  =  0.00000e+00
p_f002_do5_rx_480   =  5.44806e-297
p_f002_do4_drv_480  =  0.00000e+00
p_f002_do4_rx_480   =  0.00000e+00
p_f002_do3_drv_480  =  3.30000e+00
p_f002_do3_rx_480   =  3.30000e+00
p_f002_do2_drv_480  =  3.30000e+00
p_f002_do2_rx_480   =  3.30000e+00
p_f002_do1_drv_480  =  0.00000e+00
p_f002_do1_rx_480   =  5.44806e-297
p_f002_do0_drv_480  =  0.00000e+00
p_f002_do0_rx_480   =  5.44806e-297
p_f003_cmp7_p0      =  -2.85237e-06
p_f003_cmp7_n0      =  -3.03330e-06
p_f003_cmp7_p5      =  3.30000e+00
p_f003_cmp7_n5      =  -1.74889e-06
p_f003_cmp6_p0      =  -8.35354e-06
p_f003_cmp6_n0      =  -8.31381e-06
p_f003_cmp6_p5      =  -2.06918e-06
p_f003_cmp6_n5      =  3.30000e+00
p_f003_cmp5_p0      =  -2.97952e-06
p_f003_cmp5_n0      =  -3.16355e-06
p_f003_cmp5_p5      =  -1.71476e-06
p_f003_cmp5_n5      =  3.30000e+00
p_f003_cmp4_p0      =  -2.96314e-06
p_f003_cmp4_n0      =  -3.14640e-06
p_f003_cmp4_p5      =  -1.70933e-06
p_f003_cmp4_n5      =  3.30000e+00
p_f003_cmp3_p0      =  -8.29770e-06
p_f003_cmp3_n0      =  -8.25927e-06
p_f003_cmp3_p5      =  -2.02115e-06
p_f003_cmp3_n5      =  3.30000e+00
p_f003_cmp2_p0      =  -8.00593e-06
p_f003_cmp2_n0      =  -7.94658e-06
p_f003_cmp2_p5      =  3.30000e+00
p_f003_cmp2_n5      =  -1.97506e-06
p_f003_cmp1_p0      =  -2.95426e-06
p_f003_cmp1_n0      =  -3.13891e-06
p_f003_cmp1_p5      =  -1.69619e-06
p_f003_cmp1_n5      =  3.30000e+00
p_f003_cmp0_p0      =  -8.81695e-06
p_f003_cmp0_n0      =  -8.79939e-06
p_f003_cmp0_p5      =  3.30000e+00
p_f003_cmp0_n5      =  -1.96906e-06
p_f003_dctrl7_p     =  3.30001e+00
p_f003_dctrl7_n     =  3.46125e-01
p_f003_dctrl6_p     =  3.07688e-05
p_f003_dctrl6_n     =  3.26643e+00
p_f003_dctrl5_p     =  -1.09766e-06
p_f003_dctrl5_n     =  3.29964e+00
p_f003_dctrl4_p     =  -1.22960e-07
p_f003_dctrl4_n     =  3.29999e+00
p_f003_dctrl3_p     =  -2.81154e-08
p_f003_dctrl3_n     =  3.30000e+00
p_f003_dctrl2_p     =  3.30000e+00
p_f003_dctrl2_n     =  -1.29144e-08
p_f003_dctrl1_p     =  -6.37476e-09
p_f003_dctrl1_n     =  3.30000e+00
p_f003_do7_drv_470  =  3.30000e+00
p_f003_do7_rx_470   =  3.30000e+00
p_f003_do6_drv_470  =  0.00000e+00
p_f003_do6_rx_470   =  1.43828e-268
p_f003_do5_drv_470  =  0.00000e+00
p_f003_do5_rx_470   =  4.08882e-312
p_f003_do4_drv_470  =  0.00000e+00
p_f003_do4_rx_470   =  0.00000e+00
p_f003_do3_drv_470  =  0.00000e+00
p_f003_do3_rx_470   =  1.43828e-268
p_f003_do2_drv_470  =  3.30000e+00
p_f003_do2_rx_470   =  3.30000e+00
p_f003_do1_drv_470  =  0.00000e+00
p_f003_do1_rx_470   =  4.08882e-312
p_f003_do0_drv_470  =  3.30000e+00
p_f003_do0_rx_470   =  3.30000e+00
p_f003_do7_drv_480  =  3.30000e+00
p_f003_do7_rx_480   =  3.30000e+00
p_f003_do6_drv_480  =  0.00000e+00
p_f003_do6_rx_480   =  5.04961e-297
p_f003_do5_drv_480  =  0.00000e+00
p_f003_do5_rx_480   =  4.08882e-312
p_f003_do4_drv_480  =  0.00000e+00
p_f003_do4_rx_480   =  0.00000e+00
p_f003_do3_drv_480  =  0.00000e+00
p_f003_do3_rx_480   =  5.04961e-297
p_f003_do2_drv_480  =  3.30000e+00
p_f003_do2_rx_480   =  3.30000e+00
p_f003_do1_drv_480  =  0.00000e+00
p_f003_do1_rx_480   =  4.08882e-312
p_f003_do0_drv_480  =  3.30000e+00
p_f003_do0_rx_480   =  3.30000e+00
p_f064_cmp7_p0      =  -2.91254e-06
p_f064_cmp7_n0      =  -3.09609e-06
p_f064_cmp7_p5      =  3.30000e+00
p_f064_cmp7_n5      =  -1.76976e-06
p_f064_cmp6_p0      =  -8.40289e-06
p_f064_cmp6_n0      =  -8.33645e-06
p_f064_cmp6_p5      =  3.30000e+00
p_f064_cmp6_n5      =  -2.01671e-06
p_f064_cmp5_p0      =  -2.78658e-06
p_f064_cmp5_n0      =  -2.96030e-06
p_f064_cmp5_p5      =  3.30000e+00
p_f064_cmp5_n5      =  -1.64963e-06
p_f064_cmp4_p0      =  -3.10439e-06
p_f064_cmp4_n0      =  -3.29337e-06
p_f064_cmp4_p5      =  -1.71889e-06
p_f064_cmp4_n5      =  3.30000e+00
p_f064_cmp3_p0      =  -7.98316e-06
p_f064_cmp3_n0      =  -8.00965e-06
p_f064_cmp3_p5      =  -1.99957e-06
p_f064_cmp3_n5      =  3.30000e+00
p_f064_cmp2_p0      =  -8.34241e-06
p_f064_cmp2_n0      =  -8.29635e-06
p_f064_cmp2_p5      =  -2.02750e-06
p_f064_cmp2_n5      =  3.30000e+00
p_f064_cmp1_p0      =  -2.83376e-06
p_f064_cmp1_n0      =  -3.01007e-06
p_f064_cmp1_p5      =  -1.69000e-06
p_f064_cmp1_n5      =  3.30000e+00
p_f064_cmp0_p0      =  -7.98375e-06
p_f064_cmp0_n0      =  -8.00585e-06
p_f064_cmp0_p5      =  -1.98761e-06
p_f064_cmp0_n5      =  3.30000e+00
p_f064_dctrl7_p     =  3.30001e+00
p_f064_dctrl7_n     =  3.45967e-01
p_f064_dctrl6_p     =  3.26647e+00
p_f064_dctrl6_n     =  3.27359e-06
p_f064_dctrl5_p     =  3.29964e+00
p_f064_dctrl5_n     =  -1.63672e-06
p_f064_dctrl4_p     =  -1.19161e-07
p_f064_dctrl4_n     =  3.29999e+00
p_f064_dctrl3_p     =  -2.61481e-08
p_f064_dctrl3_n     =  3.30000e+00
p_f064_dctrl2_p     =  -1.32312e-08
p_f064_dctrl2_n     =  3.30000e+00
p_f064_dctrl1_p     =  -6.29914e-09
p_f064_dctrl1_n     =  3.30000e+00
p_f064_do7_drv_470  =  3.30000e+00
p_f064_do7_rx_470   =  3.30000e+00
p_f064_do6_drv_470  =  3.30000e+00
p_f064_do6_rx_470   =  3.30000e+00
p_f064_do5_drv_470  =  3.30000e+00
p_f064_do5_rx_470   =  3.30000e+00
p_f064_do4_drv_470  =  0.00000e+00
p_f064_do4_rx_470   =  4.08882e-312
p_f064_do3_drv_470  =  0.00000e+00
p_f064_do3_rx_470   =  4.08882e-312
p_f064_do2_drv_470  =  0.00000e+00
p_f064_do2_rx_470   =  1.42523e-268
p_f064_do1_drv_470  =  0.00000e+00
p_f064_do1_rx_470   =  4.08882e-312
p_f064_do0_drv_470  =  0.00000e+00
p_f064_do0_rx_470   =  1.42523e-268
p_f064_do7_drv_480  =  3.30000e+00
p_f064_do7_rx_480   =  3.30000e+00
p_f064_do6_drv_480  =  3.30000e+00
p_f064_do6_rx_480   =  3.30000e+00
p_f064_do5_drv_480  =  3.30000e+00
p_f064_do5_rx_480   =  3.30000e+00
p_f064_do4_drv_480  =  0.00000e+00
p_f064_do4_rx_480   =  4.08882e-312
p_f064_do3_drv_480  =  0.00000e+00
p_f064_do3_rx_480   =  4.08882e-312
p_f064_do2_drv_480  =  0.00000e+00
p_f064_do2_rx_480   =  5.00381e-297
p_f064_do1_drv_480  =  0.00000e+00
p_f064_do1_rx_480   =  4.08882e-312
p_f064_do0_drv_480  =  0.00000e+00
p_f064_do0_rx_480   =  5.00381e-297
p_f065_cmp7_p0      =  -3.07229e-06
p_f065_cmp7_n0      =  -3.26550e-06
p_f065_cmp7_p5      =  3.30000e+00
p_f065_cmp7_n5      =  -1.80093e-06
p_f065_cmp6_p0      =  -8.62907e-06
p_f065_cmp6_n0      =  -8.51634e-06
p_f065_cmp6_p5      =  3.30000e+00
p_f065_cmp6_n5      =  -2.04082e-06
p_f065_cmp5_p0      =  -2.95873e-06
p_f065_cmp5_n0      =  -3.14209e-06
p_f065_cmp5_p5      =  3.30000e+00
p_f065_cmp5_n5      =  -1.67567e-06
p_f065_cmp4_p0      =  -3.14023e-06
p_f065_cmp4_n0      =  -3.33601e-06
p_f065_cmp4_p5      =  -1.72009e-06
p_f065_cmp4_n5      =  3.30000e+00
p_f065_cmp3_p0      =  -8.54823e-06
p_f065_cmp3_n0      =  -8.54467e-06
p_f065_cmp3_p5      =  3.30000e+00
p_f065_cmp3_n5      =  -1.96829e-06
p_f065_cmp2_p0      =  -8.57059e-06
p_f065_cmp2_n0      =  -8.47325e-06
p_f065_cmp2_p5      =  3.30000e+00
p_f065_cmp2_n5      =  -1.99653e-06
p_f065_cmp1_p0      =  -2.96422e-06
p_f065_cmp1_n0      =  -3.15230e-06
p_f065_cmp1_p5      =  3.30000e+00
p_f065_cmp1_n5      =  -1.66499e-06
p_f065_cmp0_p0      =  -8.20902e-06
p_f065_cmp0_n0      =  -8.18590e-06
p_f065_cmp0_p5      =  3.30000e+00
p_f065_cmp0_n5      =  -1.99858e-06
p_f065_dctrl7_p     =  3.30001e+00
p_f065_dctrl7_n     =  3.46242e-01
p_f065_dctrl6_p     =  3.26642e+00
p_f065_dctrl6_n     =  3.63885e-06
p_f065_dctrl5_p     =  3.29964e+00
p_f065_dctrl5_n     =  -1.45327e-06
p_f065_dctrl4_p     =  -1.39075e-07
p_f065_dctrl4_n     =  3.29999e+00
p_f065_dctrl3_p     =  3.30000e+00
p_f065_dctrl3_n     =  -2.44322e-08
p_f065_dctrl2_p     =  3.30000e+00
p_f065_dctrl2_n     =  -1.20424e-08
p_f065_dctrl1_p     =  3.30000e+00
p_f065_dctrl1_n     =  -5.95811e-09
p_f065_do7_drv_470  =  3.30000e+00
p_f065_do7_rx_470   =  3.30000e+00
p_f065_do6_drv_470  =  3.30000e+00
p_f065_do6_rx_470   =  3.30000e+00
p_f065_do5_drv_470  =  3.30000e+00
p_f065_do5_rx_470   =  3.30000e+00
p_f065_do4_drv_470  =  0.00000e+00
p_f065_do4_rx_470   =  4.08882e-312
p_f065_do3_drv_470  =  3.30000e+00
p_f065_do3_rx_470   =  3.30000e+00
p_f065_do2_drv_470  =  3.30000e+00
p_f065_do2_rx_470   =  3.30000e+00
p_f065_do1_drv_470  =  3.30000e+00
p_f065_do1_rx_470   =  3.30000e+00
p_f065_do0_drv_470  =  3.30000e+00
p_f065_do0_rx_470   =  3.30000e+00
p_f065_do7_drv_480  =  3.30000e+00
p_f065_do7_rx_480   =  3.30000e+00
p_f065_do6_drv_480  =  3.30000e+00
p_f065_do6_rx_480   =  3.30000e+00
p_f065_do5_drv_480  =  3.30000e+00
p_f065_do5_rx_480   =  3.30000e+00
p_f065_do4_drv_480  =  0.00000e+00
p_f065_do4_rx_480   =  4.08882e-312
p_f065_do3_drv_480  =  3.30000e+00
p_f065_do3_rx_480   =  3.30000e+00
p_f065_do2_drv_480  =  3.30000e+00
p_f065_do2_rx_480   =  3.30000e+00
p_f065_do1_drv_480  =  3.30000e+00
p_f065_do1_rx_480   =  3.30000e+00
p_f065_do0_drv_480  =  3.30000e+00
p_f065_do0_rx_480   =  3.30000e+00
p_f066_cmp7_p0      =  -3.40646e-06
p_f066_cmp7_n0      =  -3.59786e-06
p_f066_cmp7_p5      =  3.30000e+00
p_f066_cmp7_n5      =  -1.79092e-06
p_f066_cmp6_p0      =  -8.71041e-06
p_f066_cmp6_n0      =  -8.58207e-06
p_f066_cmp6_p5      =  3.30000e+00
p_f066_cmp6_n5      =  -2.03917e-06
p_f066_cmp5_p0      =  -3.00493e-06
p_f066_cmp5_n0      =  -3.19067e-06
p_f066_cmp5_p5      =  -1.71972e-06
p_f066_cmp5_n5      =  3.30000e+00
p_f066_cmp4_p0      =  -3.20179e-06
p_f066_cmp4_n0      =  -3.39985e-06
p_f066_cmp4_p5      =  -1.73285e-06
p_f066_cmp4_n5      =  3.30000e+00
p_f066_cmp3_p0      =  -8.30056e-06
p_f066_cmp3_n0      =  -8.25735e-06
p_f066_cmp3_p5      =  3.30000e+00
p_f066_cmp3_n5      =  -1.97609e-06
p_f066_cmp2_p0      =  -8.65862e-06
p_f066_cmp2_n0      =  -8.54614e-06
p_f066_cmp2_p5      =  3.30000e+00
p_f066_cmp2_n5      =  -1.99208e-06
p_f066_cmp1_p0      =  -3.04563e-06
p_f066_cmp1_n0      =  -3.23485e-06
p_f066_cmp1_p5      =  -1.71398e-06
p_f066_cmp1_n5      =  3.30000e+00
p_f066_cmp0_p0      =  -8.29830e-06
p_f066_cmp0_n0      =  -8.25863e-06
p_f066_cmp0_p5      =  -2.01673e-06
p_f066_cmp0_n5      =  3.30000e+00
p_f066_dctrl7_p     =  3.30001e+00
p_f066_dctrl7_n     =  3.46350e-01
p_f066_dctrl6_p     =  3.26640e+00
p_f066_dctrl6_n     =  2.63570e-06
p_f066_dctrl5_p     =  -1.01000e-06
p_f066_dctrl5_n     =  3.29964e+00
p_f066_dctrl4_p     =  -1.35369e-07
p_f066_dctrl4_n     =  3.29999e+00
p_f066_dctrl3_p     =  3.30000e+00
p_f066_dctrl3_n     =  -2.67859e-08
p_f066_dctrl2_p     =  3.30000e+00
p_f066_dctrl2_n     =  -1.32027e-08
p_f066_dctrl1_p     =  -6.26047e-09
p_f066_dctrl1_n     =  3.30000e+00
p_f066_do7_drv_470  =  3.30000e+00
p_f066_do7_rx_470   =  3.30000e+00
p_f066_do6_drv_470  =  3.30000e+00
p_f066_do6_rx_470   =  3.30000e+00
p_f066_do5_drv_470  =  0.00000e+00
p_f066_do5_rx_470   =  1.55177e-268
p_f066_do4_drv_470  =  0.00000e+00
p_f066_do4_rx_470   =  4.08882e-312
p_f066_do3_drv_470  =  3.30000e+00
p_f066_do3_rx_470   =  3.30000e+00
p_f066_do2_drv_470  =  3.30000e+00
p_f066_do2_rx_470   =  3.30000e+00
p_f066_do1_drv_470  =  0.00000e+00
p_f066_do1_rx_470   =  1.55177e-268
p_f066_do0_drv_470  =  0.00000e+00
p_f066_do0_rx_470   =  1.55177e-268
p_f066_do7_drv_480  =  3.30000e+00
p_f066_do7_rx_480   =  3.30000e+00
p_f066_do6_drv_480  =  3.30000e+00
p_f066_do6_rx_480   =  3.30000e+00
p_f066_do5_drv_480  =  0.00000e+00
p_f066_do5_rx_480   =  5.44809e-297
p_f066_do4_drv_480  =  0.00000e+00
p_f066_do4_rx_480   =  4.08882e-312
p_f066_do3_drv_480  =  3.30000e+00
p_f066_do3_rx_480   =  3.30000e+00
p_f066_do2_drv_480  =  3.30000e+00
p_f066_do2_rx_480   =  3.30000e+00
p_f066_do1_drv_480  =  0.00000e+00
p_f066_do1_rx_480   =  5.44809e-297
p_f066_do0_drv_480  =  0.00000e+00
p_f066_do0_rx_480   =  5.44809e-297
p_f067_cmp7_p0      =  -2.97546e-06
p_f067_cmp7_n0      =  -3.16383e-06
p_f067_cmp7_p5      =  3.30000e+00
p_f067_cmp7_n5      =  -1.76181e-06
p_f067_cmp6_p0      =  -8.53145e-06
p_f067_cmp6_n0      =  -8.45655e-06
p_f067_cmp6_p5      =  -2.08593e-06
p_f067_cmp6_n5      =  3.30000e+00
p_f067_cmp5_p0      =  -2.88996e-06
p_f067_cmp5_n0      =  -3.06847e-06
p_f067_cmp5_p5      =  -1.70585e-06
p_f067_cmp5_n5      =  3.30000e+00
p_f067_cmp4_p0      =  -3.08354e-06
p_f067_cmp4_n0      =  -3.27415e-06
p_f067_cmp4_p5      =  -1.72202e-06
p_f067_cmp4_n5      =  3.30000e+00
p_f067_cmp3_p0      =  -8.11792e-06
p_f067_cmp3_n0      =  -8.11524e-06
p_f067_cmp3_p5      =  -2.00638e-06
p_f067_cmp3_n5      =  3.30000e+00
p_f067_cmp2_p0      =  -7.88836e-06
p_f067_cmp2_n0      =  -7.81393e-06
p_f067_cmp2_p5      =  3.30000e+00
p_f067_cmp2_n5      =  -1.99247e-06
p_f067_cmp1_p0      =  -2.92401e-06
p_f067_cmp1_n0      =  -3.10682e-06
p_f067_cmp1_p5      =  -1.68907e-06
p_f067_cmp1_n5      =  3.30000e+00
p_f067_cmp0_p0      =  -8.01135e-06
p_f067_cmp0_n0      =  -8.00069e-06
p_f067_cmp0_p5      =  3.30000e+00
p_f067_cmp0_n5      =  -1.95411e-06
p_f067_dctrl7_p     =  3.30001e+00
p_f067_dctrl7_n     =  3.46125e-01
p_f067_dctrl6_p     =  3.07945e-05
p_f067_dctrl6_n     =  3.26640e+00
p_f067_dctrl5_p     =  -1.09823e-06
p_f067_dctrl5_n     =  3.29964e+00
p_f067_dctrl4_p     =  -1.23327e-07
p_f067_dctrl4_n     =  3.29999e+00
p_f067_dctrl3_p     =  -2.82718e-08
p_f067_dctrl3_n     =  3.30000e+00
p_f067_dctrl2_p     =  3.30000e+00
p_f067_dctrl2_n     =  -1.28629e-08
p_f067_dctrl1_p     =  -6.38131e-09
p_f067_dctrl1_n     =  3.30000e+00
p_f067_do7_drv_470  =  3.30000e+00
p_f067_do7_rx_470   =  3.30000e+00
p_f067_do6_drv_470  =  0.00000e+00
p_f067_do6_rx_470   =  1.43822e-268
p_f067_do5_drv_470  =  0.00000e+00
p_f067_do5_rx_470   =  4.08882e-312
p_f067_do4_drv_470  =  0.00000e+00
p_f067_do4_rx_470   =  4.08882e-312
p_f067_do3_drv_470  =  0.00000e+00
p_f067_do3_rx_470   =  1.43822e-268
p_f067_do2_drv_470  =  3.30000e+00
p_f067_do2_rx_470   =  3.30000e+00
p_f067_do1_drv_470  =  0.00000e+00
p_f067_do1_rx_470   =  4.08882e-312
p_f067_do0_drv_470  =  3.30000e+00
p_f067_do0_rx_470   =  3.30000e+00
p_f067_do7_drv_480  =  3.30000e+00
p_f067_do7_rx_480   =  3.30000e+00
p_f067_do6_drv_480  =  0.00000e+00
p_f067_do6_rx_480   =  5.04942e-297
p_f067_do5_drv_480  =  0.00000e+00
p_f067_do5_rx_480   =  4.08882e-312
p_f067_do4_drv_480  =  0.00000e+00
p_f067_do4_rx_480   =  4.08882e-312
p_f067_do3_drv_480  =  0.00000e+00
p_f067_do3_rx_480   =  5.04942e-297
p_f067_do2_drv_480  =  3.30000e+00
p_f067_do2_rx_480   =  3.30000e+00
p_f067_do1_drv_480  =  0.00000e+00
p_f067_do1_rx_480   =  4.08882e-312
p_f067_do0_drv_480  =  3.30000e+00
p_f067_do0_rx_480   =  3.30000e+00
ngspice-46 done
