
Note: Compatibility modes selected: hs a

Warning: m=xx on .subckt line will override multiplier m hierarchy!


Circuit: * a44 actual analog core with fixed tt timed behavioral sar control.

Reducing trtol to 1 for xspice 'A' devices
Doing analysis at TEMP = 27.000000 and TNOM = 27.000000

Using SPARSE 1.3 as Direct Linear Solver

Initial Transient Solution
--------------------------

Node                                   Voltage
----                                   -------
vdd                                        3.3
vrefp_src                                  2.5
vrefp                                      2.5
vrefp_cap                                  2.5
vrefn_src                                  0.8
vrefn                                      0.8
vrefn_cap                                  0.8
vinp_src                               2.29139
vinn_src                               1.00861
vinp                                   2.29139
vinn                                   1.00861
clks_src                                     0
clks                                         0
cmp_noise                             0.002372
xcore.xcdacp.vbot1                         2.5
dctrlp1                                      0
xcore.vresp_raw                    0.000351992
xcore.xcdacp.vbot2                         2.5
dctrlp2                                      0
xcore.xcdacp.vbot3                         2.5
dctrlp3                                      0
xcore.xcdacp.vbot4                         2.5
dctrlp4                                      0
xcore.xcdacp.vbot5                         2.5
dctrlp5                                      0
xcore.xcdacp.vbot6                         2.5
dctrlp6                                      0
xcore.xcdacp.vbot7                         2.5
dctrlp7                                      0
xcore.xcdacp.x1.clksb                      3.3
xcore.xcdacp.x1.net2               1.23466e-10
xcore.xcdacp.x1.net1                       3.3
xcore.xcdacp.x1.bottom_gate        6.14382e-09
xcore.xcdacp.x1.net4               3.06378e-09
xcore.xcdacp.x1.net3                       3.3
xcore.xcdacn.vbot1                         2.5
dctrln1                                      0
xcore.vresn_raw                     0.00111482
xcore.xcdacn.vbot2                         2.5
dctrln2                                      0
xcore.xcdacn.vbot3                         2.5
dctrln3                                      0
xcore.xcdacn.vbot4                         2.5
dctrln4                                      0
xcore.xcdacn.vbot5                         2.5
dctrln5                                      0
xcore.xcdacn.vbot6                         2.5
dctrln6                                      0
xcore.xcdacn.vbot7                         2.5
dctrln7                                      0
xcore.xcdacn.x1.clksb                      3.3
xcore.xcdacn.x1.net2               1.40178e-10
xcore.xcdacn.x1.net1                       3.3
xcore.xcdacn.x1.bottom_gate        6.14196e-09
xcore.xcdacn.x1.net4               3.05458e-09
xcore.xcdacn.x1.net3                       3.3
vresp                               0.00153799
vresn                             -7.11773e-05
xcore.xcmp.net1                      0.0233573
cmpck                                        0
xcore.xcmp.xp                              3.3
xcore.xcmp.xn                              3.3
xcore.xcmp.ln                              3.3
xcore.xcmp.lp                              3.3
dcmpn                              3.69864e-09
dcmpp                              3.67686e-09
sampled_diff                        0.00160917
input_diff                             1.28277
cmpck_drv                                    0
dctrlp7_drv                                  0
dctrlp6_drv                                  0
dctrlp5_drv                                  0
dctrlp4_drv                                  0
dctrlp3_drv                                  0
dctrlp2_drv                                  0
dctrlp1_drv                                  0
dctrln7_drv                                  0
dctrln6_drv                                  0
dctrln5_drv                                  0
dctrln4_drv                                  0
dctrln3_drv                                  0
dctrln2_drv                                  0
dctrln1_drv                                  0
dout7_drv                                    0
dout6_drv                                    0
dout5_drv                                    0
dout4_drv                                    0
dout3_drv                                    0
dout2_drv                                    0
dout1_drv                                    0
dout0_drv                                    0
eoc                                          0
invalid0                                     0
timeout0                                     0
complete                                     0
dout7_rx                                     0
dout6_rx                                     0
dout5_rx                                     0
dout4_rx                                     0
dout3_rx                                     0
dout2_rx                                     0
dout1_rx                                     0
dout0_rx                                     0
e_input_diff#branch               -1.28277e-10
e_sample_diff#branch              -1.60917e-13
e.xcore.e_cmp_noise_n#branch       7.11773e-15
e.xcore.e_cmp_noise_p#branch      -1.53799e-13
vcmp_noise#branch                   -2.372e-13
vclks_id#branch                              0
vvinn_id#branch                   -4.15792e-10
vvinp_id#branch                    -9.4432e-10
vvrefn_id#branch                  -1.76652e-09
vvrefp_id#branch                   -1.5208e-08
vvdd#branch                       -1.77533e-08
a_status#branch_1_0                          0
a_status#branch_1_1                          0
a_status#branch_1_2                          0
a_status#branch_1_3                          0
a_dout#branch_1_0                            0
a_dout#branch_1_1                            0
a_dout#branch_1_2                            0
a_dout#branch_1_3                            0
a_dout#branch_1_4                            0
a_dout#branch_1_5                            0
a_dout#branch_1_6                            0
a_dout#branch_1_7                            0
a_dctrln#branch_1_0                          0
a_dctrln#branch_1_1                          0
a_dctrln#branch_1_2                          0
a_dctrln#branch_1_3                          0
a_dctrln#branch_1_4                          0
a_dctrln#branch_1_5                          0
a_dctrln#branch_1_6                          0
a_dctrlp#branch_1_0                          0
a_dctrlp#branch_1_1                          0
a_dctrlp#branch_1_2                          0
a_dctrlp#branch_1_3                          0
a_dctrlp#branch_1_4                          0
a_dctrlp#branch_1_5                          0
a_dctrlp#branch_1_6                          0
a_cmpck#branch_1_0                           0


Instance: abeh   Message: WARNING: output scheduled with impossible delay (-4.01e-12) at 5.01e-12/0.

Instance: abeh   Message: XSPICE time is behind vtime:
XSPICE 2.005184723282561e-07
Cosim  2.00547e-07

Instance: abeh   Message: XSPICE time is behind vtime:
XSPICE 7.005165854997647e-07
Cosim  7.0055e-07

Instance: abeh   Message: XSPICE time is behind vtime:
XSPICE 1.200537760165727e-06
Cosim  1.200552e-06

Instance: abeh   Message: XSPICE time is behind vtime:
XSPICE 2.200532069388464e-06
Cosim  2.200541e-06

Instance: abeh   Message: XSPICE time is behind vtime:
XSPICE 2.700497445714099e-06
Cosim  2.700531e-06

Instance: abeh   Message: XSPICE time is behind vtime:
XSPICE 3.200514445704392e-06
Cosim  3.200548e-06

Instance: abeh   Message: XSPICE time is behind vtime:
XSPICE 4.700508830039218e-06
Cosim  4.700533e-06

Instance: abeh   Message: XSPICE time is behind vtime:
XSPICE 5.200522585503736e-06
Cosim  5.200556e-06

Instance: abeh   Message: XSPICE time is behind vtime:
XSPICE 5.700531281736744e-06
Cosim  5.700551e-06

Instance: abeh   Message: XSPICE time is behind vtime:
XSPICE 7.20052244570922e-06
Cosim  7.200556e-06

Instance: abeh   Message: XSPICE time is behind vtime:
XSPICE 7.700522445710198e-06
Cosim  7.700556e-06

Instance: abeh   Message: XSPICE time is behind vtime:
XSPICE 9.200531806170576e-06
Cosim  9.200551000000001e-06

Instance: abeh   Message: XSPICE time is behind vtime:
XSPICE 9.700522585501882e-06
Cosim  9.700556e-06

Instance: abeh   Message: XSPICE time is behind vtime:
XSPICE 1.020051336487638e-05
Cosim  1.0200538e-05

Instance: abeh   Message: XSPICE time is behind vtime:
XSPICE 1.170051677570129e-05
Cosim  1.170055e-05

Instance: abeh   Message: XSPICE time is behind vtime:
XSPICE 1.22004974457157e-05
Cosim  1.2200531e-05

Instance: abeh   Message: XSPICE time is behind vtime:
XSPICE 1.270053045322288e-05
Cosim  1.270054e-05

Instance: abeh   Message: XSPICE time is behind vtime:
XSPICE 1.370053834182785e-05
Cosim  1.3700552e-05

Instance: abeh   Message: XSPICE time is behind vtime:
XSPICE 1.420051658549917e-05
Cosim  1.420055e-05

Instance: abeh   Message: XSPICE time is behind vtime:
XSPICE 1.470051007245692e-05
Cosim  1.4700539e-05

Instance: abeh   Message: XSPICE time is behind vtime:
XSPICE 1.620051743374421e-05
Cosim  1.6200547e-05

Instance: abeh   Message: XSPICE time is behind vtime:
XSPICE 1.670051444572323e-05
Cosim  1.6700548e-05

Instance: abeh   Message: XSPICE time is behind vtime:
XSPICE 1.720053453044821e-05
Cosim  1.720055e-05

Instance: abeh   Message: XSPICE time is behind vtime:
XSPICE 1.82005303852045e-05
Cosim  1.8200538e-05

Instance: abeh   Message: XSPICE time is behind vtime:
XSPICE 1.870052258549235e-05
Cosim  1.8700556e-05

Instance: abeh   Message: XSPICE time is behind vtime:
XSPICE 1.920051743162783e-05
Cosim  1.920055e-05

Instance: abeh   Message: XSPICE time is behind vtime:
XSPICE 2.070052973718152e-05
Cosim  2.0700555e-05

Instance: abeh   Message: XSPICE time is behind vtime:
XSPICE 2.120051444572567e-05
Cosim  2.1200548e-05

Instance: abeh   Message: XSPICE time is behind vtime:
XSPICE 2.170052812185832e-05
Cosim  2.1700549e-05

Instance: abeh   Message: XSPICE time is behind vtime:
XSPICE 2.320052258548429e-05
Cosim  2.3200556e-05

Instance: abeh   Message: XSPICE time is behind vtime:
XSPICE 2.370051758548464e-05
Cosim  2.3700551e-05

Instance: abeh   Message: XSPICE time is behind vtime:
XSPICE 2.520052864032814e-05
Cosim  2.5200549e-05

Instance: abeh   Message: XSPICE time is behind vtime:
XSPICE 2.57005144457274e-05
Cosim  2.5700548e-05

Instance: abeh   Message: XSPICE time is behind vtime:
XSPICE 2.620053027614588e-05
Cosim  2.6200556e-05

Instance: abeh   Message: XSPICE time is behind vtime:
XSPICE 2.770051775959784e-05
Cosim  2.770055e-05

Instance: abeh   Message: XSPICE time is behind vtime:
XSPICE 2.82005225854928e-05
Cosim  2.8200556e-05

Instance: abeh   Message: XSPICE time is behind vtime:
XSPICE 2.87005277618029e-05
Cosim  2.8700536e-05

Instance: abeh   Message: XSPICE time is behind vtime:
XSPICE 2.970053510069081e-05
Cosim  2.970055e-05

Instance: abeh   Message: XSPICE time is behind vtime:
XSPICE 3.020051444572171e-05
Cosim  3.0200548e-05

Instance: abeh   Message: XSPICE time is behind vtime:
XSPICE 3.070051704197783e-05
Cosim  3.0700547e-05

Instance: abeh   Message: XSPICE time is behind vtime:
XSPICE 3.220051747102e-05
Cosim  3.2200546e-05

Instance: abeh   Message: XSPICE time is behind vtime:
XSPICE 3.270051658549921e-05
Cosim  3.270055e-05

Instance: abeh   Message: XSPICE time is behind vtime:
XSPICE 3.320053776310675e-05
Cosim  3.3200552e-05

No. of Data Rows : 735417
f000_d7             =  3.30000e+00
f000_d6             =  3.30000e+00
f000_d5             =  3.30000e+00
f000_d4             =  0.00000e+00
f000_d3             =  0.00000e+00
f000_d2             =  0.00000e+00
f000_d1             =  0.00000e+00
f000_d0             =  3.30000e+00
f000_complete       =  3.30000e+00
f000_invalid        =  0.00000e+00
f000_timeout        =  0.00000e+00
f000_sampled        =  1.28514e+00
f000_input          =  1.28277e+00
f000_tcomplete      =  3.75497e-07
f001_d7             =  3.30000e+00
f001_d6             =  3.30000e+00
f001_d5             =  3.30000e+00
f001_d4             =  3.30000e+00
f001_d3             =  0.00000e+00
f001_d2             =  0.00000e+00
f001_d1             =  0.00000e+00
f001_d0             =  5.11520e-297
f001_complete       =  3.30000e+00
f001_invalid        =  0.00000e+00
f001_timeout        =  0.00000e+00
f001_sampled        =  1.48534e+00
f001_input          =  1.48482e+00
f001_tcomplete      =  8.75500e-07
f002_d7             =  3.30000e+00
f002_d6             =  3.30000e+00
f002_d5             =  5.18442e-297
f002_d4             =  5.18442e-297
f002_d3             =  3.30000e+00
f002_d2             =  3.30000e+00
f002_d1             =  0.00000e+00
f002_d0             =  4.08882e-312
f002_complete       =  3.30000e+00
f002_invalid        =  0.00000e+00
f002_timeout        =  0.00000e+00
f002_sampled        =  1.01078e+00
f002_input          =  1.01283e+00
f002_tcomplete      =  1.37550e-06
f003_d7             =  3.30000e+00
f003_d6             =  5.09256e-297
f003_d5             =  4.08882e-312
f003_d4             =  4.08882e-312
f003_d3             =  5.09256e-297
f003_d2             =  3.30000e+00
f003_d1             =  3.30000e+00
f003_d0             =  4.08882e-312
f003_complete       =  3.30000e+00
f003_invalid        =  0.00000e+00
f003_timeout        =  0.00000e+00
f003_sampled        =  8.01399e-02
f003_input          =  8.10218e-02
f003_tcomplete      =  1.87550e-06
f004_d7             =  4.81983e-297
f004_d6             =  4.08882e-312
f004_d5             =  3.30000e+00
f004_d4             =  3.30000e+00
f004_d3             =  3.30000e+00
f004_d2             =  3.30000e+00
f004_d1             =  4.81983e-297
f004_d0             =  3.30000e+00
f004_complete       =  3.30000e+00
f004_invalid        =  0.00000e+00
f004_timeout        =  0.00000e+00
f004_sampled        =  -8.87982e-01
f004_input          =  -8.87644e-01
f004_tcomplete      =  2.37549e-06
f005_d7             =  4.08882e-312
f005_d6             =  4.08882e-312
f005_d5             =  4.47352e-297
f005_d4             =  3.30000e+00
f005_d3             =  4.47352e-297
f005_d2             =  4.47352e-297
f005_d1             =  3.30000e+00
f005_d0             =  4.47352e-297
f005_complete       =  3.30000e+00
f005_invalid        =  0.00000e+00
f005_timeout        =  0.00000e+00
f005_sampled        =  -1.45361e+00
f005_input          =  -1.45313e+00
f005_tcomplete      =  2.87548e-06
f006_d7             =  4.08882e-312
f006_d6             =  4.08882e-312
f006_d5             =  4.08882e-312
f006_d4             =  3.30000e+00
f006_d3             =  3.30000e+00
f006_d2             =  4.08882e-312
f006_d1             =  5.03094e-297
f006_d0             =  3.30000e+00
f006_complete       =  3.30000e+00
f006_invalid        =  0.00000e+00
f006_timeout        =  0.00000e+00
f006_sampled        =  -1.35996e+00
f006_input          =  -1.35913e+00
f006_tcomplete      =  3.37550e-06
f007_d7             =  4.08882e-312
f007_d6             =  3.30000e+00
f007_d5             =  4.08882e-312
f007_d4             =  5.25509e-297
f007_d3             =  3.30000e+00
f007_d2             =  3.30000e+00
f007_d1             =  3.30000e+00
f007_d0             =  3.30000e+00
f007_complete       =  3.30000e+00
f007_invalid        =  0.00000e+00
f007_timeout        =  0.00000e+00
f007_sampled        =  -6.48618e-01
f007_input          =  -6.47935e-01
f007_tcomplete      =  3.87550e-06
f008_d7             =  3.30000e+00
f008_d6             =  5.26247e-297
f008_d5             =  4.08882e-312
f008_d4             =  3.30000e+00
f008_d3             =  3.30000e+00
f008_d2             =  5.26247e-297
f008_d1             =  3.30000e+00
f008_d0             =  3.30000e+00
f008_complete       =  3.30000e+00
f008_invalid        =  0.00000e+00
f008_timeout        =  0.00000e+00
f008_sampled        =  3.53030e-01
f008_input          =  3.57406e-01
f008_tcomplete      =  4.37551e-06
f009_d7             =  3.30000e+00
f009_d6             =  3.30000e+00
f009_d5             =  4.08882e-312
f009_d4             =  3.30000e+00
f009_d3             =  3.30000e+00
f009_d2             =  4.08882e-312
f009_d1             =  3.30000e+00
f009_d0             =  4.56977e-297
f009_complete       =  3.30000e+00
f009_invalid        =  0.00000e+00
f009_timeout        =  0.00000e+00
f009_sampled        =  1.20125e+00
f009_input          =  1.20047e+00
f009_tcomplete      =  4.87548e-06
f010_d7             =  3.30000e+00
f010_d6             =  3.30000e+00
f010_d5             =  3.30000e+00
f010_d4             =  3.30000e+00
f010_d3             =  5.36718e-297
f010_d2             =  4.08882e-312
f010_d1             =  5.36718e-297
f010_d0             =  3.30000e+00
f010_complete       =  3.30000e+00
f010_invalid        =  0.00000e+00
f010_timeout        =  0.00000e+00
f010_sampled        =  1.49821e+00
f010_input          =  1.49851e+00
f010_tcomplete      =  5.37551e-06
f011_d7             =  3.30000e+00
f011_d6             =  3.30000e+00
f011_d5             =  5.15132e-297
f011_d4             =  3.30000e+00
f011_d3             =  4.08882e-312
f011_d2             =  3.30000e+00
f011_d1             =  4.08882e-312
f011_d0             =  5.15132e-297
f011_complete       =  3.30000e+00
f011_invalid        =  0.00000e+00
f011_timeout        =  0.00000e+00
f011_sampled        =  1.11506e+00
f011_input          =  1.11634e+00
f011_tcomplete      =  5.87550e-06
f012_d7             =  3.30000e+00
f012_d6             =  5.12902e-297
f012_d5             =  4.08882e-312
f012_d4             =  3.30000e+00
f012_d3             =  4.08882e-312
f012_d2             =  5.12902e-297
f012_d1             =  4.08882e-312
f012_d0             =  3.30000e+00
f012_complete       =  3.30000e+00
f012_invalid        =  0.00000e+00
f012_timeout        =  0.00000e+00
f012_sampled        =  2.27146e-01
f012_input          =  2.27354e-01
f012_tcomplete      =  6.37550e-06
f013_d7             =  5.15207e-297
f013_d6             =  3.30000e+00
f013_d5             =  4.08882e-312
f013_d4             =  5.15207e-297
f013_d3             =  4.08882e-312
f013_d2             =  3.30000e+00
f013_d1             =  3.30000e+00
f013_d0             =  5.15207e-297
f013_complete       =  3.30000e+00
f013_invalid        =  0.00000e+00
f013_timeout        =  0.00000e+00
f013_sampled        =  -7.67062e-01
f013_input          =  -7.64788e-01
f013_tcomplete      =  6.87550e-06
f014_d7             =  4.08882e-312
f014_d6             =  5.30413e-297
f014_d5             =  4.08882e-312
f014_d4             =  3.30000e+00
f014_d3             =  4.08882e-312
f014_d2             =  3.30000e+00
f014_d1             =  3.30000e+00
f014_d0             =  4.08882e-312
f014_complete       =  3.30000e+00
f014_invalid        =  0.00000e+00
f014_timeout        =  0.00000e+00
f014_sampled        =  -1.41033e+00
f014_input          =  -1.40966e+00
f014_tcomplete      =  7.37551e-06
f015_d7             =  4.08882e-312
f015_d6             =  4.08882e-312
f015_d5             =  4.08882e-312
f015_d4             =  3.30000e+00
f015_d3             =  4.08882e-312
f015_d2             =  3.30000e+00
f015_d1             =  5.28263e-297
f015_d0             =  3.30000e+00
f015_complete       =  3.30000e+00
f015_invalid        =  0.00000e+00
f015_timeout        =  0.00000e+00
f015_sampled        =  -1.41506e+00
f015_input          =  -1.41486e+00
f015_tcomplete      =  7.87551e-06
f016_d7             =  4.08882e-312
f016_d6             =  3.30000e+00
f016_d5             =  4.08882e-312
f016_d4             =  5.18946e-297
f016_d3             =  4.08882e-312
f016_d2             =  3.30000e+00
f016_d1             =  4.08882e-312
f016_d0             =  3.30000e+00
f016_complete       =  3.30000e+00
f016_invalid        =  0.00000e+00
f016_timeout        =  0.00000e+00
f016_sampled        =  -7.76959e-01
f016_input          =  -7.77615e-01
f016_tcomplete      =  8.37550e-06
f017_d7             =  3.30000e+00
f017_d6             =  5.27673e-297
f017_d5             =  4.08882e-312
f017_d4             =  3.30000e+00
f017_d3             =  4.08882e-312
f017_d2             =  5.27673e-297
f017_d1             =  4.08882e-312
f017_d0             =  5.27673e-297
f017_complete       =  3.30000e+00
f017_invalid        =  0.00000e+00
f017_timeout        =  0.00000e+00
f017_sampled        =  2.16111e-01
f017_input          =  2.12801e-01
f017_tcomplete      =  8.87550e-06
f018_d7             =  3.30000e+00
f018_d6             =  3.30000e+00
f018_d5             =  4.08882e-312
f018_d4             =  3.30000e+00
f018_d3             =  4.08882e-312
f018_d2             =  4.08882e-312
f018_d1             =  3.30000e+00
f018_d0             =  3.30000e+00
f018_complete       =  3.30000e+00
f018_invalid        =  0.00000e+00
f018_timeout        =  0.00000e+00
f018_sampled        =  1.10799e+00
f018_input          =  1.10645e+00
f018_tcomplete      =  9.37550e-06
f019_d7             =  3.30000e+00
f019_d6             =  3.30000e+00
f019_d5             =  3.30000e+00
f019_d4             =  3.30000e+00
f019_d3             =  4.08882e-312
f019_d2             =  4.08882e-312
f019_d1             =  5.30167e-297
f019_d0             =  3.30000e+00
f019_complete       =  3.30000e+00
f019_invalid        =  0.00000e+00
f019_timeout        =  0.00000e+00
f019_sampled        =  1.49700e+00
f019_input          =  1.49775e+00
f019_tcomplete      =  9.87551e-06
f020_d7             =  3.30000e+00
f020_d6             =  3.30000e+00
f020_d5             =  4.71869e-297
f020_d4             =  3.30000e+00
f020_d3             =  3.30000e+00
f020_d2             =  4.08882e-312
f020_d1             =  3.30000e+00
f020_d0             =  3.30000e+00
f020_complete       =  3.30000e+00
f020_invalid        =  0.00000e+00
f020_timeout        =  0.00000e+00
f020_sampled        =  1.21038e+00
f020_input          =  1.20924e+00
f020_tcomplete      =  1.03755e-05
f021_d7             =  3.30000e+00
f021_d6             =  4.56788e-297
f021_d5             =  4.08882e-312
f021_d4             =  3.30000e+00
f021_d3             =  3.30000e+00
f021_d2             =  3.30000e+00
f021_d1             =  4.56788e-297
f021_d0             =  4.56788e-297
f021_complete       =  3.30000e+00
f021_invalid        =  0.00000e+00
f021_timeout        =  0.00000e+00
f021_sampled        =  3.71931e-01
f021_input          =  3.71490e-01
f021_tcomplete      =  1.08755e-05
f022_d7             =  5.18235e-297
f022_d6             =  3.30000e+00
f022_d5             =  4.08882e-312
f022_d4             =  3.30000e+00
f022_d3             =  5.18235e-297
f022_d2             =  5.18235e-297
f022_d1             =  4.08882e-312
f022_d0             =  4.08882e-312
f022_complete       =  3.30000e+00
f022_invalid        =  0.00000e+00
f022_timeout        =  0.00000e+00
f022_sampled        =  -6.34282e-01
f022_input          =  -6.34653e-01
f022_tcomplete      =  1.13755e-05
f023_d7             =  4.08882e-312
f023_d6             =  5.11679e-297
f023_d5             =  4.08882e-312
f023_d4             =  3.30000e+00
f023_d3             =  3.30000e+00
f023_d2             =  4.08882e-312
f023_d1             =  3.30000e+00
f023_d0             =  4.08882e-312
f023_complete       =  3.30000e+00
f023_invalid        =  0.00000e+00
f023_timeout        =  0.00000e+00
f023_sampled        =  -1.34929e+00
f023_input          =  -1.35280e+00
f023_tcomplete      =  1.18755e-05
f024_d7             =  4.08882e-312
f024_d6             =  4.08882e-312
f024_d5             =  4.08882e-312
f024_d4             =  3.30000e+00
f024_d3             =  4.66611e-297
f024_d2             =  4.08882e-312
f024_d1             =  3.30000e+00
f024_d0             =  4.08882e-312
f024_complete       =  3.30000e+00
f024_invalid        =  0.00000e+00
f024_timeout        =  0.00000e+00
f024_sampled        =  -1.45579e+00
f024_input          =  -1.45682e+00
f024_tcomplete      =  1.23755e-05
f025_d7             =  4.08882e-312
f025_d6             =  4.08882e-312
f025_d5             =  3.30000e+00
f025_d4             =  3.30000e+00
f025_d3             =  3.30000e+00
f025_d2             =  3.30000e+00
f025_d1             =  4.80958e-297
f025_d0             =  4.08882e-312
f025_complete       =  3.30000e+00
f025_invalid        =  0.00000e+00
f025_timeout        =  0.00000e+00
f025_sampled        =  -8.99221e-01
f025_input          =  -8.99422e-01
f025_tcomplete      =  1.28755e-05
f026_d7             =  3.30000e+00
f026_d6             =  4.08882e-312
f026_d5             =  5.03634e-297
f026_d4             =  5.03634e-297
f026_d3             =  5.03634e-297
f026_d2             =  3.30000e+00
f026_d1             =  4.08882e-312
f026_d0             =  3.30000e+00
f026_complete       =  3.30000e+00
f026_invalid        =  0.00000e+00
f026_timeout        =  0.00000e+00
f026_sampled        =  6.55709e-02
f026_input          =  6.63162e-02
f026_tcomplete      =  1.33755e-05
f027_d7             =  3.30000e+00
f027_d6             =  3.30000e+00
f027_d5             =  4.08882e-312
f027_d4             =  4.08882e-312
f027_d3             =  3.30000e+00
f027_d2             =  3.30000e+00
f027_d1             =  4.08882e-312
f027_d0             =  5.17655e-297
f027_complete       =  3.30000e+00
f027_invalid        =  0.00000e+00
f027_timeout        =  0.00000e+00
f027_sampled        =  1.00332e+00
f027_input          =  1.00186e+00
f027_tcomplete      =  1.38755e-05
f028_d7             =  3.30000e+00
f028_d6             =  3.30000e+00
f028_d5             =  3.30000e+00
f028_d4             =  3.30000e+00
f028_d3             =  5.11420e-297
f028_d2             =  5.11420e-297
f028_d1             =  4.08882e-312
f028_d0             =  4.08882e-312
f028_complete       =  3.30000e+00
f028_invalid        =  0.00000e+00
f028_timeout        =  0.00000e+00
f028_sampled        =  1.48206e+00
f028_input          =  1.48271e+00
f028_tcomplete      =  1.43755e-05
f029_d7             =  3.30000e+00
f029_d6             =  3.30000e+00
f029_d5             =  3.30000e+00
f029_d4             =  4.74906e-297
f029_d3             =  4.08882e-312
f029_d2             =  4.08882e-312
f029_d1             =  4.08882e-312
f029_d0             =  3.30000e+00
f029_complete       =  3.30000e+00
f029_invalid        =  0.00000e+00
f029_timeout        =  0.00000e+00
f029_sampled        =  1.29051e+00
f029_input          =  1.29035e+00
f029_tcomplete      =  1.48755e-05
f030_d7             =  3.30000e+00
f030_d6             =  4.58197e-297
f030_d5             =  3.30000e+00
f030_d4             =  4.08882e-312
f030_d3             =  4.08882e-312
f030_d2             =  3.30000e+00
f030_d1             =  3.30000e+00
f030_d0             =  3.30000e+00
f030_complete       =  3.30000e+00
f030_invalid        =  0.00000e+00
f030_timeout        =  0.00000e+00
f030_sampled        =  5.12012e-01
f030_input          =  5.12297e-01
f030_tcomplete      =  1.53755e-05
f031_d7             =  4.55688e-297
f031_d6             =  3.30000e+00
f031_d5             =  4.55688e-297
f031_d4             =  3.30000e+00
f031_d3             =  3.30000e+00
f031_d2             =  4.55688e-297
f031_d1             =  3.30000e+00
f031_d0             =  4.55688e-297
f031_complete       =  3.30000e+00
f031_invalid        =  0.00000e+00
f031_timeout        =  0.00000e+00
f031_sampled        =  -5.00217e-01
f031_input          =  -4.98403e-01
f031_tcomplete      =  1.58755e-05
f032_d7             =  4.08882e-312
f032_d6             =  5.00100e-297
f032_d5             =  4.08882e-312
f032_d4             =  3.30000e+00
f032_d3             =  3.30000e+00
f032_d2             =  3.30000e+00
f032_d1             =  3.30000e+00
f032_d0             =  3.30000e+00
f032_complete       =  3.30000e+00
f032_invalid        =  0.00000e+00
f032_timeout        =  0.00000e+00
f032_sampled        =  -1.28568e+00
f032_input          =  -1.28276e+00
f032_tcomplete      =  1.63755e-05
f033_d7             =  4.08882e-312
f033_d6             =  4.08882e-312
f033_d5             =  4.08882e-312
f033_d4             =  3.30000e+00
f033_d3             =  5.23843e-297
f033_d2             =  5.23843e-297
f033_d1             =  5.23843e-297
f033_d0             =  5.23843e-297
f033_complete       =  3.30000e+00
f033_invalid        =  0.00000e+00
f033_timeout        =  0.00000e+00
f033_sampled        =  -1.48469e+00
f033_input          =  -1.48476e+00
f033_tcomplete      =  1.68755e-05
f034_d7             =  4.08882e-312
f034_d6             =  4.08882e-312
f034_d5             =  3.30000e+00
f034_d4             =  3.30000e+00
f034_d3             =  4.08882e-312
f034_d2             =  3.30000e+00
f034_d1             =  4.08882e-312
f034_d0             =  4.08882e-312
f034_complete       =  3.30000e+00
f034_invalid        =  0.00000e+00
f034_timeout        =  0.00000e+00
f034_sampled        =  -1.01090e+00
f034_input          =  -1.01283e+00
f034_tcomplete      =  1.73755e-05
f035_d7             =  4.08882e-312
f035_d6             =  3.30000e+00
f035_d5             =  3.30000e+00
f035_d4             =  3.30000e+00
f035_d3             =  3.30000e+00
f035_d2             =  5.05256e-297
f035_d1             =  3.30000e+00
f035_d0             =  4.08882e-312
f035_complete       =  3.30000e+00
f035_invalid        =  0.00000e+00
f035_timeout        =  0.00000e+00
f035_sampled        =  -8.23912e-02
f035_input          =  -8.10354e-02
f035_tcomplete      =  1.78755e-05
f036_d7             =  3.30000e+00
f036_d6             =  3.30000e+00
f036_d5             =  4.71546e-297
f036_d4             =  4.71546e-297
f036_d3             =  4.71546e-297
f036_d2             =  4.08882e-312
f036_d1             =  3.30000e+00
f036_d0             =  3.30000e+00
f036_complete       =  3.30000e+00
f036_invalid        =  0.00000e+00
f036_timeout        =  0.00000e+00
f036_sampled        =  8.88628e-01
f036_input          =  8.87673e-01
f036_tcomplete      =  1.83755e-05
f037_d7             =  3.30000e+00
f037_d6             =  3.30000e+00
f037_d5             =  3.30000e+00
f037_d4             =  4.08882e-312
f037_d3             =  3.30000e+00
f037_d2             =  3.30000e+00
f037_d1             =  3.30000e+00
f037_d0             =  5.49422e-297
f037_complete       =  3.30000e+00
f037_invalid        =  0.00000e+00
f037_timeout        =  0.00000e+00
f037_sampled        =  1.45334e+00
f037_input          =  1.45331e+00
f037_tcomplete      =  1.88755e-05
f038_d7             =  3.30000e+00
f038_d6             =  3.30000e+00
f038_d5             =  3.30000e+00
f038_d4             =  4.08882e-312
f038_d3             =  5.29417e-297
f038_d2             =  3.30000e+00
f038_d1             =  3.30000e+00
f038_d0             =  4.08882e-312
f038_complete       =  3.30000e+00
f038_invalid        =  0.00000e+00
f038_timeout        =  0.00000e+00
f038_sampled        =  1.36032e+00
f038_input          =  1.35913e+00
f038_tcomplete      =  1.93755e-05
f039_d7             =  3.30000e+00
f039_d6             =  5.10131e-297
f039_d5             =  3.30000e+00
f039_d4             =  3.30000e+00
f039_d3             =  4.08882e-312
f039_d2             =  5.10131e-297
f039_d1             =  5.10131e-297
f039_d0             =  3.30000e+00
f039_complete       =  3.30000e+00
f039_invalid        =  0.00000e+00
f039_timeout        =  0.00000e+00
f039_sampled        =  6.49348e-01
f039_input          =  6.47934e-01
f039_tcomplete      =  1.98755e-05
f040_d7             =  4.45383e-297
f040_d6             =  3.30000e+00
f040_d5             =  3.30000e+00
f040_d4             =  4.45383e-297
f040_d3             =  4.08882e-312
f040_d2             =  3.30000e+00
f040_d1             =  4.08882e-312
f040_d0             =  3.30000e+00
f040_complete       =  3.30000e+00
f040_invalid        =  0.00000e+00
f040_timeout        =  0.00000e+00
f040_sampled        =  -3.56372e-01
f040_input          =  -3.57382e-01
f040_tcomplete      =  2.03755e-05
f041_d7             =  4.08882e-312
f041_d6             =  5.44216e-297
f041_d5             =  3.30000e+00
f041_d4             =  4.08882e-312
f041_d3             =  4.08882e-312
f041_d2             =  3.30000e+00
f041_d1             =  4.08882e-312
f041_d0             =  3.30000e+00
f041_complete       =  3.30000e+00
f041_invalid        =  0.00000e+00
f041_timeout        =  0.00000e+00
f041_sampled        =  -1.20128e+00
f041_input          =  -1.20036e+00
f041_tcomplete      =  2.08755e-05
f042_d7             =  4.08882e-312
f042_d6             =  4.08882e-312
f042_d5             =  5.03595e-297
f042_d4             =  4.08882e-312
f042_d3             =  3.30000e+00
f042_d2             =  3.30000e+00
f042_d1             =  3.30000e+00
f042_d0             =  3.30000e+00
f042_complete       =  3.30000e+00
f042_invalid        =  0.00000e+00
f042_timeout        =  0.00000e+00
f042_sampled        =  -1.50107e+00
f042_input          =  -1.49840e+00
f042_tcomplete      =  2.13755e-05
f043_d7             =  4.08882e-312
f043_d6             =  4.08882e-312
f043_d5             =  3.30000e+00
f043_d4             =  4.08882e-312
f043_d3             =  3.30000e+00
f043_d2             =  3.30000e+00
f043_d1             =  5.36519e-297
f043_d0             =  5.36519e-297
f043_complete       =  3.30000e+00
f043_invalid        =  0.00000e+00
f043_timeout        =  0.00000e+00
f043_sampled        =  -1.11817e+00
f043_input          =  -1.11638e+00
f043_tcomplete      =  2.18755e-05
f044_d7             =  4.08882e-312
f044_d6             =  3.30000e+00
f044_d5             =  3.30000e+00
f044_d4             =  4.08882e-312
f044_d3             =  3.30000e+00
f044_d2             =  3.30000e+00
f044_d1             =  3.30000e+00
f044_d0             =  3.30000e+00
f044_complete       =  3.30000e+00
f044_invalid        =  0.00000e+00
f044_timeout        =  0.00000e+00
f044_sampled        =  -2.26672e-01
f044_input          =  -2.27427e-01
f044_tcomplete      =  2.23755e-05
f045_d7             =  3.30000e+00
f045_d6             =  5.05084e-297
f045_d5             =  3.30000e+00
f045_d4             =  3.30000e+00
f045_d3             =  3.30000e+00
f045_d2             =  5.05084e-297
f045_d1             =  3.30000e+00
f045_d0             =  5.05084e-297
f045_complete       =  3.30000e+00
f045_invalid        =  0.00000e+00
f045_timeout        =  0.00000e+00
f045_sampled        =  7.65567e-01
f045_input          =  7.64896e-01
f045_tcomplete      =  2.28755e-05
f046_d7             =  3.30000e+00
f046_d6             =  3.30000e+00
f046_d5             =  3.30000e+00
f046_d4             =  5.31862e-297
f046_d3             =  3.30000e+00
f046_d2             =  4.08882e-312
f046_d1             =  3.30000e+00
f046_d0             =  4.08882e-312
f046_complete       =  3.30000e+00
f046_invalid        =  0.00000e+00
f046_timeout        =  0.00000e+00
f046_sampled        =  1.40829e+00
f046_input          =  1.40987e+00
f046_tcomplete      =  2.33755e-05
f047_d7             =  3.30000e+00
f047_d6             =  3.30000e+00
f047_d5             =  3.30000e+00
f047_d4             =  4.08882e-312
f047_d3             =  3.30000e+00
f047_d2             =  4.08882e-312
f047_d1             =  3.30000e+00
f047_d0             =  3.30000e+00
f047_complete       =  3.30000e+00
f047_invalid        =  0.00000e+00
f047_timeout        =  0.00000e+00
f047_sampled        =  1.41408e+00
f047_input          =  1.41481e+00
f047_tcomplete      =  2.38755e-05
f048_d7             =  3.30000e+00
f048_d6             =  4.93864e-297
f048_d5             =  3.30000e+00
f048_d4             =  3.30000e+00
f048_d3             =  3.30000e+00
f048_d2             =  4.08882e-312
f048_d1             =  3.30000e+00
f048_d0             =  3.30000e+00
f048_complete       =  3.30000e+00
f048_invalid        =  0.00000e+00
f048_timeout        =  0.00000e+00
f048_sampled        =  7.72589e-01
f048_input          =  7.77426e-01
f048_tcomplete      =  2.43755e-05
f049_d7             =  5.27797e-297
f049_d6             =  3.30000e+00
f049_d5             =  3.30000e+00
f049_d4             =  3.30000e+00
f049_d3             =  5.27797e-297
f049_d2             =  4.08882e-312
f049_d1             =  5.27797e-297
f049_d0             =  5.27797e-297
f049_complete       =  3.30000e+00
f049_invalid        =  0.00000e+00
f049_timeout        =  0.00000e+00
f049_sampled        =  -2.13209e-01
f049_input          =  -2.12709e-01
f049_tcomplete      =  2.48755e-05
f050_d7             =  4.08882e-312
f050_d6             =  5.08399e-297
f050_d5             =  3.30000e+00
f050_d4             =  5.08399e-297
f050_d3             =  3.30000e+00
f050_d2             =  3.30000e+00
f050_d1             =  4.08882e-312
f050_d0             =  4.08882e-312
f050_complete       =  3.30000e+00
f050_invalid        =  0.00000e+00
f050_timeout        =  0.00000e+00
f050_sampled        =  -1.10390e+00
f050_input          =  -1.10648e+00
f050_tcomplete      =  2.53755e-05
f051_d7             =  4.08882e-312
f051_d6             =  4.08882e-312
f051_d5             =  5.03544e-297
f051_d4             =  4.08882e-312
f051_d3             =  3.30000e+00
f051_d2             =  3.30000e+00
f051_d1             =  3.30000e+00
f051_d0             =  3.30000e+00
f051_complete       =  3.30000e+00
f051_invalid        =  0.00000e+00
f051_timeout        =  0.00000e+00
f051_sampled        =  -1.49830e+00
f051_input          =  -1.49771e+00
f051_tcomplete      =  2.58755e-05
f052_d7             =  4.08882e-312
f052_d6             =  4.08882e-312
f052_d5             =  3.30000e+00
f052_d4             =  4.08882e-312
f052_d3             =  5.29582e-297
f052_d2             =  3.30000e+00
f052_d1             =  5.29582e-297
f052_d0             =  3.30000e+00
f052_complete       =  3.30000e+00
f052_invalid        =  0.00000e+00
f052_timeout        =  0.00000e+00
f052_sampled        =  -1.20931e+00
f052_input          =  -1.20918e+00
f052_tcomplete      =  2.63755e-05
f053_d7             =  4.08882e-312
f053_d6             =  3.30000e+00
f053_d5             =  3.30000e+00
f053_d4             =  4.08882e-312
f053_d3             =  4.08882e-312
f053_d2             =  3.30000e+00
f053_d1             =  4.08882e-312
f053_d0             =  4.47455e-297
f053_complete       =  3.30000e+00
f053_invalid        =  0.00000e+00
f053_timeout        =  0.00000e+00
f053_sampled        =  -3.71734e-01
f053_input          =  -3.71683e-01
f053_tcomplete      =  2.68755e-05
f054_d7             =  3.30000e+00
f054_d6             =  5.31236e-297
f054_d5             =  3.30000e+00
f054_d4             =  3.30000e+00
f054_d3             =  4.08882e-312
f054_d2             =  5.31236e-297
f054_d1             =  4.08882e-312
f054_d0             =  4.08882e-312
f054_complete       =  3.30000e+00
f054_invalid        =  0.00000e+00
f054_timeout        =  0.00000e+00
f054_sampled        =  6.37031e-01
f054_input          =  6.34654e-01
f054_tcomplete      =  2.73755e-05
f055_d7             =  3.30000e+00
f055_d6             =  3.30000e+00
f055_d5             =  3.30000e+00
f055_d4             =  5.11801e-297
f055_d3             =  4.08882e-312
f055_d2             =  3.30000e+00
f055_d1             =  3.30000e+00
f055_d0             =  4.08882e-312
f055_complete       =  3.30000e+00
f055_invalid        =  0.00000e+00
f055_timeout        =  0.00000e+00
f055_sampled        =  1.35421e+00
f055_input          =  1.35295e+00
f055_tcomplete      =  2.78755e-05
f056_d7             =  3.30000e+00
f056_d6             =  3.30000e+00
f056_d5             =  3.30000e+00
f056_d4             =  4.08882e-312
f056_d3             =  3.30000e+00
f056_d2             =  3.30000e+00
f056_d1             =  3.30000e+00
f056_d0             =  4.08882e-312
f056_complete       =  3.30000e+00
f056_invalid        =  0.00000e+00
f056_timeout        =  0.00000e+00
f056_sampled        =  1.45844e+00
f056_input          =  1.45685e+00
f056_tcomplete      =  2.83755e-05
f057_d7             =  3.30000e+00
f057_d6             =  3.30000e+00
f057_d5             =  4.84198e-297
f057_d4             =  4.08882e-312
f057_d3             =  4.84198e-297
f057_d2             =  3.30000e+00
f057_d1             =  4.84198e-297
f057_d0             =  4.08882e-312
f057_complete       =  3.30000e+00
f057_invalid        =  0.00000e+00
f057_timeout        =  0.00000e+00
f057_sampled        =  8.99497e-01
f057_input          =  8.99430e-01
f057_tcomplete      =  2.88755e-05
f058_d7             =  5.03614e-297
f058_d6             =  3.30000e+00
f058_d5             =  3.30000e+00
f058_d4             =  3.30000e+00
f058_d3             =  3.30000e+00
f058_d2             =  5.03614e-297
f058_d1             =  3.30000e+00
f058_d0             =  3.30000e+00
f058_complete       =  3.30000e+00
f058_invalid        =  0.00000e+00
f058_timeout        =  0.00000e+00
f058_sampled        =  -6.60617e-02
f058_input          =  -6.61760e-02
f058_tcomplete      =  2.93755e-05
f059_d7             =  4.08882e-312
f059_d6             =  5.11883e-297
f059_d5             =  3.30000e+00
f059_d4             =  3.30000e+00
f059_d3             =  5.11883e-297
f059_d2             =  3.30000e+00
f059_d1             =  5.11883e-297
f059_d0             =  5.11883e-297
f059_complete       =  3.30000e+00
f059_invalid        =  0.00000e+00
f059_timeout        =  0.00000e+00
f059_sampled        =  -1.00250e+00
f059_input          =  -1.00193e+00
f059_tcomplete      =  2.98755e-05
f060_d7             =  4.08882e-312
f060_d6             =  4.08882e-312
f060_d5             =  5.23878e-297
f060_d4             =  3.30000e+00
f060_d3             =  4.08882e-312
f060_d2             =  5.23878e-297
f060_d1             =  4.08882e-312
f060_d0             =  4.08882e-312
f060_complete       =  3.30000e+00
f060_invalid        =  0.00000e+00
f060_timeout        =  0.00000e+00
f060_sampled        =  -1.48296e+00
f060_input          =  -1.48258e+00
f060_tcomplete      =  3.03755e-05
f061_d7             =  4.08882e-312
f061_d6             =  4.08882e-312
f061_d5             =  4.08882e-312
f061_d4             =  3.30000e+00
f061_d3             =  3.30000e+00
f061_d2             =  3.30000e+00
f061_d1             =  3.30000e+00
f061_d0             =  3.30000e+00
f061_complete       =  3.30000e+00
f061_invalid        =  0.00000e+00
f061_timeout        =  0.00000e+00
f061_sampled        =  -1.29046e+00
f061_input          =  -1.29024e+00
f061_tcomplete      =  3.08755e-05
f062_d7             =  4.08882e-312
f062_d6             =  3.30000e+00
f062_d5             =  4.08882e-312
f062_d4             =  3.30000e+00
f062_d3             =  3.30000e+00
f062_d2             =  4.53493e-297
f062_d1             =  4.53493e-297
f062_d0             =  3.30000e+00
f062_complete       =  3.30000e+00
f062_invalid        =  0.00000e+00
f062_timeout        =  0.00000e+00
f062_sampled        =  -5.12189e-01
f062_input          =  -5.12183e-01
f062_tcomplete      =  3.13755e-05
f063_d7             =  3.30000e+00
f063_d6             =  4.54609e-297
f063_d5             =  3.30000e+00
f063_d4             =  4.54609e-297
f063_d3             =  4.54609e-297
f063_d2             =  3.30000e+00
f063_d1             =  3.30000e+00
f063_d0             =  4.54609e-297
f063_complete       =  3.30000e+00
f063_invalid        =  0.00000e+00
f063_timeout        =  0.00000e+00
f063_sampled        =  4.99482e-01
f063_input          =  4.98290e-01
f063_tcomplete      =  3.18755e-05
f064_d7             =  3.30000e+00
f064_d6             =  3.30000e+00
f064_d5             =  3.30000e+00
f064_d4             =  4.08882e-312
f064_d3             =  4.08882e-312
f064_d2             =  4.97026e-297
f064_d1             =  4.97026e-297
f064_d0             =  3.30000e+00
f064_complete       =  3.30000e+00
f064_invalid        =  0.00000e+00
f064_timeout        =  0.00000e+00
f064_sampled        =  1.28175e+00
f064_input          =  1.28283e+00
f064_tcomplete      =  3.23755e-05
f065_d7             =  3.30000e+00
f065_d6             =  3.30000e+00
f065_d5             =  3.30000e+00
f065_d4             =  3.30000e+00
f065_d3             =  4.08882e-312
f065_d2             =  4.08882e-312
f065_d1             =  4.08882e-312
f065_d0             =  5.16325e-297
f065_complete       =  3.30000e+00
f065_invalid        =  0.00000e+00
f065_timeout        =  0.00000e+00
f065_sampled        =  1.48627e+00
f065_input          =  1.48475e+00
f065_tcomplete      =  3.28755e-05
f066_d7             =  3.30000e+00
f066_d6             =  3.30000e+00
f066_d5             =  5.18563e-297
f066_d4             =  5.18563e-297
f066_d3             =  3.30000e+00
f066_d2             =  3.30000e+00
f066_d1             =  4.08882e-312
f066_d0             =  4.08882e-312
f066_complete       =  3.30000e+00
f066_invalid        =  0.00000e+00
f066_timeout        =  0.00000e+00
f066_sampled        =  1.01327e+00
f066_input          =  1.01277e+00
f066_tcomplete      =  3.33755e-05
f067_d7             =  3.30000e+00
f067_d6             =  5.05286e-297
f067_d5             =  4.08882e-312
f067_d4             =  4.08882e-312
f067_d3             =  5.05286e-297
f067_d2             =  3.30000e+00
f067_d1             =  3.30000e+00
f067_d0             =  4.08882e-312
f067_complete       =  3.30000e+00
f067_invalid        =  0.00000e+00
f067_timeout        =  0.00000e+00
f067_sampled        =  8.16657e-02
f067_input          =  8.09270e-02
f067_tcomplete      =  3.38755e-05
p_f000_cmp7_p0      =  -2.85230e-06
p_f000_cmp7_n0      =  -2.89553e-06
p_f000_cmp7_p5      =  3.30000e+00
p_f000_cmp7_n5      =  -1.72938e-06
p_f000_cmp6_p0      =  -8.19906e-06
p_f000_cmp6_n0      =  -8.19367e-06
p_f000_cmp6_p5      =  3.30000e+00
p_f000_cmp6_n5      =  -1.97104e-06
p_f000_cmp5_p0      =  -3.03371e-06
p_f000_cmp5_n0      =  -3.07738e-06
p_f000_cmp5_p5      =  3.30000e+00
p_f000_cmp5_n5      =  -1.63662e-06
p_f000_cmp4_p0      =  -2.93435e-06
p_f000_cmp4_n0      =  -2.97701e-06
p_f000_cmp4_p5      =  -1.64077e-06
p_f000_cmp4_n5      =  3.30000e+00
p_f000_cmp3_p0      =  -8.14305e-06
p_f000_cmp3_n0      =  -8.15190e-06
p_f000_cmp3_p5      =  -1.93854e-06
p_f000_cmp3_n5      =  3.30000e+00
p_f000_cmp2_p0      =  -8.14314e-06
p_f000_cmp2_n0      =  -8.15053e-06
p_f000_cmp2_p5      =  -1.93687e-06
p_f000_cmp2_n5      =  3.30000e+00
p_f000_cmp1_p0      =  -3.04049e-06
p_f000_cmp1_n0      =  -3.08253e-06
p_f000_cmp1_p5      =  -1.63537e-06
p_f000_cmp1_n5      =  3.30000e+00
p_f000_cmp0_p0      =  -8.18396e-06
p_f000_cmp0_n0      =  -8.18743e-06
p_f000_cmp0_p5      =  3.30000e+00
p_f000_cmp0_n5      =  -1.92372e-06
p_f000_dctrl7_p     =  3.30001e+00
p_f000_dctrl7_n     =  3.48034e-01
p_f000_dctrl6_p     =  3.26644e+00
p_f000_dctrl6_n     =  3.12381e-06
p_f000_dctrl5_p     =  3.29964e+00
p_f000_dctrl5_n     =  -1.63047e-06
p_f000_dctrl4_p     =  -1.17949e-07
p_f000_dctrl4_n     =  3.29999e+00
p_f000_dctrl3_p     =  -2.58026e-08
p_f000_dctrl3_n     =  3.30000e+00
p_f000_dctrl2_p     =  -1.28137e-08
p_f000_dctrl2_n     =  3.30000e+00
p_f000_dctrl1_p     =  -6.28922e-09
p_f000_dctrl1_n     =  3.30000e+00
p_f000_do7_drv_470  =  3.30000e+00
p_f000_do7_rx_470   =  3.30000e+00
p_f000_do6_drv_470  =  3.30000e+00
p_f000_do6_rx_470   =  3.30000e+00
p_f000_do5_drv_470  =  3.30000e+00
p_f000_do5_rx_470   =  3.30000e+00
p_f000_do4_drv_470  =  0.00000e+00
p_f000_do4_rx_470   =  0.00000e+00
p_f000_do3_drv_470  =  0.00000e+00
p_f000_do3_rx_470   =  0.00000e+00
p_f000_do2_drv_470  =  0.00000e+00
p_f000_do2_rx_470   =  0.00000e+00
p_f000_do1_drv_470  =  0.00000e+00
p_f000_do1_rx_470   =  0.00000e+00
p_f000_do0_drv_470  =  3.30000e+00
p_f000_do0_rx_470   =  3.30000e+00
p_f000_do7_drv_480  =  3.30000e+00
p_f000_do7_rx_480   =  3.30000e+00
p_f000_do6_drv_480  =  3.30000e+00
p_f000_do6_rx_480   =  3.30000e+00
p_f000_do5_drv_480  =  3.30000e+00
p_f000_do5_rx_480   =  3.30000e+00
p_f000_do4_drv_480  =  0.00000e+00
p_f000_do4_rx_480   =  0.00000e+00
p_f000_do3_drv_480  =  0.00000e+00
p_f000_do3_rx_480   =  0.00000e+00
p_f000_do2_drv_480  =  0.00000e+00
p_f000_do2_rx_480   =  0.00000e+00
p_f000_do1_drv_480  =  0.00000e+00
p_f000_do1_rx_480   =  0.00000e+00
p_f000_do0_drv_480  =  3.30000e+00
p_f000_do0_rx_480   =  3.30000e+00
p_f001_cmp7_p0      =  -2.95605e-06
p_f001_cmp7_n0      =  -3.00098e-06
p_f001_cmp7_p5      =  3.30000e+00
p_f001_cmp7_n5      =  -1.75475e-06
p_f001_cmp6_p0      =  -8.18439e-06
p_f001_cmp6_n0      =  -8.17023e-06
p_f001_cmp6_p5      =  3.30000e+00
p_f001_cmp6_n5      =  -1.99001e-06
p_f001_cmp5_p0      =  -3.03540e-06
p_f001_cmp5_n0      =  -3.08154e-06
p_f001_cmp5_p5      =  3.30000e+00
p_f001_cmp5_n5      =  -1.65145e-06
p_f001_cmp4_p0      =  -3.02359e-06
p_f001_cmp4_n0      =  -3.06811e-06
p_f001_cmp4_p5      =  3.30000e+00
p_f001_cmp4_n5      =  -1.63521e-06
p_f001_cmp3_p0      =  -8.14807e-06
p_f001_cmp3_n0      =  -8.15009e-06
p_f001_cmp3_p5      =  -1.95218e-06
p_f001_cmp3_n5      =  3.30000e+00
p_f001_cmp2_p0      =  -8.26423e-06
p_f001_cmp2_n0      =  -8.26605e-06
p_f001_cmp2_p5      =  -1.94869e-06
p_f001_cmp2_n5      =  3.30000e+00
p_f001_cmp1_p0      =  -3.23627e-06
p_f001_cmp1_n0      =  -3.28033e-06
p_f001_cmp1_p5      =  -1.64750e-06
p_f001_cmp1_n5      =  3.30000e+00
p_f001_cmp0_p0      =  -8.30516e-06
p_f001_cmp0_n0      =  -8.30295e-06
p_f001_cmp0_p5      =  -1.94514e-06
p_f001_cmp0_n5      =  3.30000e+00
p_f001_dctrl7_p     =  3.30001e+00
p_f001_dctrl7_n     =  3.48200e-01
p_f001_dctrl6_p     =  3.26641e+00
p_f001_dctrl6_n     =  3.49848e-06
p_f001_dctrl5_p     =  3.29964e+00
p_f001_dctrl5_n     =  -1.44757e-06
p_f001_dctrl4_p     =  3.29999e+00
p_f001_dctrl4_n     =  -1.35097e-07
p_f001_dctrl3_p     =  -2.57031e-08
p_f001_dctrl3_n     =  3.30000e+00
p_f001_dctrl2_p     =  -1.27212e-08
p_f001_dctrl2_n     =  3.30000e+00
p_f001_dctrl1_p     =  -6.23251e-09
p_f001_dctrl1_n     =  3.30000e+00
p_f001_do7_drv_470  =  3.30000e+00
p_f001_do7_rx_470   =  3.30000e+00
p_f001_do6_drv_470  =  3.30000e+00
p_f001_do6_rx_470   =  3.30000e+00
p_f001_do5_drv_470  =  3.30000e+00
p_f001_do5_rx_470   =  3.30000e+00
p_f001_do4_drv_470  =  3.30000e+00
p_f001_do4_rx_470   =  3.30000e+00
p_f001_do3_drv_470  =  0.00000e+00
p_f001_do3_rx_470   =  0.00000e+00
p_f001_do2_drv_470  =  0.00000e+00
p_f001_do2_rx_470   =  0.00000e+00
p_f001_do1_drv_470  =  0.00000e+00
p_f001_do1_rx_470   =  0.00000e+00
p_f001_do0_drv_470  =  0.00000e+00
p_f001_do0_rx_470   =  1.45696e-268
p_f001_do7_drv_480  =  3.30000e+00
p_f001_do7_rx_480   =  3.30000e+00
p_f001_do6_drv_480  =  3.30000e+00
p_f001_do6_rx_480   =  3.30000e+00
p_f001_do5_drv_480  =  3.30000e+00
p_f001_do5_rx_480   =  3.30000e+00
p_f001_do4_drv_480  =  3.30000e+00
p_f001_do4_rx_480   =  3.30000e+00
p_f001_do3_drv_480  =  0.00000e+00
p_f001_do3_rx_480   =  0.00000e+00
p_f001_do2_drv_480  =  0.00000e+00
p_f001_do2_rx_480   =  0.00000e+00
p_f001_do1_drv_480  =  0.00000e+00
p_f001_do1_rx_480   =  0.00000e+00
p_f001_do0_drv_480  =  0.00000e+00
p_f001_do0_rx_480   =  5.11520e-297
p_f002_cmp7_p0      =  -3.00720e-06
p_f002_cmp7_n0      =  -3.05300e-06
p_f002_cmp7_p5      =  3.30000e+00
p_f002_cmp7_n5      =  -1.73685e-06
p_f002_cmp6_p0      =  -8.45699e-06
p_f002_cmp6_n0      =  -8.44342e-06
p_f002_cmp6_p5      =  3.30000e+00
p_f002_cmp6_n5      =  -1.98807e-06
p_f002_cmp5_p0      =  -3.10042e-06
p_f002_cmp5_n0      =  -3.14560e-06
p_f002_cmp5_p5      =  -1.66005e-06
p_f002_cmp5_n5      =  3.30000e+00
p_f002_cmp4_p0      =  -3.08737e-06
p_f002_cmp4_n0      =  -3.13218e-06
p_f002_cmp4_p5      =  -1.65135e-06
p_f002_cmp4_n5      =  3.30000e+00
p_f002_cmp3_p0      =  -8.34835e-06
p_f002_cmp3_n0      =  -8.33921e-06
p_f002_cmp3_p5      =  3.30000e+00
p_f002_cmp3_n5      =  -1.95424e-06
p_f002_cmp2_p0      =  -8.34620e-06
p_f002_cmp2_n0      =  -8.34049e-06
p_f002_cmp2_p5      =  3.30000e+00
p_f002_cmp2_n5      =  -1.94767e-06
p_f002_cmp1_p0      =  -3.08203e-06
p_f002_cmp1_n0      =  -3.12772e-06
p_f002_cmp1_p5      =  -1.64597e-06
p_f002_cmp1_n5      =  3.30000e+00
p_f002_cmp0_p0      =  -8.38612e-06
p_f002_cmp0_n0      =  -8.37960e-06
p_f002_cmp0_p5      =  -1.95135e-06
p_f002_cmp0_n5      =  3.30000e+00
p_f002_dctrl7_p     =  3.30001e+00
p_f002_dctrl7_n     =  3.48310e-01
p_f002_dctrl6_p     =  3.26639e+00
p_f002_dctrl6_n     =  2.48545e-06
p_f002_dctrl5_p     =  -1.02310e-06
p_f002_dctrl5_n     =  3.29964e+00
p_f002_dctrl4_p     =  -1.33440e-07
p_f002_dctrl4_n     =  3.29999e+00
p_f002_dctrl3_p     =  3.30000e+00
p_f002_dctrl3_n     =  -2.62226e-08
p_f002_dctrl2_p     =  3.30000e+00
p_f002_dctrl2_n     =  -1.35344e-08
p_f002_dctrl1_p     =  -6.24370e-09
p_f002_dctrl1_n     =  3.30000e+00
p_f002_do7_drv_470  =  3.30000e+00
p_f002_do7_rx_470   =  3.30000e+00
p_f002_do6_drv_470  =  3.30000e+00
p_f002_do6_rx_470   =  3.30000e+00
p_f002_do5_drv_470  =  0.00000e+00
p_f002_do5_rx_470   =  1.47667e-268
p_f002_do4_drv_470  =  0.00000e+00
p_f002_do4_rx_470   =  1.47667e-268
p_f002_do3_drv_470  =  3.30000e+00
p_f002_do3_rx_470   =  3.30000e+00
p_f002_do2_drv_470  =  3.30000e+00
p_f002_do2_rx_470   =  3.30000e+00
p_f002_do1_drv_470  =  0.00000e+00
p_f002_do1_rx_470   =  0.00000e+00
p_f002_do0_drv_470  =  0.00000e+00
p_f002_do0_rx_470   =  4.08882e-312
p_f002_do7_drv_480  =  3.30000e+00
p_f002_do7_rx_480   =  3.30000e+00
p_f002_do6_drv_480  =  3.30000e+00
p_f002_do6_rx_480   =  3.30000e+00
p_f002_do5_drv_480  =  0.00000e+00
p_f002_do5_rx_480   =  5.18442e-297
p_f002_do4_drv_480  =  0.00000e+00
p_f002_do4_rx_480   =  5.18442e-297
p_f002_do3_drv_480  =  3.30000e+00
p_f002_do3_rx_480   =  3.30000e+00
p_f002_do2_drv_480  =  3.30000e+00
p_f002_do2_rx_480   =  3.30000e+00
p_f002_do1_drv_480  =  0.00000e+00
p_f002_do1_rx_480   =  0.00000e+00
p_f002_do0_drv_480  =  0.00000e+00
p_f002_do0_rx_480   =  4.08882e-312
p_f003_cmp7_p0      =  -2.85450e-06
p_f003_cmp7_n0      =  -2.89797e-06
p_f003_cmp7_p5      =  3.30000e+00
p_f003_cmp7_n5      =  -1.71531e-06
p_f003_cmp6_p0      =  -8.57360e-06
p_f003_cmp6_n0      =  -8.59109e-06
p_f003_cmp6_p5      =  -1.99161e-06
p_f003_cmp6_n5      =  3.30000e+00
p_f003_cmp5_p0      =  -2.98005e-06
p_f003_cmp5_n0      =  -3.02341e-06
p_f003_cmp5_p5      =  -1.64758e-06
p_f003_cmp5_n5      =  3.30000e+00
p_f003_cmp4_p0      =  -2.96396e-06
p_f003_cmp4_n0      =  -3.00687e-06
p_f003_cmp4_p5      =  -1.64256e-06
p_f003_cmp4_n5      =  3.30000e+00
p_f003_cmp3_p0      =  -8.18363e-06
p_f003_cmp3_n0      =  -8.18794e-06
p_f003_cmp3_p5      =  -1.93897e-06
p_f003_cmp3_n5      =  3.30000e+00
p_f003_cmp2_p0      =  -8.18204e-06
p_f003_cmp2_n0      =  -8.18291e-06
p_f003_cmp2_p5      =  3.30000e+00
p_f003_cmp2_n5      =  -1.93667e-06
p_f003_cmp1_p0      =  -2.95559e-06
p_f003_cmp1_n0      =  -2.99958e-06
p_f003_cmp1_p5      =  3.30000e+00
p_f003_cmp1_n5      =  -1.62810e-06
p_f003_cmp0_p0      =  -8.22433e-06
p_f003_cmp0_n0      =  -8.22604e-06
p_f003_cmp0_p5      =  -1.93742e-06
p_f003_cmp0_n5      =  3.30000e+00
p_f003_dctrl7_p     =  3.30001e+00
p_f003_dctrl7_n     =  3.48082e-01
p_f003_dctrl6_p     =  3.06146e-05
p_f003_dctrl6_n     =  3.26643e+00
p_f003_dctrl5_p     =  -1.10920e-06
p_f003_dctrl5_n     =  3.29964e+00
p_f003_dctrl4_p     =  -1.21297e-07
p_f003_dctrl4_n     =  3.29999e+00
p_f003_dctrl3_p     =  -2.78184e-08
p_f003_dctrl3_n     =  3.30000e+00
p_f003_dctrl2_p     =  3.30000e+00
p_f003_dctrl2_n     =  -1.31871e-08
p_f003_dctrl1_p     =  3.30000e+00
p_f003_dctrl1_n     =  -6.29612e-09
p_f003_do7_drv_470  =  3.30000e+00
p_f003_do7_rx_470   =  3.30000e+00
p_f003_do6_drv_470  =  0.00000e+00
p_f003_do6_rx_470   =  1.45051e-268
p_f003_do5_drv_470  =  0.00000e+00
p_f003_do5_rx_470   =  4.08882e-312
p_f003_do4_drv_470  =  0.00000e+00
p_f003_do4_rx_470   =  4.08882e-312
p_f003_do3_drv_470  =  0.00000e+00
p_f003_do3_rx_470   =  1.45051e-268
p_f003_do2_drv_470  =  3.30000e+00
p_f003_do2_rx_470   =  3.30000e+00
p_f003_do1_drv_470  =  3.30000e+00
p_f003_do1_rx_470   =  3.30000e+00
p_f003_do0_drv_470  =  0.00000e+00
p_f003_do0_rx_470   =  4.08882e-312
p_f003_do7_drv_480  =  3.30000e+00
p_f003_do7_rx_480   =  3.30000e+00
p_f003_do6_drv_480  =  0.00000e+00
p_f003_do6_rx_480   =  5.09256e-297
p_f003_do5_drv_480  =  0.00000e+00
p_f003_do5_rx_480   =  4.08882e-312
p_f003_do4_drv_480  =  0.00000e+00
p_f003_do4_rx_480   =  4.08882e-312
p_f003_do3_drv_480  =  0.00000e+00
p_f003_do3_rx_480   =  5.09256e-297
p_f003_do2_drv_480  =  3.30000e+00
p_f003_do2_rx_480   =  3.30000e+00
p_f003_do1_drv_480  =  3.30000e+00
p_f003_do1_rx_480   =  3.30000e+00
p_f003_do0_drv_480  =  0.00000e+00
p_f003_do0_rx_480   =  4.08882e-312
p_f064_cmp7_p0      =  -2.94699e-06
p_f064_cmp7_n0      =  -2.99162e-06
p_f064_cmp7_p5      =  3.30000e+00
p_f064_cmp7_n5      =  -1.73819e-06
p_f064_cmp6_p0      =  -8.31964e-06
p_f064_cmp6_n0      =  -8.30757e-06
p_f064_cmp6_p5      =  3.30000e+00
p_f064_cmp6_n5      =  -1.98240e-06
p_f064_cmp5_p0      =  -2.86622e-06
p_f064_cmp5_n0      =  -2.90788e-06
p_f064_cmp5_p5      =  3.30000e+00
p_f064_cmp5_n5      =  -1.62542e-06
p_f064_cmp4_p0      =  -3.02837e-06
p_f064_cmp4_n0      =  -3.07245e-06
p_f064_cmp4_p5      =  -1.65014e-06
p_f064_cmp4_n5      =  3.30000e+00
p_f064_cmp3_p0      =  -7.94143e-06
p_f064_cmp3_n0      =  -7.95987e-06
p_f064_cmp3_p5      =  -1.92087e-06
p_f064_cmp3_n5      =  3.30000e+00
p_f064_cmp2_p0      =  -8.26426e-06
p_f064_cmp2_n0      =  -8.26573e-06
p_f064_cmp2_p5      =  -1.94816e-06
p_f064_cmp2_n5      =  3.30000e+00
p_f064_cmp1_p0      =  -2.91314e-06
p_f064_cmp1_n0      =  -2.95480e-06
p_f064_cmp1_p5      =  -1.62528e-06
p_f064_cmp1_n5      =  3.30000e+00
p_f064_cmp0_p0      =  -7.94130e-06
p_f064_cmp0_n0      =  -7.95707e-06
p_f064_cmp0_p5      =  3.30000e+00
p_f064_cmp0_n5      =  -1.90448e-06
p_f064_dctrl7_p     =  3.30001e+00
p_f064_dctrl7_n     =  3.47979e-01
p_f064_dctrl6_p     =  3.26642e+00
p_f064_dctrl6_n     =  3.12554e-06
p_f064_dctrl5_p     =  3.29964e+00
p_f064_dctrl5_n     =  -1.62851e-06
p_f064_dctrl4_p     =  -1.18043e-07
p_f064_dctrl4_n     =  3.29999e+00
p_f064_dctrl3_p     =  -2.58033e-08
p_f064_dctrl3_n     =  3.30000e+00
p_f064_dctrl2_p     =  -1.28570e-08
p_f064_dctrl2_n     =  3.30000e+00
p_f064_dctrl1_p     =  -6.29815e-09
p_f064_dctrl1_n     =  3.30000e+00
p_f064_do7_drv_470  =  3.30000e+00
p_f064_do7_rx_470   =  3.30000e+00
p_f064_do6_drv_470  =  3.30000e+00
p_f064_do6_rx_470   =  3.30000e+00
p_f064_do5_drv_470  =  3.30000e+00
p_f064_do5_rx_470   =  3.30000e+00
p_f064_do4_drv_470  =  0.00000e+00
p_f064_do4_rx_470   =  4.08882e-312
p_f064_do3_drv_470  =  0.00000e+00
p_f064_do3_rx_470   =  4.08882e-312
p_f064_do2_drv_470  =  0.00000e+00
p_f064_do2_rx_470   =  1.41567e-268
p_f064_do1_drv_470  =  0.00000e+00
p_f064_do1_rx_470   =  1.41567e-268
p_f064_do0_drv_470  =  3.30000e+00
p_f064_do0_rx_470   =  3.30000e+00
p_f064_do7_drv_480  =  3.30000e+00
p_f064_do7_rx_480   =  3.30000e+00
p_f064_do6_drv_480  =  3.30000e+00
p_f064_do6_rx_480   =  3.30000e+00
p_f064_do5_drv_480  =  3.30000e+00
p_f064_do5_rx_480   =  3.30000e+00
p_f064_do4_drv_480  =  0.00000e+00
p_f064_do4_rx_480   =  4.08882e-312
p_f064_do3_drv_480  =  0.00000e+00
p_f064_do3_rx_480   =  4.08882e-312
p_f064_do2_drv_480  =  0.00000e+00
p_f064_do2_rx_480   =  4.97026e-297
p_f064_do1_drv_480  =  0.00000e+00
p_f064_do1_rx_480   =  4.97026e-297
p_f064_do0_drv_480  =  3.30000e+00
p_f064_do0_rx_480   =  3.30000e+00
p_f065_cmp7_p0      =  -3.08162e-06
p_f065_cmp7_n0      =  -3.12841e-06
p_f065_cmp7_p5      =  3.30000e+00
p_f065_cmp7_n5      =  -1.76810e-06
p_f065_cmp6_p0      =  -8.32877e-06
p_f065_cmp6_n0      =  -8.30536e-06
p_f065_cmp6_p5      =  3.30000e+00
p_f065_cmp6_n5      =  -2.00553e-06
p_f065_cmp5_p0      =  -2.94171e-06
p_f065_cmp5_n0      =  -2.98646e-06
p_f065_cmp5_p5      =  3.30000e+00
p_f065_cmp5_n5      =  -1.64243e-06
p_f065_cmp4_p0      =  -3.14915e-06
p_f065_cmp4_n0      =  -3.19598e-06
p_f065_cmp4_p5      =  3.30000e+00
p_f065_cmp4_n5      =  -1.65007e-06
p_f065_cmp3_p0      =  -8.10269e-06
p_f065_cmp3_n0      =  -8.11372e-06
p_f065_cmp3_p5      =  -1.93559e-06
p_f065_cmp3_n5      =  3.30000e+00
p_f065_cmp2_p0      =  -8.42568e-06
p_f065_cmp2_n0      =  -8.41968e-06
p_f065_cmp2_p5      =  -1.96409e-06
p_f065_cmp2_n5      =  3.30000e+00
p_f065_cmp1_p0      =  -3.12174e-06
p_f065_cmp1_n0      =  -3.16511e-06
p_f065_cmp1_p5      =  -1.64310e-06
p_f065_cmp1_n5      =  3.30000e+00
p_f065_cmp0_p0      =  -8.10299e-06
p_f065_cmp0_n0      =  -8.11084e-06
p_f065_cmp0_p5      =  -1.96388e-06
p_f065_cmp0_n5      =  3.30000e+00
p_f065_dctrl7_p     =  3.30001e+00
p_f065_dctrl7_n     =  3.48200e-01
p_f065_dctrl6_p     =  3.26638e+00
p_f065_dctrl6_n     =  3.49641e-06
p_f065_dctrl5_p     =  3.29964e+00
p_f065_dctrl5_n     =  -1.44554e-06
p_f065_dctrl4_p     =  3.29999e+00
p_f065_dctrl4_n     =  -1.34770e-07
p_f065_dctrl3_p     =  -2.56934e-08
p_f065_dctrl3_n     =  3.30000e+00
p_f065_dctrl2_p     =  -1.27136e-08
p_f065_dctrl2_n     =  3.30000e+00
p_f065_dctrl1_p     =  -6.25844e-09
p_f065_dctrl1_n     =  3.30000e+00
p_f065_do7_drv_470  =  3.30000e+00
p_f065_do7_rx_470   =  3.30000e+00
p_f065_do6_drv_470  =  3.30000e+00
p_f065_do6_rx_470   =  3.30000e+00
p_f065_do5_drv_470  =  3.30000e+00
p_f065_do5_rx_470   =  3.30000e+00
p_f065_do4_drv_470  =  3.30000e+00
p_f065_do4_rx_470   =  3.30000e+00
p_f065_do3_drv_470  =  0.00000e+00
p_f065_do3_rx_470   =  4.08882e-312
p_f065_do2_drv_470  =  0.00000e+00
p_f065_do2_rx_470   =  4.08882e-312
p_f065_do1_drv_470  =  0.00000e+00
p_f065_do1_rx_470   =  4.08882e-312
p_f065_do0_drv_470  =  0.00000e+00
p_f065_do0_rx_470   =  1.47064e-268
p_f065_do7_drv_480  =  3.30000e+00
p_f065_do7_rx_480   =  3.30000e+00
p_f065_do6_drv_480  =  3.30000e+00
p_f065_do6_rx_480   =  3.30000e+00
p_f065_do5_drv_480  =  3.30000e+00
p_f065_do5_rx_480   =  3.30000e+00
p_f065_do4_drv_480  =  3.30000e+00
p_f065_do4_rx_480   =  3.30000e+00
p_f065_do3_drv_480  =  0.00000e+00
p_f065_do3_rx_480   =  4.08882e-312
p_f065_do2_drv_480  =  0.00000e+00
p_f065_do2_rx_480   =  4.08882e-312
p_f065_do1_drv_480  =  0.00000e+00
p_f065_do1_rx_480   =  4.08882e-312
p_f065_do0_drv_480  =  0.00000e+00
p_f065_do0_rx_480   =  5.16325e-297
p_f066_cmp7_p0      =  -3.13359e-06
p_f066_cmp7_n0      =  -3.18128e-06
p_f066_cmp7_p5      =  3.30000e+00
p_f066_cmp7_n5      =  -1.75117e-06
p_f066_cmp6_p0      =  -8.78779e-06
p_f066_cmp6_n0      =  -8.76804e-06
p_f066_cmp6_p5      =  3.30000e+00
p_f066_cmp6_n5      =  -2.00263e-06
p_f066_cmp5_p0      =  -3.00691e-06
p_f066_cmp5_n0      =  -3.05068e-06
p_f066_cmp5_p5      =  -1.65105e-06
p_f066_cmp5_n5      =  3.30000e+00
p_f066_cmp4_p0      =  -3.21312e-06
p_f066_cmp4_n0      =  -3.25980e-06
p_f066_cmp4_p5      =  -1.66381e-06
p_f066_cmp4_n5      =  3.30000e+00
p_f066_cmp3_p0      =  -7.63691e-06
p_f066_cmp3_n0      =  -7.62843e-06
p_f066_cmp3_p5      =  3.30000e+00
p_f066_cmp3_n5      =  -1.94744e-06
p_f066_cmp2_p0      =  -8.50781e-06
p_f066_cmp2_n0      =  -8.49405e-06
p_f066_cmp2_p5      =  3.30000e+00
p_f066_cmp2_n5      =  -1.96119e-06
p_f066_cmp1_p0      =  -3.05048e-06
p_f066_cmp1_n0      =  -3.09570e-06
p_f066_cmp1_p5      =  -1.64292e-06
p_f066_cmp1_n5      =  3.30000e+00
p_f066_cmp0_p0      =  -8.18393e-06
p_f066_cmp0_n0      =  -8.18752e-06
p_f066_cmp0_p5      =  -1.92934e-06
p_f066_cmp0_n5      =  3.30000e+00
p_f066_dctrl7_p     =  3.30001e+00
p_f066_dctrl7_n     =  3.48310e-01
p_f066_dctrl6_p     =  3.26636e+00
p_f066_dctrl6_n     =  2.48597e-06
p_f066_dctrl5_p     =  -1.02313e-06
p_f066_dctrl5_n     =  3.29964e+00
p_f066_dctrl4_p     =  -1.33807e-07
p_f066_dctrl4_n     =  3.29999e+00
p_f066_dctrl3_p     =  3.30000e+00
p_f066_dctrl3_n     =  -2.62966e-08
p_f066_dctrl2_p     =  3.30000e+00
p_f066_dctrl2_n     =  -1.34985e-08
p_f066_dctrl1_p     =  -6.26640e-09
p_f066_dctrl1_n     =  3.30000e+00
p_f066_do7_drv_470  =  3.30000e+00
p_f066_do7_rx_470   =  3.30000e+00
p_f066_do6_drv_470  =  3.30000e+00
p_f066_do6_rx_470   =  3.30000e+00
p_f066_do5_drv_470  =  0.00000e+00
p_f066_do5_rx_470   =  1.47702e-268
p_f066_do4_drv_470  =  0.00000e+00
p_f066_do4_rx_470   =  1.47702e-268
p_f066_do3_drv_470  =  3.30000e+00
p_f066_do3_rx_470   =  3.30000e+00
p_f066_do2_drv_470  =  3.30000e+00
p_f066_do2_rx_470   =  3.30000e+00
p_f066_do1_drv_470  =  0.00000e+00
p_f066_do1_rx_470   =  4.08882e-312
p_f066_do0_drv_470  =  0.00000e+00
p_f066_do0_rx_470   =  4.08882e-312
p_f066_do7_drv_480  =  3.30000e+00
p_f066_do7_rx_480   =  3.30000e+00
p_f066_do6_drv_480  =  3.30000e+00
p_f066_do6_rx_480   =  3.30000e+00
p_f066_do5_drv_480  =  0.00000e+00
p_f066_do5_rx_480   =  5.18563e-297
p_f066_do4_drv_480  =  0.00000e+00
p_f066_do4_rx_480   =  5.18563e-297
p_f066_do3_drv_480  =  3.30000e+00
p_f066_do3_rx_480   =  3.30000e+00
p_f066_do2_drv_480  =  3.30000e+00
p_f066_do2_rx_480   =  3.30000e+00
p_f066_do1_drv_480  =  0.00000e+00
p_f066_do1_rx_480   =  4.08882e-312
p_f066_do0_drv_480  =  0.00000e+00
p_f066_do0_rx_480   =  4.08882e-312
p_f067_cmp7_p0      =  -2.98272e-06
p_f067_cmp7_n0      =  -3.02809e-06
p_f067_cmp7_p5      =  3.30000e+00
p_f067_cmp7_n5      =  -1.72920e-06
p_f067_cmp6_p0      =  -9.36738e-06
p_f067_cmp6_n0      =  -9.38812e-06
p_f067_cmp6_p5      =  -1.99737e-06
p_f067_cmp6_n5      =  3.30000e+00
p_f067_cmp5_p0      =  -2.88665e-06
p_f067_cmp5_n0      =  -2.92860e-06
p_f067_cmp5_p5      =  -1.63866e-06
p_f067_cmp5_n5      =  3.30000e+00
p_f067_cmp4_p0      =  -3.08959e-06
p_f067_cmp4_n0      =  -3.13438e-06
p_f067_cmp4_p5      =  -1.65500e-06
p_f067_cmp4_n5      =  3.30000e+00
p_f067_cmp3_p0      =  -8.02209e-06
p_f067_cmp3_n0      =  -8.03441e-06
p_f067_cmp3_p5      =  -1.92352e-06
p_f067_cmp3_n5      =  3.30000e+00
p_f067_cmp2_p0      =  -8.86252e-06
p_f067_cmp2_n0      =  -8.86409e-06
p_f067_cmp2_p5      =  3.30000e+00
p_f067_cmp2_n5      =  -1.94834e-06
p_f067_cmp1_p0      =  -2.92404e-06
p_f067_cmp1_n0      =  -2.96757e-06
p_f067_cmp1_p5      =  3.30000e+00
p_f067_cmp1_n5      =  -1.62554e-06
p_f067_cmp0_p0      =  -8.02212e-06
p_f067_cmp0_n0      =  -8.03406e-06
p_f067_cmp0_p5      =  -1.91764e-06
p_f067_cmp0_n5      =  3.30000e+00
p_f067_dctrl7_p     =  3.30001e+00
p_f067_dctrl7_n     =  3.48083e-01
p_f067_dctrl6_p     =  3.06425e-05
p_f067_dctrl6_n     =  3.26640e+00
p_f067_dctrl5_p     =  -1.10864e-06
p_f067_dctrl5_n     =  3.29964e+00
p_f067_dctrl4_p     =  -1.21624e-07
p_f067_dctrl4_n     =  3.29999e+00
p_f067_dctrl3_p     =  -2.76769e-08
p_f067_dctrl3_n     =  3.30000e+00
p_f067_dctrl2_p     =  3.30000e+00
p_f067_dctrl2_n     =  -1.31524e-08
p_f067_dctrl1_p     =  3.30000e+00
p_f067_dctrl1_n     =  -6.31010e-09
p_f067_do7_drv_470  =  3.30000e+00
p_f067_do7_rx_470   =  3.30000e+00
p_f067_do6_drv_470  =  0.00000e+00
p_f067_do6_rx_470   =  1.43920e-268
p_f067_do5_drv_470  =  0.00000e+00
p_f067_do5_rx_470   =  4.08882e-312
p_f067_do4_drv_470  =  0.00000e+00
p_f067_do4_rx_470   =  4.08882e-312
p_f067_do3_drv_470  =  0.00000e+00
p_f067_do3_rx_470   =  1.43920e-268
p_f067_do2_drv_470  =  3.30000e+00
p_f067_do2_rx_470   =  3.30000e+00
p_f067_do1_drv_470  =  3.30000e+00
p_f067_do1_rx_470   =  3.30000e+00
p_f067_do0_drv_470  =  0.00000e+00
p_f067_do0_rx_470   =  4.08882e-312
p_f067_do7_drv_480  =  3.30000e+00
p_f067_do7_rx_480   =  3.30000e+00
p_f067_do6_drv_480  =  0.00000e+00
p_f067_do6_rx_480   =  5.05286e-297
p_f067_do5_drv_480  =  0.00000e+00
p_f067_do5_rx_480   =  4.08882e-312
p_f067_do4_drv_480  =  0.00000e+00
p_f067_do4_rx_480   =  4.08882e-312
p_f067_do3_drv_480  =  0.00000e+00
p_f067_do3_rx_480   =  5.05286e-297
p_f067_do2_drv_480  =  3.30000e+00
p_f067_do2_rx_480   =  3.30000e+00
p_f067_do1_drv_480  =  3.30000e+00
p_f067_do1_rx_480   =  3.30000e+00
p_f067_do0_drv_480  =  0.00000e+00
p_f067_do0_rx_480   =  4.08882e-312
ngspice-46 done
