
Note: Compatibility modes selected: hs a

Warning: m=xx on .subckt line will override multiplier m hierarchy!


Circuit: * a44 actual analog core with fixed tt timed behavioral sar control.

Reducing trtol to 1 for xspice 'A' devices
Doing analysis at TEMP = 27.000000 and TNOM = 27.000000

Using SPARSE 1.3 as Direct Linear Solver

Initial Transient Solution
--------------------------

Node                                   Voltage
----                                   -------
vdd                                        3.3
vrefp_src                                  2.5
vrefp                                      2.5
vrefp_cap                                  2.5
vrefn_src                                  0.8
vrefn                                      0.8
vrefn_cap                                  0.8
vinp_src                               2.29144
vinn_src                               1.00856
vinp                                   2.29144
vinn                                   1.00856
clks_src                                     0
clks                                         0
cmp_noise                          -0.00158666
xcore.xcdacp.vbot1                         2.5
dctrlp1                                      0
xcore.vresp_raw                     0.00145053
xcore.xcdacp.vbot2                         2.5
dctrlp2                                      0
xcore.xcdacp.vbot3                         2.5
dctrlp3                                      0
xcore.xcdacp.vbot4                         2.5
dctrlp4                                      0
xcore.xcdacp.vbot5                         2.5
dctrlp5                                      0
xcore.xcdacp.vbot6                         2.5
dctrlp6                                      0
xcore.xcdacp.vbot7                         2.5
dctrlp7                                      0
xcore.xcdacp.x1.clksb                      3.3
xcore.xcdacp.x1.net2               1.35069e-10
xcore.xcdacp.x1.net1                       3.3
xcore.xcdacp.x1.bottom_gate        6.15942e-09
xcore.xcdacp.x1.net4               3.07502e-09
xcore.xcdacp.x1.net3                       3.3
xcore.xcdacn.vbot1                         2.5
dctrln1                                      0
xcore.vresn_raw                    0.000179376
xcore.xcdacn.vbot2                         2.5
dctrln2                                      0
xcore.xcdacn.vbot3                         2.5
dctrln3                                      0
xcore.xcdacn.vbot4                         2.5
dctrln4                                      0
xcore.xcdacn.vbot5                         2.5
dctrln5                                      0
xcore.xcdacn.vbot6                         2.5
dctrln6                                      0
xcore.xcdacn.vbot7                         2.5
dctrln7                                      0
xcore.xcdacn.x1.clksb                      3.3
xcore.xcdacn.x1.net2               1.55318e-10
xcore.xcdacn.x1.net1                       3.3
xcore.xcdacn.x1.bottom_gate        6.14261e-09
xcore.xcdacn.x1.net4               3.07076e-09
xcore.xcdacn.x1.net3                       3.3
vresp                              0.000657206
vresn                              0.000972705
xcore.xcmp.net1                      0.0216432
cmpck                                        0
xcore.xcmp.xp                              3.3
xcore.xcmp.xn                              3.3
xcore.xcmp.ln                              3.3
xcore.xcmp.lp                              3.3
dcmpn                              3.71009e-09
dcmpp                              3.63334e-09
sampled_diff                      -0.000315499
input_diff                             1.28289
cmpck_drv                                    0
dctrlp7_drv                                  0
dctrlp6_drv                                  0
dctrlp5_drv                                  0
dctrlp4_drv                                  0
dctrlp3_drv                                  0
dctrlp2_drv                                  0
dctrlp1_drv                                  0
dctrln7_drv                                  0
dctrln6_drv                                  0
dctrln5_drv                                  0
dctrln4_drv                                  0
dctrln3_drv                                  0
dctrln2_drv                                  0
dctrln1_drv                                  0
dout7_drv                                    0
dout6_drv                                    0
dout5_drv                                    0
dout4_drv                                    0
dout3_drv                                    0
dout2_drv                                    0
dout1_drv                                    0
dout0_drv                                    0
eoc                                          0
invalid0                                     0
timeout0                                     0
complete                                     0
dout7_rx                                     0
dout6_rx                                     0
dout5_rx                                     0
dout4_rx                                     0
dout3_rx                                     0
dout2_rx                                     0
dout1_rx                                     0
dout0_rx                                     0
e_input_diff#branch               -1.28289e-10
e_sample_diff#branch               3.15499e-14
e.xcore.e_cmp_noise_n#branch      -9.72705e-14
e.xcore.e_cmp_noise_p#branch      -6.57206e-14
vcmp_noise#branch                  1.58666e-13
vclks_id#branch                              0
vvinn_id#branch                   -4.15708e-10
vvinp_id#branch                   -9.44485e-10
vvrefn_id#branch                  -1.76652e-09
vvrefp_id#branch                  -1.52079e-08
vvdd#branch                        -1.7753e-08
a_status#branch_1_0                          0
a_status#branch_1_1                          0
a_status#branch_1_2                          0
a_status#branch_1_3                          0
a_dout#branch_1_0                            0
a_dout#branch_1_1                            0
a_dout#branch_1_2                            0
a_dout#branch_1_3                            0
a_dout#branch_1_4                            0
a_dout#branch_1_5                            0
a_dout#branch_1_6                            0
a_dout#branch_1_7                            0
a_dctrln#branch_1_0                          0
a_dctrln#branch_1_1                          0
a_dctrln#branch_1_2                          0
a_dctrln#branch_1_3                          0
a_dctrln#branch_1_4                          0
a_dctrln#branch_1_5                          0
a_dctrln#branch_1_6                          0
a_dctrlp#branch_1_0                          0
a_dctrlp#branch_1_1                          0
a_dctrlp#branch_1_2                          0
a_dctrlp#branch_1_3                          0
a_dctrlp#branch_1_4                          0
a_dctrlp#branch_1_5                          0
a_dctrlp#branch_1_6                          0
a_cmpck#branch_1_0                           0


Instance: abeh   Message: WARNING: output scheduled with impossible delay (-4.01e-12) at 5.01e-12/0.

Instance: abeh   Message: XSPICE time is behind vtime:
XSPICE 2.005232171269495e-07
Cosim  2.00551e-07

Instance: abeh   Message: XSPICE time is behind vtime:
XSPICE 7.00519686943331e-07
Cosim  7.00553e-07

Instance: abeh   Message: XSPICE time is behind vtime:
XSPICE 1.200543649991807e-06
Cosim  1.200557e-06

Instance: abeh   Message: XSPICE time is behind vtime:
XSPICE 2.200535203738776e-06
Cosim  2.200543e-06

Instance: abeh   Message: XSPICE time is behind vtime:
XSPICE 2.700497539178935e-06
Cosim  2.700531e-06

Instance: abeh   Message: XSPICE time is behind vtime:
XSPICE 3.200520353698533e-06
Cosim  3.200553e-06

Instance: abeh   Message: XSPICE time is behind vtime:
XSPICE 4.700530626208807e-06
Cosim  4.700554e-06

Instance: abeh   Message: XSPICE time is behind vtime:
XSPICE 5.200517686946373e-06
Cosim  5.200551e-06

Instance: abeh   Message: XSPICE time is behind vtime:
XSPICE 5.7005331134807e-06
Cosim  5.700552e-06

Instance: abeh   Message: XSPICE time is behind vtime:
XSPICE 7.200517539168145e-06
Cosim  7.200551e-06

Instance: abeh   Message: XSPICE time is behind vtime:
XSPICE 7.700518539169123e-06
Cosim  7.700551999999999e-06

Instance: abeh   Message: XSPICE time is behind vtime:
XSPICE 9.200534647256394e-06
Cosim  9.200552999999999e-06

Instance: abeh   Message: XSPICE time is behind vtime:
XSPICE 9.700518686947114e-06
Cosim  9.700552e-06

Instance: abeh   Message: XSPICE time is behind vtime:
XSPICE 1.020050615910353e-05
Cosim  1.020053e-05

Instance: abeh   Message: XSPICE time is behind vtime:
XSPICE 1.170052469693291e-05
Cosim  1.1700557e-05

Instance: abeh   Message: XSPICE time is behind vtime:
XSPICE 1.220049853918063e-05
Cosim  1.2200532e-05

Instance: abeh   Message: XSPICE time is behind vtime:
XSPICE 1.270053458337469e-05
Cosim  1.2700543e-05

Instance: abeh   Message: XSPICE time is behind vtime:
XSPICE 1.37005402347733e-05
Cosim  1.3700553e-05

Instance: abeh   Message: XSPICE time is behind vtime:
XSPICE 1.420051968694282e-05
Cosim  1.4200553e-05

Instance: abeh   Message: XSPICE time is behind vtime:
XSPICE 1.470052281592991e-05
Cosim  1.4700551e-05

Instance: abeh   Message: XSPICE time is behind vtime:
XSPICE 1.620052338398107e-05
Cosim  1.6200552e-05

Instance: abeh   Message: XSPICE time is behind vtime:
XSPICE 1.670051953919117e-05
Cosim  1.6700553e-05

Instance: abeh   Message: XSPICE time is behind vtime:
XSPICE 1.720053960857969e-05
Cosim  1.7200554e-05

Instance: abeh   Message: XSPICE time is behind vtime:
XSPICE 1.820053734084572e-05
Cosim  1.8200544e-05

Instance: abeh   Message: XSPICE time is behind vtime:
XSPICE 1.870049768693429e-05
Cosim  1.8700531e-05

Instance: abeh   Message: XSPICE time is behind vtime:
XSPICE 1.92005221457867e-05
Cosim  1.9200554e-05

Instance: abeh   Message: XSPICE time is behind vtime:
XSPICE 2.070053272537667e-05
Cosim  2.0700557e-05

Instance: abeh   Message: XSPICE time is behind vtime:
XSPICE 2.120051853919531e-05
Cosim  2.1200552e-05

Instance: abeh   Message: XSPICE time is behind vtime:
XSPICE 2.170053215156404e-05
Cosim  2.1700552e-05

Instance: abeh   Message: XSPICE time is behind vtime:
XSPICE 2.320051768692787e-05
Cosim  2.3200551e-05

Instance: abeh   Message: XSPICE time is behind vtime:
XSPICE 2.370051768692845e-05
Cosim  2.3700551e-05

Instance: abeh   Message: XSPICE time is behind vtime:
XSPICE 2.520053367818053e-05
Cosim  2.5200553e-05

Instance: abeh   Message: XSPICE time is behind vtime:
XSPICE 2.570051853919519e-05
Cosim  2.5700552e-05

Instance: abeh   Message: XSPICE time is behind vtime:
XSPICE 2.620050626059808e-05
Cosim  2.6200531e-05

Instance: abeh   Message: XSPICE time is behind vtime:
XSPICE 2.7700498482922e-05
Cosim  2.770053e-05

Instance: abeh   Message: XSPICE time is behind vtime:
XSPICE 2.820049768693619e-05
Cosim  2.8200531e-05

Instance: abeh   Message: XSPICE time is behind vtime:
XSPICE 2.870053670291329e-05
Cosim  2.8700544e-05

Instance: abeh   Message: XSPICE time is behind vtime:
XSPICE 2.970051718803698e-05
Cosim  2.9700531e-05

Instance: abeh   Message: XSPICE time is behind vtime:
XSPICE 3.020051953918886e-05
Cosim  3.0200553e-05

Instance: abeh   Message: XSPICE time is behind vtime:
XSPICE 3.070052298425425e-05
Cosim  3.0700552e-05

Instance: abeh   Message: XSPICE time is behind vtime:
XSPICE 3.220052321824274e-05
Cosim  3.2200551e-05

Instance: abeh   Message: XSPICE time is behind vtime:
XSPICE 3.270051968694067e-05
Cosim  3.2700553e-05

Instance: abeh   Message: XSPICE time is behind vtime:
XSPICE 3.320054364847448e-05
Cosim  3.3200557e-05

No. of Data Rows : 735148
f000_d7             =  3.30000e+00
f000_d6             =  3.30000e+00
f000_d5             =  0.00000e+00
f000_d4             =  3.30000e+00
f000_d3             =  0.00000e+00
f000_d2             =  3.30000e+00
f000_d1             =  3.30000e+00
f000_d0             =  0.00000e+00
f000_complete       =  3.30000e+00
f000_invalid        =  0.00000e+00
f000_timeout        =  0.00000e+00
f000_sampled        =  1.28130e+00
f000_input          =  1.28289e+00
f000_tcomplete      =  3.75501e-07
f001_d7             =  3.30000e+00
f001_d6             =  3.30000e+00
f001_d5             =  3.30000e+00
f001_d4             =  5.13017e-297
f001_d3             =  0.00000e+00
f001_d2             =  3.30000e+00
f001_d1             =  5.13017e-297
f001_d0             =  3.30000e+00
f001_complete       =  3.30000e+00
f001_invalid        =  0.00000e+00
f001_timeout        =  0.00000e+00
f001_sampled        =  1.48430e+00
f001_input          =  1.48490e+00
f001_tcomplete      =  8.75503e-07
f002_d7             =  3.30000e+00
f002_d6             =  3.30000e+00
f002_d5             =  5.49043e-297
f002_d4             =  4.08882e-312
f002_d3             =  0.00000e+00
f002_d2             =  5.49043e-297
f002_d1             =  4.08882e-312
f002_d0             =  3.30000e+00
f002_complete       =  3.30000e+00
f002_invalid        =  0.00000e+00
f002_timeout        =  0.00000e+00
f002_sampled        =  1.01324e+00
f002_input          =  1.01280e+00
f002_tcomplete      =  1.37551e-06
f003_d7             =  3.30000e+00
f003_d6             =  5.21038e-297
f003_d5             =  4.08882e-312
f003_d4             =  4.08882e-312
f003_d3             =  0.00000e+00
f003_d2             =  4.08882e-312
f003_d1             =  3.30000e+00
f003_d0             =  3.30000e+00
f003_complete       =  3.30000e+00
f003_invalid        =  0.00000e+00
f003_timeout        =  0.00000e+00
f003_sampled        =  8.07697e-02
f003_input          =  8.09031e-02
f003_tcomplete      =  1.87550e-06
f004_d7             =  4.88665e-297
f004_d6             =  4.08882e-312
f004_d5             =  3.30000e+00
f004_d4             =  3.30000e+00
f004_d3             =  3.30000e+00
f004_d2             =  4.08882e-312
f004_d1             =  3.30000e+00
f004_d0             =  4.88665e-297
f004_complete       =  3.30000e+00
f004_invalid        =  0.00000e+00
f004_timeout        =  0.00000e+00
f004_sampled        =  -8.87903e-01
f004_input          =  -8.87657e-01
f004_tcomplete      =  2.37549e-06
f005_d7             =  4.08882e-312
f005_d6             =  4.08882e-312
f005_d5             =  4.49681e-297
f005_d4             =  4.49681e-297
f005_d3             =  3.30000e+00
f005_d2             =  3.30000e+00
f005_d1             =  3.30000e+00
f005_d0             =  3.30000e+00
f005_complete       =  3.30000e+00
f005_invalid        =  0.00000e+00
f005_timeout        =  0.00000e+00
f005_sampled        =  -1.45342e+00
f005_input          =  -1.45334e+00
f005_tcomplete      =  2.87548e-06
f006_d7             =  4.08882e-312
f006_d6             =  4.08882e-312
f006_d5             =  4.08882e-312
f006_d4             =  3.30000e+00
f006_d3             =  5.20586e-297
f006_d2             =  3.30000e+00
f006_d1             =  3.30000e+00
f006_d0             =  5.20586e-297
f006_complete       =  3.30000e+00
f006_invalid        =  0.00000e+00
f006_timeout        =  0.00000e+00
f006_sampled        =  -1.35949e+00
f006_input          =  -1.35923e+00
f006_tcomplete      =  3.37550e-06
f007_d7             =  4.08882e-312
f007_d6             =  3.30000e+00
f007_d5             =  4.08882e-312
f007_d4             =  4.49036e-297
f007_d3             =  3.30000e+00
f007_d2             =  3.30000e+00
f007_d1             =  4.49036e-297
f007_d0             =  4.08882e-312
f007_complete       =  3.30000e+00
f007_invalid        =  0.00000e+00
f007_timeout        =  0.00000e+00
f007_sampled        =  -6.49181e-01
f007_input          =  -6.47935e-01
f007_tcomplete      =  3.87548e-06
f008_d7             =  3.30000e+00
f008_d6             =  4.55409e-297
f008_d5             =  4.08882e-312
f008_d4             =  3.30000e+00
f008_d3             =  3.30000e+00
f008_d2             =  4.55409e-297
f008_d1             =  4.08882e-312
f008_d0             =  4.08882e-312
f008_complete       =  3.30000e+00
f008_invalid        =  0.00000e+00
f008_timeout        =  0.00000e+00
f008_sampled        =  3.58283e-01
f008_input          =  3.57372e-01
f008_tcomplete      =  4.37548e-06
f009_d7             =  3.30000e+00
f009_d6             =  3.30000e+00
f009_d5             =  4.08882e-312
f009_d4             =  3.30000e+00
f009_d3             =  3.30000e+00
f009_d2             =  4.08882e-312
f009_d1             =  4.08882e-312
f009_d0             =  4.08882e-312
f009_complete       =  3.30000e+00
f009_invalid        =  0.00000e+00
f009_timeout        =  0.00000e+00
f009_sampled        =  1.20339e+00
f009_input          =  1.20041e+00
f009_tcomplete      =  4.87550e-06
f010_d7             =  3.30000e+00
f010_d6             =  3.30000e+00
f010_d5             =  3.30000e+00
f010_d4             =  5.13334e-297
f010_d3             =  3.30000e+00
f010_d2             =  3.30000e+00
f010_d1             =  3.30000e+00
f010_d0             =  4.08882e-312
f010_complete       =  3.30000e+00
f010_invalid        =  0.00000e+00
f010_timeout        =  0.00000e+00
f010_sampled        =  1.50011e+00
f010_input          =  1.49859e+00
f010_tcomplete      =  5.37550e-06
f011_d7             =  3.30000e+00
f011_d6             =  3.30000e+00
f011_d5             =  5.13030e-297
f011_d4             =  3.30000e+00
f011_d3             =  5.13030e-297
f011_d2             =  5.13030e-297
f011_d1             =  5.13030e-297
f011_d0             =  3.30000e+00
f011_complete       =  3.30000e+00
f011_invalid        =  0.00000e+00
f011_timeout        =  0.00000e+00
f011_sampled        =  1.11643e+00
f011_input          =  1.11640e+00
f011_tcomplete      =  5.87550e-06
f012_d7             =  3.30000e+00
f012_d6             =  5.32383e-297
f012_d5             =  4.08882e-312
f012_d4             =  5.32383e-297
f012_d3             =  3.30000e+00
f012_d2             =  3.30000e+00
f012_d1             =  3.30000e+00
f012_d0             =  5.32383e-297
f012_complete       =  3.30000e+00
f012_invalid        =  0.00000e+00
f012_timeout        =  0.00000e+00
f012_sampled        =  2.28119e-01
f012_input          =  2.27236e-01
f012_tcomplete      =  6.37551e-06
f013_d7             =  5.01536e-297
f013_d6             =  3.30000e+00
f013_d5             =  4.08882e-312
f013_d4             =  4.08882e-312
f013_d3             =  5.01536e-297
f013_d2             =  5.01536e-297
f013_d1             =  3.30000e+00
f013_d0             =  3.30000e+00
f013_complete       =  3.30000e+00
f013_invalid        =  0.00000e+00
f013_timeout        =  0.00000e+00
f013_sampled        =  -7.66585e-01
f013_input          =  -7.64869e-01
f013_tcomplete      =  6.87550e-06
f014_d7             =  4.08882e-312
f014_d6             =  5.11835e-297
f014_d5             =  4.08882e-312
f014_d4             =  3.30000e+00
f014_d3             =  4.08882e-312
f014_d2             =  4.08882e-312
f014_d1             =  3.30000e+00
f014_d0             =  3.30000e+00
f014_complete       =  3.30000e+00
f014_invalid        =  0.00000e+00
f014_timeout        =  0.00000e+00
f014_sampled        =  -1.41253e+00
f014_input          =  -1.40981e+00
f014_tcomplete      =  7.37550e-06
f015_d7             =  4.08882e-312
f015_d6             =  4.08882e-312
f015_d5             =  4.08882e-312
f015_d4             =  3.30000e+00
f015_d3             =  4.08882e-312
f015_d2             =  4.08882e-312
f015_d1             =  3.30000e+00
f015_d0             =  5.35410e-297
f015_complete       =  3.30000e+00
f015_invalid        =  0.00000e+00
f015_timeout        =  0.00000e+00
f015_sampled        =  -1.41614e+00
f015_input          =  -1.41472e+00
f015_tcomplete      =  7.87550e-06
f016_d7             =  4.08882e-312
f016_d6             =  3.30000e+00
f016_d5             =  4.08882e-312
f016_d4             =  5.11024e-297
f016_d3             =  4.08882e-312
f016_d2             =  4.08882e-312
f016_d1             =  3.30000e+00
f016_d0             =  4.08882e-312
f016_complete       =  3.30000e+00
f016_invalid        =  0.00000e+00
f016_timeout        =  0.00000e+00
f016_sampled        =  -7.80758e-01
f016_input          =  -7.77443e-01
f016_tcomplete      =  8.37550e-06
f017_d7             =  3.30000e+00
f017_d6             =  4.46640e-297
f017_d5             =  4.08882e-312
f017_d4             =  4.08882e-312
f017_d3             =  3.30000e+00
f017_d2             =  3.30000e+00
f017_d1             =  4.46640e-297
f017_d0             =  3.30000e+00
f017_complete       =  3.30000e+00
f017_invalid        =  0.00000e+00
f017_timeout        =  0.00000e+00
f017_sampled        =  2.11258e-01
f017_input          =  2.12790e-01
f017_tcomplete      =  8.87548e-06
f018_d7             =  3.30000e+00
f018_d6             =  3.30000e+00
f018_d5             =  4.08882e-312
f018_d4             =  3.30000e+00
f018_d3             =  5.20993e-297
f018_d2             =  5.20993e-297
f018_d1             =  4.08882e-312
f018_d0             =  5.20993e-297
f018_complete       =  3.30000e+00
f018_invalid        =  0.00000e+00
f018_timeout        =  0.00000e+00
f018_sampled        =  1.10838e+00
f018_input          =  1.10645e+00
f018_tcomplete      =  9.37550e-06
f019_d7             =  3.30000e+00
f019_d6             =  3.30000e+00
f019_d5             =  3.30000e+00
f019_d4             =  5.22482e-297
f019_d3             =  3.30000e+00
f019_d2             =  3.30000e+00
f019_d1             =  3.30000e+00
f019_d0             =  4.08882e-312
f019_complete       =  3.30000e+00
f019_invalid        =  0.00000e+00
f019_timeout        =  0.00000e+00
f019_sampled        =  1.49717e+00
f019_input          =  1.49786e+00
f019_tcomplete      =  9.87550e-06
f020_d7             =  3.30000e+00
f020_d6             =  3.30000e+00
f020_d5             =  4.48405e-297
f020_d4             =  3.30000e+00
f020_d3             =  3.30000e+00
f020_d2             =  4.48405e-297
f020_d1             =  4.48405e-297
f020_d0             =  4.08882e-312
f020_complete       =  3.30000e+00
f020_invalid        =  0.00000e+00
f020_timeout        =  0.00000e+00
f020_sampled        =  1.20976e+00
f020_input          =  1.20913e+00
f020_tcomplete      =  1.03755e-05
f021_d7             =  3.30000e+00
f021_d6             =  4.46684e-297
f021_d5             =  4.08882e-312
f021_d4             =  3.30000e+00
f021_d3             =  3.30000e+00
f021_d2             =  4.08882e-312
f021_d1             =  4.08882e-312
f021_d0             =  3.30000e+00
f021_complete       =  3.30000e+00
f021_invalid        =  0.00000e+00
f021_timeout        =  0.00000e+00
f021_sampled        =  3.71209e-01
f021_input          =  3.71654e-01
f021_tcomplete      =  1.08755e-05
f022_d7             =  4.55448e-297
f022_d6             =  3.30000e+00
f022_d5             =  4.08882e-312
f022_d4             =  4.55448e-297
f022_d3             =  3.30000e+00
f022_d2             =  3.30000e+00
f022_d1             =  4.08882e-312
f022_d0             =  3.30000e+00
f022_complete       =  3.30000e+00
f022_invalid        =  0.00000e+00
f022_timeout        =  0.00000e+00
f022_sampled        =  -6.36118e-01
f022_input          =  -6.34615e-01
f022_tcomplete      =  1.13755e-05
f023_d7             =  4.08882e-312
f023_d6             =  5.27664e-297
f023_d5             =  4.08882e-312
f023_d4             =  3.30000e+00
f023_d3             =  5.27664e-297
f023_d2             =  3.30000e+00
f023_d1             =  3.30000e+00
f023_d0             =  3.30000e+00
f023_complete       =  3.30000e+00
f023_invalid        =  0.00000e+00
f023_timeout        =  0.00000e+00
f023_sampled        =  -1.35295e+00
f023_input          =  -1.35273e+00
f023_tcomplete      =  1.18755e-05
f024_d7             =  4.08882e-312
f024_d6             =  4.08882e-312
f024_d5             =  4.08882e-312
f024_d4             =  4.52410e-297
f024_d3             =  3.30000e+00
f024_d2             =  3.30000e+00
f024_d1             =  3.30000e+00
f024_d0             =  3.30000e+00
f024_complete       =  3.30000e+00
f024_invalid        =  0.00000e+00
f024_timeout        =  0.00000e+00
f024_sampled        =  -1.45540e+00
f024_input          =  -1.45680e+00
f024_tcomplete      =  1.23755e-05
f025_d7             =  4.08882e-312
f025_d6             =  4.08882e-312
f025_d5             =  3.30000e+00
f025_d4             =  3.30000e+00
f025_d3             =  3.30000e+00
f025_d2             =  4.84204e-297
f025_d1             =  4.84204e-297
f025_d0             =  3.30000e+00
f025_complete       =  3.30000e+00
f025_invalid        =  0.00000e+00
f025_timeout        =  0.00000e+00
f025_sampled        =  -8.99759e-01
f025_input          =  -8.99405e-01
f025_tcomplete      =  1.28755e-05
f026_d7             =  3.30000e+00
f026_d6             =  4.08882e-312
f026_d5             =  5.15955e-297
f026_d4             =  5.15955e-297
f026_d3             =  5.15955e-297
f026_d2             =  4.08882e-312
f026_d1             =  3.30000e+00
f026_d0             =  5.15955e-297
f026_complete       =  3.30000e+00
f026_invalid        =  0.00000e+00
f026_timeout        =  0.00000e+00
f026_sampled        =  6.71020e-02
f026_input          =  6.63089e-02
f026_tcomplete      =  1.33755e-05
f027_d7             =  3.30000e+00
f027_d6             =  3.30000e+00
f027_d5             =  4.08882e-312
f027_d4             =  4.08882e-312
f027_d3             =  3.30000e+00
f027_d2             =  4.08882e-312
f027_d1             =  5.20060e-297
f027_d0             =  4.08882e-312
f027_complete       =  3.30000e+00
f027_invalid        =  0.00000e+00
f027_timeout        =  0.00000e+00
f027_sampled        =  1.00264e+00
f027_input          =  1.00188e+00
f027_tcomplete      =  1.38755e-05
f028_d7             =  3.30000e+00
f028_d6             =  3.30000e+00
f028_d5             =  3.30000e+00
f028_d4             =  4.08882e-312
f028_d3             =  3.30000e+00
f028_d2             =  3.30000e+00
f028_d1             =  4.08882e-312
f028_d0             =  3.30000e+00
f028_complete       =  3.30000e+00
f028_invalid        =  0.00000e+00
f028_timeout        =  0.00000e+00
f028_sampled        =  1.48638e+00
f028_input          =  1.48266e+00
f028_tcomplete      =  1.43755e-05
f029_d7             =  3.30000e+00
f029_d6             =  3.30000e+00
f029_d5             =  5.13691e-297
f029_d4             =  3.30000e+00
f029_d3             =  3.30000e+00
f029_d2             =  3.30000e+00
f029_d1             =  3.30000e+00
f029_d0             =  5.13691e-297
f029_complete       =  3.30000e+00
f029_invalid        =  0.00000e+00
f029_timeout        =  0.00000e+00
f029_sampled        =  1.29152e+00
f029_input          =  1.29041e+00
f029_tcomplete      =  1.48755e-05
f030_d7             =  3.30000e+00
f030_d6             =  4.53034e-297
f030_d5             =  3.30000e+00
f030_d4             =  4.53034e-297
f030_d3             =  4.53034e-297
f030_d2             =  4.53034e-297
f030_d1             =  3.30000e+00
f030_d0             =  3.30000e+00
f030_complete       =  3.30000e+00
f030_invalid        =  0.00000e+00
f030_timeout        =  0.00000e+00
f030_sampled        =  5.12431e-01
f030_input          =  5.12337e-01
f030_tcomplete      =  1.53755e-05
f031_d7             =  4.62550e-297
f031_d6             =  3.30000e+00
f031_d5             =  4.62550e-297
f031_d4             =  3.30000e+00
f031_d3             =  4.08882e-312
f031_d2             =  3.30000e+00
f031_d1             =  3.30000e+00
f031_d0             =  3.30000e+00
f031_complete       =  3.30000e+00
f031_invalid        =  0.00000e+00
f031_timeout        =  0.00000e+00
f031_sampled        =  -4.98416e-01
f031_input          =  -4.98325e-01
f031_tcomplete      =  1.58755e-05
f032_d7             =  4.08882e-312
f032_d6             =  5.16671e-297
f032_d5             =  4.08882e-312
f032_d4             =  3.30000e+00
f032_d3             =  3.30000e+00
f032_d2             =  3.30000e+00
f032_d1             =  5.16671e-297
f032_d0             =  5.16671e-297
f032_complete       =  3.30000e+00
f032_invalid        =  0.00000e+00
f032_timeout        =  0.00000e+00
f032_sampled        =  -1.28177e+00
f032_input          =  -1.28276e+00
f032_tcomplete      =  1.63755e-05
f033_d7             =  4.08882e-312
f033_d6             =  4.08882e-312
f033_d5             =  4.08882e-312
f033_d4             =  5.12887e-297
f033_d3             =  3.30000e+00
f033_d2             =  3.30000e+00
f033_d1             =  4.08882e-312
f033_d0             =  3.30000e+00
f033_complete       =  3.30000e+00
f033_invalid        =  0.00000e+00
f033_timeout        =  0.00000e+00
f033_sampled        =  -1.48279e+00
f033_input          =  -1.48474e+00
f033_tcomplete      =  1.68755e-05
f034_d7             =  4.08882e-312
f034_d6             =  4.08882e-312
f034_d5             =  3.30000e+00
f034_d4             =  3.30000e+00
f034_d3             =  5.24177e-297
f034_d2             =  5.24177e-297
f034_d1             =  4.08882e-312
f034_d0             =  5.24177e-297
f034_complete       =  3.30000e+00
f034_invalid        =  0.00000e+00
f034_timeout        =  0.00000e+00
f034_sampled        =  -1.01039e+00
f034_input          =  -1.01280e+00
f034_tcomplete      =  1.73755e-05
f035_d7             =  4.08882e-312
f035_d6             =  3.30000e+00
f035_d5             =  3.30000e+00
f035_d4             =  3.30000e+00
f035_d3             =  4.08882e-312
f035_d2             =  3.30000e+00
f035_d1             =  3.30000e+00
f035_d0             =  3.30000e+00
f035_complete       =  3.30000e+00
f035_invalid        =  0.00000e+00
f035_timeout        =  0.00000e+00
f035_sampled        =  -8.03660e-02
f035_input          =  -8.09378e-02
f035_tcomplete      =  1.78755e-05
f036_d7             =  3.30000e+00
f036_d6             =  3.30000e+00
f036_d5             =  4.91851e-297
f036_d4             =  4.91851e-297
f036_d3             =  4.08882e-312
f036_d2             =  4.91851e-297
f036_d1             =  4.91851e-297
f036_d0             =  4.91851e-297
f036_complete       =  3.30000e+00
f036_invalid        =  0.00000e+00
f036_timeout        =  0.00000e+00
f036_sampled        =  8.90073e-01
f036_input          =  8.87602e-01
f036_tcomplete      =  1.83755e-05
f037_d7             =  3.30000e+00
f037_d6             =  3.30000e+00
f037_d5             =  3.30000e+00
f037_d4             =  4.08882e-312
f037_d3             =  3.30000e+00
f037_d2             =  4.08882e-312
f037_d1             =  3.30000e+00
f037_d0             =  4.08882e-312
f037_complete       =  3.30000e+00
f037_invalid        =  0.00000e+00
f037_timeout        =  0.00000e+00
f037_sampled        =  1.45170e+00
f037_input          =  1.45311e+00
f037_tcomplete      =  1.88755e-05
f038_d7             =  3.30000e+00
f038_d6             =  3.30000e+00
f038_d5             =  3.30000e+00
f038_d4             =  4.08882e-312
f038_d3             =  5.20012e-297
f038_d2             =  3.30000e+00
f038_d1             =  5.20012e-297
f038_d0             =  4.08882e-312
f038_complete       =  3.30000e+00
f038_invalid        =  0.00000e+00
f038_timeout        =  0.00000e+00
f038_sampled        =  1.35865e+00
f038_input          =  1.35911e+00
f038_tcomplete      =  1.93755e-05
f039_d7             =  3.30000e+00
f039_d6             =  4.49111e-297
f039_d5             =  3.30000e+00
f039_d4             =  4.08882e-312
f039_d3             =  3.30000e+00
f039_d2             =  3.30000e+00
f039_d1             =  3.30000e+00
f039_d0             =  4.08882e-312
f039_complete       =  3.30000e+00
f039_invalid        =  0.00000e+00
f039_timeout        =  0.00000e+00
f039_sampled        =  6.45928e-01
f039_input          =  6.47982e-01
f039_tcomplete      =  1.98755e-05
f040_d7             =  4.52179e-297
f040_d6             =  3.30000e+00
f040_d5             =  3.30000e+00
f040_d4             =  4.08882e-312
f040_d3             =  4.52179e-297
f040_d2             =  4.52179e-297
f040_d1             =  3.30000e+00
f040_d0             =  4.08882e-312
f040_complete       =  3.30000e+00
f040_invalid        =  0.00000e+00
f040_timeout        =  0.00000e+00
f040_sampled        =  -3.59513e-01
f040_input          =  -3.57256e-01
f040_tcomplete      =  2.03755e-05
f041_d7             =  4.08882e-312
f041_d6             =  5.52290e-297
f041_d5             =  3.30000e+00
f041_d4             =  4.08882e-312
f041_d3             =  4.08882e-312
f041_d2             =  4.08882e-312
f041_d1             =  3.30000e+00
f041_d0             =  4.08882e-312
f041_complete       =  3.30000e+00
f041_invalid        =  0.00000e+00
f041_timeout        =  0.00000e+00
f041_sampled        =  -1.20230e+00
f041_input          =  -1.20037e+00
f041_tcomplete      =  2.08755e-05
f042_d7             =  4.08882e-312
f042_d6             =  4.08882e-312
f042_d5             =  5.37308e-297
f042_d4             =  4.08882e-312
f042_d3             =  3.30000e+00
f042_d2             =  3.30000e+00
f042_d1             =  5.37308e-297
f042_d0             =  4.08882e-312
f042_complete       =  3.30000e+00
f042_invalid        =  0.00000e+00
f042_timeout        =  0.00000e+00
f042_sampled        =  -1.49931e+00
f042_input          =  -1.49878e+00
f042_tcomplete      =  2.13755e-05
f043_d7             =  4.08882e-312
f043_d6             =  4.08882e-312
f043_d5             =  3.30000e+00
f043_d4             =  4.08882e-312
f043_d3             =  3.30000e+00
f043_d2             =  5.09981e-297
f043_d1             =  4.08882e-312
f043_d0             =  3.30000e+00
f043_complete       =  3.30000e+00
f043_invalid        =  0.00000e+00
f043_timeout        =  0.00000e+00
f043_sampled        =  -1.11472e+00
f043_input          =  -1.11635e+00
f043_tcomplete      =  2.18755e-05
f044_d7             =  4.08882e-312
f044_d6             =  3.30000e+00
f044_d5             =  3.30000e+00
f044_d4             =  4.08882e-312
f044_d3             =  3.30000e+00
f044_d2             =  3.30000e+00
f044_d1             =  4.08882e-312
f044_d0             =  5.30811e-297
f044_complete       =  3.30000e+00
f044_invalid        =  0.00000e+00
f044_timeout        =  0.00000e+00
f044_sampled        =  -2.28350e-01
f044_input          =  -2.27413e-01
f044_tcomplete      =  2.23755e-05
f045_d7             =  3.30000e+00
f045_d6             =  5.01272e-297
f045_d5             =  3.30000e+00
f045_d4             =  3.30000e+00
f045_d3             =  5.01272e-297
f045_d2             =  3.30000e+00
f045_d1             =  3.30000e+00
f045_d0             =  3.30000e+00
f045_complete       =  3.30000e+00
f045_invalid        =  0.00000e+00
f045_timeout        =  0.00000e+00
f045_sampled        =  7.64704e-01
f045_input          =  7.64902e-01
f045_tcomplete      =  2.28755e-05
f046_d7             =  3.30000e+00
f046_d6             =  3.30000e+00
f046_d5             =  3.30000e+00
f046_d4             =  5.10368e-297
f046_d3             =  4.08882e-312
f046_d2             =  3.30000e+00
f046_d1             =  3.30000e+00
f046_d0             =  3.30000e+00
f046_complete       =  3.30000e+00
f046_invalid        =  0.00000e+00
f046_timeout        =  0.00000e+00
f046_sampled        =  1.41000e+00
f046_input          =  1.40990e+00
f046_tcomplete      =  2.33755e-05
f047_d7             =  3.30000e+00
f047_d6             =  3.30000e+00
f047_d5             =  3.30000e+00
f047_d4             =  4.08882e-312
f047_d3             =  4.08882e-312
f047_d2             =  3.30000e+00
f047_d1             =  3.30000e+00
f047_d0             =  3.30000e+00
f047_complete       =  3.30000e+00
f047_invalid        =  0.00000e+00
f047_timeout        =  0.00000e+00
f047_sampled        =  1.41489e+00
f047_input          =  1.41492e+00
f047_tcomplete      =  2.38755e-05
f048_d7             =  3.30000e+00
f048_d6             =  5.14045e-297
f048_d5             =  3.30000e+00
f048_d4             =  3.30000e+00
f048_d3             =  3.30000e+00
f048_d2             =  5.14045e-297
f048_d1             =  5.14045e-297
f048_d0             =  5.14045e-297
f048_complete       =  3.30000e+00
f048_invalid        =  0.00000e+00
f048_timeout        =  0.00000e+00
f048_sampled        =  7.77988e-01
f048_input          =  7.77472e-01
f048_tcomplete      =  2.43755e-05
f049_d7             =  5.27471e-297
f049_d6             =  3.30000e+00
f049_d5             =  3.30000e+00
f049_d4             =  5.27471e-297
f049_d3             =  3.30000e+00
f049_d2             =  3.30000e+00
f049_d1             =  4.08882e-312
f049_d0             =  3.30000e+00
f049_complete       =  3.30000e+00
f049_invalid        =  0.00000e+00
f049_timeout        =  0.00000e+00
f049_sampled        =  -2.12651e-01
f049_input          =  -2.12829e-01
f049_tcomplete      =  2.48755e-05
f050_d7             =  4.08882e-312
f050_d6             =  5.33081e-297
f050_d5             =  3.30000e+00
f050_d4             =  4.08882e-312
f050_d3             =  3.30000e+00
f050_d2             =  5.33081e-297
f050_d1             =  4.08882e-312
f050_d0             =  3.30000e+00
f050_complete       =  3.30000e+00
f050_invalid        =  0.00000e+00
f050_timeout        =  0.00000e+00
f050_sampled        =  -1.10596e+00
f050_input          =  -1.10639e+00
f050_tcomplete      =  2.53755e-05
f051_d7             =  4.08882e-312
f051_d6             =  4.08882e-312
f051_d5             =  5.16550e-297
f051_d4             =  4.08882e-312
f051_d3             =  3.30000e+00
f051_d2             =  3.30000e+00
f051_d1             =  4.08882e-312
f051_d0             =  5.16550e-297
f051_complete       =  3.30000e+00
f051_invalid        =  0.00000e+00
f051_timeout        =  0.00000e+00
f051_sampled        =  -1.49717e+00
f051_input          =  -1.49778e+00
f051_tcomplete      =  2.58755e-05
f052_d7             =  4.08882e-312
f052_d6             =  4.08882e-312
f052_d5             =  3.30000e+00
f052_d4             =  4.08882e-312
f052_d3             =  4.52216e-297
f052_d2             =  4.52216e-297
f052_d1             =  3.30000e+00
f052_d0             =  4.08882e-312
f052_complete       =  3.30000e+00
f052_invalid        =  0.00000e+00
f052_timeout        =  0.00000e+00
f052_sampled        =  -1.20951e+00
f052_input          =  -1.20918e+00
f052_tcomplete      =  2.63755e-05
f053_d7             =  4.08882e-312
f053_d6             =  3.30000e+00
f053_d5             =  3.30000e+00
f053_d4             =  4.08882e-312
f053_d3             =  4.08882e-312
f053_d2             =  4.08882e-312
f053_d1             =  4.55326e-297
f053_d0             =  3.30000e+00
f053_complete       =  3.30000e+00
f053_invalid        =  0.00000e+00
f053_timeout        =  0.00000e+00
f053_sampled        =  -3.72640e-01
f053_input          =  -3.71572e-01
f053_tcomplete      =  2.68755e-05
f054_d7             =  3.30000e+00
f054_d6             =  4.46573e-297
f054_d5             =  3.30000e+00
f054_d4             =  4.08882e-312
f054_d3             =  3.30000e+00
f054_d2             =  3.30000e+00
f054_d1             =  4.08882e-312
f054_d0             =  3.30000e+00
f054_complete       =  3.30000e+00
f054_invalid        =  0.00000e+00
f054_timeout        =  0.00000e+00
f054_sampled        =  6.34029e-01
f054_input          =  6.34697e-01
f054_tcomplete      =  2.73755e-05
f055_d7             =  3.30000e+00
f055_d6             =  3.30000e+00
f055_d5             =  3.30000e+00
f055_d4             =  4.08882e-312
f055_d3             =  4.46689e-297
f055_d2             =  4.46689e-297
f055_d1             =  3.30000e+00
f055_d0             =  3.30000e+00
f055_complete       =  3.30000e+00
f055_invalid        =  0.00000e+00
f055_timeout        =  0.00000e+00
f055_sampled        =  1.35309e+00
f055_input          =  1.35281e+00
f055_tcomplete      =  2.78755e-05
f056_d7             =  3.30000e+00
f056_d6             =  3.30000e+00
f056_d5             =  3.30000e+00
f056_d4             =  4.08882e-312
f056_d3             =  3.30000e+00
f056_d2             =  4.08882e-312
f056_d1             =  3.30000e+00
f056_d0             =  3.30000e+00
f056_complete       =  3.30000e+00
f056_invalid        =  0.00000e+00
f056_timeout        =  0.00000e+00
f056_sampled        =  1.45769e+00
f056_input          =  1.45679e+00
f056_tcomplete      =  2.83755e-05
f057_d7             =  3.30000e+00
f057_d6             =  3.30000e+00
f057_d5             =  5.05619e-297
f057_d4             =  4.08882e-312
f057_d3             =  5.05619e-297
f057_d2             =  4.08882e-312
f057_d1             =  5.05619e-297
f057_d0             =  3.30000e+00
f057_complete       =  3.30000e+00
f057_invalid        =  0.00000e+00
f057_timeout        =  0.00000e+00
f057_sampled        =  8.98647e-01
f057_input          =  8.99520e-01
f057_tcomplete      =  2.88755e-05
f058_d7             =  5.12156e-297
f058_d6             =  3.30000e+00
f058_d5             =  3.30000e+00
f058_d4             =  3.30000e+00
f058_d3             =  3.30000e+00
f058_d2             =  4.08882e-312
f058_d1             =  4.08882e-312
f058_d0             =  5.12156e-297
f058_complete       =  3.30000e+00
f058_invalid        =  0.00000e+00
f058_timeout        =  0.00000e+00
f058_sampled        =  -6.62008e-02
f058_input          =  -6.62988e-02
f058_tcomplete      =  2.93755e-05
f059_d7             =  4.08882e-312
f059_d6             =  4.49931e-297
f059_d5             =  3.30000e+00
f059_d4             =  3.30000e+00
f059_d3             =  4.49931e-297
f059_d2             =  4.08882e-312
f059_d1             =  4.08882e-312
f059_d0             =  3.30000e+00
f059_complete       =  3.30000e+00
f059_invalid        =  0.00000e+00
f059_timeout        =  0.00000e+00
f059_sampled        =  -9.99151e-01
f059_input          =  -1.00183e+00
f059_tcomplete      =  2.98755e-05
f060_d7             =  4.08882e-312
f060_d6             =  4.08882e-312
f060_d5             =  5.19695e-297
f060_d4             =  5.19695e-297
f060_d3             =  3.30000e+00
f060_d2             =  3.30000e+00
f060_d1             =  4.08882e-312
f060_d0             =  3.30000e+00
f060_complete       =  3.30000e+00
f060_invalid        =  0.00000e+00
f060_timeout        =  0.00000e+00
f060_sampled        =  -1.48082e+00
f060_input          =  -1.48278e+00
f060_tcomplete      =  3.03755e-05
f061_d7             =  4.08882e-312
f061_d6             =  4.08882e-312
f061_d5             =  4.08882e-312
f061_d4             =  3.30000e+00
f061_d3             =  3.30000e+00
f061_d2             =  5.13104e-297
f061_d1             =  3.30000e+00
f061_d0             =  3.30000e+00
f061_complete       =  3.30000e+00
f061_invalid        =  0.00000e+00
f061_timeout        =  0.00000e+00
f061_sampled        =  -1.29013e+00
f061_input          =  -1.29033e+00
f061_tcomplete      =  3.08755e-05
f062_d7             =  4.08882e-312
f062_d6             =  3.30000e+00
f062_d5             =  4.08882e-312
f062_d4             =  3.30000e+00
f062_d3             =  4.57355e-297
f062_d2             =  3.30000e+00
f062_d1             =  3.30000e+00
f062_d0             =  4.57355e-297
f062_complete       =  3.30000e+00
f062_invalid        =  0.00000e+00
f062_timeout        =  0.00000e+00
f062_sampled        =  -5.10336e-01
f062_input          =  -5.12256e-01
f062_tcomplete      =  3.13755e-05
f063_d7             =  3.30000e+00
f063_d6             =  4.59941e-297
f063_d5             =  3.30000e+00
f063_d4             =  4.59941e-297
f063_d3             =  4.08882e-312
f063_d2             =  4.59941e-297
f063_d1             =  3.30000e+00
f063_d0             =  4.08882e-312
f063_complete       =  3.30000e+00
f063_invalid        =  0.00000e+00
f063_timeout        =  0.00000e+00
f063_sampled        =  4.99809e-01
f063_input          =  4.98379e-01
f063_tcomplete      =  3.18755e-05
f064_d7             =  3.30000e+00
f064_d6             =  3.30000e+00
f064_d5             =  5.07454e-297
f064_d4             =  3.30000e+00
f064_d3             =  3.30000e+00
f064_d2             =  3.30000e+00
f064_d1             =  5.07454e-297
f064_d0             =  3.30000e+00
f064_complete       =  3.30000e+00
f064_invalid        =  0.00000e+00
f064_timeout        =  0.00000e+00
f064_sampled        =  1.28496e+00
f064_input          =  1.28290e+00
f064_tcomplete      =  3.23755e-05
f065_d7             =  3.30000e+00
f065_d6             =  3.30000e+00
f065_d5             =  3.30000e+00
f065_d4             =  5.13001e-297
f065_d3             =  3.30000e+00
f065_d2             =  3.30000e+00
f065_d1             =  4.08882e-312
f065_d0             =  3.30000e+00
f065_complete       =  3.30000e+00
f065_invalid        =  0.00000e+00
f065_timeout        =  0.00000e+00
f065_sampled        =  1.48502e+00
f065_input          =  1.48476e+00
f065_tcomplete      =  3.28755e-05
f066_d7             =  3.30000e+00
f066_d6             =  3.30000e+00
f066_d5             =  5.46560e-297
f066_d4             =  4.08882e-312
f066_d3             =  3.30000e+00
f066_d2             =  5.46560e-297
f066_d1             =  4.08882e-312
f066_d0             =  3.30000e+00
f066_complete       =  3.30000e+00
f066_invalid        =  0.00000e+00
f066_timeout        =  0.00000e+00
f066_sampled        =  1.01644e+00
f066_input          =  1.01282e+00
f066_tcomplete      =  3.33755e-05
f067_d7             =  3.30000e+00
f067_d6             =  5.10069e-297
f067_d5             =  4.08882e-312
f067_d4             =  4.08882e-312
f067_d3             =  5.10069e-297
f067_d2             =  4.08882e-312
f067_d1             =  3.30000e+00
f067_d0             =  3.30000e+00
f067_complete       =  3.30000e+00
f067_invalid        =  0.00000e+00
f067_timeout        =  0.00000e+00
f067_sampled        =  8.40694e-02
f067_input          =  8.09018e-02
f067_tcomplete      =  3.38755e-05
p_f000_cmp7_p0      =  -3.15125e-06
p_f000_cmp7_n0      =  -3.30029e-06
p_f000_cmp7_p5      =  3.30000e+00
p_f000_cmp7_n5      =  -1.78234e-06
p_f000_cmp6_p0      =  -7.99951e-06
p_f000_cmp6_n0      =  -7.92843e-06
p_f000_cmp6_p5      =  3.30000e+00
p_f000_cmp6_n5      =  -2.04289e-06
p_f000_cmp5_p0      =  -3.26573e-06
p_f000_cmp5_n0      =  -3.41970e-06
p_f000_cmp5_p5      =  -1.67582e-06
p_f000_cmp5_n5      =  3.30000e+00
p_f000_cmp4_p0      =  -3.26138e-06
p_f000_cmp4_n0      =  -3.41652e-06
p_f000_cmp4_p5      =  3.30000e+00
p_f000_cmp4_n5      =  -1.69179e-06
p_f000_cmp3_p0      =  -8.42733e-06
p_f000_cmp3_n0      =  -8.41253e-06
p_f000_cmp3_p5      =  3.30000e+00
p_f000_cmp3_n5      =  -1.99898e-06
p_f000_cmp2_p0      =  -8.42487e-06
p_f000_cmp2_n0      =  -8.41245e-06
p_f000_cmp2_p5      =  3.30000e+00
p_f000_cmp2_n5      =  -1.99508e-06
p_f000_cmp1_p0      =  -3.24450e-06
p_f000_cmp1_n0      =  -3.39864e-06
p_f000_cmp1_p5      =  3.30000e+00
p_f000_cmp1_n5      =  -1.67565e-06
p_f000_cmp0_p0      =  -8.46528e-06
p_f000_cmp0_n0      =  -8.44863e-06
p_f000_cmp0_p5      =  -1.98058e-06
p_f000_cmp0_n5      =  3.30000e+00
p_f000_dctrl7_p     =  3.30001e+00
p_f000_dctrl7_n     =  3.47914e-01
p_f000_dctrl6_p     =  3.26640e+00
p_f000_dctrl6_n     =  2.94793e-06
p_f000_dctrl5_p     =  -1.25879e-06
p_f000_dctrl5_n     =  3.29964e+00
p_f000_dctrl4_p     =  3.29999e+00
p_f000_dctrl4_n     =  -1.21159e-07
p_f000_dctrl3_p     =  3.30000e+00
p_f000_dctrl3_n     =  -2.76585e-08
p_f000_dctrl2_p     =  3.30000e+00
p_f000_dctrl2_n     =  -1.38237e-08
p_f000_dctrl1_p     =  3.30000e+00
p_f000_dctrl1_n     =  -6.88926e-09
p_f000_do7_drv_470  =  3.30000e+00
p_f000_do7_rx_470   =  3.30000e+00
p_f000_do6_drv_470  =  3.30000e+00
p_f000_do6_rx_470   =  3.30000e+00
p_f000_do5_drv_470  =  0.00000e+00
p_f000_do5_rx_470   =  0.00000e+00
p_f000_do4_drv_470  =  3.30000e+00
p_f000_do4_rx_470   =  3.30000e+00
p_f000_do3_drv_470  =  0.00000e+00
p_f000_do3_rx_470   =  0.00000e+00
p_f000_do2_drv_470  =  3.30000e+00
p_f000_do2_rx_470   =  3.30000e+00
p_f000_do1_drv_470  =  3.30000e+00
p_f000_do1_rx_470   =  3.30000e+00
p_f000_do0_drv_470  =  0.00000e+00
p_f000_do0_rx_470   =  0.00000e+00
p_f000_do7_drv_480  =  3.30000e+00
p_f000_do7_rx_480   =  3.30000e+00
p_f000_do6_drv_480  =  3.30000e+00
p_f000_do6_rx_480   =  3.30000e+00
p_f000_do5_drv_480  =  0.00000e+00
p_f000_do5_rx_480   =  0.00000e+00
p_f000_do4_drv_480  =  3.30000e+00
p_f000_do4_rx_480   =  3.30000e+00
p_f000_do3_drv_480  =  0.00000e+00
p_f000_do3_rx_480   =  0.00000e+00
p_f000_do2_drv_480  =  3.30000e+00
p_f000_do2_rx_480   =  3.30000e+00
p_f000_do1_drv_480  =  3.30000e+00
p_f000_do1_rx_480   =  3.30000e+00
p_f000_do0_drv_480  =  0.00000e+00
p_f000_do0_rx_480   =  0.00000e+00
p_f001_cmp7_p0      =  -3.22083e-06
p_f001_cmp7_n0      =  -3.37308e-06
p_f001_cmp7_p5      =  3.30000e+00
p_f001_cmp7_n5      =  -1.80340e-06
p_f001_cmp6_p0      =  -8.57719e-06
p_f001_cmp6_n0      =  -8.53802e-06
p_f001_cmp6_p5      =  3.30000e+00
p_f001_cmp6_n5      =  -2.04552e-06
p_f001_cmp5_p0      =  -3.32948e-06
p_f001_cmp5_n0      =  -3.48752e-06
p_f001_cmp5_p5      =  3.30000e+00
p_f001_cmp5_n5      =  -1.70153e-06
p_f001_cmp4_p0      =  -3.30993e-06
p_f001_cmp4_n0      =  -3.46586e-06
p_f001_cmp4_p5      =  -1.67865e-06
p_f001_cmp4_n5      =  3.30000e+00
p_f001_cmp3_p0      =  -8.51163e-06
p_f001_cmp3_n0      =  -8.48388e-06
p_f001_cmp3_p5      =  3.30000e+00
p_f001_cmp3_n5      =  -2.00762e-06
p_f001_cmp2_p0      =  -8.50902e-06
p_f001_cmp2_n0      =  -8.48412e-06
p_f001_cmp2_p5      =  3.30000e+00
p_f001_cmp2_n5      =  -2.00079e-06
p_f001_cmp1_p0      =  -3.30047e-06
p_f001_cmp1_n0      =  -3.45674e-06
p_f001_cmp1_p5      =  -1.67145e-06
p_f001_cmp1_n5      =  3.30000e+00
p_f001_cmp0_p0      =  -8.55078e-06
p_f001_cmp0_n0      =  -8.51970e-06
p_f001_cmp0_p5      =  3.30000e+00
p_f001_cmp0_n5      =  -2.00261e-06
p_f001_dctrl7_p     =  3.30001e+00
p_f001_dctrl7_n     =  3.48027e-01
p_f001_dctrl6_p     =  3.26638e+00
p_f001_dctrl6_n     =  3.33744e-06
p_f001_dctrl5_p     =  3.29964e+00
p_f001_dctrl5_n     =  -1.54623e-06
p_f001_dctrl4_p     =  -1.53319e-07
p_f001_dctrl4_n     =  3.29999e+00
p_f001_dctrl3_p     =  3.30000e+00
p_f001_dctrl3_n     =  -2.80390e-08
p_f001_dctrl2_p     =  3.30000e+00
p_f001_dctrl2_n     =  -1.40466e-08
p_f001_dctrl1_p     =  -7.08545e-09
p_f001_dctrl1_n     =  3.30000e+00
p_f001_do7_drv_470  =  3.30000e+00
p_f001_do7_rx_470   =  3.30000e+00
p_f001_do6_drv_470  =  3.30000e+00
p_f001_do6_rx_470   =  3.30000e+00
p_f001_do5_drv_470  =  3.30000e+00
p_f001_do5_rx_470   =  3.30000e+00
p_f001_do4_drv_470  =  0.00000e+00
p_f001_do4_rx_470   =  1.46122e-268
p_f001_do3_drv_470  =  0.00000e+00
p_f001_do3_rx_470   =  0.00000e+00
p_f001_do2_drv_470  =  3.30000e+00
p_f001_do2_rx_470   =  3.30000e+00
p_f001_do1_drv_470  =  0.00000e+00
p_f001_do1_rx_470   =  1.46122e-268
p_f001_do0_drv_470  =  3.30000e+00
p_f001_do0_rx_470   =  3.30000e+00
p_f001_do7_drv_480  =  3.30000e+00
p_f001_do7_rx_480   =  3.30000e+00
p_f001_do6_drv_480  =  3.30000e+00
p_f001_do6_rx_480   =  3.30000e+00
p_f001_do5_drv_480  =  3.30000e+00
p_f001_do5_rx_480   =  3.30000e+00
p_f001_do4_drv_480  =  0.00000e+00
p_f001_do4_rx_480   =  5.13017e-297
p_f001_do3_drv_480  =  0.00000e+00
p_f001_do3_rx_480   =  0.00000e+00
p_f001_do2_drv_480  =  3.30000e+00
p_f001_do2_rx_480   =  3.30000e+00
p_f001_do1_drv_480  =  0.00000e+00
p_f001_do1_rx_480   =  5.13017e-297
p_f001_do0_drv_480  =  3.30000e+00
p_f001_do0_rx_480   =  3.30000e+00
p_f002_cmp7_p0      =  -3.31564e-06
p_f002_cmp7_n0      =  -3.47316e-06
p_f002_cmp7_p5      =  3.30000e+00
p_f002_cmp7_n5      =  -1.79479e-06
p_f002_cmp6_p0      =  -8.73242e-06
p_f002_cmp6_n0      =  -8.66967e-06
p_f002_cmp6_p5      =  3.30000e+00
p_f002_cmp6_n5      =  -2.05164e-06
p_f002_cmp5_p0      =  -3.44499e-06
p_f002_cmp5_n0      =  -3.60594e-06
p_f002_cmp5_p5      =  -1.70122e-06
p_f002_cmp5_n5      =  3.30000e+00
p_f002_cmp4_p0      =  -3.42322e-06
p_f002_cmp4_n0      =  -3.58320e-06
p_f002_cmp4_p5      =  -1.69347e-06
p_f002_cmp4_n5      =  3.30000e+00
p_f002_cmp3_p0      =  -8.67868e-06
p_f002_cmp3_n0      =  -8.62728e-06
p_f002_cmp3_p5      =  3.30000e+00
p_f002_cmp3_n5      =  -2.01786e-06
p_f002_cmp2_p0      =  -8.87847e-06
p_f002_cmp2_n0      =  -8.84923e-06
p_f002_cmp2_p5      =  -2.00151e-06
p_f002_cmp2_n5      =  3.30000e+00
p_f002_cmp1_p0      =  -3.62031e-06
p_f002_cmp1_n0      =  -3.77830e-06
p_f002_cmp1_p5      =  -1.68822e-06
p_f002_cmp1_n5      =  3.30000e+00
p_f002_cmp0_p0      =  -8.72015e-06
p_f002_cmp0_n0      =  -8.66306e-06
p_f002_cmp0_p5      =  3.30000e+00
p_f002_cmp0_n5      =  -2.01643e-06
p_f002_dctrl7_p     =  3.30001e+00
p_f002_dctrl7_n     =  3.48244e-01
p_f002_dctrl6_p     =  3.26633e+00
p_f002_dctrl6_n     =  2.28792e-06
p_f002_dctrl5_p     =  -1.07781e-06
p_f002_dctrl5_n     =  3.29964e+00
p_f002_dctrl4_p     =  -1.47865e-07
p_f002_dctrl4_n     =  3.29999e+00
p_f002_dctrl3_p     =  3.30000e+00
p_f002_dctrl3_n     =  -3.04027e-08
p_f002_dctrl2_p     =  -1.45349e-08
p_f002_dctrl2_n     =  3.30000e+00
p_f002_dctrl1_p     =  -7.09032e-09
p_f002_dctrl1_n     =  3.30000e+00
p_f002_do7_drv_470  =  3.30000e+00
p_f002_do7_rx_470   =  3.30000e+00
p_f002_do6_drv_470  =  3.30000e+00
p_f002_do6_rx_470   =  3.30000e+00
p_f002_do5_drv_470  =  0.00000e+00
p_f002_do5_rx_470   =  1.56383e-268
p_f002_do4_drv_470  =  0.00000e+00
p_f002_do4_rx_470   =  4.08882e-312
p_f002_do3_drv_470  =  0.00000e+00
p_f002_do3_rx_470   =  0.00000e+00
p_f002_do2_drv_470  =  0.00000e+00
p_f002_do2_rx_470   =  1.56383e-268
p_f002_do1_drv_470  =  0.00000e+00
p_f002_do1_rx_470   =  4.08882e-312
p_f002_do0_drv_470  =  3.30000e+00
p_f002_do0_rx_470   =  3.30000e+00
p_f002_do7_drv_480  =  3.30000e+00
p_f002_do7_rx_480   =  3.30000e+00
p_f002_do6_drv_480  =  3.30000e+00
p_f002_do6_rx_480   =  3.30000e+00
p_f002_do5_drv_480  =  0.00000e+00
p_f002_do5_rx_480   =  5.49043e-297
p_f002_do4_drv_480  =  0.00000e+00
p_f002_do4_rx_480   =  4.08882e-312
p_f002_do3_drv_480  =  0.00000e+00
p_f002_do3_rx_480   =  0.00000e+00
p_f002_do2_drv_480  =  0.00000e+00
p_f002_do2_rx_480   =  5.49043e-297
p_f002_do1_drv_480  =  0.00000e+00
p_f002_do1_rx_480   =  4.08882e-312
p_f002_do0_drv_480  =  3.30000e+00
p_f002_do0_rx_480   =  3.30000e+00
p_f003_cmp7_p0      =  -3.13449e-06
p_f003_cmp7_n0      =  -3.28410e-06
p_f003_cmp7_p5      =  3.30000e+00
p_f003_cmp7_n5      =  -1.76964e-06
p_f003_cmp6_p0      =  -8.52970e-06
p_f003_cmp6_n0      =  -8.51616e-06
p_f003_cmp6_p5      =  -2.03089e-06
p_f003_cmp6_n5      =  3.30000e+00
p_f003_cmp5_p0      =  -3.31434e-06
p_f003_cmp5_n0      =  -3.47007e-06
p_f003_cmp5_p5      =  -1.68323e-06
p_f003_cmp5_n5      =  3.30000e+00
p_f003_cmp4_p0      =  -3.28830e-06
p_f003_cmp4_n0      =  -3.44297e-06
p_f003_cmp4_p5      =  -1.67859e-06
p_f003_cmp4_n5      =  3.30000e+00
p_f003_cmp3_p0      =  -8.46510e-06
p_f003_cmp3_n0      =  -8.45153e-06
p_f003_cmp3_p5      =  -1.98545e-06
p_f003_cmp3_n5      =  3.30000e+00
p_f003_cmp2_p0      =  -8.46579e-06
p_f003_cmp2_n0      =  -8.44888e-06
p_f003_cmp2_p5      =  -1.97731e-06
p_f003_cmp2_n5      =  3.30000e+00
p_f003_cmp1_p0      =  -3.27247e-06
p_f003_cmp1_n0      =  -3.42825e-06
p_f003_cmp1_p5      =  3.30000e+00
p_f003_cmp1_n5      =  -1.68561e-06
p_f003_cmp0_p0      =  -8.50845e-06
p_f003_cmp0_n0      =  -8.48385e-06
p_f003_cmp0_p5      =  3.30000e+00
p_f003_cmp0_n5      =  -1.99833e-06
p_f003_dctrl7_p     =  3.30001e+00
p_f003_dctrl7_n     =  3.47963e-01
p_f003_dctrl6_p     =  3.04805e-05
p_f003_dctrl6_n     =  3.26639e+00
p_f003_dctrl5_p     =  -1.14989e-06
p_f003_dctrl5_n     =  3.29964e+00
p_f003_dctrl4_p     =  -1.34038e-07
p_f003_dctrl4_n     =  3.29999e+00
p_f003_dctrl3_p     =  -2.96265e-08
p_f003_dctrl3_n     =  3.30000e+00
p_f003_dctrl2_p     =  -1.48218e-08
p_f003_dctrl2_n     =  3.30000e+00
p_f003_dctrl1_p     =  3.30000e+00
p_f003_dctrl1_n     =  -6.85732e-09
p_f003_do7_drv_470  =  3.30000e+00
p_f003_do7_rx_470   =  3.30000e+00
p_f003_do6_drv_470  =  0.00000e+00
p_f003_do6_rx_470   =  1.48407e-268
p_f003_do5_drv_470  =  0.00000e+00
p_f003_do5_rx_470   =  4.08882e-312
p_f003_do4_drv_470  =  0.00000e+00
p_f003_do4_rx_470   =  4.08882e-312
p_f003_do3_drv_470  =  0.00000e+00
p_f003_do3_rx_470   =  0.00000e+00
p_f003_do2_drv_470  =  0.00000e+00
p_f003_do2_rx_470   =  4.08882e-312
p_f003_do1_drv_470  =  3.30000e+00
p_f003_do1_rx_470   =  3.30000e+00
p_f003_do0_drv_470  =  3.30000e+00
p_f003_do0_rx_470   =  3.30000e+00
p_f003_do7_drv_480  =  3.30000e+00
p_f003_do7_rx_480   =  3.30000e+00
p_f003_do6_drv_480  =  0.00000e+00
p_f003_do6_rx_480   =  5.21038e-297
p_f003_do5_drv_480  =  0.00000e+00
p_f003_do5_rx_480   =  4.08882e-312
p_f003_do4_drv_480  =  0.00000e+00
p_f003_do4_rx_480   =  4.08882e-312
p_f003_do3_drv_480  =  0.00000e+00
p_f003_do3_rx_480   =  0.00000e+00
p_f003_do2_drv_480  =  0.00000e+00
p_f003_do2_rx_480   =  4.08882e-312
p_f003_do1_drv_480  =  3.30000e+00
p_f003_do1_rx_480   =  3.30000e+00
p_f003_do0_drv_480  =  3.30000e+00
p_f003_do0_rx_480   =  3.30000e+00
p_f064_cmp7_p0      =  -3.26395e-06
p_f064_cmp7_n0      =  -3.41856e-06
p_f064_cmp7_p5      =  3.30000e+00
p_f064_cmp7_n5      =  -1.79705e-06
p_f064_cmp6_p0      =  -7.64649e-06
p_f064_cmp6_n0      =  -7.55077e-06
p_f064_cmp6_p5      =  3.30000e+00
p_f064_cmp6_n5      =  -2.05734e-06
p_f064_cmp5_p0      =  -3.18273e-06
p_f064_cmp5_n0      =  -3.33335e-06
p_f064_cmp5_p5      =  -1.66619e-06
p_f064_cmp5_n5      =  3.30000e+00
p_f064_cmp4_p0      =  -3.37211e-06
p_f064_cmp4_n0      =  -3.53183e-06
p_f064_cmp4_p5      =  3.30000e+00
p_f064_cmp4_n5      =  -1.70467e-06
p_f064_cmp3_p0      =  -8.25821e-06
p_f064_cmp3_n0      =  -8.26973e-06
p_f064_cmp3_p5      =  3.30000e+00
p_f064_cmp3_n5      =  -1.98485e-06
p_f064_cmp2_p0      =  -8.59417e-06
p_f064_cmp2_n0      =  -8.55559e-06
p_f064_cmp2_p5      =  3.30000e+00
p_f064_cmp2_n5      =  -2.01018e-06
p_f064_cmp1_p0      =  -3.21651e-06
p_f064_cmp1_n0      =  -3.36949e-06
p_f064_cmp1_p5      =  -1.65434e-06
p_f064_cmp1_n5      =  3.30000e+00
p_f064_cmp0_p0      =  -8.25471e-06
p_f064_cmp0_n0      =  -8.26874e-06
p_f064_cmp0_p5      =  3.30000e+00
p_f064_cmp0_n5      =  -1.97757e-06
p_f064_dctrl7_p     =  3.30001e+00
p_f064_dctrl7_n     =  3.47914e-01
p_f064_dctrl6_p     =  3.26637e+00
p_f064_dctrl6_n     =  2.95377e-06
p_f064_dctrl5_p     =  -1.25841e-06
p_f064_dctrl5_n     =  3.29964e+00
p_f064_dctrl4_p     =  3.29999e+00
p_f064_dctrl4_n     =  -1.20537e-07
p_f064_dctrl3_p     =  3.30000e+00
p_f064_dctrl3_n     =  -2.75369e-08
p_f064_dctrl2_p     =  3.30000e+00
p_f064_dctrl2_n     =  -1.39203e-08
p_f064_dctrl1_p     =  -7.13995e-09
p_f064_dctrl1_n     =  3.30000e+00
p_f064_do7_drv_470  =  3.30000e+00
p_f064_do7_rx_470   =  3.30000e+00
p_f064_do6_drv_470  =  3.30000e+00
p_f064_do6_rx_470   =  3.30000e+00
p_f064_do5_drv_470  =  0.00000e+00
p_f064_do5_rx_470   =  1.44538e-268
p_f064_do4_drv_470  =  3.30000e+00
p_f064_do4_rx_470   =  3.30000e+00
p_f064_do3_drv_470  =  3.30000e+00
p_f064_do3_rx_470   =  3.30000e+00
p_f064_do2_drv_470  =  3.30000e+00
p_f064_do2_rx_470   =  3.30000e+00
p_f064_do1_drv_470  =  0.00000e+00
p_f064_do1_rx_470   =  1.44538e-268
p_f064_do0_drv_470  =  3.30000e+00
p_f064_do0_rx_470   =  3.30000e+00
p_f064_do7_drv_480  =  3.30000e+00
p_f064_do7_rx_480   =  3.30000e+00
p_f064_do6_drv_480  =  3.30000e+00
p_f064_do6_rx_480   =  3.30000e+00
p_f064_do5_drv_480  =  0.00000e+00
p_f064_do5_rx_480   =  5.07454e-297
p_f064_do4_drv_480  =  3.30000e+00
p_f064_do4_rx_480   =  3.30000e+00
p_f064_do3_drv_480  =  3.30000e+00
p_f064_do3_rx_480   =  3.30000e+00
p_f064_do2_drv_480  =  3.30000e+00
p_f064_do2_rx_480   =  3.30000e+00
p_f064_do1_drv_480  =  0.00000e+00
p_f064_do1_rx_480   =  5.07454e-297
p_f064_do0_drv_480  =  3.30000e+00
p_f064_do0_rx_480   =  3.30000e+00
p_f065_cmp7_p0      =  -3.33225e-06
p_f065_cmp7_n0      =  -3.49003e-06
p_f065_cmp7_p5      =  3.30000e+00
p_f065_cmp7_n5      =  -1.81795e-06
p_f065_cmp6_p0      =  -8.74468e-06
p_f065_cmp6_n0      =  -8.67862e-06
p_f065_cmp6_p5      =  3.30000e+00
p_f065_cmp6_n5      =  -2.06122e-06
p_f065_cmp5_p0      =  -3.02270e-06
p_f065_cmp5_n0      =  -3.17479e-06
p_f065_cmp5_p5      =  3.30000e+00
p_f065_cmp5_n5      =  -1.68605e-06
p_f065_cmp4_p0      =  -3.42126e-06
p_f065_cmp4_n0      =  -3.58169e-06
p_f065_cmp4_p5      =  -1.68944e-06
p_f065_cmp4_n5      =  3.30000e+00
p_f065_cmp3_p0      =  -8.34234e-06
p_f065_cmp3_n0      =  -8.34101e-06
p_f065_cmp3_p5      =  3.30000e+00
p_f065_cmp3_n5      =  -1.99115e-06
p_f065_cmp2_p0      =  -8.67843e-06
p_f065_cmp2_n0      =  -8.62727e-06
p_f065_cmp2_p5      =  3.30000e+00
p_f065_cmp2_n5      =  -2.01714e-06
p_f065_cmp1_p0      =  -3.27249e-06
p_f065_cmp1_n0      =  -3.42763e-06
p_f065_cmp1_p5      =  -1.66849e-06
p_f065_cmp1_n5      =  3.30000e+00
p_f065_cmp0_p0      =  -8.33903e-06
p_f065_cmp0_n0      =  -8.34049e-06
p_f065_cmp0_p5      =  3.30000e+00
p_f065_cmp0_n5      =  -2.01821e-06
p_f065_dctrl7_p     =  3.30001e+00
p_f065_dctrl7_n     =  3.48027e-01
p_f065_dctrl6_p     =  3.26635e+00
p_f065_dctrl6_n     =  3.33594e-06
p_f065_dctrl5_p     =  3.29964e+00
p_f065_dctrl5_n     =  -1.54611e-06
p_f065_dctrl4_p     =  -1.53355e-07
p_f065_dctrl4_n     =  3.29999e+00
p_f065_dctrl3_p     =  3.30000e+00
p_f065_dctrl3_n     =  -2.77632e-08
p_f065_dctrl2_p     =  3.30000e+00
p_f065_dctrl2_n     =  -1.40176e-08
p_f065_dctrl1_p     =  -7.06123e-09
p_f065_dctrl1_n     =  3.30000e+00
p_f065_do7_drv_470  =  3.30000e+00
p_f065_do7_rx_470   =  3.30000e+00
p_f065_do6_drv_470  =  3.30000e+00
p_f065_do6_rx_470   =  3.30000e+00
p_f065_do5_drv_470  =  3.30000e+00
p_f065_do5_rx_470   =  3.30000e+00
p_f065_do4_drv_470  =  0.00000e+00
p_f065_do4_rx_470   =  1.46118e-268
p_f065_do3_drv_470  =  3.30000e+00
p_f065_do3_rx_470   =  3.30000e+00
p_f065_do2_drv_470  =  3.30000e+00
p_f065_do2_rx_470   =  3.30000e+00
p_f065_do1_drv_470  =  0.00000e+00
p_f065_do1_rx_470   =  4.08882e-312
p_f065_do0_drv_470  =  3.30000e+00
p_f065_do0_rx_470   =  3.30000e+00
p_f065_do7_drv_480  =  3.30000e+00
p_f065_do7_rx_480   =  3.30000e+00
p_f065_do6_drv_480  =  3.30000e+00
p_f065_do6_rx_480   =  3.30000e+00
p_f065_do5_drv_480  =  3.30000e+00
p_f065_do5_rx_480   =  3.30000e+00
p_f065_do4_drv_480  =  0.00000e+00
p_f065_do4_rx_480   =  5.13001e-297
p_f065_do3_drv_480  =  3.30000e+00
p_f065_do3_rx_480   =  3.30000e+00
p_f065_do2_drv_480  =  3.30000e+00
p_f065_do2_rx_480   =  3.30000e+00
p_f065_do1_drv_480  =  0.00000e+00
p_f065_do1_rx_480   =  4.08882e-312
p_f065_do0_drv_480  =  3.30000e+00
p_f065_do0_rx_480   =  3.30000e+00
p_f066_cmp7_p0      =  -3.42821e-06
p_f066_cmp7_n0      =  -3.59127e-06
p_f066_cmp7_p5      =  3.30000e+00
p_f066_cmp7_n5      =  -1.80934e-06
p_f066_cmp6_p0      =  -8.90039e-06
p_f066_cmp6_n0      =  -8.81107e-06
p_f066_cmp6_p5      =  3.30000e+00
p_f066_cmp6_n5      =  -2.06876e-06
p_f066_cmp5_p0      =  -3.36255e-06
p_f066_cmp5_n0      =  -3.52025e-06
p_f066_cmp5_p5      =  -1.69145e-06
p_f066_cmp5_n5      =  3.30000e+00
p_f066_cmp4_p0      =  -3.53454e-06
p_f066_cmp4_n0      =  -3.69897e-06
p_f066_cmp4_p5      =  -1.70705e-06
p_f066_cmp4_n5      =  3.30000e+00
p_f066_cmp3_p0      =  -8.00330e-06
p_f066_cmp3_n0      =  -7.95250e-06
p_f066_cmp3_p5      =  3.30000e+00
p_f066_cmp3_n5      =  -2.00771e-06
p_f066_cmp2_p0      =  -1.02347e-05
p_f066_cmp2_n0      =  -1.02510e-05
p_f066_cmp2_p5      =  -2.01134e-06
p_f066_cmp2_n5      =  3.30000e+00
p_f066_cmp1_p0      =  -3.36590e-06
p_f066_cmp1_n0      =  -3.52490e-06
p_f066_cmp1_p5      =  -1.67754e-06
p_f066_cmp1_n5      =  3.30000e+00
p_f066_cmp0_p0      =  -8.50861e-06
p_f066_cmp0_n0      =  -8.48379e-06
p_f066_cmp0_p5      =  3.30000e+00
p_f066_cmp0_n5      =  -2.00063e-06
p_f066_dctrl7_p     =  3.30001e+00
p_f066_dctrl7_n     =  3.48244e-01
p_f066_dctrl6_p     =  3.26630e+00
p_f066_dctrl6_n     =  2.29327e-06
p_f066_dctrl5_p     =  -1.07691e-06
p_f066_dctrl5_n     =  3.29964e+00
p_f066_dctrl4_p     =  -1.48201e-07
p_f066_dctrl4_n     =  3.29999e+00
p_f066_dctrl3_p     =  3.30000e+00
p_f066_dctrl3_n     =  -3.04785e-08
p_f066_dctrl2_p     =  -1.44732e-08
p_f066_dctrl2_n     =  3.30000e+00
p_f066_dctrl1_p     =  -7.12406e-09
p_f066_dctrl1_n     =  3.30000e+00
p_f066_do7_drv_470  =  3.30000e+00
p_f066_do7_rx_470   =  3.30000e+00
p_f066_do6_drv_470  =  3.30000e+00
p_f066_do6_rx_470   =  3.30000e+00
p_f066_do5_drv_470  =  0.00000e+00
p_f066_do5_rx_470   =  1.55676e-268
p_f066_do4_drv_470  =  0.00000e+00
p_f066_do4_rx_470   =  4.08882e-312
p_f066_do3_drv_470  =  3.30000e+00
p_f066_do3_rx_470   =  3.30000e+00
p_f066_do2_drv_470  =  0.00000e+00
p_f066_do2_rx_470   =  1.55676e-268
p_f066_do1_drv_470  =  0.00000e+00
p_f066_do1_rx_470   =  4.08882e-312
p_f066_do0_drv_470  =  3.30000e+00
p_f066_do0_rx_470   =  3.30000e+00
p_f066_do7_drv_480  =  3.30000e+00
p_f066_do7_rx_480   =  3.30000e+00
p_f066_do6_drv_480  =  3.30000e+00
p_f066_do6_rx_480   =  3.30000e+00
p_f066_do5_drv_480  =  0.00000e+00
p_f066_do5_rx_480   =  5.46560e-297
p_f066_do4_drv_480  =  0.00000e+00
p_f066_do4_rx_480   =  4.08882e-312
p_f066_do3_drv_480  =  3.30000e+00
p_f066_do3_rx_480   =  3.30000e+00
p_f066_do2_drv_480  =  0.00000e+00
p_f066_do2_rx_480   =  5.46560e-297
p_f066_do1_drv_480  =  0.00000e+00
p_f066_do1_rx_480   =  4.08882e-312
p_f066_do0_drv_480  =  3.30000e+00
p_f066_do0_rx_480   =  3.30000e+00
p_f067_cmp7_p0      =  -3.24966e-06
p_f067_cmp7_n0      =  -3.40484e-06
p_f067_cmp7_p5      =  3.30000e+00
p_f067_cmp7_n5      =  -1.78420e-06
p_f067_cmp6_p0      =  -8.69619e-06
p_f067_cmp6_n0      =  -8.65739e-06
p_f067_cmp6_p5      =  -2.04689e-06
p_f067_cmp6_n5      =  3.30000e+00
p_f067_cmp5_p0      =  -3.23207e-06
p_f067_cmp5_n0      =  -3.38458e-06
p_f067_cmp5_p5      =  -1.67522e-06
p_f067_cmp5_n5      =  3.30000e+00
p_f067_cmp4_p0      =  -3.39927e-06
p_f067_cmp4_n0      =  -3.55833e-06
p_f067_cmp4_p5      =  -1.69195e-06
p_f067_cmp4_n5      =  3.30000e+00
p_f067_cmp3_p0      =  -8.29621e-06
p_f067_cmp3_n0      =  -8.30840e-06
p_f067_cmp3_p5      =  -1.97167e-06
p_f067_cmp3_n5      =  3.30000e+00
p_f067_cmp2_p0      =  -8.63501e-06
p_f067_cmp2_n0      =  -8.59212e-06
p_f067_cmp2_p5      =  -1.99309e-06
p_f067_cmp2_n5      =  3.30000e+00
p_f067_cmp1_p0      =  -3.24448e-06
p_f067_cmp1_n0      =  -3.39913e-06
p_f067_cmp1_p5      =  3.30000e+00
p_f067_cmp1_n5      =  -1.68073e-06
p_f067_cmp0_p0      =  -8.29679e-06
p_f067_cmp0_n0      =  -8.30461e-06
p_f067_cmp0_p5      =  3.30000e+00
p_f067_cmp0_n5      =  -1.97904e-06
p_f067_dctrl7_p     =  3.30001e+00
p_f067_dctrl7_n     =  3.47963e-01
p_f067_dctrl6_p     =  3.05057e-05
p_f067_dctrl6_n     =  3.26636e+00
p_f067_dctrl5_p     =  -1.15002e-06
p_f067_dctrl5_n     =  3.29964e+00
p_f067_dctrl4_p     =  -1.33681e-07
p_f067_dctrl4_n     =  3.29999e+00
p_f067_dctrl3_p     =  -2.96210e-08
p_f067_dctrl3_n     =  3.30000e+00
p_f067_dctrl2_p     =  -1.47772e-08
p_f067_dctrl2_n     =  3.30000e+00
p_f067_dctrl1_p     =  3.30000e+00
p_f067_dctrl1_n     =  -6.86355e-09
p_f067_do7_drv_470  =  3.30000e+00
p_f067_do7_rx_470   =  3.30000e+00
p_f067_do6_drv_470  =  0.00000e+00
p_f067_do6_rx_470   =  1.45282e-268
p_f067_do5_drv_470  =  0.00000e+00
p_f067_do5_rx_470   =  4.08882e-312
p_f067_do4_drv_470  =  0.00000e+00
p_f067_do4_rx_470   =  4.08882e-312
p_f067_do3_drv_470  =  0.00000e+00
p_f067_do3_rx_470   =  1.45282e-268
p_f067_do2_drv_470  =  0.00000e+00
p_f067_do2_rx_470   =  4.08882e-312
p_f067_do1_drv_470  =  3.30000e+00
p_f067_do1_rx_470   =  3.30000e+00
p_f067_do0_drv_470  =  3.30000e+00
p_f067_do0_rx_470   =  3.30000e+00
p_f067_do7_drv_480  =  3.30000e+00
p_f067_do7_rx_480   =  3.30000e+00
p_f067_do6_drv_480  =  0.00000e+00
p_f067_do6_rx_480   =  5.10069e-297
p_f067_do5_drv_480  =  0.00000e+00
p_f067_do5_rx_480   =  4.08882e-312
p_f067_do4_drv_480  =  0.00000e+00
p_f067_do4_rx_480   =  4.08882e-312
p_f067_do3_drv_480  =  0.00000e+00
p_f067_do3_rx_480   =  5.10069e-297
p_f067_do2_drv_480  =  0.00000e+00
p_f067_do2_rx_480   =  4.08882e-312
p_f067_do1_drv_480  =  3.30000e+00
p_f067_do1_rx_480   =  3.30000e+00
p_f067_do0_drv_480  =  3.30000e+00
p_f067_do0_rx_480   =  3.30000e+00
ngspice-46 done
