
Note: Compatibility modes selected: hs a

Warning: m=xx on .subckt line will override multiplier m hierarchy!


Circuit: * a44 actual analog core with fixed tt timed behavioral sar control.

Reducing trtol to 1 for xspice 'A' devices
Doing analysis at TEMP = 27.000000 and TNOM = 27.000000

Using SPARSE 1.3 as Direct Linear Solver

Initial Transient Solution
--------------------------

Node                                   Voltage
----                                   -------
vdd                                        3.3
vrefp_src                                  2.5
vrefp                                      2.5
vrefp_cap                                  2.5
vrefn_src                                  0.8
vrefn                                      0.8
vrefn_cap                                  0.8
vinp_src                               2.29137
vinn_src                               1.00863
vinp                                   2.29137
vinn                                   1.00863
clks_src                                     0
clks                                         0
cmp_noise                          0.000561038
xcore.xcdacp.vbot1                         2.5
dctrlp1                                      0
xcore.vresp_raw                    0.000909871
xcore.xcdacp.vbot2                         2.5
dctrlp2                                      0
xcore.xcdacp.vbot3                         2.5
dctrlp3                                      0
xcore.xcdacp.vbot4                         2.5
dctrlp4                                      0
xcore.xcdacp.vbot5                         2.5
dctrlp5                                      0
xcore.xcdacp.vbot6                         2.5
dctrlp6                                      0
xcore.xcdacp.vbot7                         2.5
dctrlp7                                      0
xcore.xcdacp.x1.clksb                      3.3
xcore.xcdacp.x1.net2               1.86511e-10
xcore.xcdacp.x1.net1                       3.3
xcore.xcdacp.x1.bottom_gate        6.14052e-09
xcore.xcdacp.x1.net4               3.07528e-09
xcore.xcdacp.x1.net3                       3.3
xcore.xcdacn.vbot1                         2.5
dctrln1                                      0
xcore.vresn_raw                    0.000573269
xcore.xcdacn.vbot2                         2.5
dctrln2                                      0
xcore.xcdacn.vbot3                         2.5
dctrln3                                      0
xcore.xcdacn.vbot4                         2.5
dctrln4                                      0
xcore.xcdacn.vbot5                         2.5
dctrln5                                      0
xcore.xcdacn.vbot6                         2.5
dctrln6                                      0
xcore.xcdacn.vbot7                         2.5
dctrln7                                      0
xcore.xcdacn.x1.clksb                      3.3
xcore.xcdacn.x1.net2               1.35311e-10
xcore.xcdacn.x1.net1                       3.3
xcore.xcdacn.x1.bottom_gate         6.1475e-09
xcore.xcdacn.x1.net4                3.0707e-09
xcore.xcdacn.x1.net3                       3.3
vresp                               0.00119039
vresn                              0.000292751
xcore.xcmp.net1                      0.0228809
cmpck                                        0
xcore.xcmp.xp                              3.3
xcore.xcmp.xn                              3.3
xcore.xcmp.ln                              3.3
xcore.xcmp.lp                              3.3
dcmpn                              3.66405e-09
dcmpp                              3.66926e-09
sampled_diff                       0.000897639
input_diff                             1.28273
cmpck_drv                                    0
dctrlp7_drv                                  0
dctrlp6_drv                                  0
dctrlp5_drv                                  0
dctrlp4_drv                                  0
dctrlp3_drv                                  0
dctrlp2_drv                                  0
dctrlp1_drv                                  0
dctrln7_drv                                  0
dctrln6_drv                                  0
dctrln5_drv                                  0
dctrln4_drv                                  0
dctrln3_drv                                  0
dctrln2_drv                                  0
dctrln1_drv                                  0
dout7_drv                                    0
dout6_drv                                    0
dout5_drv                                    0
dout4_drv                                    0
dout3_drv                                    0
dout2_drv                                    0
dout1_drv                                    0
dout0_drv                                    0
eoc                                          0
invalid0                                     0
timeout0                                     0
complete                                     0
dout7_rx                                     0
dout6_rx                                     0
dout5_rx                                     0
dout4_rx                                     0
dout3_rx                                     0
dout2_rx                                     0
dout1_rx                                     0
dout0_rx                                     0
e_input_diff#branch               -1.28273e-10
e_sample_diff#branch              -8.97639e-14
e.xcore.e_cmp_noise_n#branch      -2.92751e-14
e.xcore.e_cmp_noise_p#branch      -1.19039e-13
vcmp_noise#branch                 -5.61038e-14
vclks_id#branch                              0
vvinn_id#branch                   -4.15744e-10
vvinp_id#branch                   -9.44451e-10
vvrefn_id#branch                  -1.76652e-09
vvrefp_id#branch                  -1.52073e-08
vvdd#branch                       -1.77533e-08
a_status#branch_1_0                          0
a_status#branch_1_1                          0
a_status#branch_1_2                          0
a_status#branch_1_3                          0
a_dout#branch_1_0                            0
a_dout#branch_1_1                            0
a_dout#branch_1_2                            0
a_dout#branch_1_3                            0
a_dout#branch_1_4                            0
a_dout#branch_1_5                            0
a_dout#branch_1_6                            0
a_dout#branch_1_7                            0
a_dctrln#branch_1_0                          0
a_dctrln#branch_1_1                          0
a_dctrln#branch_1_2                          0
a_dctrln#branch_1_3                          0
a_dctrln#branch_1_4                          0
a_dctrln#branch_1_5                          0
a_dctrln#branch_1_6                          0
a_dctrlp#branch_1_0                          0
a_dctrlp#branch_1_1                          0
a_dctrlp#branch_1_2                          0
a_dctrlp#branch_1_3                          0
a_dctrlp#branch_1_4                          0
a_dctrlp#branch_1_5                          0
a_dctrlp#branch_1_6                          0
a_cmpck#branch_1_0                           0


Instance: abeh   Message: WARNING: output scheduled with impossible delay (-4.01e-12) at 5.01e-12/0.

Instance: abeh   Message: XSPICE time is behind vtime:
XSPICE 2.005179011771122e-07
Cosim  2.00547e-07

Instance: abeh   Message: XSPICE time is behind vtime:
XSPICE 7.005174881889083e-07
Cosim  7.00551e-07

Instance: abeh   Message: XSPICE time is behind vtime:
XSPICE 1.200517054894212e-06
Cosim  1.200532e-06

Instance: abeh   Message: XSPICE time is behind vtime:
XSPICE 2.200536280537778e-06
Cosim  2.200545e-06

Instance: abeh   Message: XSPICE time is behind vtime:
XSPICE 2.700523452059281e-06
Cosim  2.700557e-06

Instance: abeh   Message: XSPICE time is behind vtime:
XSPICE 3.200523643396569e-06
Cosim  3.200557e-06

Instance: abeh   Message: XSPICE time is behind vtime:
XSPICE 4.700532216671074e-06
Cosim  4.700557e-06

Instance: abeh   Message: XSPICE time is behind vtime:
XSPICE 5.200516488196202e-06
Cosim  5.20055e-06

Instance: abeh   Message: XSPICE time is behind vtime:
XSPICE 5.700530623356074e-06
Cosim  5.700551e-06

Instance: abeh   Message: XSPICE time is behind vtime:
XSPICE 7.200518452052256e-06
Cosim  7.200552e-06

Instance: abeh   Message: XSPICE time is behind vtime:
XSPICE 7.700518452052747e-06
Cosim  7.700551999999999e-06

Instance: abeh   Message: XSPICE time is behind vtime:
XSPICE 9.200531144190726e-06
Cosim  9.200551000000001e-06

Instance: abeh   Message: XSPICE time is behind vtime:
XSPICE 9.700516488196806e-06
Cosim  9.70055e-06

Instance: abeh   Message: XSPICE time is behind vtime:
XSPICE 1.020053175425456e-05
Cosim  1.0200557e-05

Instance: abeh   Message: XSPICE time is behind vtime:
XSPICE 1.170049796280032e-05
Cosim  1.1700531e-05

Instance: abeh   Message: XSPICE time is behind vtime:
XSPICE 1.220050045205911e-05
Cosim  1.2200534e-05

Instance: abeh   Message: XSPICE time is behind vtime:
XSPICE 1.270053665992263e-05
Cosim  1.2700546e-05

Instance: abeh   Message: XSPICE time is behind vtime:
XSPICE 1.370053763722714e-05
Cosim  1.3700552e-05

Instance: abeh   Message: XSPICE time is behind vtime:
XSPICE 1.420051748819102e-05
Cosim  1.4200551e-05

Instance: abeh   Message: XSPICE time is behind vtime:
XSPICE 1.47005174969834e-05
Cosim  1.4700547e-05

Instance: abeh   Message: XSPICE time is behind vtime:
XSPICE 1.620051762541828e-05
Cosim  1.6200547e-05

Instance: abeh   Message: XSPICE time is behind vtime:
XSPICE 1.670051845206582e-05
Cosim  1.6700552e-05

Instance: abeh   Message: XSPICE time is behind vtime:
XSPICE 1.720051473365495e-05
Cosim  1.720053e-05

Instance: abeh   Message: XSPICE time is behind vtime:
XSPICE 1.820053962193164e-05
Cosim  1.8200548e-05

Instance: abeh   Message: XSPICE time is behind vtime:
XSPICE 1.870052348818224e-05
Cosim  1.8700557e-05

Instance: abeh   Message: XSPICE time is behind vtime:
XSPICE 1.920050290058977e-05
Cosim  1.9200536e-05

Instance: abeh   Message: XSPICE time is behind vtime:
XSPICE 2.070053193760125e-05
Cosim  2.0700557e-05

Instance: abeh   Message: XSPICE time is behind vtime:
XSPICE 2.120051745206866e-05
Cosim  2.1200551e-05

Instance: abeh   Message: XSPICE time is behind vtime:
XSPICE 2.17005313297164e-05
Cosim  2.1700552e-05

Instance: abeh   Message: XSPICE time is behind vtime:
XSPICE 2.320051748817393e-05
Cosim  2.3200551e-05

Instance: abeh   Message: XSPICE time is behind vtime:
XSPICE 2.370051748817406e-05
Cosim  2.3700551e-05

Instance: abeh   Message: XSPICE time is behind vtime:
XSPICE 2.520053284735459e-05
Cosim  2.5200553e-05

Instance: abeh   Message: XSPICE time is behind vtime:
XSPICE 2.570051745206811e-05
Cosim  2.5700551e-05

Instance: abeh   Message: XSPICE time is behind vtime:
XSPICE 2.620053147408593e-05
Cosim  2.6200557e-05

Instance: abeh   Message: XSPICE time is behind vtime:
XSPICE 2.770050622002798e-05
Cosim  2.7700539e-05

Instance: abeh   Message: XSPICE time is behind vtime:
XSPICE 2.820049648818429e-05
Cosim  2.820053e-05

Instance: abeh   Message: XSPICE time is behind vtime:
XSPICE 2.870053400389145e-05
Cosim  2.8700543e-05

Instance: abeh   Message: XSPICE time is behind vtime:
XSPICE 2.970051830641927e-05
Cosim  2.9700533e-05

Instance: abeh   Message: XSPICE time is behind vtime:
XSPICE 3.02005184520644e-05
Cosim  3.0200552e-05

Instance: abeh   Message: XSPICE time is behind vtime:
XSPICE 3.070051722855939e-05
Cosim  3.0700547e-05

Instance: abeh   Message: XSPICE time is behind vtime:
XSPICE 3.22005179016683e-05
Cosim  3.2200547e-05

Instance: abeh   Message: XSPICE time is behind vtime:
XSPICE 3.270051748819053e-05
Cosim  3.2700551e-05

Instance: abeh   Message: XSPICE time is behind vtime:
XSPICE 3.320051705692394e-05
Cosim  3.3200532e-05

No. of Data Rows : 735316
f000_d7             =  3.30000e+00
f000_d6             =  3.30000e+00
f000_d5             =  3.30000e+00
f000_d4             =  0.00000e+00
f000_d3             =  0.00000e+00
f000_d2             =  0.00000e+00
f000_d1             =  3.30000e+00
f000_d0             =  0.00000e+00
f000_complete       =  3.30000e+00
f000_invalid        =  0.00000e+00
f000_timeout        =  0.00000e+00
f000_sampled        =  1.28329e+00
f000_input          =  1.28273e+00
f000_tcomplete      =  3.75497e-07
f001_d7             =  3.30000e+00
f001_d6             =  3.30000e+00
f001_d5             =  3.30000e+00
f001_d4             =  3.30000e+00
f001_d3             =  0.00000e+00
f001_d2             =  0.00000e+00
f001_d1             =  5.12150e-297
f001_d0             =  3.30000e+00
f001_complete       =  3.30000e+00
f001_invalid        =  0.00000e+00
f001_timeout        =  0.00000e+00
f001_sampled        =  1.48552e+00
f001_input          =  1.48483e+00
f001_tcomplete      =  8.75501e-07
f002_d7             =  3.30000e+00
f002_d6             =  3.30000e+00
f002_d5             =  4.53793e-297
f002_d4             =  4.53793e-297
f002_d3             =  3.30000e+00
f002_d2             =  3.30000e+00
f002_d1             =  4.08882e-312
f002_d0             =  3.30000e+00
f002_complete       =  3.30000e+00
f002_invalid        =  0.00000e+00
f002_timeout        =  0.00000e+00
f002_sampled        =  1.01062e+00
f002_input          =  1.01284e+00
f002_tcomplete      =  1.37548e-06
f003_d7             =  3.30000e+00
f003_d6             =  5.33665e-297
f003_d5             =  4.08882e-312
f003_d4             =  4.08882e-312
f003_d3             =  5.33665e-297
f003_d2             =  3.30000e+00
f003_d1             =  3.30000e+00
f003_d0             =  3.30000e+00
f003_complete       =  3.30000e+00
f003_invalid        =  0.00000e+00
f003_timeout        =  0.00000e+00
f003_sampled        =  8.02087e-02
f003_input          =  8.09308e-02
f003_tcomplete      =  1.87551e-06
f004_d7             =  4.92127e-297
f004_d6             =  4.08882e-312
f004_d5             =  3.30000e+00
f004_d4             =  3.30000e+00
f004_d3             =  3.30000e+00
f004_d2             =  3.30000e+00
f004_d1             =  3.30000e+00
f004_d0             =  4.92127e-297
f004_complete       =  3.30000e+00
f004_invalid        =  0.00000e+00
f004_timeout        =  0.00000e+00
f004_sampled        =  -8.87563e-01
f004_input          =  -8.87576e-01
f004_tcomplete      =  2.37550e-06
f005_d7             =  4.08882e-312
f005_d6             =  4.08882e-312
f005_d5             =  5.30085e-297
f005_d4             =  3.30000e+00
f005_d3             =  5.30085e-297
f005_d2             =  5.30085e-297
f005_d1             =  3.30000e+00
f005_d0             =  3.30000e+00
f005_complete       =  3.30000e+00
f005_invalid        =  0.00000e+00
f005_timeout        =  0.00000e+00
f005_sampled        =  -1.45268e+00
f005_input          =  -1.45321e+00
f005_tcomplete      =  2.87551e-06
f006_d7             =  4.08882e-312
f006_d6             =  4.08882e-312
f006_d5             =  4.08882e-312
f006_d4             =  3.30000e+00
f006_d3             =  3.30000e+00
f006_d2             =  4.08882e-312
f006_d1             =  3.30000e+00
f006_d0             =  5.35660e-297
f006_complete       =  3.30000e+00
f006_invalid        =  0.00000e+00
f006_timeout        =  0.00000e+00
f006_sampled        =  -1.35915e+00
f006_input          =  -1.35901e+00
f006_tcomplete      =  3.37551e-06
f007_d7             =  4.08882e-312
f007_d6             =  3.30000e+00
f007_d5             =  4.08882e-312
f007_d4             =  3.30000e+00
f007_d3             =  5.34373e-297
f007_d2             =  4.08882e-312
f007_d1             =  5.34373e-297
f007_d0             =  4.08882e-312
f007_complete       =  3.30000e+00
f007_invalid        =  0.00000e+00
f007_timeout        =  0.00000e+00
f007_sampled        =  -6.50511e-01
f007_input          =  -6.48010e-01
f007_tcomplete      =  3.87551e-06
f008_d7             =  3.30000e+00
f008_d6             =  4.46611e-297
f008_d5             =  4.08882e-312
f008_d4             =  3.30000e+00
f008_d3             =  3.30000e+00
f008_d2             =  3.30000e+00
f008_d1             =  4.08882e-312
f008_d0             =  4.08882e-312
f008_complete       =  3.30000e+00
f008_invalid        =  0.00000e+00
f008_timeout        =  0.00000e+00
f008_sampled        =  3.58086e-01
f008_input          =  3.57328e-01
f008_tcomplete      =  4.37548e-06
f009_d7             =  3.30000e+00
f009_d6             =  3.30000e+00
f009_d5             =  4.08882e-312
f009_d4             =  3.30000e+00
f009_d3             =  3.30000e+00
f009_d2             =  3.30000e+00
f009_d1             =  4.08882e-312
f009_d0             =  4.08882e-312
f009_complete       =  3.30000e+00
f009_invalid        =  0.00000e+00
f009_timeout        =  0.00000e+00
f009_sampled        =  1.19865e+00
f009_input          =  1.20048e+00
f009_tcomplete      =  4.87551e-06
f010_d7             =  3.30000e+00
f010_d6             =  3.30000e+00
f010_d5             =  3.30000e+00
f010_d4             =  3.30000e+00
f010_d3             =  5.09742e-297
f010_d2             =  5.09742e-297
f010_d1             =  3.30000e+00
f010_d0             =  4.08882e-312
f010_complete       =  3.30000e+00
f010_invalid        =  0.00000e+00
f010_timeout        =  0.00000e+00
f010_sampled        =  1.49855e+00
f010_input          =  1.49855e+00
f010_tcomplete      =  5.37550e-06
f011_d7             =  3.30000e+00
f011_d6             =  3.30000e+00
f011_d5             =  5.17196e-297
f011_d4             =  3.30000e+00
f011_d3             =  4.08882e-312
f011_d2             =  3.30000e+00
f011_d1             =  5.17196e-297
f011_d0             =  3.30000e+00
f011_complete       =  3.30000e+00
f011_invalid        =  0.00000e+00
f011_timeout        =  0.00000e+00
f011_sampled        =  1.11440e+00
f011_input          =  1.11641e+00
f011_tcomplete      =  5.87550e-06
f012_d7             =  3.30000e+00
f012_d6             =  5.16748e-297
f012_d5             =  4.08882e-312
f012_d4             =  3.30000e+00
f012_d3             =  4.08882e-312
f012_d2             =  5.16748e-297
f012_d1             =  3.30000e+00
f012_d0             =  5.16748e-297
f012_complete       =  3.30000e+00
f012_invalid        =  0.00000e+00
f012_timeout        =  0.00000e+00
f012_sampled        =  2.27426e-01
f012_input          =  2.27412e-01
f012_tcomplete      =  6.37550e-06
f013_d7             =  5.04328e-297
f013_d6             =  3.30000e+00
f013_d5             =  4.08882e-312
f013_d4             =  5.04328e-297
f013_d3             =  4.08882e-312
f013_d2             =  3.30000e+00
f013_d1             =  3.30000e+00
f013_d0             =  3.30000e+00
f013_complete       =  3.30000e+00
f013_invalid        =  0.00000e+00
f013_timeout        =  0.00000e+00
f013_sampled        =  -7.64785e-01
f013_input          =  -7.64687e-01
f013_tcomplete      =  6.87550e-06
f014_d7             =  4.08882e-312
f014_d6             =  5.16567e-297
f014_d5             =  4.08882e-312
f014_d4             =  3.30000e+00
f014_d3             =  4.08882e-312
f014_d2             =  3.30000e+00
f014_d1             =  3.30000e+00
f014_d0             =  5.16567e-297
f014_complete       =  3.30000e+00
f014_invalid        =  0.00000e+00
f014_timeout        =  0.00000e+00
f014_sampled        =  -1.40808e+00
f014_input          =  -1.40971e+00
f014_tcomplete      =  7.37550e-06
f015_d7             =  4.08882e-312
f015_d6             =  4.08882e-312
f015_d5             =  4.08882e-312
f015_d4             =  3.30000e+00
f015_d3             =  4.08882e-312
f015_d2             =  3.30000e+00
f015_d1             =  3.30000e+00
f015_d0             =  4.08882e-312
f015_complete       =  3.30000e+00
f015_invalid        =  0.00000e+00
f015_timeout        =  0.00000e+00
f015_sampled        =  -1.41363e+00
f015_input          =  -1.41483e+00
f015_tcomplete      =  7.87550e-06
f016_d7             =  4.08882e-312
f016_d6             =  3.30000e+00
f016_d5             =  4.08882e-312
f016_d4             =  5.06348e-297
f016_d3             =  4.08882e-312
f016_d2             =  3.30000e+00
f016_d1             =  3.30000e+00
f016_d0             =  4.08882e-312
f016_complete       =  3.30000e+00
f016_invalid        =  0.00000e+00
f016_timeout        =  0.00000e+00
f016_sampled        =  -7.80467e-01
f016_input          =  -7.77491e-01
f016_tcomplete      =  8.37550e-06
f017_d7             =  3.30000e+00
f017_d6             =  5.29689e-297
f017_d5             =  4.08882e-312
f017_d4             =  3.30000e+00
f017_d3             =  4.08882e-312
f017_d2             =  5.29689e-297
f017_d1             =  5.29689e-297
f017_d0             =  3.30000e+00
f017_complete       =  3.30000e+00
f017_invalid        =  0.00000e+00
f017_timeout        =  0.00000e+00
f017_sampled        =  2.12053e-01
f017_input          =  2.12811e-01
f017_tcomplete      =  8.87551e-06
f018_d7             =  3.30000e+00
f018_d6             =  3.30000e+00
f018_d5             =  4.08882e-312
f018_d4             =  3.30000e+00
f018_d3             =  4.08882e-312
f018_d2             =  3.30000e+00
f018_d1             =  4.08882e-312
f018_d0             =  3.30000e+00
f018_complete       =  3.30000e+00
f018_invalid        =  0.00000e+00
f018_timeout        =  0.00000e+00
f018_sampled        =  1.11005e+00
f018_input          =  1.10650e+00
f018_tcomplete      =  9.37550e-06
f019_d7             =  3.30000e+00
f019_d6             =  3.30000e+00
f019_d5             =  3.30000e+00
f019_d4             =  3.30000e+00
f019_d3             =  4.08882e-312
f019_d2             =  5.10108e-297
f019_d1             =  3.30000e+00
f019_d0             =  5.10108e-297
f019_complete       =  3.30000e+00
f019_invalid        =  0.00000e+00
f019_timeout        =  0.00000e+00
f019_sampled        =  1.49627e+00
f019_input          =  1.49776e+00
f019_tcomplete      =  9.87550e-06
f020_d7             =  3.30000e+00
f020_d6             =  3.30000e+00
f020_d5             =  5.34330e-297
f020_d4             =  3.30000e+00
f020_d3             =  3.30000e+00
f020_d2             =  3.30000e+00
f020_d1             =  5.34330e-297
f020_d0             =  4.08882e-312
f020_complete       =  3.30000e+00
f020_invalid        =  0.00000e+00
f020_timeout        =  0.00000e+00
f020_sampled        =  1.20583e+00
f020_input          =  1.20928e+00
f020_tcomplete      =  1.03755e-05
f021_d7             =  3.30000e+00
f021_d6             =  5.27098e-297
f021_d5             =  4.08882e-312
f021_d4             =  3.30000e+00
f021_d3             =  3.30000e+00
f021_d2             =  3.30000e+00
f021_d1             =  4.08882e-312
f021_d0             =  3.30000e+00
f021_complete       =  3.30000e+00
f021_invalid        =  0.00000e+00
f021_timeout        =  0.00000e+00
f021_sampled        =  3.71812e-01
f021_input          =  3.71641e-01
f021_tcomplete      =  1.08755e-05
f022_d7             =  4.47311e-297
f022_d6             =  3.30000e+00
f022_d5             =  4.08882e-312
f022_d4             =  3.30000e+00
f022_d3             =  4.47311e-297
f022_d2             =  4.47311e-297
f022_d1             =  4.08882e-312
f022_d0             =  3.30000e+00
f022_complete       =  3.30000e+00
f022_invalid        =  0.00000e+00
f022_timeout        =  0.00000e+00
f022_sampled        =  -6.32634e-01
f022_input          =  -6.34648e-01
f022_tcomplete      =  1.13755e-05
f023_d7             =  4.08882e-312
f023_d6             =  4.49806e-297
f023_d5             =  4.08882e-312
f023_d4             =  3.30000e+00
f023_d3             =  3.30000e+00
f023_d2             =  4.08882e-312
f023_d1             =  3.30000e+00
f023_d0             =  3.30000e+00
f023_complete       =  3.30000e+00
f023_invalid        =  0.00000e+00
f023_timeout        =  0.00000e+00
f023_sampled        =  -1.35098e+00
f023_input          =  -1.35291e+00
f023_tcomplete      =  1.18755e-05
f024_d7             =  4.08882e-312
f024_d6             =  4.08882e-312
f024_d5             =  4.08882e-312
f024_d4             =  3.30000e+00
f024_d3             =  4.76669e-297
f024_d2             =  4.08882e-312
f024_d1             =  3.30000e+00
f024_d0             =  3.30000e+00
f024_complete       =  3.30000e+00
f024_invalid        =  0.00000e+00
f024_timeout        =  0.00000e+00
f024_sampled        =  -1.45863e+00
f024_input          =  -1.45687e+00
f024_tcomplete      =  1.23755e-05
f025_d7             =  4.08882e-312
f025_d6             =  4.08882e-312
f025_d5             =  3.30000e+00
f025_d4             =  3.30000e+00
f025_d3             =  3.30000e+00
f025_d2             =  3.30000e+00
f025_d1             =  4.95957e-297
f025_d0             =  3.30000e+00
f025_complete       =  3.30000e+00
f025_invalid        =  0.00000e+00
f025_timeout        =  0.00000e+00
f025_sampled        =  -8.98032e-01
f025_input          =  -8.99434e-01
f025_tcomplete      =  1.28755e-05
f026_d7             =  3.30000e+00
f026_d6             =  4.08882e-312
f026_d5             =  5.19107e-297
f026_d4             =  5.19107e-297
f026_d3             =  5.19107e-297
f026_d2             =  3.30000e+00
f026_d1             =  3.30000e+00
f026_d0             =  5.19107e-297
f026_complete       =  3.30000e+00
f026_invalid        =  0.00000e+00
f026_timeout        =  0.00000e+00
f026_sampled        =  6.78343e-02
f026_input          =  6.62739e-02
f026_tcomplete      =  1.33755e-05
f027_d7             =  3.30000e+00
f027_d6             =  3.30000e+00
f027_d5             =  4.08882e-312
f027_d4             =  4.08882e-312
f027_d3             =  3.30000e+00
f027_d2             =  3.30000e+00
f027_d1             =  5.15670e-297
f027_d0             =  3.30000e+00
f027_complete       =  3.30000e+00
f027_invalid        =  0.00000e+00
f027_timeout        =  0.00000e+00
f027_sampled        =  1.00068e+00
f027_input          =  1.00176e+00
f027_tcomplete      =  1.38755e-05
f028_d7             =  3.30000e+00
f028_d6             =  3.30000e+00
f028_d5             =  3.30000e+00
f028_d4             =  3.30000e+00
f028_d3             =  5.11796e-297
f028_d2             =  5.11796e-297
f028_d1             =  4.08882e-312
f028_d0             =  3.30000e+00
f028_complete       =  3.30000e+00
f028_invalid        =  0.00000e+00
f028_timeout        =  0.00000e+00
f028_sampled        =  1.48015e+00
f028_input          =  1.48268e+00
f028_tcomplete      =  1.43755e-05
f029_d7             =  3.30000e+00
f029_d6             =  3.30000e+00
f029_d5             =  3.30000e+00
f029_d4             =  4.99266e-297
f029_d3             =  4.08882e-312
f029_d2             =  4.08882e-312
f029_d1             =  3.30000e+00
f029_d0             =  4.99266e-297
f029_complete       =  3.30000e+00
f029_invalid        =  0.00000e+00
f029_timeout        =  0.00000e+00
f029_sampled        =  1.29119e+00
f029_input          =  1.29046e+00
f029_tcomplete      =  1.48755e-05
f030_d7             =  3.30000e+00
f030_d6             =  4.51534e-297
f030_d5             =  3.30000e+00
f030_d4             =  4.08882e-312
f030_d3             =  3.30000e+00
f030_d2             =  4.08882e-312
f030_d1             =  4.51534e-297
f030_d0             =  4.08882e-312
f030_complete       =  3.30000e+00
f030_invalid        =  0.00000e+00
f030_timeout        =  0.00000e+00
f030_sampled        =  5.14367e-01
f030_input          =  5.12250e-01
f030_tcomplete      =  1.53755e-05
f031_d7             =  4.56782e-297
f031_d6             =  3.30000e+00
f031_d5             =  4.56782e-297
f031_d4             =  3.30000e+00
f031_d3             =  3.30000e+00
f031_d2             =  4.08882e-312
f031_d1             =  3.30000e+00
f031_d0             =  3.30000e+00
f031_complete       =  3.30000e+00
f031_invalid        =  0.00000e+00
f031_timeout        =  0.00000e+00
f031_sampled        =  -4.98373e-01
f031_input          =  -4.98297e-01
f031_tcomplete      =  1.58755e-05
f032_d7             =  4.08882e-312
f032_d6             =  4.99277e-297
f032_d5             =  3.30000e+00
f032_d4             =  4.99277e-297
f032_d3             =  4.99277e-297
f032_d2             =  4.08882e-312
f032_d1             =  4.99277e-297
f032_d0             =  4.99277e-297
f032_complete       =  3.30000e+00
f032_invalid        =  0.00000e+00
f032_timeout        =  0.00000e+00
f032_sampled        =  -1.28415e+00
f032_input          =  -1.28282e+00
f032_tcomplete      =  1.63755e-05
f033_d7             =  4.08882e-312
f033_d6             =  4.08882e-312
f033_d5             =  5.14659e-297
f033_d4             =  3.30000e+00
f033_d3             =  4.08882e-312
f033_d2             =  4.08882e-312
f033_d1             =  4.08882e-312
f033_d0             =  3.30000e+00
f033_complete       =  3.30000e+00
f033_invalid        =  0.00000e+00
f033_timeout        =  0.00000e+00
f033_sampled        =  -1.48465e+00
f033_input          =  -1.48482e+00
f033_tcomplete      =  1.68755e-05
f034_d7             =  4.08882e-312
f034_d6             =  4.08882e-312
f034_d5             =  3.30000e+00
f034_d4             =  3.30000e+00
f034_d3             =  4.08882e-312
f034_d2             =  3.30000e+00
f034_d1             =  4.08882e-312
f034_d0             =  4.42635e-297
f034_complete       =  3.30000e+00
f034_invalid        =  0.00000e+00
f034_timeout        =  0.00000e+00
f034_sampled        =  -1.01144e+00
f034_input          =  -1.01284e+00
f034_tcomplete      =  1.73755e-05
f035_d7             =  4.08882e-312
f035_d6             =  3.30000e+00
f035_d5             =  3.30000e+00
f035_d4             =  3.30000e+00
f035_d3             =  3.30000e+00
f035_d2             =  5.27152e-297
f035_d1             =  3.30000e+00
f035_d0             =  3.30000e+00
f035_complete       =  3.30000e+00
f035_invalid        =  0.00000e+00
f035_timeout        =  0.00000e+00
f035_sampled        =  -8.03439e-02
f035_input          =  -8.09615e-02
f035_tcomplete      =  1.78755e-05
f036_d7             =  3.30000e+00
f036_d6             =  3.30000e+00
f036_d5             =  5.02733e-297
f036_d4             =  5.02733e-297
f036_d3             =  5.02733e-297
f036_d2             =  3.30000e+00
f036_d1             =  5.02733e-297
f036_d0             =  5.02733e-297
f036_complete       =  3.30000e+00
f036_invalid        =  0.00000e+00
f036_timeout        =  0.00000e+00
f036_sampled        =  8.87150e-01
f036_input          =  8.87626e-01
f036_tcomplete      =  1.83755e-05
f037_d7             =  3.30000e+00
f037_d6             =  3.30000e+00
f037_d5             =  3.30000e+00
f037_d4             =  4.08882e-312
f037_d3             =  3.30000e+00
f037_d2             =  3.30000e+00
f037_d1             =  3.30000e+00
f037_d0             =  3.30000e+00
f037_complete       =  3.30000e+00
f037_invalid        =  0.00000e+00
f037_timeout        =  0.00000e+00
f037_sampled        =  1.45388e+00
f037_input          =  1.45320e+00
f037_tcomplete      =  1.88755e-05
f038_d7             =  3.30000e+00
f038_d6             =  3.30000e+00
f038_d5             =  3.30000e+00
f038_d4             =  4.08882e-312
f038_d3             =  3.30000e+00
f038_d2             =  4.82551e-297
f038_d1             =  4.82551e-297
f038_d0             =  4.82551e-297
f038_complete       =  3.30000e+00
f038_invalid        =  0.00000e+00
f038_timeout        =  0.00000e+00
f038_sampled        =  1.35909e+00
f038_input          =  1.35905e+00
f038_tcomplete      =  1.93755e-05
f039_d7             =  3.30000e+00
f039_d6             =  4.46859e-297
f039_d5             =  3.30000e+00
f039_d4             =  3.30000e+00
f039_d3             =  4.46859e-297
f039_d2             =  4.08882e-312
f039_d1             =  3.30000e+00
f039_d0             =  4.08882e-312
f039_complete       =  3.30000e+00
f039_invalid        =  0.00000e+00
f039_timeout        =  0.00000e+00
f039_sampled        =  6.50023e-01
f039_input          =  6.47976e-01
f039_tcomplete      =  1.98755e-05
f040_d7             =  4.44980e-297
f040_d6             =  3.30000e+00
f040_d5             =  3.30000e+00
f040_d4             =  4.44980e-297
f040_d3             =  4.08882e-312
f040_d2             =  3.30000e+00
f040_d1             =  3.30000e+00
f040_d0             =  4.08882e-312
f040_complete       =  3.30000e+00
f040_invalid        =  0.00000e+00
f040_timeout        =  0.00000e+00
f040_sampled        =  -3.57462e-01
f040_input          =  -3.57319e-01
f040_tcomplete      =  2.03755e-05
f041_d7             =  4.08882e-312
f041_d6             =  5.53900e-297
f041_d5             =  3.30000e+00
f041_d4             =  4.08882e-312
f041_d3             =  4.08882e-312
f041_d2             =  3.30000e+00
f041_d1             =  3.30000e+00
f041_d0             =  4.08882e-312
f041_complete       =  3.30000e+00
f041_invalid        =  0.00000e+00
f041_timeout        =  0.00000e+00
f041_sampled        =  -1.19713e+00
f041_input          =  -1.20031e+00
f041_tcomplete      =  2.08755e-05
f042_d7             =  4.08882e-312
f042_d6             =  4.08882e-312
f042_d5             =  5.12897e-297
f042_d4             =  3.30000e+00
f042_d3             =  4.08882e-312
f042_d2             =  5.12897e-297
f042_d1             =  5.12897e-297
f042_d0             =  4.08882e-312
f042_complete       =  3.30000e+00
f042_invalid        =  0.00000e+00
f042_timeout        =  0.00000e+00
f042_sampled        =  -1.49970e+00
f042_input          =  -1.49846e+00
f042_tcomplete      =  2.13755e-05
f043_d7             =  4.08882e-312
f043_d6             =  4.08882e-312
f043_d5             =  3.30000e+00
f043_d4             =  5.15192e-297
f043_d3             =  3.30000e+00
f043_d2             =  3.30000e+00
f043_d1             =  4.08882e-312
f043_d0             =  3.30000e+00
f043_complete       =  3.30000e+00
f043_invalid        =  0.00000e+00
f043_timeout        =  0.00000e+00
f043_sampled        =  -1.11591e+00
f043_input          =  -1.11624e+00
f043_tcomplete      =  2.18755e-05
f044_d7             =  4.08882e-312
f044_d6             =  3.30000e+00
f044_d5             =  3.30000e+00
f044_d4             =  3.30000e+00
f044_d3             =  5.13433e-297
f044_d2             =  5.13433e-297
f044_d1             =  4.08882e-312
f044_d0             =  5.13433e-297
f044_complete       =  3.30000e+00
f044_invalid        =  0.00000e+00
f044_timeout        =  0.00000e+00
f044_sampled        =  -2.26469e-01
f044_input          =  -2.27327e-01
f044_tcomplete      =  2.23755e-05
f045_d7             =  3.30000e+00
f045_d6             =  5.02734e-297
f045_d5             =  3.30000e+00
f045_d4             =  3.30000e+00
f045_d3             =  3.30000e+00
f045_d2             =  4.08882e-312
f045_d1             =  3.30000e+00
f045_d0             =  4.08882e-312
f045_complete       =  3.30000e+00
f045_invalid        =  0.00000e+00
f045_timeout        =  0.00000e+00
f045_sampled        =  7.63860e-01
f045_input          =  7.64873e-01
f045_tcomplete      =  2.28755e-05
f046_d7             =  3.30000e+00
f046_d6             =  3.30000e+00
f046_d5             =  3.30000e+00
f046_d4             =  5.10851e-297
f046_d3             =  3.30000e+00
f046_d2             =  4.08882e-312
f046_d1             =  3.30000e+00
f046_d0             =  3.30000e+00
f046_complete       =  3.30000e+00
f046_invalid        =  0.00000e+00
f046_timeout        =  0.00000e+00
f046_sampled        =  1.41015e+00
f046_input          =  1.40984e+00
f046_tcomplete      =  2.33755e-05
f047_d7             =  3.30000e+00
f047_d6             =  3.30000e+00
f047_d5             =  3.30000e+00
f047_d4             =  4.08882e-312
f047_d3             =  3.30000e+00
f047_d2             =  3.30000e+00
f047_d1             =  5.10580e-297
f047_d0             =  5.10580e-297
f047_complete       =  3.30000e+00
f047_invalid        =  0.00000e+00
f047_timeout        =  0.00000e+00
f047_sampled        =  1.41400e+00
f047_input          =  1.41473e+00
f047_tcomplete      =  2.38755e-05
f048_d7             =  3.30000e+00
f048_d6             =  5.07426e-297
f048_d5             =  3.30000e+00
f048_d4             =  3.30000e+00
f048_d3             =  3.30000e+00
f048_d2             =  3.30000e+00
f048_d1             =  4.08882e-312
f048_d0             =  4.08882e-312
f048_complete       =  3.30000e+00
f048_invalid        =  0.00000e+00
f048_timeout        =  0.00000e+00
f048_sampled        =  7.77066e-01
f048_input          =  7.77538e-01
f048_tcomplete      =  2.43755e-05
f049_d7             =  5.26993e-297
f049_d6             =  3.30000e+00
f049_d5             =  3.30000e+00
f049_d4             =  3.30000e+00
f049_d3             =  5.26993e-297
f049_d2             =  5.26993e-297
f049_d1             =  4.08882e-312
f049_d0             =  3.30000e+00
f049_complete       =  3.30000e+00
f049_invalid        =  0.00000e+00
f049_timeout        =  0.00000e+00
f049_sampled        =  -2.14713e-01
f049_input          =  -2.12770e-01
f049_tcomplete      =  2.48755e-05
f050_d7             =  4.08882e-312
f050_d6             =  5.14936e-297
f050_d5             =  3.30000e+00
f050_d4             =  5.14936e-297
f050_d3             =  3.30000e+00
f050_d2             =  3.30000e+00
f050_d1             =  4.08882e-312
f050_d0             =  3.30000e+00
f050_complete       =  3.30000e+00
f050_invalid        =  0.00000e+00
f050_timeout        =  0.00000e+00
f050_sampled        =  -1.10583e+00
f050_input          =  -1.10636e+00
f050_tcomplete      =  2.53755e-05
f051_d7             =  4.08882e-312
f051_d6             =  4.08882e-312
f051_d5             =  5.13271e-297
f051_d4             =  3.30000e+00
f051_d3             =  5.13271e-297
f051_d2             =  5.13271e-297
f051_d1             =  4.08882e-312
f051_d0             =  5.13271e-297
f051_complete       =  3.30000e+00
f051_invalid        =  0.00000e+00
f051_timeout        =  0.00000e+00
f051_sampled        =  -1.49638e+00
f051_input          =  -1.49778e+00
f051_tcomplete      =  2.58755e-05
f052_d7             =  4.08882e-312
f052_d6             =  4.08882e-312
f052_d5             =  3.30000e+00
f052_d4             =  5.34243e-297
f052_d3             =  4.08882e-312
f052_d2             =  3.30000e+00
f052_d1             =  3.30000e+00
f052_d0             =  4.08882e-312
f052_complete       =  3.30000e+00
f052_invalid        =  0.00000e+00
f052_timeout        =  0.00000e+00
f052_sampled        =  -1.20994e+00
f052_input          =  -1.20916e+00
f052_tcomplete      =  2.63755e-05
f053_d7             =  4.08882e-312
f053_d6             =  3.30000e+00
f053_d5             =  3.30000e+00
f053_d4             =  4.08882e-312
f053_d3             =  4.08882e-312
f053_d2             =  3.30000e+00
f053_d1             =  4.62175e-297
f053_d0             =  3.30000e+00
f053_complete       =  3.30000e+00
f053_invalid        =  0.00000e+00
f053_timeout        =  0.00000e+00
f053_sampled        =  -3.74842e-01
f053_input          =  -3.71622e-01
f053_tcomplete      =  2.68755e-05
f054_d7             =  3.30000e+00
f054_d6             =  5.30845e-297
f054_d5             =  3.30000e+00
f054_d4             =  3.30000e+00
f054_d3             =  4.08882e-312
f054_d2             =  5.30845e-297
f054_d1             =  4.08882e-312
f054_d0             =  3.30000e+00
f054_complete       =  3.30000e+00
f054_invalid        =  0.00000e+00
f054_timeout        =  0.00000e+00
f054_sampled        =  6.33238e-01
f054_input          =  6.34650e-01
f054_tcomplete      =  2.73755e-05
f055_d7             =  3.30000e+00
f055_d6             =  3.30000e+00
f055_d5             =  3.30000e+00
f055_d4             =  4.74809e-297
f055_d3             =  4.08882e-312
f055_d2             =  3.30000e+00
f055_d1             =  3.30000e+00
f055_d0             =  3.30000e+00
f055_complete       =  3.30000e+00
f055_invalid        =  0.00000e+00
f055_timeout        =  0.00000e+00
f055_sampled        =  1.34958e+00
f055_input          =  1.35297e+00
f055_tcomplete      =  2.78755e-05
f056_d7             =  3.30000e+00
f056_d6             =  3.30000e+00
f056_d5             =  3.30000e+00
f056_d4             =  4.08882e-312
f056_d3             =  3.30000e+00
f056_d2             =  3.30000e+00
f056_d1             =  3.30000e+00
f056_d0             =  3.30000e+00
f056_complete       =  3.30000e+00
f056_invalid        =  0.00000e+00
f056_timeout        =  0.00000e+00
f056_sampled        =  1.45631e+00
f056_input          =  1.45685e+00
f056_tcomplete      =  2.83755e-05
f057_d7             =  3.30000e+00
f057_d6             =  3.30000e+00
f057_d5             =  5.16781e-297
f057_d4             =  4.08882e-312
f057_d3             =  5.16781e-297
f057_d2             =  3.30000e+00
f057_d1             =  5.16781e-297
f057_d0             =  3.30000e+00
f057_complete       =  3.30000e+00
f057_invalid        =  0.00000e+00
f057_timeout        =  0.00000e+00
f057_sampled        =  9.00324e-01
f057_input          =  8.99392e-01
f057_tcomplete      =  2.88755e-05
f058_d7             =  5.20099e-297
f058_d6             =  3.30000e+00
f058_d5             =  3.30000e+00
f058_d4             =  3.30000e+00
f058_d3             =  3.30000e+00
f058_d2             =  3.30000e+00
f058_d1             =  4.08882e-312
f058_d0             =  5.20099e-297
f058_complete       =  3.30000e+00
f058_invalid        =  0.00000e+00
f058_timeout        =  0.00000e+00
f058_sampled        =  -6.67078e-02
f058_input          =  -6.62664e-02
f058_tcomplete      =  2.93755e-05
f059_d7             =  4.08882e-312
f059_d6             =  4.54375e-297
f059_d5             =  3.30000e+00
f059_d4             =  3.30000e+00
f059_d3             =  4.54375e-297
f059_d2             =  3.30000e+00
f059_d1             =  4.08882e-312
f059_d0             =  3.30000e+00
f059_complete       =  3.30000e+00
f059_invalid        =  0.00000e+00
f059_timeout        =  0.00000e+00
f059_sampled        =  -1.00153e+00
f059_input          =  -1.00190e+00
f059_tcomplete      =  2.98755e-05
f060_d7             =  4.08882e-312
f060_d6             =  4.08882e-312
f060_d5             =  5.33169e-297
f060_d4             =  3.30000e+00
f060_d3             =  4.08882e-312
f060_d2             =  5.33169e-297
f060_d1             =  4.08882e-312
f060_d0             =  3.30000e+00
f060_complete       =  3.30000e+00
f060_invalid        =  0.00000e+00
f060_timeout        =  0.00000e+00
f060_sampled        =  -1.48432e+00
f060_input          =  -1.48269e+00
f060_tcomplete      =  3.03755e-05
f061_d7             =  4.08882e-312
f061_d6             =  4.08882e-312
f061_d5             =  3.30000e+00
f061_d4             =  5.00414e-297
f061_d3             =  4.08882e-312
f061_d2             =  4.08882e-312
f061_d1             =  4.08882e-312
f061_d0             =  5.00414e-297
f061_complete       =  3.30000e+00
f061_invalid        =  0.00000e+00
f061_timeout        =  0.00000e+00
f061_sampled        =  -1.29315e+00
f061_input          =  -1.29040e+00
f061_tcomplete      =  3.08755e-05
f062_d7             =  4.08882e-312
f062_d6             =  3.30000e+00
f062_d5             =  4.57411e-297
f062_d4             =  3.30000e+00
f062_d3             =  3.30000e+00
f062_d2             =  4.08882e-312
f062_d1             =  3.30000e+00
f062_d0             =  4.08882e-312
f062_complete       =  3.30000e+00
f062_invalid        =  0.00000e+00
f062_timeout        =  0.00000e+00
f062_sampled        =  -5.13229e-01
f062_input          =  -5.12222e-01
f062_tcomplete      =  3.13755e-05
f063_d7             =  3.30000e+00
f063_d6             =  4.58332e-297
f063_d5             =  3.30000e+00
f063_d4             =  4.58332e-297
f063_d3             =  4.58332e-297
f063_d2             =  3.30000e+00
f063_d1             =  3.30000e+00
f063_d0             =  3.30000e+00
f063_complete       =  3.30000e+00
f063_invalid        =  0.00000e+00
f063_timeout        =  0.00000e+00
f063_sampled        =  4.97298e-01
f063_input          =  4.98474e-01
f063_tcomplete      =  3.18755e-05
f064_d7             =  3.30000e+00
f064_d6             =  3.30000e+00
f064_d5             =  3.30000e+00
f064_d4             =  4.08882e-312
f064_d3             =  4.08882e-312
f064_d2             =  5.00330e-297
f064_d1             =  3.30000e+00
f064_d0             =  5.00330e-297
f064_complete       =  3.30000e+00
f064_invalid        =  0.00000e+00
f064_timeout        =  0.00000e+00
f064_sampled        =  1.28205e+00
f064_input          =  1.28276e+00
f064_tcomplete      =  3.23755e-05
f065_d7             =  3.30000e+00
f065_d6             =  3.30000e+00
f065_d5             =  3.30000e+00
f065_d4             =  3.30000e+00
f065_d3             =  4.08882e-312
f065_d2             =  4.08882e-312
f065_d1             =  5.11720e-297
f065_d0             =  3.30000e+00
f065_complete       =  3.30000e+00
f065_invalid        =  0.00000e+00
f065_timeout        =  0.00000e+00
f065_sampled        =  1.48526e+00
f065_input          =  1.48480e+00
f065_tcomplete      =  3.28755e-05
f066_d7             =  3.30000e+00
f066_d6             =  3.30000e+00
f066_d5             =  4.53668e-297
f066_d4             =  4.53668e-297
f066_d3             =  3.30000e+00
f066_d2             =  3.30000e+00
f066_d1             =  4.08882e-312
f066_d0             =  3.30000e+00
f066_complete       =  3.30000e+00
f066_invalid        =  0.00000e+00
f066_timeout        =  0.00000e+00
f066_sampled        =  1.01209e+00
f066_input          =  1.01280e+00
f066_tcomplete      =  3.33755e-05
f067_d7             =  3.30000e+00
f067_d6             =  5.27025e-297
f067_d5             =  4.08882e-312
f067_d4             =  4.08882e-312
f067_d3             =  5.27025e-297
f067_d2             =  3.30000e+00
f067_d1             =  3.30000e+00
f067_d0             =  3.30000e+00
f067_complete       =  3.30000e+00
f067_invalid        =  0.00000e+00
f067_timeout        =  0.00000e+00
f067_sampled        =  8.00339e-02
f067_input          =  8.08741e-02
f067_tcomplete      =  3.38755e-05
p_f000_cmp7_p0      =  -3.10761e-06
p_f000_cmp7_n0      =  -3.08861e-06
p_f000_cmp7_p5      =  3.30000e+00
p_f000_cmp7_n5      =  -1.86398e-06
p_f000_cmp6_p0      =  -8.25512e-06
p_f000_cmp6_n0      =  -8.21898e-06
p_f000_cmp6_p5      =  3.30000e+00
p_f000_cmp6_n5      =  -2.11692e-06
p_f000_cmp5_p0      =  -3.02380e-06
p_f000_cmp5_n0      =  -3.00746e-06
p_f000_cmp5_p5      =  3.30000e+00
p_f000_cmp5_n5      =  -1.75752e-06
p_f000_cmp4_p0      =  -3.02097e-06
p_f000_cmp4_n0      =  -3.00371e-06
p_f000_cmp4_p5      =  -1.66072e-06
p_f000_cmp4_n5      =  3.30000e+00
p_f000_cmp3_p0      =  -8.19641e-06
p_f000_cmp3_n0      =  -8.17097e-06
p_f000_cmp3_p5      =  -1.96225e-06
p_f000_cmp3_n5      =  3.30000e+00
p_f000_cmp2_p0      =  -8.19635e-06
p_f000_cmp2_n0      =  -8.16938e-06
p_f000_cmp2_p5      =  -1.95532e-06
p_f000_cmp2_n5      =  3.30000e+00
p_f000_cmp1_p0      =  -3.00891e-06
p_f000_cmp1_n0      =  -2.99200e-06
p_f000_cmp1_p5      =  3.30000e+00
p_f000_cmp1_n5      =  -1.74400e-06
p_f000_cmp0_p0      =  -8.23678e-06
p_f000_cmp0_n0      =  -8.20988e-06
p_f000_cmp0_p5      =  -1.95804e-06
p_f000_cmp0_n5      =  3.30000e+00
p_f000_dctrl7_p     =  3.30001e+00
p_f000_dctrl7_n     =  3.48253e-01
p_f000_dctrl6_p     =  3.26647e+00
p_f000_dctrl6_n     =  3.04167e-06
p_f000_dctrl5_p     =  3.29964e+00
p_f000_dctrl5_n     =  -1.64591e-06
p_f000_dctrl4_p     =  -1.23391e-07
p_f000_dctrl4_n     =  3.29999e+00
p_f000_dctrl3_p     =  -2.69030e-08
p_f000_dctrl3_n     =  3.30000e+00
p_f000_dctrl2_p     =  -1.35707e-08
p_f000_dctrl2_n     =  3.30000e+00
p_f000_dctrl1_p     =  3.30000e+00
p_f000_dctrl1_n     =  -6.38835e-09
p_f000_do7_drv_470  =  3.30000e+00
p_f000_do7_rx_470   =  3.30000e+00
p_f000_do6_drv_470  =  3.30000e+00
p_f000_do6_rx_470   =  3.30000e+00
p_f000_do5_drv_470  =  3.30000e+00
p_f000_do5_rx_470   =  3.30000e+00
p_f000_do4_drv_470  =  0.00000e+00
p_f000_do4_rx_470   =  0.00000e+00
p_f000_do3_drv_470  =  0.00000e+00
p_f000_do3_rx_470   =  0.00000e+00
p_f000_do2_drv_470  =  0.00000e+00
p_f000_do2_rx_470   =  0.00000e+00
p_f000_do1_drv_470  =  3.30000e+00
p_f000_do1_rx_470   =  3.30000e+00
p_f000_do0_drv_470  =  0.00000e+00
p_f000_do0_rx_470   =  0.00000e+00
p_f000_do7_drv_480  =  3.30000e+00
p_f000_do7_rx_480   =  3.30000e+00
p_f000_do6_drv_480  =  3.30000e+00
p_f000_do6_rx_480   =  3.30000e+00
p_f000_do5_drv_480  =  3.30000e+00
p_f000_do5_rx_480   =  3.30000e+00
p_f000_do4_drv_480  =  0.00000e+00
p_f000_do4_rx_480   =  0.00000e+00
p_f000_do3_drv_480  =  0.00000e+00
p_f000_do3_rx_480   =  0.00000e+00
p_f000_do2_drv_480  =  0.00000e+00
p_f000_do2_rx_480   =  0.00000e+00
p_f000_do1_drv_480  =  3.30000e+00
p_f000_do1_rx_480   =  3.30000e+00
p_f000_do0_drv_480  =  0.00000e+00
p_f000_do0_rx_480   =  0.00000e+00
p_f001_cmp7_p0      =  -3.06475e-06
p_f001_cmp7_n0      =  -3.04744e-06
p_f001_cmp7_p5      =  3.30000e+00
p_f001_cmp7_n5      =  -1.88744e-06
p_f001_cmp6_p0      =  -8.41837e-06
p_f001_cmp6_n0      =  -8.38500e-06
p_f001_cmp6_p5      =  3.30000e+00
p_f001_cmp6_n5      =  -2.13803e-06
p_f001_cmp5_p0      =  -2.95319e-06
p_f001_cmp5_n0      =  -2.93716e-06
p_f001_cmp5_p5      =  3.30000e+00
p_f001_cmp5_n5      =  -1.77113e-06
p_f001_cmp4_p0      =  -3.13736e-06
p_f001_cmp4_n0      =  -3.11941e-06
p_f001_cmp4_p5      =  3.30000e+00
p_f001_cmp4_n5      =  -1.76641e-06
p_f001_cmp3_p0      =  -8.35741e-06
p_f001_cmp3_n0      =  -8.33660e-06
p_f001_cmp3_p5      =  -1.97800e-06
p_f001_cmp3_n5      =  3.30000e+00
p_f001_cmp2_p0      =  -8.35751e-06
p_f001_cmp2_n0      =  -8.33493e-06
p_f001_cmp2_p5      =  -1.97147e-06
p_f001_cmp2_n5      =  3.30000e+00
p_f001_cmp1_p0      =  -3.13171e-06
p_f001_cmp1_n0      =  -3.11318e-06
p_f001_cmp1_p5      =  -1.65985e-06
p_f001_cmp1_n5      =  3.30000e+00
p_f001_cmp0_p0      =  -8.39841e-06
p_f001_cmp0_n0      =  -8.37473e-06
p_f001_cmp0_p5      =  3.30000e+00
p_f001_cmp0_n5      =  -2.08806e-06
p_f001_dctrl7_p     =  3.30001e+00
p_f001_dctrl7_n     =  3.48475e-01
p_f001_dctrl6_p     =  3.26643e+00
p_f001_dctrl6_n     =  3.42699e-06
p_f001_dctrl5_p     =  3.29964e+00
p_f001_dctrl5_n     =  -1.45919e-06
p_f001_dctrl4_p     =  3.29999e+00
p_f001_dctrl4_n     =  -1.39776e-07
p_f001_dctrl3_p     =  -2.68060e-08
p_f001_dctrl3_n     =  3.30000e+00
p_f001_dctrl2_p     =  -1.34715e-08
p_f001_dctrl2_n     =  3.30000e+00
p_f001_dctrl1_p     =  -6.43495e-09
p_f001_dctrl1_n     =  3.30000e+00
p_f001_do7_drv_470  =  3.30000e+00
p_f001_do7_rx_470   =  3.30000e+00
p_f001_do6_drv_470  =  3.30000e+00
p_f001_do6_rx_470   =  3.30000e+00
p_f001_do5_drv_470  =  3.30000e+00
p_f001_do5_rx_470   =  3.30000e+00
p_f001_do4_drv_470  =  3.30000e+00
p_f001_do4_rx_470   =  3.30000e+00
p_f001_do3_drv_470  =  0.00000e+00
p_f001_do3_rx_470   =  0.00000e+00
p_f001_do2_drv_470  =  0.00000e+00
p_f001_do2_rx_470   =  0.00000e+00
p_f001_do1_drv_470  =  0.00000e+00
p_f001_do1_rx_470   =  1.45875e-268
p_f001_do0_drv_470  =  3.30000e+00
p_f001_do0_rx_470   =  3.30000e+00
p_f001_do7_drv_480  =  3.30000e+00
p_f001_do7_rx_480   =  3.30000e+00
p_f001_do6_drv_480  =  3.30000e+00
p_f001_do6_rx_480   =  3.30000e+00
p_f001_do5_drv_480  =  3.30000e+00
p_f001_do5_rx_480   =  3.30000e+00
p_f001_do4_drv_480  =  3.30000e+00
p_f001_do4_rx_480   =  3.30000e+00
p_f001_do3_drv_480  =  0.00000e+00
p_f001_do3_rx_480   =  0.00000e+00
p_f001_do2_drv_480  =  0.00000e+00
p_f001_do2_rx_480   =  0.00000e+00
p_f001_do1_drv_480  =  0.00000e+00
p_f001_do1_rx_480   =  5.12150e-297
p_f001_do0_drv_480  =  3.30000e+00
p_f001_do0_rx_480   =  3.30000e+00
p_f002_cmp7_p0      =  -2.46602e-06
p_f002_cmp7_n0      =  -2.45807e-06
p_f002_cmp7_p5      =  3.30000e+00
p_f002_cmp7_n5      =  -1.79660e-06
p_f002_cmp6_p0      =  -7.73725e-06
p_f002_cmp6_n0      =  -7.68980e-06
p_f002_cmp6_p5      =  3.30000e+00
p_f002_cmp6_n5      =  -2.05038e-06
p_f002_cmp5_p0      =  -2.57841e-06
p_f002_cmp5_n0      =  -2.56856e-06
p_f002_cmp5_p5      =  -1.61991e-06
p_f002_cmp5_n5      =  3.30000e+00
p_f002_cmp4_p0      =  -2.55683e-06
p_f002_cmp4_n0      =  -2.54669e-06
p_f002_cmp4_p5      =  -1.60684e-06
p_f002_cmp4_n5      =  3.30000e+00
p_f002_cmp3_p0      =  -7.59458e-06
p_f002_cmp3_n0      =  -7.54906e-06
p_f002_cmp3_p5      =  3.30000e+00
p_f002_cmp3_n5      =  -2.02290e-06
p_f002_cmp2_p0      =  -7.59301e-06
p_f002_cmp2_n0      =  -7.54821e-06
p_f002_cmp2_p5      =  3.30000e+00
p_f002_cmp2_n5      =  -2.01684e-06
p_f002_cmp1_p0      =  -2.54807e-06
p_f002_cmp1_n0      =  -2.53843e-06
p_f002_cmp1_p5      =  -1.59271e-06
p_f002_cmp1_n5      =  3.30000e+00
p_f002_cmp0_p0      =  -7.63204e-06
p_f002_cmp0_n0      =  -7.58932e-06
p_f002_cmp0_p5      =  3.30000e+00
p_f002_cmp0_n5      =  -2.01920e-06
p_f002_dctrl7_p     =  3.30001e+00
p_f002_dctrl7_n     =  3.47427e-01
p_f002_dctrl6_p     =  3.26662e+00
p_f002_dctrl6_n     =  2.36956e-06
p_f002_dctrl5_p     =  -1.02341e-06
p_f002_dctrl5_n     =  3.29965e+00
p_f002_dctrl4_p     =  -1.38076e-07
p_f002_dctrl4_n     =  3.29999e+00
p_f002_dctrl3_p     =  3.30000e+00
p_f002_dctrl3_n     =  -2.64585e-08
p_f002_dctrl2_p     =  3.30000e+00
p_f002_dctrl2_n     =  -1.32963e-08
p_f002_dctrl1_p     =  -6.43095e-09
p_f002_dctrl1_n     =  3.30000e+00
p_f002_do7_drv_470  =  3.30000e+00
p_f002_do7_rx_470   =  3.30000e+00
p_f002_do6_drv_470  =  3.30000e+00
p_f002_do6_rx_470   =  3.30000e+00
p_f002_do5_drv_470  =  0.00000e+00
p_f002_do5_rx_470   =  1.29253e-268
p_f002_do4_drv_470  =  0.00000e+00
p_f002_do4_rx_470   =  1.29253e-268
p_f002_do3_drv_470  =  3.30000e+00
p_f002_do3_rx_470   =  3.30000e+00
p_f002_do2_drv_470  =  3.30000e+00
p_f002_do2_rx_470   =  3.30000e+00
p_f002_do1_drv_470  =  0.00000e+00
p_f002_do1_rx_470   =  4.08882e-312
p_f002_do0_drv_470  =  3.30000e+00
p_f002_do0_rx_470   =  3.30000e+00
p_f002_do7_drv_480  =  3.30000e+00
p_f002_do7_rx_480   =  3.30000e+00
p_f002_do6_drv_480  =  3.30000e+00
p_f002_do6_rx_480   =  3.30000e+00
p_f002_do5_drv_480  =  0.00000e+00
p_f002_do5_rx_480   =  4.53793e-297
p_f002_do4_drv_480  =  0.00000e+00
p_f002_do4_rx_480   =  4.53793e-297
p_f002_do3_drv_480  =  3.30000e+00
p_f002_do3_rx_480   =  3.30000e+00
p_f002_do2_drv_480  =  3.30000e+00
p_f002_do2_rx_480   =  3.30000e+00
p_f002_do1_drv_480  =  0.00000e+00
p_f002_do1_rx_480   =  4.08882e-312
p_f002_do0_drv_480  =  3.30000e+00
p_f002_do0_rx_480   =  3.30000e+00
p_f003_cmp7_p0      =  -3.17750e-06
p_f003_cmp7_n0      =  -3.15776e-06
p_f003_cmp7_p5      =  3.30000e+00
p_f003_cmp7_n5      =  -1.87248e-06
p_f003_cmp6_p0      =  -8.60968e-06
p_f003_cmp6_n0      =  -8.60028e-06
p_f003_cmp6_p5      =  -2.04273e-06
p_f003_cmp6_n5      =  3.30000e+00
p_f003_cmp5_p0      =  -3.31053e-06
p_f003_cmp5_n0      =  -3.28899e-06
p_f003_cmp5_p5      =  -1.69551e-06
p_f003_cmp5_n5      =  3.30000e+00
p_f003_cmp4_p0      =  -3.29384e-06
p_f003_cmp4_n0      =  -3.27190e-06
p_f003_cmp4_p5      =  -1.68702e-06
p_f003_cmp4_n5      =  3.30000e+00
p_f003_cmp3_p0      =  -8.55950e-06
p_f003_cmp3_n0      =  -8.53995e-06
p_f003_cmp3_p5      =  -1.98421e-06
p_f003_cmp3_n5      =  3.30000e+00
p_f003_cmp2_p0      =  -8.56219e-06
p_f003_cmp2_n0      =  -8.53843e-06
p_f003_cmp2_p5      =  3.30000e+00
p_f003_cmp2_n5      =  -2.11558e-06
p_f003_cmp1_p0      =  -3.28515e-06
p_f003_cmp1_n0      =  -3.26476e-06
p_f003_cmp1_p5      =  3.30000e+00
p_f003_cmp1_n5      =  -1.77981e-06
p_f003_cmp0_p0      =  -7.88549e-06
p_f003_cmp0_n0      =  -7.87647e-06
p_f003_cmp0_p5      =  3.30000e+00
p_f003_cmp0_n5      =  -2.11851e-06
p_f003_dctrl7_p     =  3.30001e+00
p_f003_dctrl7_n     =  3.48745e-01
p_f003_dctrl6_p     =  3.05701e-05
p_f003_dctrl6_n     =  3.26636e+00
p_f003_dctrl5_p     =  -1.12494e-06
p_f003_dctrl5_n     =  3.29964e+00
p_f003_dctrl4_p     =  -1.28703e-07
p_f003_dctrl4_n     =  3.29999e+00
p_f003_dctrl3_p     =  -2.92106e-08
p_f003_dctrl3_n     =  3.30000e+00
p_f003_dctrl2_p     =  3.30000e+00
p_f003_dctrl2_n     =  -1.32224e-08
p_f003_dctrl1_p     =  3.30000e+00
p_f003_dctrl1_n     =  -6.35026e-09
p_f003_do7_drv_470  =  3.30000e+00
p_f003_do7_rx_470   =  3.30000e+00
p_f003_do6_drv_470  =  0.00000e+00
p_f003_do6_rx_470   =  1.52003e-268
p_f003_do5_drv_470  =  0.00000e+00
p_f003_do5_rx_470   =  4.08882e-312
p_f003_do4_drv_470  =  0.00000e+00
p_f003_do4_rx_470   =  4.08882e-312
p_f003_do3_drv_470  =  0.00000e+00
p_f003_do3_rx_470   =  1.52003e-268
p_f003_do2_drv_470  =  3.30000e+00
p_f003_do2_rx_470   =  3.30000e+00
p_f003_do1_drv_470  =  3.30000e+00
p_f003_do1_rx_470   =  3.30000e+00
p_f003_do0_drv_470  =  3.30000e+00
p_f003_do0_rx_470   =  3.30000e+00
p_f003_do7_drv_480  =  3.30000e+00
p_f003_do7_rx_480   =  3.30000e+00
p_f003_do6_drv_480  =  0.00000e+00
p_f003_do6_rx_480   =  5.33665e-297
p_f003_do5_drv_480  =  0.00000e+00
p_f003_do5_rx_480   =  4.08882e-312
p_f003_do4_drv_480  =  0.00000e+00
p_f003_do4_rx_480   =  4.08882e-312
p_f003_do3_drv_480  =  0.00000e+00
p_f003_do3_rx_480   =  5.33665e-297
p_f003_do2_drv_480  =  3.30000e+00
p_f003_do2_rx_480   =  3.30000e+00
p_f003_do1_drv_480  =  3.30000e+00
p_f003_do1_rx_480   =  3.30000e+00
p_f003_do0_drv_480  =  3.30000e+00
p_f003_do0_rx_480   =  3.30000e+00
p_f064_cmp7_p0      =  -3.05433e-06
p_f064_cmp7_n0      =  -3.03685e-06
p_f064_cmp7_p5      =  3.30000e+00
p_f064_cmp7_n5      =  -1.87224e-06
p_f064_cmp6_p0      =  -8.41547e-06
p_f064_cmp6_n0      =  -8.38242e-06
p_f064_cmp6_p5      =  3.30000e+00
p_f064_cmp6_n5      =  -2.13241e-06
p_f064_cmp5_p0      =  -2.93244e-06
p_f064_cmp5_n0      =  -2.91759e-06
p_f064_cmp5_p5      =  3.30000e+00
p_f064_cmp5_n5      =  -1.74754e-06
p_f064_cmp4_p0      =  -3.14295e-06
p_f064_cmp4_n0      =  -3.12372e-06
p_f064_cmp4_p5      =  -1.67271e-06
p_f064_cmp4_n5      =  3.30000e+00
p_f064_cmp3_p0      =  -8.03541e-06
p_f064_cmp3_n0      =  -8.00564e-06
p_f064_cmp3_p5      =  -1.94666e-06
p_f064_cmp3_n5      =  3.30000e+00
p_f064_cmp2_p0      =  -8.35754e-06
p_f064_cmp2_n0      =  -8.33474e-06
p_f064_cmp2_p5      =  -1.97273e-06
p_f064_cmp2_n5      =  3.30000e+00
p_f064_cmp1_p0      =  -3.05329e-06
p_f064_cmp1_n0      =  -3.03637e-06
p_f064_cmp1_p5      =  3.30000e+00
p_f064_cmp1_n5      =  -1.74250e-06
p_f064_cmp0_p0      =  -8.03501e-06
p_f064_cmp0_n0      =  -8.00327e-06
p_f064_cmp0_p5      =  -1.93920e-06
p_f064_cmp0_n5      =  3.30000e+00
p_f064_dctrl7_p     =  3.30001e+00
p_f064_dctrl7_n     =  3.48253e-01
p_f064_dctrl6_p     =  3.26644e+00
p_f064_dctrl6_n     =  3.04787e-06
p_f064_dctrl5_p     =  3.29964e+00
p_f064_dctrl5_n     =  -1.64402e-06
p_f064_dctrl4_p     =  -1.23805e-07
p_f064_dctrl4_n     =  3.29999e+00
p_f064_dctrl3_p     =  -2.68174e-08
p_f064_dctrl3_n     =  3.30000e+00
p_f064_dctrl2_p     =  -1.35605e-08
p_f064_dctrl2_n     =  3.30000e+00
p_f064_dctrl1_p     =  3.30000e+00
p_f064_dctrl1_n     =  -6.38624e-09
p_f064_do7_drv_470  =  3.30000e+00
p_f064_do7_rx_470   =  3.30000e+00
p_f064_do6_drv_470  =  3.30000e+00
p_f064_do6_rx_470   =  3.30000e+00
p_f064_do5_drv_470  =  3.30000e+00
p_f064_do5_rx_470   =  3.30000e+00
p_f064_do4_drv_470  =  0.00000e+00
p_f064_do4_rx_470   =  4.08882e-312
p_f064_do3_drv_470  =  0.00000e+00
p_f064_do3_rx_470   =  4.08882e-312
p_f064_do2_drv_470  =  0.00000e+00
p_f064_do2_rx_470   =  1.42509e-268
p_f064_do1_drv_470  =  3.30000e+00
p_f064_do1_rx_470   =  3.30000e+00
p_f064_do0_drv_470  =  0.00000e+00
p_f064_do0_rx_470   =  1.42509e-268
p_f064_do7_drv_480  =  3.30000e+00
p_f064_do7_rx_480   =  3.30000e+00
p_f064_do6_drv_480  =  3.30000e+00
p_f064_do6_rx_480   =  3.30000e+00
p_f064_do5_drv_480  =  3.30000e+00
p_f064_do5_rx_480   =  3.30000e+00
p_f064_do4_drv_480  =  0.00000e+00
p_f064_do4_rx_480   =  4.08882e-312
p_f064_do3_drv_480  =  0.00000e+00
p_f064_do3_rx_480   =  4.08882e-312
p_f064_do2_drv_480  =  0.00000e+00
p_f064_do2_rx_480   =  5.00330e-297
p_f064_do1_drv_480  =  3.30000e+00
p_f064_do1_rx_480   =  3.30000e+00
p_f064_do0_drv_480  =  0.00000e+00
p_f064_do0_rx_480   =  5.00330e-297
p_f065_cmp7_p0      =  -3.18700e-06
p_f065_cmp7_n0      =  -3.16775e-06
p_f065_cmp7_p5      =  3.30000e+00
p_f065_cmp7_n5      =  -1.90213e-06
p_f065_cmp6_p0      =  -8.57849e-06
p_f065_cmp6_n0      =  -8.54818e-06
p_f065_cmp6_p5      =  3.30000e+00
p_f065_cmp6_n5      =  -2.15497e-06
p_f065_cmp5_p0      =  -2.88152e-06
p_f065_cmp5_n0      =  -2.86676e-06
p_f065_cmp5_p5      =  3.30000e+00
p_f065_cmp5_n5      =  -1.76288e-06
p_f065_cmp4_p0      =  -3.25979e-06
p_f065_cmp4_n0      =  -3.23987e-06
p_f065_cmp4_p5      =  3.30000e+00
p_f065_cmp4_n5      =  -1.77988e-06
p_f065_cmp3_p0      =  -8.19644e-06
p_f065_cmp3_n0      =  -8.17131e-06
p_f065_cmp3_p5      =  -1.96318e-06
p_f065_cmp3_n5      =  3.30000e+00
p_f065_cmp2_p0      =  -8.51867e-06
p_f065_cmp2_n0      =  -8.50029e-06
p_f065_cmp2_p5      =  -1.98782e-06
p_f065_cmp2_n5      =  3.30000e+00
p_f065_cmp1_p0      =  -3.10103e-06
p_f065_cmp1_n0      =  -3.08294e-06
p_f065_cmp1_p5      =  -1.65686e-06
p_f065_cmp1_n5      =  3.30000e+00
p_f065_cmp0_p0      =  -8.19660e-06
p_f065_cmp0_n0      =  -8.16810e-06
p_f065_cmp0_p5      =  3.30000e+00
p_f065_cmp0_n5      =  -2.11177e-06
p_f065_dctrl7_p     =  3.30001e+00
p_f065_dctrl7_n     =  3.48475e-01
p_f065_dctrl6_p     =  3.26640e+00
p_f065_dctrl6_n     =  3.42584e-06
p_f065_dctrl5_p     =  3.29964e+00
p_f065_dctrl5_n     =  -1.45870e-06
p_f065_dctrl4_p     =  3.29999e+00
p_f065_dctrl4_n     =  -1.39710e-07
p_f065_dctrl3_p     =  -2.67249e-08
p_f065_dctrl3_n     =  3.30000e+00
p_f065_dctrl2_p     =  -1.34109e-08
p_f065_dctrl2_n     =  3.30000e+00
p_f065_dctrl1_p     =  -6.45721e-09
p_f065_dctrl1_n     =  3.30000e+00
p_f065_do7_drv_470  =  3.30000e+00
p_f065_do7_rx_470   =  3.30000e+00
p_f065_do6_drv_470  =  3.30000e+00
p_f065_do6_rx_470   =  3.30000e+00
p_f065_do5_drv_470  =  3.30000e+00
p_f065_do5_rx_470   =  3.30000e+00
p_f065_do4_drv_470  =  3.30000e+00
p_f065_do4_rx_470   =  3.30000e+00
p_f065_do3_drv_470  =  0.00000e+00
p_f065_do3_rx_470   =  4.08882e-312
p_f065_do2_drv_470  =  0.00000e+00
p_f065_do2_rx_470   =  4.08882e-312
p_f065_do1_drv_470  =  0.00000e+00
p_f065_do1_rx_470   =  1.45753e-268
p_f065_do0_drv_470  =  3.30000e+00
p_f065_do0_rx_470   =  3.30000e+00
p_f065_do7_drv_480  =  3.30000e+00
p_f065_do7_rx_480   =  3.30000e+00
p_f065_do6_drv_480  =  3.30000e+00
p_f065_do6_rx_480   =  3.30000e+00
p_f065_do5_drv_480  =  3.30000e+00
p_f065_do5_rx_480   =  3.30000e+00
p_f065_do4_drv_480  =  3.30000e+00
p_f065_do4_rx_480   =  3.30000e+00
p_f065_do3_drv_480  =  0.00000e+00
p_f065_do3_rx_480   =  4.08882e-312
p_f065_do2_drv_480  =  0.00000e+00
p_f065_do2_rx_480   =  4.08882e-312
p_f065_do1_drv_480  =  0.00000e+00
p_f065_do1_rx_480   =  5.11720e-297
p_f065_do0_drv_480  =  3.30000e+00
p_f065_do0_rx_480   =  3.30000e+00
p_f066_cmp7_p0      =  -2.58924e-06
p_f066_cmp7_n0      =  -2.57934e-06
p_f066_cmp7_p5      =  3.30000e+00
p_f066_cmp7_n5      =  -1.80987e-06
p_f066_cmp6_p0      =  -7.71878e-06
p_f066_cmp6_n0      =  -7.67624e-06
p_f066_cmp6_p5      =  3.30000e+00
p_f066_cmp6_n5      =  -2.07256e-06
p_f066_cmp5_p0      =  -2.48722e-06
p_f066_cmp5_n0      =  -2.47883e-06
p_f066_cmp5_p5      =  -1.61057e-06
p_f066_cmp5_n5      =  3.30000e+00
p_f066_cmp4_p0      =  -2.67927e-06
p_f066_cmp4_n0      =  -2.66716e-06
p_f066_cmp4_p5      =  -1.61892e-06
p_f066_cmp4_n5      =  3.30000e+00
p_f066_cmp3_p0      =  -7.43311e-06
p_f066_cmp3_n0      =  -7.38418e-06
p_f066_cmp3_p5      =  3.30000e+00
p_f066_cmp3_n5      =  -2.00669e-06
p_f066_cmp2_p0      =  -7.75426e-06
p_f066_cmp2_n0      =  -7.71334e-06
p_f066_cmp2_p5      =  3.30000e+00
p_f066_cmp2_n5      =  -2.03236e-06
p_f066_cmp1_p0      =  -2.51735e-06
p_f066_cmp1_n0      =  -2.50819e-06
p_f066_cmp1_p5      =  -1.59372e-06
p_f066_cmp1_n5      =  3.30000e+00
p_f066_cmp0_p0      =  -7.42956e-06
p_f066_cmp0_n0      =  -7.38321e-06
p_f066_cmp0_p5      =  3.30000e+00
p_f066_cmp0_n5      =  -1.99840e-06
p_f066_dctrl7_p     =  3.30001e+00
p_f066_dctrl7_n     =  3.47427e-01
p_f066_dctrl6_p     =  3.26659e+00
p_f066_dctrl6_n     =  2.38002e-06
p_f066_dctrl5_p     =  -1.02315e-06
p_f066_dctrl5_n     =  3.29965e+00
p_f066_dctrl4_p     =  -1.37915e-07
p_f066_dctrl4_n     =  3.29999e+00
p_f066_dctrl3_p     =  3.30000e+00
p_f066_dctrl3_n     =  -2.65712e-08
p_f066_dctrl2_p     =  3.30000e+00
p_f066_dctrl2_n     =  -1.33046e-08
p_f066_dctrl1_p     =  -6.41060e-09
p_f066_dctrl1_n     =  3.30000e+00
p_f066_do7_drv_470  =  3.30000e+00
p_f066_do7_rx_470   =  3.30000e+00
p_f066_do6_drv_470  =  3.30000e+00
p_f066_do6_rx_470   =  3.30000e+00
p_f066_do5_drv_470  =  0.00000e+00
p_f066_do5_rx_470   =  1.29218e-268
p_f066_do4_drv_470  =  0.00000e+00
p_f066_do4_rx_470   =  1.29218e-268
p_f066_do3_drv_470  =  3.30000e+00
p_f066_do3_rx_470   =  3.30000e+00
p_f066_do2_drv_470  =  3.30000e+00
p_f066_do2_rx_470   =  3.30000e+00
p_f066_do1_drv_470  =  0.00000e+00
p_f066_do1_rx_470   =  4.08882e-312
p_f066_do0_drv_470  =  3.30000e+00
p_f066_do0_rx_470   =  3.30000e+00
p_f066_do7_drv_480  =  3.30000e+00
p_f066_do7_rx_480   =  3.30000e+00
p_f066_do6_drv_480  =  3.30000e+00
p_f066_do6_rx_480   =  3.30000e+00
p_f066_do5_drv_480  =  0.00000e+00
p_f066_do5_rx_480   =  4.53668e-297
p_f066_do4_drv_480  =  0.00000e+00
p_f066_do4_rx_480   =  4.53668e-297
p_f066_do3_drv_480  =  3.30000e+00
p_f066_do3_rx_480   =  3.30000e+00
p_f066_do2_drv_480  =  3.30000e+00
p_f066_do2_rx_480   =  3.30000e+00
p_f066_do1_drv_480  =  0.00000e+00
p_f066_do1_rx_480   =  4.08882e-312
p_f066_do0_drv_480  =  3.30000e+00
p_f066_do0_rx_480   =  3.30000e+00
p_f067_cmp7_p0      =  -3.30277e-06
p_f067_cmp7_n0      =  -3.28107e-06
p_f067_cmp7_p5      =  3.30000e+00
p_f067_cmp7_n5      =  -1.88747e-06
p_f067_cmp6_p0      =  -8.76887e-06
p_f067_cmp6_n0      =  -8.76416e-06
p_f067_cmp6_p5      =  -2.05892e-06
p_f067_cmp6_n5      =  3.30000e+00
p_f067_cmp5_p0      =  -3.21980e-06
p_f067_cmp5_n0      =  -3.19973e-06
p_f067_cmp5_p5      =  -1.68488e-06
p_f067_cmp5_n5      =  3.30000e+00
p_f067_cmp4_p0      =  -3.41612e-06
p_f067_cmp4_n0      =  -3.39221e-06
p_f067_cmp4_p5      =  -1.70018e-06
p_f067_cmp4_n5      =  3.30000e+00
p_f067_cmp3_p0      =  -8.39819e-06
p_f067_cmp3_n0      =  -8.37495e-06
p_f067_cmp3_p5      =  -1.97152e-06
p_f067_cmp3_n5      =  3.30000e+00
p_f067_cmp2_p0      =  -8.72365e-06
p_f067_cmp2_n0      =  -8.70342e-06
p_f067_cmp2_p5      =  3.30000e+00
p_f067_cmp2_n5      =  -2.13005e-06
p_f067_cmp1_p0      =  -3.25442e-06
p_f067_cmp1_n0      =  -3.23452e-06
p_f067_cmp1_p5      =  3.30000e+00
p_f067_cmp1_n5      =  -1.77826e-06
p_f067_cmp0_p0      =  -8.39847e-06
p_f067_cmp0_n0      =  -8.37465e-06
p_f067_cmp0_p5      =  3.30000e+00
p_f067_cmp0_n5      =  -2.09117e-06
p_f067_dctrl7_p     =  3.30001e+00
p_f067_dctrl7_n     =  3.48745e-01
p_f067_dctrl6_p     =  3.06010e-05
p_f067_dctrl6_n     =  3.26633e+00
p_f067_dctrl5_p     =  -1.12485e-06
p_f067_dctrl5_n     =  3.29964e+00
p_f067_dctrl4_p     =  -1.28375e-07
p_f067_dctrl4_n     =  3.29999e+00
p_f067_dctrl3_p     =  -2.92187e-08
p_f067_dctrl3_n     =  3.30000e+00
p_f067_dctrl2_p     =  3.30000e+00
p_f067_dctrl2_n     =  -1.32131e-08
p_f067_dctrl1_p     =  3.30000e+00
p_f067_dctrl1_n     =  -6.36845e-09
p_f067_do7_drv_470  =  3.30000e+00
p_f067_do7_rx_470   =  3.30000e+00
p_f067_do6_drv_470  =  0.00000e+00
p_f067_do6_rx_470   =  1.50112e-268
p_f067_do5_drv_470  =  0.00000e+00
p_f067_do5_rx_470   =  4.08882e-312
p_f067_do4_drv_470  =  0.00000e+00
p_f067_do4_rx_470   =  4.08882e-312
p_f067_do3_drv_470  =  0.00000e+00
p_f067_do3_rx_470   =  1.50112e-268
p_f067_do2_drv_470  =  3.30000e+00
p_f067_do2_rx_470   =  3.30000e+00
p_f067_do1_drv_470  =  3.30000e+00
p_f067_do1_rx_470   =  3.30000e+00
p_f067_do0_drv_470  =  3.30000e+00
p_f067_do0_rx_470   =  3.30000e+00
p_f067_do7_drv_480  =  3.30000e+00
p_f067_do7_rx_480   =  3.30000e+00
p_f067_do6_drv_480  =  0.00000e+00
p_f067_do6_rx_480   =  5.27025e-297
p_f067_do5_drv_480  =  0.00000e+00
p_f067_do5_rx_480   =  4.08882e-312
p_f067_do4_drv_480  =  0.00000e+00
p_f067_do4_rx_480   =  4.08882e-312
p_f067_do3_drv_480  =  0.00000e+00
p_f067_do3_rx_480   =  5.27025e-297
p_f067_do2_drv_480  =  3.30000e+00
p_f067_do2_rx_480   =  3.30000e+00
p_f067_do1_drv_480  =  3.30000e+00
p_f067_do1_rx_480   =  3.30000e+00
p_f067_do0_drv_480  =  3.30000e+00
p_f067_do0_rx_480   =  3.30000e+00
ngspice-46 done
