
Note: Compatibility modes selected: hs a

Warning: m=xx on .subckt line will override multiplier m hierarchy!


Circuit: * a44 actual analog core with fixed tt timed behavioral sar control.

Reducing trtol to 1 for xspice 'A' devices
Doing analysis at TEMP = 27.000000 and TNOM = 27.000000

Using SPARSE 1.3 as Direct Linear Solver

Initial Transient Solution
--------------------------

Node                                   Voltage
----                                   -------
vdd                                        3.3
vrefp_src                                  2.5
vrefp                                      2.5
vrefp_cap                                  2.5
vrefn_src                                  0.8
vrefn                                      0.8
vrefn_cap                                  0.8
vinp_src                               2.29137
vinn_src                               1.00863
vinp                                   2.29137
vinn                                   1.00863
clks_src                                     0
clks                                         0
cmp_noise                         -0.000632675
xcore.xcdacp.vbot1                         2.5
dctrlp1                                      0
xcore.vresp_raw                    0.000667567
xcore.xcdacp.vbot2                         2.5
dctrlp2                                      0
xcore.xcdacp.vbot3                         2.5
dctrlp3                                      0
xcore.xcdacp.vbot4                         2.5
dctrlp4                                      0
xcore.xcdacp.vbot5                         2.5
dctrlp5                                      0
xcore.xcdacp.vbot6                         2.5
dctrlp6                                      0
xcore.xcdacp.vbot7                         2.5
dctrlp7                                      0
xcore.xcdacp.x1.clksb                      3.3
xcore.xcdacp.x1.net2               1.51388e-10
xcore.xcdacp.x1.net1                       3.3
xcore.xcdacp.x1.bottom_gate        6.14235e-09
xcore.xcdacp.x1.net4               3.08894e-09
xcore.xcdacp.x1.net3                       3.3
xcore.xcdacn.vbot1                         2.5
dctrln1                                      0
xcore.vresn_raw                    0.000484526
xcore.xcdacn.vbot2                         2.5
dctrln2                                      0
xcore.xcdacn.vbot3                         2.5
dctrln3                                      0
xcore.xcdacn.vbot4                         2.5
dctrln4                                      0
xcore.xcdacn.vbot5                         2.5
dctrln5                                      0
xcore.xcdacn.vbot6                         2.5
dctrln6                                      0
xcore.xcdacn.vbot7                         2.5
dctrln7                                      0
xcore.xcdacn.x1.clksb                      3.3
xcore.xcdacn.x1.net2                1.4505e-10
xcore.xcdacn.x1.net1                       3.3
xcore.xcdacn.x1.bottom_gate        6.12971e-09
xcore.xcdacn.x1.net4               3.06076e-09
xcore.xcdacn.x1.net3                       3.3
vresp                               0.00035123
vresn                              0.000800864
xcore.xcmp.net1                      0.0234688
cmpck                                        0
xcore.xcmp.xp                              3.3
xcore.xcmp.xn                              3.3
xcore.xcmp.ln                              3.3
xcore.xcmp.lp                              3.3
dcmpn                              3.69186e-09
dcmpp                              3.68698e-09
sampled_diff                      -0.000449634
input_diff                             1.28275
cmpck_drv                                    0
dctrlp7_drv                                  0
dctrlp6_drv                                  0
dctrlp5_drv                                  0
dctrlp4_drv                                  0
dctrlp3_drv                                  0
dctrlp2_drv                                  0
dctrlp1_drv                                  0
dctrln7_drv                                  0
dctrln6_drv                                  0
dctrln5_drv                                  0
dctrln4_drv                                  0
dctrln3_drv                                  0
dctrln2_drv                                  0
dctrln1_drv                                  0
dout7_drv                                    0
dout6_drv                                    0
dout5_drv                                    0
dout4_drv                                    0
dout3_drv                                    0
dout2_drv                                    0
dout1_drv                                    0
dout0_drv                                    0
eoc                                          0
invalid0                                     0
timeout0                                     0
complete                                     0
dout7_rx                                     0
dout6_rx                                     0
dout5_rx                                     0
dout4_rx                                     0
dout3_rx                                     0
dout2_rx                                     0
dout1_rx                                     0
dout0_rx                                     0
e_input_diff#branch               -1.28275e-10
e_sample_diff#branch               4.49634e-14
e.xcore.e_cmp_noise_n#branch      -8.00864e-14
e.xcore.e_cmp_noise_p#branch       -3.5123e-14
vcmp_noise#branch                  6.32675e-14
vclks_id#branch                              0
vvinn_id#branch                   -4.15767e-10
vvinp_id#branch                   -9.44283e-10
vvrefn_id#branch                  -1.76652e-09
vvrefp_id#branch                  -1.52072e-08
vvdd#branch                       -1.77535e-08
a_status#branch_1_0                          0
a_status#branch_1_1                          0
a_status#branch_1_2                          0
a_status#branch_1_3                          0
a_dout#branch_1_0                            0
a_dout#branch_1_1                            0
a_dout#branch_1_2                            0
a_dout#branch_1_3                            0
a_dout#branch_1_4                            0
a_dout#branch_1_5                            0
a_dout#branch_1_6                            0
a_dout#branch_1_7                            0
a_dctrln#branch_1_0                          0
a_dctrln#branch_1_1                          0
a_dctrln#branch_1_2                          0
a_dctrln#branch_1_3                          0
a_dctrln#branch_1_4                          0
a_dctrln#branch_1_5                          0
a_dctrln#branch_1_6                          0
a_dctrlp#branch_1_0                          0
a_dctrlp#branch_1_1                          0
a_dctrlp#branch_1_2                          0
a_dctrlp#branch_1_3                          0
a_dctrlp#branch_1_4                          0
a_dctrlp#branch_1_5                          0
a_dctrlp#branch_1_6                          0
a_cmpck#branch_1_0                           0


Instance: abeh   Message: WARNING: output scheduled with impossible delay (-4.01e-12) at 5.01e-12/0.

Instance: abeh   Message: XSPICE time is behind vtime:
XSPICE 2.005128121086665e-07
Cosim  2.00542e-07

Instance: abeh   Message: XSPICE time is behind vtime:
XSPICE 7.005164787883161e-07
Cosim  7.0055e-07

Instance: abeh   Message: XSPICE time is behind vtime:
XSPICE 1.200515956604492e-06
Cosim  1.200531e-06

Instance: abeh   Message: XSPICE time is behind vtime:
XSPICE 2.200537827536717e-06
Cosim  2.200546e-06

Instance: abeh   Message: XSPICE time is behind vtime:
XSPICE 2.700496514493252e-06
Cosim  2.70053e-06

Instance: abeh   Message: XSPICE time is behind vtime:
XSPICE 3.200502040363894e-06
Cosim  3.200535e-06

Instance: abeh   Message: XSPICE time is behind vtime:
XSPICE 4.700533125918391e-06
Cosim  4.700558e-06

Instance: abeh   Message: XSPICE time is behind vtime:
XSPICE 5.200518478792711e-06
Cosim  5.200552e-06

Instance: abeh   Message: XSPICE time is behind vtime:
XSPICE 5.700532529035569e-06
Cosim  5.700553e-06

Instance: abeh   Message: XSPICE time is behind vtime:
XSPICE 7.200519514487526e-06
Cosim  7.200553e-06

Instance: abeh   Message: XSPICE time is behind vtime:
XSPICE 7.700519514489056e-06
Cosim  7.700553e-06

Instance: abeh   Message: XSPICE time is behind vtime:
XSPICE 9.200534049284865e-06
Cosim  9.200554e-06

Instance: abeh   Message: XSPICE time is behind vtime:
XSPICE 9.70051747879392e-06
Cosim  9.700550999999999e-06

Instance: abeh   Message: XSPICE time is behind vtime:
XSPICE 1.020053266641482e-05
Cosim  1.0200558e-05

Instance: abeh   Message: XSPICE time is behind vtime:
XSPICE 1.170050437355622e-05
Cosim  1.1700537e-05

Instance: abeh   Message: XSPICE time is behind vtime:
XSPICE 1.22005245144963e-05
Cosim  1.2200558e-05

Instance: abeh   Message: XSPICE time is behind vtime:
XSPICE 1.270053720876408e-05
Cosim  1.2700546e-05

Instance: abeh   Message: XSPICE time is behind vtime:
XSPICE 1.370051953212535e-05
Cosim  1.3700534e-05

Instance: abeh   Message: XSPICE time is behind vtime:
XSPICE 1.420051647879069e-05
Cosim  1.420055e-05

Instance: abeh   Message: XSPICE time is behind vtime:
XSPICE 1.470051240663957e-05
Cosim  1.4700542e-05

Instance: abeh   Message: XSPICE time is behind vtime:
XSPICE 1.620051305244891e-05
Cosim  1.6200542e-05

Instance: abeh   Message: XSPICE time is behind vtime:
XSPICE 1.670051651450227e-05
Cosim  1.670055e-05

Instance: abeh   Message: XSPICE time is behind vtime:
XSPICE 1.720051624711924e-05
Cosim  1.7200531e-05

Instance: abeh   Message: XSPICE time is behind vtime:
XSPICE 1.820053651668054e-05
Cosim  1.8200545e-05

Instance: abeh   Message: XSPICE time is behind vtime:
XSPICE 1.870049647878221e-05
Cosim  1.870053e-05

Instance: abeh   Message: XSPICE time is behind vtime:
XSPICE 1.920050181276814e-05
Cosim  1.9200535e-05

Instance: abeh   Message: XSPICE time is behind vtime:
XSPICE 2.07005333804384e-05
Cosim  2.0700558e-05

Instance: abeh   Message: XSPICE time is behind vtime:
XSPICE 2.120051751450917e-05
Cosim  2.1200551e-05

Instance: abeh   Message: XSPICE time is behind vtime:
XSPICE 2.170053279430393e-05
Cosim  2.1700553e-05

Instance: abeh   Message: XSPICE time is behind vtime:
XSPICE 2.3200519478774e-05
Cosim  2.3200553e-05

Instance: abeh   Message: XSPICE time is behind vtime:
XSPICE 2.370051947877484e-05
Cosim  2.3700553e-05

Instance: abeh   Message: XSPICE time is behind vtime:
XSPICE 2.52005343230653e-05
Cosim  2.5200554e-05

Instance: abeh   Message: XSPICE time is behind vtime:
XSPICE 2.570051751450771e-05
Cosim  2.5700551e-05

Instance: abeh   Message: XSPICE time is behind vtime:
XSPICE 2.62005059136559e-05
Cosim  2.6200531e-05

Instance: abeh   Message: XSPICE time is behind vtime:
XSPICE 2.770050414135127e-05
Cosim  2.7700537e-05

Instance: abeh   Message: XSPICE time is behind vtime:
XSPICE 2.820052447878469e-05
Cosim  2.8200558e-05

Instance: abeh   Message: XSPICE time is behind vtime:
XSPICE 2.870053589016214e-05
Cosim  2.8700545e-05

Instance: abeh   Message: XSPICE time is behind vtime:
XSPICE 2.970051982050498e-05
Cosim  2.9700534e-05

Instance: abeh   Message: XSPICE time is behind vtime:
XSPICE 3.020051651450237e-05
Cosim  3.020055e-05

Instance: abeh   Message: XSPICE time is behind vtime:
XSPICE 3.070051265135045e-05
Cosim  3.0700542e-05

Instance: abeh   Message: XSPICE time is behind vtime:
XSPICE 3.220051280393188e-05
Cosim  3.2200542e-05

Instance: abeh   Message: XSPICE time is behind vtime:
XSPICE 3.27005164787888e-05
Cosim  3.270055e-05

Instance: abeh   Message: XSPICE time is behind vtime:
XSPICE 3.320051596173623e-05
Cosim  3.3200531e-05

No. of Data Rows : 735293
f000_d7             =  3.30000e+00
f000_d6             =  3.30000e+00
f000_d5             =  0.00000e+00
f000_d4             =  3.30000e+00
f000_d3             =  3.30000e+00
f000_d2             =  3.30000e+00
f000_d1             =  3.30000e+00
f000_d0             =  0.00000e+00
f000_complete       =  3.30000e+00
f000_invalid        =  0.00000e+00
f000_timeout        =  0.00000e+00
f000_sampled        =  1.28212e+00
f000_input          =  1.28275e+00
f000_tcomplete      =  3.75492e-07
f001_d7             =  3.30000e+00
f001_d6             =  3.30000e+00
f001_d5             =  3.30000e+00
f001_d4             =  5.24571e-297
f001_d3             =  3.30000e+00
f001_d2             =  3.30000e+00
f001_d1             =  3.30000e+00
f001_d0             =  0.00000e+00
f001_complete       =  3.30000e+00
f001_invalid        =  0.00000e+00
f001_timeout        =  0.00000e+00
f001_sampled        =  1.48524e+00
f001_input          =  1.48490e+00
f001_tcomplete      =  8.75500e-07
f002_d7             =  3.30000e+00
f002_d6             =  3.30000e+00
f002_d5             =  4.66165e-297
f002_d4             =  4.08882e-312
f002_d3             =  3.30000e+00
f002_d2             =  4.66165e-297
f002_d1             =  3.30000e+00
f002_d0             =  0.00000e+00
f002_complete       =  3.30000e+00
f002_invalid        =  0.00000e+00
f002_timeout        =  0.00000e+00
f002_sampled        =  1.01301e+00
f002_input          =  1.01279e+00
f002_tcomplete      =  1.37548e-06
f003_d7             =  3.30000e+00
f003_d6             =  5.34216e-297
f003_d5             =  4.08882e-312
f003_d4             =  4.08882e-312
f003_d3             =  5.34216e-297
f003_d2             =  3.30000e+00
f003_d1             =  5.34216e-297
f003_d0             =  0.00000e+00
f003_complete       =  3.30000e+00
f003_invalid        =  0.00000e+00
f003_timeout        =  0.00000e+00
f003_sampled        =  7.89496e-02
f003_input          =  8.09100e-02
f003_tcomplete      =  1.87551e-06
f004_d7             =  4.93929e-297
f004_d6             =  4.08882e-312
f004_d5             =  3.30000e+00
f004_d4             =  3.30000e+00
f004_d3             =  3.30000e+00
f004_d2             =  4.93929e-297
f004_d1             =  3.30000e+00
f004_d0             =  3.30000e+00
f004_complete       =  3.30000e+00
f004_invalid        =  0.00000e+00
f004_timeout        =  0.00000e+00
f004_sampled        =  -8.89171e-01
f004_input          =  -8.87596e-01
f004_tcomplete      =  2.37550e-06
f005_d7             =  4.08882e-312
f005_d6             =  4.08882e-312
f005_d5             =  4.63553e-297
f005_d4             =  3.30000e+00
f005_d3             =  4.63553e-297
f005_d2             =  4.08882e-312
f005_d1             =  4.63553e-297
f005_d0             =  4.63553e-297
f005_complete       =  3.30000e+00
f005_invalid        =  0.00000e+00
f005_timeout        =  0.00000e+00
f005_sampled        =  -1.45315e+00
f005_input          =  -1.45328e+00
f005_tcomplete      =  2.87548e-06
f006_d7             =  4.08882e-312
f006_d6             =  4.08882e-312
f006_d5             =  4.08882e-312
f006_d4             =  3.30000e+00
f006_d3             =  4.08882e-312
f006_d2             =  3.30000e+00
f006_d1             =  3.30000e+00
f006_d0             =  3.30000e+00
f006_complete       =  3.30000e+00
f006_invalid        =  0.00000e+00
f006_timeout        =  0.00000e+00
f006_sampled        =  -1.35537e+00
f006_input          =  -1.35910e+00
f006_tcomplete      =  3.37548e-06
f007_d7             =  4.08882e-312
f007_d6             =  3.30000e+00
f007_d5             =  4.08882e-312
f007_d4             =  4.53993e-297
f007_d3             =  3.30000e+00
f007_d2             =  3.30000e+00
f007_d1             =  4.53993e-297
f007_d0             =  3.30000e+00
f007_complete       =  3.30000e+00
f007_invalid        =  0.00000e+00
f007_timeout        =  0.00000e+00
f007_sampled        =  -6.50087e-01
f007_input          =  -6.47959e-01
f007_tcomplete      =  3.87548e-06
f008_d7             =  3.30000e+00
f008_d6             =  4.49621e-297
f008_d5             =  4.08882e-312
f008_d4             =  3.30000e+00
f008_d3             =  3.30000e+00
f008_d2             =  4.49621e-297
f008_d1             =  4.08882e-312
f008_d0             =  3.30000e+00
f008_complete       =  3.30000e+00
f008_invalid        =  0.00000e+00
f008_timeout        =  0.00000e+00
f008_sampled        =  3.57072e-01
f008_input          =  3.57383e-01
f008_tcomplete      =  4.37548e-06
f009_d7             =  3.30000e+00
f009_d6             =  3.30000e+00
f009_d5             =  4.08882e-312
f009_d4             =  3.30000e+00
f009_d3             =  3.30000e+00
f009_d2             =  4.08882e-312
f009_d1             =  4.08882e-312
f009_d0             =  5.37716e-297
f009_complete       =  3.30000e+00
f009_invalid        =  0.00000e+00
f009_timeout        =  0.00000e+00
f009_sampled        =  1.20202e+00
f009_input          =  1.20045e+00
f009_tcomplete      =  4.87551e-06
f010_d7             =  3.30000e+00
f010_d6             =  3.30000e+00
f010_d5             =  3.30000e+00
f010_d4             =  5.11969e-297
f010_d3             =  3.30000e+00
f010_d2             =  3.30000e+00
f010_d1             =  3.30000e+00
f010_d0             =  3.30000e+00
f010_complete       =  3.30000e+00
f010_invalid        =  0.00000e+00
f010_timeout        =  0.00000e+00
f010_sampled        =  1.49745e+00
f010_input          =  1.49860e+00
f010_tcomplete      =  5.37550e-06
f011_d7             =  3.30000e+00
f011_d6             =  3.30000e+00
f011_d5             =  5.25802e-297
f011_d4             =  3.30000e+00
f011_d3             =  5.25802e-297
f011_d2             =  5.25802e-297
f011_d1             =  3.30000e+00
f011_d0             =  5.25802e-297
f011_complete       =  3.30000e+00
f011_invalid        =  0.00000e+00
f011_timeout        =  0.00000e+00
f011_sampled        =  1.11846e+00
f011_input          =  1.11638e+00
f011_tcomplete      =  5.87550e-06
f012_d7             =  3.30000e+00
f012_d6             =  5.20977e-297
f012_d5             =  4.08882e-312
f012_d4             =  5.20977e-297
f012_d3             =  3.30000e+00
f012_d2             =  3.30000e+00
f012_d1             =  3.30000e+00
f012_d0             =  3.30000e+00
f012_complete       =  3.30000e+00
f012_invalid        =  0.00000e+00
f012_timeout        =  0.00000e+00
f012_sampled        =  2.27604e-01
f012_input          =  2.27350e-01
f012_tcomplete      =  6.37550e-06
f013_d7             =  5.08425e-297
f013_d6             =  3.30000e+00
f013_d5             =  4.08882e-312
f013_d4             =  4.08882e-312
f013_d3             =  5.08425e-297
f013_d2             =  3.30000e+00
f013_d1             =  5.08425e-297
f013_d0             =  5.08425e-297
f013_complete       =  3.30000e+00
f013_invalid        =  0.00000e+00
f013_timeout        =  0.00000e+00
f013_sampled        =  -7.65713e-01
f013_input          =  -7.64833e-01
f013_tcomplete      =  6.87550e-06
f014_d7             =  4.08882e-312
f014_d6             =  5.33847e-297
f014_d5             =  4.08882e-312
f014_d4             =  3.30000e+00
f014_d3             =  4.08882e-312
f014_d2             =  5.33847e-297
f014_d1             =  3.30000e+00
f014_d0             =  3.30000e+00
f014_complete       =  3.30000e+00
f014_invalid        =  0.00000e+00
f014_timeout        =  0.00000e+00
f014_sampled        =  -1.41029e+00
f014_input          =  -1.40988e+00
f014_tcomplete      =  7.37550e-06
f015_d7             =  4.08882e-312
f015_d6             =  4.08882e-312
f015_d5             =  4.08882e-312
f015_d4             =  3.30000e+00
f015_d3             =  4.08882e-312
f015_d2             =  4.08882e-312
f015_d1             =  3.30000e+00
f015_d0             =  3.30000e+00
f015_complete       =  3.30000e+00
f015_invalid        =  0.00000e+00
f015_timeout        =  0.00000e+00
f015_sampled        =  -1.41394e+00
f015_input          =  -1.41466e+00
f015_tcomplete      =  7.87550e-06
f016_d7             =  4.08882e-312
f016_d6             =  3.30000e+00
f016_d5             =  4.08882e-312
f016_d4             =  5.00053e-297
f016_d3             =  4.08882e-312
f016_d2             =  4.08882e-312
f016_d1             =  3.30000e+00
f016_d0             =  3.30000e+00
f016_complete       =  3.30000e+00
f016_invalid        =  0.00000e+00
f016_timeout        =  0.00000e+00
f016_sampled        =  -7.77395e-01
f016_input          =  -7.77441e-01
f016_tcomplete      =  8.37550e-06
f017_d7             =  3.30000e+00
f017_d6             =  5.33419e-297
f017_d5             =  4.08882e-312
f017_d4             =  4.08882e-312
f017_d3             =  3.30000e+00
f017_d2             =  3.30000e+00
f017_d1             =  3.30000e+00
f017_d0             =  5.33419e-297
f017_complete       =  3.30000e+00
f017_invalid        =  0.00000e+00
f017_timeout        =  0.00000e+00
f017_sampled        =  2.14962e-01
f017_input          =  2.12827e-01
f017_tcomplete      =  8.87551e-06
f018_d7             =  3.30000e+00
f018_d6             =  3.30000e+00
f018_d5             =  4.08882e-312
f018_d4             =  3.30000e+00
f018_d3             =  5.18216e-297
f018_d2             =  5.18216e-297
f018_d1             =  5.18216e-297
f018_d0             =  3.30000e+00
f018_complete       =  3.30000e+00
f018_invalid        =  0.00000e+00
f018_timeout        =  0.00000e+00
f018_sampled        =  1.10646e+00
f018_input          =  1.10648e+00
f018_tcomplete      =  9.37550e-06
f019_d7             =  3.30000e+00
f019_d6             =  3.30000e+00
f019_d5             =  3.30000e+00
f019_d4             =  5.08920e-297
f019_d3             =  3.30000e+00
f019_d2             =  3.30000e+00
f019_d1             =  3.30000e+00
f019_d0             =  3.30000e+00
f019_complete       =  3.30000e+00
f019_invalid        =  0.00000e+00
f019_timeout        =  0.00000e+00
f019_sampled        =  1.50052e+00
f019_input          =  1.49786e+00
f019_tcomplete      =  9.87550e-06
f020_d7             =  3.30000e+00
f020_d6             =  3.30000e+00
f020_d5             =  5.29728e-297
f020_d4             =  3.30000e+00
f020_d3             =  3.30000e+00
f020_d2             =  5.29728e-297
f020_d1             =  5.29728e-297
f020_d0             =  3.30000e+00
f020_complete       =  3.30000e+00
f020_invalid        =  0.00000e+00
f020_timeout        =  0.00000e+00
f020_sampled        =  1.20712e+00
f020_input          =  1.20920e+00
f020_tcomplete      =  1.03755e-05
f021_d7             =  3.30000e+00
f021_d6             =  5.33779e-297
f021_d5             =  4.08882e-312
f021_d4             =  3.30000e+00
f021_d3             =  3.30000e+00
f021_d2             =  4.08882e-312
f021_d1             =  3.30000e+00
f021_d0             =  5.33779e-297
f021_complete       =  3.30000e+00
f021_invalid        =  0.00000e+00
f021_timeout        =  0.00000e+00
f021_sampled        =  3.71439e-01
f021_input          =  3.71618e-01
f021_tcomplete      =  1.08755e-05
f022_d7             =  4.47110e-297
f022_d6             =  3.30000e+00
f022_d5             =  4.08882e-312
f022_d4             =  4.47110e-297
f022_d3             =  3.30000e+00
f022_d2             =  3.30000e+00
f022_d1             =  3.30000e+00
f022_d0             =  4.08882e-312
f022_complete       =  3.30000e+00
f022_invalid        =  0.00000e+00
f022_timeout        =  0.00000e+00
f022_sampled        =  -6.34919e-01
f022_input          =  -6.34682e-01
f022_tcomplete      =  1.13755e-05
f023_d7             =  4.08882e-312
f023_d6             =  4.70009e-297
f023_d5             =  4.08882e-312
f023_d4             =  3.30000e+00
f023_d3             =  3.30000e+00
f023_d2             =  4.70009e-297
f023_d1             =  4.70009e-297
f023_d0             =  4.08882e-312
f023_complete       =  3.30000e+00
f023_invalid        =  0.00000e+00
f023_timeout        =  0.00000e+00
f023_sampled        =  -1.35273e+00
f023_input          =  -1.35277e+00
f023_tcomplete      =  1.18755e-05
f024_d7             =  4.08882e-312
f024_d6             =  4.08882e-312
f024_d5             =  4.08882e-312
f024_d4             =  3.30000e+00
f024_d3             =  5.70188e-297
f024_d2             =  4.08882e-312
f024_d1             =  4.08882e-312
f024_d0             =  4.08882e-312
f024_complete       =  3.30000e+00
f024_invalid        =  0.00000e+00
f024_timeout        =  0.00000e+00
f024_sampled        =  -1.45538e+00
f024_input          =  -1.45663e+00
f024_tcomplete      =  1.23755e-05
f025_d7             =  4.08882e-312
f025_d6             =  4.08882e-312
f025_d5             =  3.30000e+00
f025_d4             =  3.30000e+00
f025_d3             =  3.30000e+00
f025_d2             =  4.08882e-312
f025_d1             =  3.30000e+00
f025_d0             =  4.08882e-312
f025_complete       =  3.30000e+00
f025_invalid        =  0.00000e+00
f025_timeout        =  0.00000e+00
f025_sampled        =  -9.02028e-01
f025_input          =  -8.99347e-01
f025_tcomplete      =  1.28755e-05
f026_d7             =  3.30000e+00
f026_d6             =  4.08882e-312
f026_d5             =  5.26913e-297
f026_d4             =  5.26913e-297
f026_d3             =  5.26913e-297
f026_d2             =  4.08882e-312
f026_d1             =  3.30000e+00
f026_d0             =  3.30000e+00
f026_complete       =  3.30000e+00
f026_invalid        =  0.00000e+00
f026_timeout        =  0.00000e+00
f026_sampled        =  6.56320e-02
f026_input          =  6.63515e-02
f026_tcomplete      =  1.33755e-05
f027_d7             =  3.30000e+00
f027_d6             =  3.30000e+00
f027_d5             =  4.08882e-312
f027_d4             =  4.08882e-312
f027_d3             =  3.30000e+00
f027_d2             =  4.08882e-312
f027_d1             =  4.58850e-297
f027_d0             =  3.30000e+00
f027_complete       =  3.30000e+00
f027_invalid        =  0.00000e+00
f027_timeout        =  0.00000e+00
f027_sampled        =  1.00337e+00
f027_input          =  1.00184e+00
f027_tcomplete      =  1.38755e-05
f028_d7             =  3.30000e+00
f028_d6             =  3.30000e+00
f028_d5             =  3.30000e+00
f028_d4             =  4.08882e-312
f028_d3             =  3.30000e+00
f028_d2             =  3.30000e+00
f028_d1             =  3.30000e+00
f028_d0             =  5.10668e-297
f028_complete       =  3.30000e+00
f028_invalid        =  0.00000e+00
f028_timeout        =  0.00000e+00
f028_sampled        =  1.47931e+00
f028_input          =  1.48268e+00
f028_tcomplete      =  1.43755e-05
f029_d7             =  3.30000e+00
f029_d6             =  3.30000e+00
f029_d5             =  4.82340e-297
f029_d4             =  3.30000e+00
f029_d3             =  3.30000e+00
f029_d2             =  3.30000e+00
f029_d1             =  3.30000e+00
f029_d0             =  3.30000e+00
f029_complete       =  3.30000e+00
f029_invalid        =  0.00000e+00
f029_timeout        =  0.00000e+00
f029_sampled        =  1.28983e+00
f029_input          =  1.29050e+00
f029_tcomplete      =  1.48755e-05
f030_d7             =  3.30000e+00
f030_d6             =  4.57734e-297
f030_d5             =  3.30000e+00
f030_d4             =  4.57734e-297
f030_d3             =  4.57734e-297
f030_d2             =  3.30000e+00
f030_d1             =  4.57734e-297
f030_d0             =  4.57734e-297
f030_complete       =  3.30000e+00
f030_invalid        =  0.00000e+00
f030_timeout        =  0.00000e+00
f030_sampled        =  5.11818e-01
f030_input          =  5.12230e-01
f030_tcomplete      =  1.53755e-05
f031_d7             =  4.55390e-297
f031_d6             =  3.30000e+00
f031_d5             =  4.55390e-297
f031_d4             =  3.30000e+00
f031_d3             =  3.30000e+00
f031_d2             =  4.55390e-297
f031_d1             =  4.08882e-312
f031_d0             =  4.08882e-312
f031_complete       =  3.30000e+00
f031_invalid        =  0.00000e+00
f031_timeout        =  0.00000e+00
f031_sampled        =  -4.95272e-01
f031_input          =  -4.98389e-01
f031_tcomplete      =  1.58755e-05
f032_d7             =  4.08882e-312
f032_d6             =  4.82257e-297
f032_d5             =  4.08882e-312
f032_d4             =  3.30000e+00
f032_d3             =  3.30000e+00
f032_d2             =  3.30000e+00
f032_d1             =  4.08882e-312
f032_d0             =  3.30000e+00
f032_complete       =  3.30000e+00
f032_invalid        =  0.00000e+00
f032_timeout        =  0.00000e+00
f032_sampled        =  -1.28094e+00
f032_input          =  -1.28279e+00
f032_tcomplete      =  1.63755e-05
f033_d7             =  4.08882e-312
f033_d6             =  4.08882e-312
f033_d5             =  4.08882e-312
f033_d4             =  5.12592e-297
f033_d3             =  3.30000e+00
f033_d2             =  3.30000e+00
f033_d1             =  3.30000e+00
f033_d0             =  5.12592e-297
f033_complete       =  3.30000e+00
f033_invalid        =  0.00000e+00
f033_timeout        =  0.00000e+00
f033_sampled        =  -1.48673e+00
f033_input          =  -1.48481e+00
f033_tcomplete      =  1.68755e-05
f034_d7             =  4.08882e-312
f034_d6             =  4.08882e-312
f034_d5             =  3.30000e+00
f034_d4             =  3.30000e+00
f034_d3             =  4.49934e-297
f034_d2             =  4.49934e-297
f034_d1             =  4.49934e-297
f034_d0             =  3.30000e+00
f034_complete       =  3.30000e+00
f034_invalid        =  0.00000e+00
f034_timeout        =  0.00000e+00
f034_sampled        =  -1.01197e+00
f034_input          =  -1.01276e+00
f034_tcomplete      =  1.73755e-05
f035_d7             =  4.08882e-312
f035_d6             =  3.30000e+00
f035_d5             =  3.30000e+00
f035_d4             =  3.30000e+00
f035_d3             =  3.30000e+00
f035_d2             =  4.08882e-312
f035_d1             =  4.08882e-312
f035_d0             =  5.33234e-297
f035_complete       =  3.30000e+00
f035_invalid        =  0.00000e+00
f035_timeout        =  0.00000e+00
f035_sampled        =  -8.32714e-02
f035_input          =  -8.09596e-02
f035_tcomplete      =  1.78755e-05
f036_d7             =  3.30000e+00
f036_d6             =  3.30000e+00
f036_d5             =  4.91244e-297
f036_d4             =  4.91244e-297
f036_d3             =  4.91244e-297
f036_d2             =  4.08882e-312
f036_d1             =  4.08882e-312
f036_d0             =  3.30000e+00
f036_complete       =  3.30000e+00
f036_invalid        =  0.00000e+00
f036_timeout        =  0.00000e+00
f036_sampled        =  8.87036e-01
f036_input          =  8.87597e-01
f036_tcomplete      =  1.83755e-05
f037_d7             =  3.30000e+00
f037_d6             =  3.30000e+00
f037_d5             =  3.30000e+00
f037_d4             =  4.08882e-312
f037_d3             =  3.30000e+00
f037_d2             =  3.30000e+00
f037_d1             =  4.08882e-312
f037_d0             =  4.49062e-297
f037_complete       =  3.30000e+00
f037_invalid        =  0.00000e+00
f037_timeout        =  0.00000e+00
f037_sampled        =  1.45247e+00
f037_input          =  1.45326e+00
f037_tcomplete      =  1.88755e-05
f038_d7             =  3.30000e+00
f038_d6             =  3.30000e+00
f038_d5             =  3.30000e+00
f038_d4             =  4.08882e-312
f038_d3             =  4.80591e-297
f038_d2             =  3.30000e+00
f038_d1             =  4.08882e-312
f038_d0             =  4.08882e-312
f038_complete       =  3.30000e+00
f038_invalid        =  0.00000e+00
f038_timeout        =  0.00000e+00
f038_sampled        =  1.35882e+00
f038_input          =  1.35909e+00
f038_tcomplete      =  1.93755e-05
f039_d7             =  3.30000e+00
f039_d6             =  4.54231e-297
f039_d5             =  3.30000e+00
f039_d4             =  4.08882e-312
f039_d3             =  3.30000e+00
f039_d2             =  3.30000e+00
f039_d1             =  3.30000e+00
f039_d0             =  3.30000e+00
f039_complete       =  3.30000e+00
f039_invalid        =  0.00000e+00
f039_timeout        =  0.00000e+00
f039_sampled        =  6.50057e-01
f039_input          =  6.47933e-01
f039_tcomplete      =  1.98755e-05
f040_d7             =  4.49643e-297
f040_d6             =  3.30000e+00
f040_d5             =  3.30000e+00
f040_d4             =  4.08882e-312
f040_d3             =  4.49643e-297
f040_d2             =  4.49643e-297
f040_d1             =  3.30000e+00
f040_d0             =  3.30000e+00
f040_complete       =  3.30000e+00
f040_invalid        =  0.00000e+00
f040_timeout        =  0.00000e+00
f040_sampled        =  -3.55838e-01
f040_input          =  -3.57322e-01
f040_tcomplete      =  2.03755e-05
f041_d7             =  4.08882e-312
f041_d6             =  5.51127e-297
f041_d5             =  3.30000e+00
f041_d4             =  4.08882e-312
f041_d3             =  4.08882e-312
f041_d2             =  4.08882e-312
f041_d1             =  3.30000e+00
f041_d0             =  3.30000e+00
f041_complete       =  3.30000e+00
f041_invalid        =  0.00000e+00
f041_timeout        =  0.00000e+00
f041_sampled        =  -1.20157e+00
f041_input          =  -1.20046e+00
f041_tcomplete      =  2.08755e-05
f042_d7             =  4.08882e-312
f042_d6             =  4.08882e-312
f042_d5             =  5.08615e-297
f042_d4             =  4.08882e-312
f042_d3             =  3.30000e+00
f042_d2             =  3.30000e+00
f042_d1             =  5.08615e-297
f042_d0             =  3.30000e+00
f042_complete       =  3.30000e+00
f042_invalid        =  0.00000e+00
f042_timeout        =  0.00000e+00
f042_sampled        =  -1.49834e+00
f042_input          =  -1.49851e+00
f042_tcomplete      =  2.13755e-05
f043_d7             =  4.08882e-312
f043_d6             =  4.08882e-312
f043_d5             =  3.30000e+00
f043_d4             =  4.08882e-312
f043_d3             =  3.30000e+00
f043_d2             =  5.14897e-297
f043_d1             =  4.08882e-312
f043_d0             =  3.30000e+00
f043_complete       =  3.30000e+00
f043_invalid        =  0.00000e+00
f043_timeout        =  0.00000e+00
f043_sampled        =  -1.11787e+00
f043_input          =  -1.11647e+00
f043_tcomplete      =  2.18755e-05
f044_d7             =  4.08882e-312
f044_d6             =  3.30000e+00
f044_d5             =  3.30000e+00
f044_d4             =  4.08882e-312
f044_d3             =  3.30000e+00
f044_d2             =  3.30000e+00
f044_d1             =  4.08882e-312
f044_d0             =  3.30000e+00
f044_complete       =  3.30000e+00
f044_invalid        =  0.00000e+00
f044_timeout        =  0.00000e+00
f044_sampled        =  -2.29118e-01
f044_input          =  -2.27454e-01
f044_tcomplete      =  2.23755e-05
f045_d7             =  3.30000e+00
f045_d6             =  5.02860e-297
f045_d5             =  3.30000e+00
f045_d4             =  3.30000e+00
f045_d3             =  5.02860e-297
f045_d2             =  3.30000e+00
f045_d1             =  3.30000e+00
f045_d0             =  3.30000e+00
f045_complete       =  3.30000e+00
f045_invalid        =  0.00000e+00
f045_timeout        =  0.00000e+00
f045_sampled        =  7.62664e-01
f045_input          =  7.64783e-01
f045_tcomplete      =  2.28755e-05
f046_d7             =  3.30000e+00
f046_d6             =  3.30000e+00
f046_d5             =  3.30000e+00
f046_d4             =  5.21169e-297
f046_d3             =  3.30000e+00
f046_d2             =  5.21169e-297
f046_d1             =  5.21169e-297
f046_d0             =  5.21169e-297
f046_complete       =  3.30000e+00
f046_invalid        =  0.00000e+00
f046_timeout        =  0.00000e+00
f046_sampled        =  1.40969e+00
f046_input          =  1.40986e+00
f046_tcomplete      =  2.33755e-05
f047_d7             =  3.30000e+00
f047_d6             =  3.30000e+00
f047_d5             =  3.30000e+00
f047_d4             =  4.08882e-312
f047_d3             =  3.30000e+00
f047_d2             =  4.08882e-312
f047_d1             =  4.08882e-312
f047_d0             =  3.30000e+00
f047_complete       =  3.30000e+00
f047_invalid        =  0.00000e+00
f047_timeout        =  0.00000e+00
f047_sampled        =  1.41328e+00
f047_input          =  1.41473e+00
f047_tcomplete      =  2.38755e-05
f048_d7             =  3.30000e+00
f048_d6             =  5.24335e-297
f048_d5             =  3.30000e+00
f048_d4             =  3.30000e+00
f048_d3             =  3.30000e+00
f048_d2             =  4.08882e-312
f048_d1             =  4.08882e-312
f048_d0             =  3.30000e+00
f048_complete       =  3.30000e+00
f048_invalid        =  0.00000e+00
f048_timeout        =  0.00000e+00
f048_sampled        =  7.78366e-01
f048_input          =  7.77474e-01
f048_tcomplete      =  2.43755e-05
f049_d7             =  5.32883e-297
f049_d6             =  3.30000e+00
f049_d5             =  3.30000e+00
f049_d4             =  5.32883e-297
f049_d3             =  3.30000e+00
f049_d2             =  3.30000e+00
f049_d1             =  3.30000e+00
f049_d0             =  5.32883e-297
f049_complete       =  3.30000e+00
f049_invalid        =  0.00000e+00
f049_timeout        =  0.00000e+00
f049_sampled        =  -2.12873e-01
f049_input          =  -2.12853e-01
f049_tcomplete      =  2.48755e-05
f050_d7             =  4.08882e-312
f050_d6             =  5.43231e-297
f050_d5             =  3.30000e+00
f050_d4             =  4.08882e-312
f050_d3             =  3.30000e+00
f050_d2             =  5.43231e-297
f050_d1             =  3.30000e+00
f050_d0             =  4.08882e-312
f050_complete       =  3.30000e+00
f050_invalid        =  0.00000e+00
f050_timeout        =  0.00000e+00
f050_sampled        =  -1.10618e+00
f050_input          =  -1.10645e+00
f050_tcomplete      =  2.53755e-05
f051_d7             =  4.08882e-312
f051_d6             =  4.08882e-312
f051_d5             =  5.08873e-297
f051_d4             =  4.08882e-312
f051_d3             =  3.30000e+00
f051_d2             =  3.30000e+00
f051_d1             =  5.08873e-297
f051_d0             =  3.30000e+00
f051_complete       =  3.30000e+00
f051_invalid        =  0.00000e+00
f051_timeout        =  0.00000e+00
f051_sampled        =  -1.49602e+00
f051_input          =  -1.49776e+00
f051_tcomplete      =  2.58755e-05
f052_d7             =  4.08882e-312
f052_d6             =  4.08882e-312
f052_d5             =  3.30000e+00
f052_d4             =  4.08882e-312
f052_d3             =  4.49576e-297
f052_d2             =  4.49576e-297
f052_d1             =  3.30000e+00
f052_d0             =  3.30000e+00
f052_complete       =  3.30000e+00
f052_invalid        =  0.00000e+00
f052_timeout        =  0.00000e+00
f052_sampled        =  -1.21051e+00
f052_input          =  -1.20932e+00
f052_tcomplete      =  2.63755e-05
f053_d7             =  4.08882e-312
f053_d6             =  3.30000e+00
f053_d5             =  3.30000e+00
f053_d4             =  4.08882e-312
f053_d3             =  4.08882e-312
f053_d2             =  4.08882e-312
f053_d1             =  3.30000e+00
f053_d0             =  5.38172e-297
f053_complete       =  3.30000e+00
f053_invalid        =  0.00000e+00
f053_timeout        =  0.00000e+00
f053_sampled        =  -3.69784e-01
f053_input          =  -3.71558e-01
f053_tcomplete      =  2.68755e-05
f054_d7             =  3.30000e+00
f054_d6             =  4.48269e-297
f054_d5             =  3.30000e+00
f054_d4             =  4.08882e-312
f054_d3             =  3.30000e+00
f054_d2             =  3.30000e+00
f054_d1             =  3.30000e+00
f054_d0             =  4.08882e-312
f054_complete       =  3.30000e+00
f054_invalid        =  0.00000e+00
f054_timeout        =  0.00000e+00
f054_sampled        =  6.33423e-01
f054_input          =  6.34643e-01
f054_tcomplete      =  2.73755e-05
f055_d7             =  3.30000e+00
f055_d6             =  3.30000e+00
f055_d5             =  3.30000e+00
f055_d4             =  4.08882e-312
f055_d3             =  4.72607e-297
f055_d2             =  3.30000e+00
f055_d1             =  4.72607e-297
f055_d0             =  4.08882e-312
f055_complete       =  3.30000e+00
f055_invalid        =  0.00000e+00
f055_timeout        =  0.00000e+00
f055_sampled        =  1.35127e+00
f055_input          =  1.35284e+00
f055_tcomplete      =  2.78755e-05
f056_d7             =  3.30000e+00
f056_d6             =  3.30000e+00
f056_d5             =  3.30000e+00
f056_d4             =  4.08882e-312
f056_d3             =  3.30000e+00
f056_d2             =  3.30000e+00
f056_d1             =  4.08882e-312
f056_d0             =  4.08882e-312
f056_complete       =  3.30000e+00
f056_invalid        =  0.00000e+00
f056_timeout        =  0.00000e+00
f056_sampled        =  1.45683e+00
f056_input          =  1.45687e+00
f056_tcomplete      =  2.83755e-05
f057_d7             =  3.30000e+00
f057_d6             =  3.30000e+00
f057_d5             =  4.95254e-297
f057_d4             =  4.08882e-312
f057_d3             =  4.95254e-297
f057_d2             =  4.95254e-297
f057_d1             =  3.30000e+00
f057_d0             =  4.08882e-312
f057_complete       =  3.30000e+00
f057_invalid        =  0.00000e+00
f057_timeout        =  0.00000e+00
f057_sampled        =  8.95376e-01
f057_input          =  8.99542e-01
f057_tcomplete      =  2.88755e-05
f058_d7             =  5.26215e-297
f058_d6             =  3.30000e+00
f058_d5             =  3.30000e+00
f058_d4             =  3.30000e+00
f058_d3             =  3.30000e+00
f058_d2             =  4.08882e-312
f058_d1             =  5.26215e-297
f058_d0             =  3.30000e+00
f058_complete       =  3.30000e+00
f058_invalid        =  0.00000e+00
f058_timeout        =  0.00000e+00
f058_sampled        =  -6.14243e-02
f058_input          =  -6.60781e-02
f058_tcomplete      =  2.93755e-05
f059_d7             =  4.08882e-312
f059_d6             =  4.59746e-297
f059_d5             =  3.30000e+00
f059_d4             =  3.30000e+00
f059_d3             =  4.59746e-297
f059_d2             =  4.08882e-312
f059_d1             =  3.30000e+00
f059_d0             =  4.59746e-297
f059_complete       =  3.30000e+00
f059_invalid        =  0.00000e+00
f059_timeout        =  0.00000e+00
f059_sampled        =  -9.98412e-01
f059_input          =  -1.00187e+00
f059_tcomplete      =  2.98755e-05
f060_d7             =  4.08882e-312
f060_d6             =  4.08882e-312
f060_d5             =  5.11597e-297
f060_d4             =  5.11597e-297
f060_d3             =  3.30000e+00
f060_d2             =  3.30000e+00
f060_d1             =  3.30000e+00
f060_d0             =  4.08882e-312
f060_complete       =  3.30000e+00
f060_invalid        =  0.00000e+00
f060_timeout        =  0.00000e+00
f060_sampled        =  -1.48092e+00
f060_input          =  -1.48265e+00
f060_tcomplete      =  3.03755e-05
f061_d7             =  4.08882e-312
f061_d6             =  4.08882e-312
f061_d5             =  4.08882e-312
f061_d4             =  3.30000e+00
f061_d3             =  3.30000e+00
f061_d2             =  3.30000e+00
f061_d1             =  4.85303e-297
f061_d0             =  4.08882e-312
f061_complete       =  3.30000e+00
f061_invalid        =  0.00000e+00
f061_timeout        =  0.00000e+00
f061_sampled        =  -1.28976e+00
f061_input          =  -1.29040e+00
f061_tcomplete      =  3.08755e-05
f062_d7             =  4.08882e-312
f062_d6             =  3.30000e+00
f062_d5             =  4.08882e-312
f062_d4             =  3.30000e+00
f062_d3             =  4.52740e-297
f062_d2             =  3.30000e+00
f062_d1             =  3.30000e+00
f062_d0             =  3.30000e+00
f062_complete       =  3.30000e+00
f062_invalid        =  0.00000e+00
f062_timeout        =  0.00000e+00
f062_sampled        =  -5.11121e-01
f062_input          =  -5.12368e-01
f062_tcomplete      =  3.13755e-05
f063_d7             =  3.30000e+00
f063_d6             =  4.55877e-297
f063_d5             =  3.30000e+00
f063_d4             =  4.55877e-297
f063_d3             =  4.08882e-312
f063_d2             =  4.55877e-297
f063_d1             =  3.30000e+00
f063_d0             =  3.30000e+00
f063_complete       =  3.30000e+00
f063_invalid        =  0.00000e+00
f063_timeout        =  0.00000e+00
f063_sampled        =  4.96823e-01
f063_input          =  4.98440e-01
f063_tcomplete      =  3.18755e-05
f064_d7             =  3.30000e+00
f064_d6             =  3.30000e+00
f064_d5             =  4.82011e-297
f064_d4             =  3.30000e+00
f064_d3             =  3.30000e+00
f064_d2             =  3.30000e+00
f064_d1             =  3.30000e+00
f064_d0             =  3.30000e+00
f064_complete       =  3.30000e+00
f064_invalid        =  0.00000e+00
f064_timeout        =  0.00000e+00
f064_sampled        =  1.28108e+00
f064_input          =  1.28294e+00
f064_tcomplete      =  3.23755e-05
f065_d7             =  3.30000e+00
f065_d6             =  3.30000e+00
f065_d5             =  3.30000e+00
f065_d4             =  5.11106e-297
f065_d3             =  3.30000e+00
f065_d2             =  3.30000e+00
f065_d1             =  3.30000e+00
f065_d0             =  5.11106e-297
f065_complete       =  3.30000e+00
f065_invalid        =  0.00000e+00
f065_timeout        =  0.00000e+00
f065_sampled        =  1.48198e+00
f065_input          =  1.48486e+00
f065_tcomplete      =  3.28755e-05
f066_d7             =  3.30000e+00
f066_d6             =  3.30000e+00
f066_d5             =  4.67014e-297
f066_d4             =  4.08882e-312
f066_d3             =  3.30000e+00
f066_d2             =  4.67014e-297
f066_d1             =  3.30000e+00
f066_d0             =  4.08882e-312
f066_complete       =  3.30000e+00
f066_invalid        =  0.00000e+00
f066_timeout        =  0.00000e+00
f066_sampled        =  1.01113e+00
f066_input          =  1.01269e+00
f066_tcomplete      =  3.33755e-05
f067_d7             =  3.30000e+00
f067_d6             =  5.33495e-297
f067_d5             =  4.08882e-312
f067_d4             =  4.08882e-312
f067_d3             =  5.33495e-297
f067_d2             =  3.30000e+00
f067_d1             =  5.33495e-297
f067_d0             =  4.08882e-312
f067_complete       =  3.30000e+00
f067_invalid        =  0.00000e+00
f067_timeout        =  0.00000e+00
f067_sampled        =  7.90541e-02
f067_input          =  8.09356e-02
f067_tcomplete      =  3.38755e-05
p_f000_cmp7_p0      =  -2.73932e-06
p_f000_cmp7_n0      =  -2.76659e-06
p_f000_cmp7_p5      =  3.30000e+00
p_f000_cmp7_n5      =  -1.67587e-06
p_f000_cmp6_p0      =  -8.01745e-06
p_f000_cmp6_n0      =  -8.01351e-06
p_f000_cmp6_p5      =  3.30000e+00
p_f000_cmp6_n5      =  -1.91172e-06
p_f000_cmp5_p0      =  -2.83135e-06
p_f000_cmp5_n0      =  -2.85847e-06
p_f000_cmp5_p5      =  -1.64176e-06
p_f000_cmp5_n5      =  3.30000e+00
p_f000_cmp4_p0      =  -2.82794e-06
p_f000_cmp4_n0      =  -2.85664e-06
p_f000_cmp4_p5      =  3.30000e+00
p_f000_cmp4_n5      =  -1.58808e-06
p_f000_cmp3_p0      =  -7.96328e-06
p_f000_cmp3_n0      =  -7.96450e-06
p_f000_cmp3_p5      =  3.30000e+00
p_f000_cmp3_n5      =  -1.87953e-06
p_f000_cmp2_p0      =  -7.96173e-06
p_f000_cmp2_n0      =  -7.96422e-06
p_f000_cmp2_p5      =  3.30000e+00
p_f000_cmp2_n5      =  -1.87595e-06
p_f000_cmp1_p0      =  -2.81553e-06
p_f000_cmp1_n0      =  -2.84377e-06
p_f000_cmp1_p5      =  3.30000e+00
p_f000_cmp1_n5      =  -1.57997e-06
p_f000_cmp0_p0      =  -8.57073e-06
p_f000_cmp0_n0      =  -8.58261e-06
p_f000_cmp0_p5      =  -1.92710e-06
p_f000_cmp0_n5      =  3.30000e+00
p_f000_dctrl7_p     =  3.30001e+00
p_f000_dctrl7_n     =  3.47224e-01
p_f000_dctrl6_p     =  3.26650e+00
p_f000_dctrl6_n     =  3.08564e-06
p_f000_dctrl5_p     =  -1.20296e-06
p_f000_dctrl5_n     =  3.29964e+00
p_f000_dctrl4_p     =  3.29999e+00
p_f000_dctrl4_n     =  -1.08163e-07
p_f000_dctrl3_p     =  3.30000e+00
p_f000_dctrl3_n     =  -2.50743e-08
p_f000_dctrl2_p     =  3.30000e+00
p_f000_dctrl2_n     =  -1.27096e-08
p_f000_dctrl1_p     =  3.30000e+00
p_f000_dctrl1_n     =  -6.21694e-09
p_f000_do7_drv_470  =  3.30000e+00
p_f000_do7_rx_470   =  3.30000e+00
p_f000_do6_drv_470  =  3.30000e+00
p_f000_do6_rx_470   =  3.30000e+00
p_f000_do5_drv_470  =  0.00000e+00
p_f000_do5_rx_470   =  0.00000e+00
p_f000_do4_drv_470  =  3.30000e+00
p_f000_do4_rx_470   =  3.30000e+00
p_f000_do3_drv_470  =  3.30000e+00
p_f000_do3_rx_470   =  3.30000e+00
p_f000_do2_drv_470  =  3.30000e+00
p_f000_do2_rx_470   =  3.30000e+00
p_f000_do1_drv_470  =  3.30000e+00
p_f000_do1_rx_470   =  3.30000e+00
p_f000_do0_drv_470  =  0.00000e+00
p_f000_do0_rx_470   =  0.00000e+00
p_f000_do7_drv_480  =  3.30000e+00
p_f000_do7_rx_480   =  3.30000e+00
p_f000_do6_drv_480  =  3.30000e+00
p_f000_do6_rx_480   =  3.30000e+00
p_f000_do5_drv_480  =  0.00000e+00
p_f000_do5_rx_480   =  0.00000e+00
p_f000_do4_drv_480  =  3.30000e+00
p_f000_do4_rx_480   =  3.30000e+00
p_f000_do3_drv_480  =  3.30000e+00
p_f000_do3_rx_480   =  3.30000e+00
p_f000_do2_drv_480  =  3.30000e+00
p_f000_do2_rx_480   =  3.30000e+00
p_f000_do1_drv_480  =  3.30000e+00
p_f000_do1_rx_480   =  3.30000e+00
p_f000_do0_drv_480  =  0.00000e+00
p_f000_do0_rx_480   =  0.00000e+00
p_f001_cmp7_p0      =  -2.99730e-06
p_f001_cmp7_n0      =  -3.02833e-06
p_f001_cmp7_p5      =  3.30000e+00
p_f001_cmp7_n5      =  -1.71507e-06
p_f001_cmp6_p0      =  -8.11949e-06
p_f001_cmp6_n0      =  -8.09601e-06
p_f001_cmp6_p5      =  3.30000e+00
p_f001_cmp6_n5      =  -1.94690e-06
p_f001_cmp5_p0      =  -3.08255e-06
p_f001_cmp5_n0      =  -3.11480e-06
p_f001_cmp5_p5      =  3.30000e+00
p_f001_cmp5_n5      =  -1.61832e-06
p_f001_cmp4_p0      =  -3.06945e-06
p_f001_cmp4_n0      =  -3.10038e-06
p_f001_cmp4_p5      =  -1.66302e-06
p_f001_cmp4_n5      =  3.30000e+00
p_f001_cmp3_p0      =  -8.28482e-06
p_f001_cmp3_n0      =  -8.27055e-06
p_f001_cmp3_p5      =  3.30000e+00
p_f001_cmp3_n5      =  -1.90804e-06
p_f001_cmp2_p0      =  -8.28298e-06
p_f001_cmp2_n0      =  -8.27102e-06
p_f001_cmp2_p5      =  3.30000e+00
p_f001_cmp2_n5      =  -1.90294e-06
p_f001_cmp1_p0      =  -3.06367e-06
p_f001_cmp1_n0      =  -3.09480e-06
p_f001_cmp1_p5      =  3.30000e+00
p_f001_cmp1_n5      =  -1.59716e-06
p_f001_cmp0_p0      =  -8.32139e-06
p_f001_cmp0_n0      =  -8.31033e-06
p_f001_cmp0_p5      =  -1.97096e-06
p_f001_cmp0_n5      =  3.30000e+00
p_f001_dctrl7_p     =  3.30001e+00
p_f001_dctrl7_n     =  3.47664e-01
p_f001_dctrl6_p     =  3.26642e+00
p_f001_dctrl6_n     =  3.46696e-06
p_f001_dctrl5_p     =  3.29964e+00
p_f001_dctrl5_n     =  -1.47217e-06
p_f001_dctrl4_p     =  -1.39365e-07
p_f001_dctrl4_n     =  3.29999e+00
p_f001_dctrl3_p     =  3.30000e+00
p_f001_dctrl3_n     =  -2.53770e-08
p_f001_dctrl2_p     =  3.30000e+00
p_f001_dctrl2_n     =  -1.29924e-08
p_f001_dctrl1_p     =  3.30000e+00
p_f001_dctrl1_n     =  -6.26733e-09
p_f001_do7_drv_470  =  3.30000e+00
p_f001_do7_rx_470   =  3.30000e+00
p_f001_do6_drv_470  =  3.30000e+00
p_f001_do6_rx_470   =  3.30000e+00
p_f001_do5_drv_470  =  3.30000e+00
p_f001_do5_rx_470   =  3.30000e+00
p_f001_do4_drv_470  =  0.00000e+00
p_f001_do4_rx_470   =  1.49413e-268
p_f001_do3_drv_470  =  3.30000e+00
p_f001_do3_rx_470   =  3.30000e+00
p_f001_do2_drv_470  =  3.30000e+00
p_f001_do2_rx_470   =  3.30000e+00
p_f001_do1_drv_470  =  3.30000e+00
p_f001_do1_rx_470   =  3.30000e+00
p_f001_do0_drv_470  =  0.00000e+00
p_f001_do0_rx_470   =  0.00000e+00
p_f001_do7_drv_480  =  3.30000e+00
p_f001_do7_rx_480   =  3.30000e+00
p_f001_do6_drv_480  =  3.30000e+00
p_f001_do6_rx_480   =  3.30000e+00
p_f001_do5_drv_480  =  3.30000e+00
p_f001_do5_rx_480   =  3.30000e+00
p_f001_do4_drv_480  =  0.00000e+00
p_f001_do4_rx_480   =  5.24571e-297
p_f001_do3_drv_480  =  3.30000e+00
p_f001_do3_rx_480   =  3.30000e+00
p_f001_do2_drv_480  =  3.30000e+00
p_f001_do2_rx_480   =  3.30000e+00
p_f001_do1_drv_480  =  3.30000e+00
p_f001_do1_rx_480   =  3.30000e+00
p_f001_do0_drv_480  =  0.00000e+00
p_f001_do0_rx_480   =  0.00000e+00
p_f002_cmp7_p0      =  -2.39421e-06
p_f002_cmp7_n0      =  -2.41685e-06
p_f002_cmp7_p5      =  3.30000e+00
p_f002_cmp7_n5      =  -1.63431e-06
p_f002_cmp6_p0      =  -7.57089e-06
p_f002_cmp6_n0      =  -7.59103e-06
p_f002_cmp6_p5      =  3.30000e+00
p_f002_cmp6_n5      =  -1.86900e-06
p_f002_cmp5_p0      =  -2.42729e-06
p_f002_cmp5_n0      =  -2.45019e-06
p_f002_cmp5_p5      =  -1.61166e-06
p_f002_cmp5_n5      =  3.30000e+00
p_f002_cmp4_p0      =  -2.48444e-06
p_f002_cmp4_n0      =  -2.50604e-06
p_f002_cmp4_p5      =  -1.60641e-06
p_f002_cmp4_n5      =  3.30000e+00
p_f002_cmp3_p0      =  -7.51919e-06
p_f002_cmp3_n0      =  -7.54298e-06
p_f002_cmp3_p5      =  3.30000e+00
p_f002_cmp3_n5      =  -1.83607e-06
p_f002_cmp2_p0      =  -7.98370e-06
p_f002_cmp2_n0      =  -8.01152e-06
p_f002_cmp2_p5      =  -1.89648e-06
p_f002_cmp2_n5      =  3.30000e+00
p_f002_cmp1_p0      =  -2.47454e-06
p_f002_cmp1_n0      =  -2.49797e-06
p_f002_cmp1_p5      =  3.30000e+00
p_f002_cmp1_n5      =  -1.54636e-06
p_f002_cmp0_p0      =  -7.93347e-06
p_f002_cmp0_n0      =  -7.95951e-06
p_f002_cmp0_p5      =  -1.88098e-06
p_f002_cmp0_n5      =  3.30000e+00
p_f002_dctrl7_p     =  3.30001e+00
p_f002_dctrl7_n     =  3.46619e-01
p_f002_dctrl6_p     =  3.26660e+00
p_f002_dctrl6_n     =  2.42435e-06
p_f002_dctrl5_p     =  -1.02532e-06
p_f002_dctrl5_n     =  3.29965e+00
p_f002_dctrl4_p     =  -1.32902e-07
p_f002_dctrl4_n     =  3.29999e+00
p_f002_dctrl3_p     =  3.30000e+00
p_f002_dctrl3_n     =  -2.76147e-08
p_f002_dctrl2_p     =  -1.37397e-08
p_f002_dctrl2_n     =  3.30000e+00
p_f002_dctrl1_p     =  3.30000e+00
p_f002_dctrl1_n     =  -6.21701e-09
p_f002_do7_drv_470  =  3.30000e+00
p_f002_do7_rx_470   =  3.30000e+00
p_f002_do6_drv_470  =  3.30000e+00
p_f002_do6_rx_470   =  3.30000e+00
p_f002_do5_drv_470  =  0.00000e+00
p_f002_do5_rx_470   =  1.32777e-268
p_f002_do4_drv_470  =  0.00000e+00
p_f002_do4_rx_470   =  4.08882e-312
p_f002_do3_drv_470  =  3.30000e+00
p_f002_do3_rx_470   =  3.30000e+00
p_f002_do2_drv_470  =  0.00000e+00
p_f002_do2_rx_470   =  1.32777e-268
p_f002_do1_drv_470  =  3.30000e+00
p_f002_do1_rx_470   =  3.30000e+00
p_f002_do0_drv_470  =  0.00000e+00
p_f002_do0_rx_470   =  0.00000e+00
p_f002_do7_drv_480  =  3.30000e+00
p_f002_do7_rx_480   =  3.30000e+00
p_f002_do6_drv_480  =  3.30000e+00
p_f002_do6_rx_480   =  3.30000e+00
p_f002_do5_drv_480  =  0.00000e+00
p_f002_do5_rx_480   =  4.66165e-297
p_f002_do4_drv_480  =  0.00000e+00
p_f002_do4_rx_480   =  4.08882e-312
p_f002_do3_drv_480  =  3.30000e+00
p_f002_do3_rx_480   =  3.30000e+00
p_f002_do2_drv_480  =  0.00000e+00
p_f002_do2_rx_480   =  4.66165e-297
p_f002_do1_drv_480  =  3.30000e+00
p_f002_do1_rx_480   =  3.30000e+00
p_f002_do0_drv_480  =  0.00000e+00
p_f002_do0_rx_480   =  0.00000e+00
p_f003_cmp7_p0      =  -3.17692e-06
p_f003_cmp7_n0      =  -3.21062e-06
p_f003_cmp7_p5      =  3.30000e+00
p_f003_cmp7_n5      =  -1.70809e-06
p_f003_cmp6_p0      =  -8.61121e-06
p_f003_cmp6_n0      =  -8.59694e-06
p_f003_cmp6_p5      =  -2.05034e-06
p_f003_cmp6_n5      =  3.30000e+00
p_f003_cmp5_p0      =  -3.30520e-06
p_f003_cmp5_n0      =  -3.33884e-06
p_f003_cmp5_p5      =  -1.69763e-06
p_f003_cmp5_n5      =  3.30000e+00
p_f003_cmp4_p0      =  -3.28906e-06
p_f003_cmp4_n0      =  -3.32226e-06
p_f003_cmp4_p5      =  -1.69261e-06
p_f003_cmp4_n5      =  3.30000e+00
p_f003_cmp3_p0      =  -8.56162e-06
p_f003_cmp3_n0      =  -8.54203e-06
p_f003_cmp3_p5      =  -2.00196e-06
p_f003_cmp3_n5      =  3.30000e+00
p_f003_cmp2_p0      =  -8.56346e-06
p_f003_cmp2_n0      =  -8.53994e-06
p_f003_cmp2_p5      =  3.30000e+00
p_f003_cmp2_n5      =  -1.92402e-06
p_f003_cmp1_p0      =  -3.28096e-06
p_f003_cmp1_n0      =  -3.31459e-06
p_f003_cmp1_p5      =  -1.68360e-06
p_f003_cmp1_n5      =  3.30000e+00
p_f003_cmp0_p0      =  -8.60328e-06
p_f003_cmp0_n0      =  -8.57890e-06
p_f003_cmp0_p5      =  -1.99477e-06
p_f003_cmp0_n5      =  3.30000e+00
p_f003_dctrl7_p     =  3.30001e+00
p_f003_dctrl7_n     =  3.48043e-01
p_f003_dctrl6_p     =  3.07809e-05
p_f003_dctrl6_n     =  3.26636e+00
p_f003_dctrl5_p     =  -1.12249e-06
p_f003_dctrl5_n     =  3.29964e+00
p_f003_dctrl4_p     =  -1.23249e-07
p_f003_dctrl4_n     =  3.29999e+00
p_f003_dctrl3_p     =  -2.80948e-08
p_f003_dctrl3_n     =  3.30000e+00
p_f003_dctrl2_p     =  3.30000e+00
p_f003_dctrl2_n     =  -1.37869e-08
p_f003_dctrl1_p     =  -6.31186e-09
p_f003_dctrl1_n     =  3.30000e+00
p_f003_do7_drv_470  =  3.30000e+00
p_f003_do7_rx_470   =  3.30000e+00
p_f003_do6_drv_470  =  0.00000e+00
p_f003_do6_rx_470   =  1.52160e-268
p_f003_do5_drv_470  =  0.00000e+00
p_f003_do5_rx_470   =  4.08882e-312
p_f003_do4_drv_470  =  0.00000e+00
p_f003_do4_rx_470   =  4.08882e-312
p_f003_do3_drv_470  =  0.00000e+00
p_f003_do3_rx_470   =  1.52160e-268
p_f003_do2_drv_470  =  3.30000e+00
p_f003_do2_rx_470   =  3.30000e+00
p_f003_do1_drv_470  =  0.00000e+00
p_f003_do1_rx_470   =  1.52160e-268
p_f003_do0_drv_470  =  0.00000e+00
p_f003_do0_rx_470   =  0.00000e+00
p_f003_do7_drv_480  =  3.30000e+00
p_f003_do7_rx_480   =  3.30000e+00
p_f003_do6_drv_480  =  0.00000e+00
p_f003_do6_rx_480   =  5.34216e-297
p_f003_do5_drv_480  =  0.00000e+00
p_f003_do5_rx_480   =  4.08882e-312
p_f003_do4_drv_480  =  0.00000e+00
p_f003_do4_rx_480   =  4.08882e-312
p_f003_do3_drv_480  =  0.00000e+00
p_f003_do3_rx_480   =  5.34216e-297
p_f003_do2_drv_480  =  3.30000e+00
p_f003_do2_rx_480   =  3.30000e+00
p_f003_do1_drv_480  =  0.00000e+00
p_f003_do1_rx_480   =  5.34216e-297
p_f003_do0_drv_480  =  0.00000e+00
p_f003_do0_rx_480   =  0.00000e+00
p_f064_cmp7_p0      =  -2.86357e-06
p_f064_cmp7_n0      =  -2.89258e-06
p_f064_cmp7_p5      =  3.30000e+00
p_f064_cmp7_n5      =  -1.68820e-06
p_f064_cmp6_p0      =  -8.17740e-06
p_f064_cmp6_n0      =  -8.16525e-06
p_f064_cmp6_p5      =  3.30000e+00
p_f064_cmp6_n5      =  -1.92703e-06
p_f064_cmp5_p0      =  -2.73916e-06
p_f064_cmp5_n0      =  -2.76496e-06
p_f064_cmp5_p5      =  -1.63338e-06
p_f064_cmp5_n5      =  3.30000e+00
p_f064_cmp4_p0      =  -2.95104e-06
p_f064_cmp4_n0      =  -2.98150e-06
p_f064_cmp4_p5      =  3.30000e+00
p_f064_cmp4_n5      =  -1.60006e-06
p_f064_cmp3_p0      =  -7.80225e-06
p_f064_cmp3_n0      =  -7.81142e-06
p_f064_cmp3_p5      =  3.30000e+00
p_f064_cmp3_n5      =  -1.86380e-06
p_f064_cmp2_p0      =  -8.12274e-06
p_f064_cmp2_n0      =  -8.11746e-06
p_f064_cmp2_p5      =  3.30000e+00
p_f064_cmp2_n5      =  -1.89034e-06
p_f064_cmp1_p0      =  -2.81654e-06
p_f064_cmp1_n0      =  -2.84419e-06
p_f064_cmp1_p5      =  3.30000e+00
p_f064_cmp1_n5      =  -1.57820e-06
p_f064_cmp0_p0      =  -8.29525e-06
p_f064_cmp0_n0      =  -8.31610e-06
p_f064_cmp0_p5      =  3.30000e+00
p_f064_cmp0_n5      =  -1.84411e-06
p_f064_dctrl7_p     =  3.30001e+00
p_f064_dctrl7_n     =  3.47224e-01
p_f064_dctrl6_p     =  3.26647e+00
p_f064_dctrl6_n     =  3.08731e-06
p_f064_dctrl5_p     =  -1.20279e-06
p_f064_dctrl5_n     =  3.29964e+00
p_f064_dctrl4_p     =  3.29999e+00
p_f064_dctrl4_n     =  -1.08612e-07
p_f064_dctrl3_p     =  3.30000e+00
p_f064_dctrl3_n     =  -2.50231e-08
p_f064_dctrl2_p     =  3.30000e+00
p_f064_dctrl2_n     =  -1.27996e-08
p_f064_dctrl1_p     =  3.30000e+00
p_f064_dctrl1_n     =  -6.18475e-09
p_f064_do7_drv_470  =  3.30000e+00
p_f064_do7_rx_470   =  3.30000e+00
p_f064_do6_drv_470  =  3.30000e+00
p_f064_do6_rx_470   =  3.30000e+00
p_f064_do5_drv_470  =  0.00000e+00
p_f064_do5_rx_470   =  1.37291e-268
p_f064_do4_drv_470  =  3.30000e+00
p_f064_do4_rx_470   =  3.30000e+00
p_f064_do3_drv_470  =  3.30000e+00
p_f064_do3_rx_470   =  3.30000e+00
p_f064_do2_drv_470  =  3.30000e+00
p_f064_do2_rx_470   =  3.30000e+00
p_f064_do1_drv_470  =  3.30000e+00
p_f064_do1_rx_470   =  3.30000e+00
p_f064_do0_drv_470  =  3.30000e+00
p_f064_do0_rx_470   =  3.30000e+00
p_f064_do7_drv_480  =  3.30000e+00
p_f064_do7_rx_480   =  3.30000e+00
p_f064_do6_drv_480  =  3.30000e+00
p_f064_do6_rx_480   =  3.30000e+00
p_f064_do5_drv_480  =  0.00000e+00
p_f064_do5_rx_480   =  4.82011e-297
p_f064_do4_drv_480  =  3.30000e+00
p_f064_do4_rx_480   =  3.30000e+00
p_f064_do3_drv_480  =  3.30000e+00
p_f064_do3_rx_480   =  3.30000e+00
p_f064_do2_drv_480  =  3.30000e+00
p_f064_do2_rx_480   =  3.30000e+00
p_f064_do1_drv_480  =  3.30000e+00
p_f064_do1_rx_480   =  3.30000e+00
p_f064_do0_drv_480  =  3.30000e+00
p_f064_do0_rx_480   =  3.30000e+00
p_f065_cmp7_p0      =  -3.12058e-06
p_f065_cmp7_n0      =  -3.15334e-06
p_f065_cmp7_p5      =  3.30000e+00
p_f065_cmp7_n5      =  -1.72835e-06
p_f065_cmp6_p0      =  -7.56393e-06
p_f065_cmp6_n0      =  -7.52285e-06
p_f065_cmp6_p5      =  3.30000e+00
p_f065_cmp6_n5      =  -1.96758e-06
p_f065_cmp5_p0      =  -2.99057e-06
p_f065_cmp5_n0      =  -3.02150e-06
p_f065_cmp5_p5      =  3.30000e+00
p_f065_cmp5_n5      =  -1.60934e-06
p_f065_cmp4_p0      =  -3.19290e-06
p_f065_cmp4_n0      =  -3.22567e-06
p_f065_cmp4_p5      =  -1.67492e-06
p_f065_cmp4_n5      =  3.30000e+00
p_f065_cmp3_p0      =  -8.12386e-06
p_f065_cmp3_n0      =  -8.11747e-06
p_f065_cmp3_p5      =  3.30000e+00
p_f065_cmp3_n5      =  -1.89357e-06
p_f065_cmp2_p0      =  -8.44377e-06
p_f065_cmp2_n0      =  -8.42440e-06
p_f065_cmp2_p5      =  3.30000e+00
p_f065_cmp2_n5      =  -1.91838e-06
p_f065_cmp1_p0      =  -3.16238e-06
p_f065_cmp1_n0      =  -3.19293e-06
p_f065_cmp1_p5      =  3.30000e+00
p_f065_cmp1_n5      =  -1.60146e-06
p_f065_cmp0_p0      =  -8.12010e-06
p_f065_cmp0_n0      =  -8.11848e-06
p_f065_cmp0_p5      =  -1.98945e-06
p_f065_cmp0_n5      =  3.30000e+00
p_f065_dctrl7_p     =  3.30001e+00
p_f065_dctrl7_n     =  3.47664e-01
p_f065_dctrl6_p     =  3.26639e+00
p_f065_dctrl6_n     =  3.46767e-06
p_f065_dctrl5_p     =  3.29964e+00
p_f065_dctrl5_n     =  -1.47147e-06
p_f065_dctrl4_p     =  -1.39473e-07
p_f065_dctrl4_n     =  3.29999e+00
p_f065_dctrl3_p     =  3.30000e+00
p_f065_dctrl3_n     =  -2.54821e-08
p_f065_dctrl2_p     =  3.30000e+00
p_f065_dctrl2_n     =  -1.28860e-08
p_f065_dctrl1_p     =  3.30000e+00
p_f065_dctrl1_n     =  -6.28664e-09
p_f065_do7_drv_470  =  3.30000e+00
p_f065_do7_rx_470   =  3.30000e+00
p_f065_do6_drv_470  =  3.30000e+00
p_f065_do6_rx_470   =  3.30000e+00
p_f065_do5_drv_470  =  3.30000e+00
p_f065_do5_rx_470   =  3.30000e+00
p_f065_do4_drv_470  =  0.00000e+00
p_f065_do4_rx_470   =  1.45578e-268
p_f065_do3_drv_470  =  3.30000e+00
p_f065_do3_rx_470   =  3.30000e+00
p_f065_do2_drv_470  =  3.30000e+00
p_f065_do2_rx_470   =  3.30000e+00
p_f065_do1_drv_470  =  3.30000e+00
p_f065_do1_rx_470   =  3.30000e+00
p_f065_do0_drv_470  =  0.00000e+00
p_f065_do0_rx_470   =  1.45578e-268
p_f065_do7_drv_480  =  3.30000e+00
p_f065_do7_rx_480   =  3.30000e+00
p_f065_do6_drv_480  =  3.30000e+00
p_f065_do6_rx_480   =  3.30000e+00
p_f065_do5_drv_480  =  3.30000e+00
p_f065_do5_rx_480   =  3.30000e+00
p_f065_do4_drv_480  =  0.00000e+00
p_f065_do4_rx_480   =  5.11106e-297
p_f065_do3_drv_480  =  3.30000e+00
p_f065_do3_rx_480   =  3.30000e+00
p_f065_do2_drv_480  =  3.30000e+00
p_f065_do2_rx_480   =  3.30000e+00
p_f065_do1_drv_480  =  3.30000e+00
p_f065_do1_rx_480   =  3.30000e+00
p_f065_do0_drv_480  =  0.00000e+00
p_f065_do0_rx_480   =  5.11106e-297
p_f066_cmp7_p0      =  -2.51834e-06
p_f066_cmp7_n0      =  -2.54274e-06
p_f066_cmp7_p5      =  3.30000e+00
p_f066_cmp7_n5      =  -1.64713e-06
p_f066_cmp6_p0      =  -7.73086e-06
p_f066_cmp6_n0      =  -7.74299e-06
p_f066_cmp6_p5      =  3.30000e+00
p_f066_cmp6_n5      =  -1.88344e-06
p_f066_cmp5_p0      =  -2.40505e-06
p_f066_cmp5_n0      =  -2.42611e-06
p_f066_cmp5_p5      =  -1.60392e-06
p_f066_cmp5_n5      =  3.30000e+00
p_f066_cmp4_p0      =  -2.60794e-06
p_f066_cmp4_n0      =  -2.63129e-06
p_f066_cmp4_p5      =  -1.61913e-06
p_f066_cmp4_n5      =  3.30000e+00
p_f066_cmp3_p0      =  -7.35840e-06
p_f066_cmp3_n0      =  -7.38964e-06
p_f066_cmp3_p5      =  3.30000e+00
p_f066_cmp3_n5      =  -1.82083e-06
p_f066_cmp2_p0      =  -7.67784e-06
p_f066_cmp2_n0      =  -7.69692e-06
p_f066_cmp2_p5      =  -1.91333e-06
p_f066_cmp2_n5      =  3.30000e+00
p_f066_cmp1_p0      =  -2.44384e-06
p_f066_cmp1_n0      =  -2.46629e-06
p_f066_cmp1_p5      =  3.30000e+00
p_f066_cmp1_n5      =  -1.54292e-06
p_f066_cmp0_p0      =  -7.45409e-06
p_f066_cmp0_n0      =  -7.48726e-06
p_f066_cmp0_p5      =  -1.87199e-06
p_f066_cmp0_n5      =  3.30000e+00
p_f066_dctrl7_p     =  3.30001e+00
p_f066_dctrl7_n     =  3.46619e-01
p_f066_dctrl6_p     =  3.26657e+00
p_f066_dctrl6_n     =  2.42474e-06
p_f066_dctrl5_p     =  -1.02472e-06
p_f066_dctrl5_n     =  3.29965e+00
p_f066_dctrl4_p     =  -1.32752e-07
p_f066_dctrl4_n     =  3.29999e+00
p_f066_dctrl3_p     =  3.30000e+00
p_f066_dctrl3_n     =  -2.74237e-08
p_f066_dctrl2_p     =  -1.36942e-08
p_f066_dctrl2_n     =  3.30000e+00
p_f066_dctrl1_p     =  3.30000e+00
p_f066_dctrl1_n     =  -6.24675e-09
p_f066_do7_drv_470  =  3.30000e+00
p_f066_do7_rx_470   =  3.30000e+00
p_f066_do6_drv_470  =  3.30000e+00
p_f066_do6_rx_470   =  3.30000e+00
p_f066_do5_drv_470  =  0.00000e+00
p_f066_do5_rx_470   =  1.33019e-268
p_f066_do4_drv_470  =  0.00000e+00
p_f066_do4_rx_470   =  4.08882e-312
p_f066_do3_drv_470  =  3.30000e+00
p_f066_do3_rx_470   =  3.30000e+00
p_f066_do2_drv_470  =  0.00000e+00
p_f066_do2_rx_470   =  1.33019e-268
p_f066_do1_drv_470  =  3.30000e+00
p_f066_do1_rx_470   =  3.30000e+00
p_f066_do0_drv_470  =  0.00000e+00
p_f066_do0_rx_470   =  4.08882e-312
p_f066_do7_drv_480  =  3.30000e+00
p_f066_do7_rx_480   =  3.30000e+00
p_f066_do6_drv_480  =  3.30000e+00
p_f066_do6_rx_480   =  3.30000e+00
p_f066_do5_drv_480  =  0.00000e+00
p_f066_do5_rx_480   =  4.67014e-297
p_f066_do4_drv_480  =  0.00000e+00
p_f066_do4_rx_480   =  4.08882e-312
p_f066_do3_drv_480  =  3.30000e+00
p_f066_do3_rx_480   =  3.30000e+00
p_f066_do2_drv_480  =  0.00000e+00
p_f066_do2_rx_480   =  4.67014e-297
p_f066_do1_drv_480  =  3.30000e+00
p_f066_do1_rx_480   =  3.30000e+00
p_f066_do0_drv_480  =  0.00000e+00
p_f066_do0_rx_480   =  4.08882e-312
p_f067_cmp7_p0      =  -3.30316e-06
p_f067_cmp7_n0      =  -3.33863e-06
p_f067_cmp7_p5      =  3.30000e+00
p_f067_cmp7_n5      =  -1.72136e-06
p_f067_cmp6_p0      =  -8.76994e-06
p_f067_cmp6_n0      =  -8.74903e-06
p_f067_cmp6_p5      =  -2.06584e-06
p_f067_cmp6_n5      =  3.30000e+00
p_f067_cmp5_p0      =  -3.21360e-06
p_f067_cmp5_n0      =  -3.24593e-06
p_f067_cmp5_p5      =  -1.68845e-06
p_f067_cmp5_n5      =  3.30000e+00
p_f067_cmp4_p0      =  -3.41219e-06
p_f067_cmp4_n0      =  -3.44712e-06
p_f067_cmp4_p5      =  -1.70565e-06
p_f067_cmp4_n5      =  3.30000e+00
p_f067_cmp3_p0      =  -8.40101e-06
p_f067_cmp3_n0      =  -8.38856e-06
p_f067_cmp3_p5      =  -1.98599e-06
p_f067_cmp3_n5      =  3.30000e+00
p_f067_cmp2_p0      =  -8.72428e-06
p_f067_cmp2_n0      =  -8.69340e-06
p_f067_cmp2_p5      =  3.30000e+00
p_f067_cmp2_n5      =  -1.93822e-06
p_f067_cmp1_p0      =  -3.24996e-06
p_f067_cmp1_n0      =  -3.28315e-06
p_f067_cmp1_p5      =  -1.67935e-06
p_f067_cmp1_n5      =  3.30000e+00
p_f067_cmp0_p0      =  -8.40193e-06
p_f067_cmp0_n0      =  -8.38711e-06
p_f067_cmp0_p5      =  -1.97922e-06
p_f067_cmp0_n5      =  3.30000e+00
p_f067_dctrl7_p     =  3.30001e+00
p_f067_dctrl7_n     =  3.48043e-01
p_f067_dctrl6_p     =  3.08088e-05
p_f067_dctrl6_n     =  3.26633e+00
p_f067_dctrl5_p     =  -1.12589e-06
p_f067_dctrl5_n     =  3.29964e+00
p_f067_dctrl4_p     =  -1.23336e-07
p_f067_dctrl4_n     =  3.29999e+00
p_f067_dctrl3_p     =  -2.80065e-08
p_f067_dctrl3_n     =  3.30000e+00
p_f067_dctrl2_p     =  3.30000e+00
p_f067_dctrl2_n     =  -1.37508e-08
p_f067_dctrl1_p     =  -6.28818e-09
p_f067_dctrl1_n     =  3.30000e+00
p_f067_do7_drv_470  =  3.30000e+00
p_f067_do7_rx_470   =  3.30000e+00
p_f067_do6_drv_470  =  0.00000e+00
p_f067_do6_rx_470   =  1.51955e-268
p_f067_do5_drv_470  =  0.00000e+00
p_f067_do5_rx_470   =  4.08882e-312
p_f067_do4_drv_470  =  0.00000e+00
p_f067_do4_rx_470   =  4.08882e-312
p_f067_do3_drv_470  =  0.00000e+00
p_f067_do3_rx_470   =  1.51955e-268
p_f067_do2_drv_470  =  3.30000e+00
p_f067_do2_rx_470   =  3.30000e+00
p_f067_do1_drv_470  =  0.00000e+00
p_f067_do1_rx_470   =  1.51955e-268
p_f067_do0_drv_470  =  0.00000e+00
p_f067_do0_rx_470   =  4.08882e-312
p_f067_do7_drv_480  =  3.30000e+00
p_f067_do7_rx_480   =  3.30000e+00
p_f067_do6_drv_480  =  0.00000e+00
p_f067_do6_rx_480   =  5.33495e-297
p_f067_do5_drv_480  =  0.00000e+00
p_f067_do5_rx_480   =  4.08882e-312
p_f067_do4_drv_480  =  0.00000e+00
p_f067_do4_rx_480   =  4.08882e-312
p_f067_do3_drv_480  =  0.00000e+00
p_f067_do3_rx_480   =  5.33495e-297
p_f067_do2_drv_480  =  3.30000e+00
p_f067_do2_rx_480   =  3.30000e+00
p_f067_do1_drv_480  =  0.00000e+00
p_f067_do1_rx_480   =  5.33495e-297
p_f067_do0_drv_480  =  0.00000e+00
p_f067_do0_rx_480   =  4.08882e-312
ngspice-46 done
