
Note: Compatibility modes selected: hs a

Warning: m=xx on .subckt line will override multiplier m hierarchy!


Circuit: * a44 actual analog core with fixed tt timed behavioral sar control.

Reducing trtol to 1 for xspice 'A' devices
Doing analysis at TEMP = 27.000000 and TNOM = 27.000000

Using SPARSE 1.3 as Direct Linear Solver

Initial Transient Solution
--------------------------

Node                                   Voltage
----                                   -------
vdd                                        3.3
vrefp_src                                  2.5
vrefp                                      2.5
vrefp_cap                                  2.5
vrefn_src                                  0.8
vrefn                                      0.8
vrefn_cap                                  0.8
vinp_src                               2.29142
vinn_src                               1.00858
vinp                                   2.29142
vinn                                   1.00858
clks_src                                     0
clks                                         0
cmp_noise                           0.00057062
xcore.xcdacp.vbot1                         2.5
dctrlp1                                      0
xcore.vresp_raw                    0.000826568
xcore.xcdacp.vbot2                         2.5
dctrlp2                                      0
xcore.xcdacp.vbot3                         2.5
dctrlp3                                      0
xcore.xcdacp.vbot4                         2.5
dctrlp4                                      0
xcore.xcdacp.vbot5                         2.5
dctrlp5                                      0
xcore.xcdacp.vbot6                         2.5
dctrlp6                                      0
xcore.xcdacp.vbot7                         2.5
dctrlp7                                      0
xcore.xcdacp.x1.clksb                      3.3
xcore.xcdacp.x1.net2                1.5011e-10
xcore.xcdacp.x1.net1                       3.3
xcore.xcdacp.x1.bottom_gate        6.16493e-09
xcore.xcdacp.x1.net4               3.08931e-09
xcore.xcdacp.x1.net3                       3.3
xcore.xcdacn.vbot1                         2.5
dctrln1                                      0
xcore.vresn_raw                    0.000566015
xcore.xcdacn.vbot2                         2.5
dctrln2                                      0
xcore.xcdacn.vbot3                         2.5
dctrln3                                      0
xcore.xcdacn.vbot4                         2.5
dctrln4                                      0
xcore.xcdacn.vbot5                         2.5
dctrln5                                      0
xcore.xcdacn.vbot6                         2.5
dctrln6                                      0
xcore.xcdacn.vbot7                         2.5
dctrln7                                      0
xcore.xcdacn.x1.clksb                      3.3
xcore.xcdacn.x1.net2               1.31325e-10
xcore.xcdacn.x1.net1                       3.3
xcore.xcdacn.x1.bottom_gate        6.16814e-09
xcore.xcdacn.x1.net4               3.09926e-09
xcore.xcdacn.x1.net3                       3.3
vresp                               0.00111188
vresn                              0.000280705
xcore.xcmp.net1                      0.0221821
cmpck                                        0
xcore.xcmp.xp                              3.3
xcore.xcmp.xn                              3.3
xcore.xcmp.ln                              3.3
xcore.xcmp.lp                              3.3
dcmpn                              3.70819e-09
dcmpp                              3.65783e-09
sampled_diff                       0.000831173
input_diff                             1.28285
cmpck_drv                                    0
dctrlp7_drv                                  0
dctrlp6_drv                                  0
dctrlp5_drv                                  0
dctrlp4_drv                                  0
dctrlp3_drv                                  0
dctrlp2_drv                                  0
dctrlp1_drv                                  0
dctrln7_drv                                  0
dctrln6_drv                                  0
dctrln5_drv                                  0
dctrln4_drv                                  0
dctrln3_drv                                  0
dctrln2_drv                                  0
dctrln1_drv                                  0
dout7_drv                                    0
dout6_drv                                    0
dout5_drv                                    0
dout4_drv                                    0
dout3_drv                                    0
dout2_drv                                    0
dout1_drv                                    0
dout0_drv                                    0
eoc                                          0
invalid0                                     0
timeout0                                     0
complete                                     0
dout7_rx                                     0
dout6_rx                                     0
dout5_rx                                     0
dout4_rx                                     0
dout3_rx                                     0
dout2_rx                                     0
dout1_rx                                     0
dout0_rx                                     0
e_input_diff#branch               -1.28285e-10
e_sample_diff#branch              -8.31173e-14
e.xcore.e_cmp_noise_n#branch      -2.80705e-14
e.xcore.e_cmp_noise_p#branch      -1.11188e-13
vcmp_noise#branch                  -5.7062e-14
vclks_id#branch                              0
vvinn_id#branch                   -4.15711e-10
vvinp_id#branch                   -9.44406e-10
vvrefn_id#branch                  -1.76652e-09
vvrefp_id#branch                  -1.52078e-08
vvdd#branch                        -1.7753e-08
a_status#branch_1_0                          0
a_status#branch_1_1                          0
a_status#branch_1_2                          0
a_status#branch_1_3                          0
a_dout#branch_1_0                            0
a_dout#branch_1_1                            0
a_dout#branch_1_2                            0
a_dout#branch_1_3                            0
a_dout#branch_1_4                            0
a_dout#branch_1_5                            0
a_dout#branch_1_6                            0
a_dout#branch_1_7                            0
a_dctrln#branch_1_0                          0
a_dctrln#branch_1_1                          0
a_dctrln#branch_1_2                          0
a_dctrln#branch_1_3                          0
a_dctrln#branch_1_4                          0
a_dctrln#branch_1_5                          0
a_dctrln#branch_1_6                          0
a_dctrlp#branch_1_0                          0
a_dctrlp#branch_1_1                          0
a_dctrlp#branch_1_2                          0
a_dctrlp#branch_1_3                          0
a_dctrlp#branch_1_4                          0
a_dctrlp#branch_1_5                          0
a_dctrlp#branch_1_6                          0
a_cmpck#branch_1_0                           0


Instance: abeh   Message: WARNING: output scheduled with impossible delay (-4.01e-12) at 5.01e-12/0.

Instance: abeh   Message: XSPICE time is behind vtime:
XSPICE 2.005218358813576e-07
Cosim  2.00551e-07

Instance: abeh   Message: XSPICE time is behind vtime:
XSPICE 7.004994772251004e-07
Cosim  7.00533e-07

Instance: abeh   Message: XSPICE time is behind vtime:
XSPICE 1.200535983211931e-06
Cosim  1.200551e-06

Instance: abeh   Message: XSPICE time is behind vtime:
XSPICE 2.200535838607374e-06
Cosim  2.200545e-06

Instance: abeh   Message: XSPICE time is behind vtime:
XSPICE 2.700496406993078e-06
Cosim  2.70053e-06

Instance: abeh   Message: XSPICE time is behind vtime:
XSPICE 3.20051940698137e-06
Cosim  3.200553e-06

Instance: abeh   Message: XSPICE time is behind vtime:
XSPICE 4.700532151081917e-06
Cosim  4.700557e-06

Instance: abeh   Message: XSPICE time is behind vtime:
XSPICE 5.200500477229628e-06
Cosim  5.200534e-06

Instance: abeh   Message: XSPICE time is behind vtime:
XSPICE 5.70052956197466e-06
Cosim  5.70055e-06

Instance: abeh   Message: XSPICE time is behind vtime:
XSPICE 7.200515406986905e-06
Cosim  7.200549e-06

Instance: abeh   Message: XSPICE time is behind vtime:
XSPICE 7.700517406987827e-06
Cosim  7.700551e-06

Instance: abeh   Message: XSPICE time is behind vtime:
XSPICE 9.200530073121208e-06
Cosim  9.20055e-06

Instance: abeh   Message: XSPICE time is behind vtime:
XSPICE 9.700499477226884e-06
Cosim  9.700533e-06

Instance: abeh   Message: XSPICE time is behind vtime:
XSPICE 1.020052670081334e-05
Cosim  1.0200552e-05

Instance: abeh   Message: XSPICE time is behind vtime:
XSPICE 1.170051963680698e-05
Cosim  1.1700553e-05

Instance: abeh   Message: XSPICE time is behind vtime:
XSPICE 1.220049940699259e-05
Cosim  1.2200533e-05

Instance: abeh   Message: XSPICE time is behind vtime:
XSPICE 1.270053122871033e-05
Cosim  1.2700541e-05

Instance: abeh   Message: XSPICE time is behind vtime:
XSPICE 1.370054156006557e-05
Cosim  1.3700556e-05

Instance: abeh   Message: XSPICE time is behind vtime:
XSPICE 1.420049847722306e-05
Cosim  1.4200532e-05

Instance: abeh   Message: XSPICE time is behind vtime:
XSPICE 1.470052144777769e-05
Cosim  1.4700551e-05

Instance: abeh   Message: XSPICE time is behind vtime:
XSPICE 1.620052227873308e-05
Cosim  1.6200552e-05

Instance: abeh   Message: XSPICE time is behind vtime:
XSPICE 1.670052340699986e-05
Cosim  1.6700557e-05

Instance: abeh   Message: XSPICE time is behind vtime:
XSPICE 1.720054033030332e-05
Cosim  1.7200556e-05

Instance: abeh   Message: XSPICE time is behind vtime:
XSPICE 1.820053953848947e-05
Cosim  1.8200548e-05

Instance: abeh   Message: XSPICE time is behind vtime:
XSPICE 1.870051947721746e-05
Cosim  1.8700553e-05

Instance: abeh   Message: XSPICE time is behind vtime:
XSPICE 1.920049883963185e-05
Cosim  1.9200532e-05

Instance: abeh   Message: XSPICE time is behind vtime:
XSPICE 2.070053156416386e-05
Cosim  2.0700557e-05

Instance: abeh   Message: XSPICE time is behind vtime:
XSPICE 2.120052040700289e-05
Cosim  2.1200554e-05

Instance: abeh   Message: XSPICE time is behind vtime:
XSPICE 2.170052893395756e-05
Cosim  2.170055e-05

Instance: abeh   Message: XSPICE time is behind vtime:
XSPICE 2.320051547720828e-05
Cosim  2.3200549e-05

Instance: abeh   Message: XSPICE time is behind vtime:
XSPICE 2.370051547720777e-05
Cosim  2.3700549e-05

Instance: abeh   Message: XSPICE time is behind vtime:
XSPICE 2.520053045387693e-05
Cosim  2.5200551e-05

Instance: abeh   Message: XSPICE time is behind vtime:
XSPICE 2.570052040700332e-05
Cosim  2.5700554e-05

Instance: abeh   Message: XSPICE time is behind vtime:
XSPICE 2.62005051063738e-05
Cosim  2.6200531e-05

Instance: abeh   Message: XSPICE time is behind vtime:
XSPICE 2.770050117472213e-05
Cosim  2.7700534e-05

Instance: abeh   Message: XSPICE time is behind vtime:
XSPICE 2.820051947721758e-05
Cosim  2.8200553e-05

Instance: abeh   Message: XSPICE time is behind vtime:
XSPICE 2.870053891904178e-05
Cosim  2.8700548e-05

Instance: abeh   Message: XSPICE time is behind vtime:
XSPICE 2.970053689894098e-05
Cosim  2.9700552e-05

Instance: abeh   Message: XSPICE time is behind vtime:
XSPICE 3.020052340700065e-05
Cosim  3.0200557e-05

Instance: abeh   Message: XSPICE time is behind vtime:
XSPICE 3.070052188468175e-05
Cosim  3.0700552e-05

Instance: abeh   Message: XSPICE time is behind vtime:
XSPICE 3.22005218451723e-05
Cosim  3.2200551e-05

Instance: abeh   Message: XSPICE time is behind vtime:
XSPICE 3.270049947722582e-05
Cosim  3.2700533e-05

Instance: abeh   Message: XSPICE time is behind vtime:
XSPICE 3.320053598495694e-05
Cosim  3.3200551e-05

No. of Data Rows : 735292
f000_d7             =  3.30000e+00
f000_d6             =  3.30000e+00
f000_d5             =  3.30000e+00
f000_d4             =  0.00000e+00
f000_d3             =  0.00000e+00
f000_d2             =  0.00000e+00
f000_d1             =  0.00000e+00
f000_d0             =  3.30000e+00
f000_complete       =  3.30000e+00
f000_invalid        =  0.00000e+00
f000_timeout        =  0.00000e+00
f000_sampled        =  1.28342e+00
f000_input          =  1.28285e+00
f000_tcomplete      =  3.75501e-07
f001_d7             =  3.30000e+00
f001_d6             =  3.30000e+00
f001_d5             =  3.30000e+00
f001_d4             =  3.30000e+00
f001_d3             =  0.00000e+00
f001_d2             =  0.00000e+00
f001_d1             =  0.00000e+00
f001_d0             =  4.56932e-297
f001_complete       =  3.30000e+00
f001_invalid        =  0.00000e+00
f001_timeout        =  0.00000e+00
f001_sampled        =  1.48549e+00
f001_input          =  1.48485e+00
f001_tcomplete      =  8.75483e-07
f002_d7             =  3.30000e+00
f002_d6             =  3.30000e+00
f002_d5             =  5.08793e-297
f002_d4             =  5.08793e-297
f002_d3             =  3.30000e+00
f002_d2             =  3.30000e+00
f002_d1             =  0.00000e+00
f002_d0             =  3.30000e+00
f002_complete       =  3.30000e+00
f002_invalid        =  0.00000e+00
f002_timeout        =  0.00000e+00
f002_sampled        =  1.01266e+00
f002_input          =  1.01279e+00
f002_tcomplete      =  1.37550e-06
f003_d7             =  3.30000e+00
f003_d6             =  5.25857e-297
f003_d5             =  4.08882e-312
f003_d4             =  4.08882e-312
f003_d3             =  5.25857e-297
f003_d2             =  3.30000e+00
f003_d1             =  3.30000e+00
f003_d0             =  5.25857e-297
f003_complete       =  3.30000e+00
f003_invalid        =  0.00000e+00
f003_timeout        =  0.00000e+00
f003_sampled        =  8.25813e-02
f003_input          =  8.10686e-02
f003_tcomplete      =  1.87551e-06
f004_d7             =  4.94739e-297
f004_d6             =  4.08882e-312
f004_d5             =  3.30000e+00
f004_d4             =  3.30000e+00
f004_d3             =  3.30000e+00
f004_d2             =  3.30000e+00
f004_d1             =  4.94739e-297
f004_d0             =  3.30000e+00
f004_complete       =  3.30000e+00
f004_invalid        =  0.00000e+00
f004_timeout        =  0.00000e+00
f004_sampled        =  -8.88513e-01
f004_input          =  -8.87650e-01
f004_tcomplete      =  2.37550e-06
f005_d7             =  4.08882e-312
f005_d6             =  4.08882e-312
f005_d5             =  4.46506e-297
f005_d4             =  3.30000e+00
f005_d3             =  4.46506e-297
f005_d2             =  4.46506e-297
f005_d1             =  3.30000e+00
f005_d0             =  4.46506e-297
f005_complete       =  3.30000e+00
f005_invalid        =  0.00000e+00
f005_timeout        =  0.00000e+00
f005_sampled        =  -1.45188e+00
f005_input          =  -1.45330e+00
f005_tcomplete      =  2.87548e-06
f006_d7             =  4.08882e-312
f006_d6             =  4.08882e-312
f006_d5             =  4.08882e-312
f006_d4             =  3.30000e+00
f006_d3             =  3.30000e+00
f006_d2             =  4.08882e-312
f006_d1             =  3.30000e+00
f006_d0             =  4.08882e-312
f006_complete       =  3.30000e+00
f006_invalid        =  0.00000e+00
f006_timeout        =  0.00000e+00
f006_sampled        =  -1.35792e+00
f006_input          =  -1.35906e+00
f006_tcomplete      =  3.37550e-06
f007_d7             =  4.08882e-312
f007_d6             =  3.30000e+00
f007_d5             =  4.08882e-312
f007_d4             =  5.13956e-297
f007_d3             =  3.30000e+00
f007_d2             =  3.30000e+00
f007_d1             =  3.30000e+00
f007_d0             =  3.30000e+00
f007_complete       =  3.30000e+00
f007_invalid        =  0.00000e+00
f007_timeout        =  0.00000e+00
f007_sampled        =  -6.48849e-01
f007_input          =  -6.48013e-01
f007_tcomplete      =  3.87550e-06
f008_d7             =  3.30000e+00
f008_d6             =  4.47482e-297
f008_d5             =  4.08882e-312
f008_d4             =  3.30000e+00
f008_d3             =  3.30000e+00
f008_d2             =  4.47482e-297
f008_d1             =  3.30000e+00
f008_d0             =  3.30000e+00
f008_complete       =  3.30000e+00
f008_invalid        =  0.00000e+00
f008_timeout        =  0.00000e+00
f008_sampled        =  3.58867e-01
f008_input          =  3.57372e-01
f008_tcomplete      =  4.37548e-06
f009_d7             =  3.30000e+00
f009_d6             =  3.30000e+00
f009_d5             =  4.08882e-312
f009_d4             =  3.30000e+00
f009_d3             =  3.30000e+00
f009_d2             =  4.08882e-312
f009_d1             =  3.30000e+00
f009_d0             =  5.31839e-297
f009_complete       =  3.30000e+00
f009_invalid        =  0.00000e+00
f009_timeout        =  0.00000e+00
f009_sampled        =  1.19831e+00
f009_input          =  1.20052e+00
f009_tcomplete      =  4.87551e-06
f010_d7             =  3.30000e+00
f010_d6             =  3.30000e+00
f010_d5             =  3.30000e+00
f010_d4             =  3.30000e+00
f010_d3             =  4.58761e-297
f010_d2             =  4.08882e-312
f010_d1             =  4.58761e-297
f010_d0             =  3.30000e+00
f010_complete       =  3.30000e+00
f010_invalid        =  0.00000e+00
f010_timeout        =  0.00000e+00
f010_sampled        =  1.49737e+00
f010_input          =  1.49842e+00
f010_tcomplete      =  5.37548e-06
f011_d7             =  3.30000e+00
f011_d6             =  3.30000e+00
f011_d5             =  5.04362e-297
f011_d4             =  3.30000e+00
f011_d3             =  4.08882e-312
f011_d2             =  3.30000e+00
f011_d1             =  4.08882e-312
f011_d0             =  5.04362e-297
f011_complete       =  3.30000e+00
f011_invalid        =  0.00000e+00
f011_timeout        =  0.00000e+00
f011_sampled        =  1.11609e+00
f011_input          =  1.11628e+00
f011_tcomplete      =  5.87550e-06
f012_d7             =  3.30000e+00
f012_d6             =  5.23844e-297
f012_d5             =  4.08882e-312
f012_d4             =  3.30000e+00
f012_d3             =  4.08882e-312
f012_d2             =  5.23844e-297
f012_d1             =  4.08882e-312
f012_d0             =  3.30000e+00
f012_complete       =  3.30000e+00
f012_invalid        =  0.00000e+00
f012_timeout        =  0.00000e+00
f012_sampled        =  2.26510e-01
f012_input          =  2.27412e-01
f012_tcomplete      =  6.37551e-06
f013_d7             =  5.31113e-297
f013_d6             =  3.30000e+00
f013_d5             =  4.08882e-312
f013_d4             =  5.31113e-297
f013_d3             =  4.08882e-312
f013_d2             =  3.30000e+00
f013_d1             =  3.30000e+00
f013_d0             =  5.31113e-297
f013_complete       =  3.30000e+00
f013_invalid        =  0.00000e+00
f013_timeout        =  0.00000e+00
f013_sampled        =  -7.63695e-01
f013_input          =  -7.64755e-01
f013_tcomplete      =  6.87551e-06
f014_d7             =  4.08882e-312
f014_d6             =  5.05562e-297
f014_d5             =  4.08882e-312
f014_d4             =  3.30000e+00
f014_d3             =  4.08882e-312
f014_d2             =  3.30000e+00
f014_d1             =  3.30000e+00
f014_d0             =  4.08882e-312
f014_complete       =  3.30000e+00
f014_invalid        =  0.00000e+00
f014_timeout        =  0.00000e+00
f014_sampled        =  -1.41019e+00
f014_input          =  -1.40974e+00
f014_tcomplete      =  7.37550e-06
f015_d7             =  4.08882e-312
f015_d6             =  4.08882e-312
f015_d5             =  4.08882e-312
f015_d4             =  3.30000e+00
f015_d3             =  4.08882e-312
f015_d2             =  3.30000e+00
f015_d1             =  3.30000e+00
f015_d0             =  4.08882e-312
f015_complete       =  3.30000e+00
f015_invalid        =  0.00000e+00
f015_timeout        =  0.00000e+00
f015_sampled        =  -1.41441e+00
f015_input          =  -1.41470e+00
f015_tcomplete      =  7.87550e-06
f016_d7             =  4.08882e-312
f016_d6             =  3.30000e+00
f016_d5             =  4.08882e-312
f016_d4             =  5.19875e-297
f016_d3             =  4.08882e-312
f016_d2             =  3.30000e+00
f016_d1             =  5.19875e-297
f016_d0             =  3.30000e+00
f016_complete       =  3.30000e+00
f016_invalid        =  0.00000e+00
f016_timeout        =  0.00000e+00
f016_sampled        =  -7.76452e-01
f016_input          =  -7.77491e-01
f016_tcomplete      =  8.37550e-06
f017_d7             =  3.30000e+00
f017_d6             =  4.47739e-297
f017_d5             =  4.08882e-312
f017_d4             =  3.30000e+00
f017_d3             =  4.08882e-312
f017_d2             =  4.47739e-297
f017_d1             =  4.08882e-312
f017_d0             =  4.47739e-297
f017_complete       =  3.30000e+00
f017_invalid        =  0.00000e+00
f017_timeout        =  0.00000e+00
f017_sampled        =  2.11998e-01
f017_input          =  2.12874e-01
f017_tcomplete      =  8.87548e-06
f018_d7             =  3.30000e+00
f018_d6             =  3.30000e+00
f018_d5             =  4.08882e-312
f018_d4             =  3.30000e+00
f018_d3             =  4.08882e-312
f018_d2             =  3.30000e+00
f018_d1             =  4.08882e-312
f018_d0             =  4.08882e-312
f018_complete       =  3.30000e+00
f018_invalid        =  0.00000e+00
f018_timeout        =  0.00000e+00
f018_sampled        =  1.10426e+00
f018_input          =  1.10655e+00
f018_tcomplete      =  9.37550e-06
f019_d7             =  3.30000e+00
f019_d6             =  3.30000e+00
f019_d5             =  3.30000e+00
f019_d4             =  3.30000e+00
f019_d3             =  4.08882e-312
f019_d2             =  4.55830e-297
f019_d1             =  4.08882e-312
f019_d0             =  3.30000e+00
f019_complete       =  3.30000e+00
f019_invalid        =  0.00000e+00
f019_timeout        =  0.00000e+00
f019_sampled        =  1.49950e+00
f019_input          =  1.49780e+00
f019_tcomplete      =  9.87548e-06
f020_d7             =  3.30000e+00
f020_d6             =  3.30000e+00
f020_d5             =  5.17146e-297
f020_d4             =  3.30000e+00
f020_d3             =  3.30000e+00
f020_d2             =  4.08882e-312
f020_d1             =  3.30000e+00
f020_d0             =  3.30000e+00
f020_complete       =  3.30000e+00
f020_invalid        =  0.00000e+00
f020_timeout        =  0.00000e+00
f020_sampled        =  1.20894e+00
f020_input          =  1.20909e+00
f020_tcomplete      =  1.03755e-05
f021_d7             =  3.30000e+00
f021_d6             =  5.26150e-297
f021_d5             =  4.08882e-312
f021_d4             =  3.30000e+00
f021_d3             =  3.30000e+00
f021_d2             =  3.30000e+00
f021_d1             =  5.26150e-297
f021_d0             =  5.26150e-297
f021_complete       =  3.30000e+00
f021_invalid        =  0.00000e+00
f021_timeout        =  0.00000e+00
f021_sampled        =  3.70304e-01
f021_input          =  3.71635e-01
f021_tcomplete      =  1.08755e-05
f022_d7             =  5.30478e-297
f022_d6             =  3.30000e+00
f022_d5             =  4.08882e-312
f022_d4             =  3.30000e+00
f022_d3             =  5.30478e-297
f022_d2             =  5.30478e-297
f022_d1             =  4.08882e-312
f022_d0             =  4.08882e-312
f022_complete       =  3.30000e+00
f022_invalid        =  0.00000e+00
f022_timeout        =  0.00000e+00
f022_sampled        =  -6.38458e-01
f022_input          =  -6.34681e-01
f022_tcomplete      =  1.13755e-05
f023_d7             =  4.08882e-312
f023_d6             =  5.16011e-297
f023_d5             =  4.08882e-312
f023_d4             =  3.30000e+00
f023_d3             =  3.30000e+00
f023_d2             =  4.08882e-312
f023_d1             =  3.30000e+00
f023_d0             =  4.08882e-312
f023_complete       =  3.30000e+00
f023_invalid        =  0.00000e+00
f023_timeout        =  0.00000e+00
f023_sampled        =  -1.35297e+00
f023_input          =  -1.35276e+00
f023_tcomplete      =  1.18755e-05
f024_d7             =  4.08882e-312
f024_d6             =  4.08882e-312
f024_d5             =  4.08882e-312
f024_d4             =  3.30000e+00
f024_d3             =  4.73314e-297
f024_d2             =  4.08882e-312
f024_d1             =  3.30000e+00
f024_d0             =  4.08882e-312
f024_complete       =  3.30000e+00
f024_invalid        =  0.00000e+00
f024_timeout        =  0.00000e+00
f024_sampled        =  -1.45603e+00
f024_input          =  -1.45681e+00
f024_tcomplete      =  1.23755e-05
f025_d7             =  4.08882e-312
f025_d6             =  4.08882e-312
f025_d5             =  3.30000e+00
f025_d4             =  3.30000e+00
f025_d3             =  3.30000e+00
f025_d2             =  3.30000e+00
f025_d1             =  4.77025e-297
f025_d0             =  4.08882e-312
f025_complete       =  3.30000e+00
f025_invalid        =  0.00000e+00
f025_timeout        =  0.00000e+00
f025_sampled        =  -8.99035e-01
f025_input          =  -8.99346e-01
f025_tcomplete      =  1.28755e-05
f026_d7             =  3.30000e+00
f026_d6             =  4.08882e-312
f026_d5             =  5.24289e-297
f026_d4             =  5.24289e-297
f026_d3             =  5.24289e-297
f026_d2             =  3.30000e+00
f026_d1             =  4.08882e-312
f026_d0             =  3.30000e+00
f026_complete       =  3.30000e+00
f026_invalid        =  0.00000e+00
f026_timeout        =  0.00000e+00
f026_sampled        =  6.36345e-02
f026_input          =  6.63405e-02
f026_tcomplete      =  1.33755e-05
f027_d7             =  3.30000e+00
f027_d6             =  3.30000e+00
f027_d5             =  4.08882e-312
f027_d4             =  4.08882e-312
f027_d3             =  3.30000e+00
f027_d2             =  3.30000e+00
f027_d1             =  4.08882e-312
f027_d0             =  5.30198e-297
f027_complete       =  3.30000e+00
f027_invalid        =  0.00000e+00
f027_timeout        =  0.00000e+00
f027_sampled        =  1.00265e+00
f027_input          =  1.00182e+00
f027_tcomplete      =  1.38755e-05
f028_d7             =  3.30000e+00
f028_d6             =  3.30000e+00
f028_d5             =  3.30000e+00
f028_d4             =  3.30000e+00
f028_d3             =  4.49672e-297
f028_d2             =  4.49672e-297
f028_d1             =  4.08882e-312
f028_d0             =  4.08882e-312
f028_complete       =  3.30000e+00
f028_invalid        =  0.00000e+00
f028_timeout        =  0.00000e+00
f028_sampled        =  1.48116e+00
f028_input          =  1.48258e+00
f028_tcomplete      =  1.43755e-05
f029_d7             =  3.30000e+00
f029_d6             =  3.30000e+00
f029_d5             =  3.30000e+00
f029_d4             =  5.10862e-297
f029_d3             =  4.08882e-312
f029_d2             =  4.08882e-312
f029_d1             =  4.08882e-312
f029_d0             =  3.30000e+00
f029_complete       =  3.30000e+00
f029_invalid        =  0.00000e+00
f029_timeout        =  0.00000e+00
f029_sampled        =  1.28843e+00
f029_input          =  1.29028e+00
f029_tcomplete      =  1.48755e-05
f030_d7             =  3.30000e+00
f030_d6             =  4.52713e-297
f030_d5             =  3.30000e+00
f030_d4             =  4.08882e-312
f030_d3             =  4.08882e-312
f030_d2             =  3.30000e+00
f030_d1             =  3.30000e+00
f030_d0             =  3.30000e+00
f030_complete       =  3.30000e+00
f030_invalid        =  0.00000e+00
f030_timeout        =  0.00000e+00
f030_sampled        =  5.13079e-01
f030_input          =  5.12255e-01
f030_tcomplete      =  1.53755e-05
f031_d7             =  4.53096e-297
f031_d6             =  3.30000e+00
f031_d5             =  4.53096e-297
f031_d4             =  3.30000e+00
f031_d3             =  3.30000e+00
f031_d2             =  4.53096e-297
f031_d1             =  3.30000e+00
f031_d0             =  4.53096e-297
f031_complete       =  3.30000e+00
f031_invalid        =  0.00000e+00
f031_timeout        =  0.00000e+00
f031_sampled        =  -4.97296e-01
f031_input          =  -4.98434e-01
f031_tcomplete      =  1.58755e-05
f032_d7             =  4.08882e-312
f032_d6             =  5.13251e-297
f032_d5             =  3.30000e+00
f032_d4             =  5.13251e-297
f032_d3             =  5.13251e-297
f032_d2             =  4.08882e-312
f032_d1             =  5.13251e-297
f032_d0             =  4.08882e-312
f032_complete       =  3.30000e+00
f032_invalid        =  0.00000e+00
f032_timeout        =  0.00000e+00
f032_sampled        =  -1.28495e+00
f032_input          =  -1.28278e+00
f032_tcomplete      =  1.63755e-05
f033_d7             =  4.08882e-312
f033_d6             =  4.08882e-312
f033_d5             =  5.31148e-297
f033_d4             =  3.30000e+00
f033_d3             =  4.08882e-312
f033_d2             =  4.08882e-312
f033_d1             =  4.08882e-312
f033_d0             =  4.08882e-312
f033_complete       =  3.30000e+00
f033_invalid        =  0.00000e+00
f033_timeout        =  0.00000e+00
f033_sampled        =  -1.48440e+00
f033_input          =  -1.48483e+00
f033_tcomplete      =  1.68755e-05
f034_d7             =  4.08882e-312
f034_d6             =  4.08882e-312
f034_d5             =  3.30000e+00
f034_d4             =  3.30000e+00
f034_d3             =  4.08882e-312
f034_d2             =  3.30000e+00
f034_d1             =  4.08882e-312
f034_d0             =  4.08882e-312
f034_complete       =  3.30000e+00
f034_invalid        =  0.00000e+00
f034_timeout        =  0.00000e+00
f034_sampled        =  -1.01156e+00
f034_input          =  -1.01271e+00
f034_tcomplete      =  1.73755e-05
f035_d7             =  4.08882e-312
f035_d6             =  3.30000e+00
f035_d5             =  3.30000e+00
f035_d4             =  3.30000e+00
f035_d3             =  3.30000e+00
f035_d2             =  4.52016e-297
f035_d1             =  3.30000e+00
f035_d0             =  4.08882e-312
f035_complete       =  3.30000e+00
f035_invalid        =  0.00000e+00
f035_timeout        =  0.00000e+00
f035_sampled        =  -8.15242e-02
f035_input          =  -8.09303e-02
f035_tcomplete      =  1.78755e-05
f036_d7             =  3.30000e+00
f036_d6             =  3.30000e+00
f036_d5             =  5.00629e-297
f036_d4             =  5.00629e-297
f036_d3             =  5.00629e-297
f036_d2             =  4.08882e-312
f036_d1             =  3.30000e+00
f036_d0             =  3.30000e+00
f036_complete       =  3.30000e+00
f036_invalid        =  0.00000e+00
f036_timeout        =  0.00000e+00
f036_sampled        =  8.86306e-01
f036_input          =  8.87678e-01
f036_tcomplete      =  1.83755e-05
f037_d7             =  3.30000e+00
f037_d6             =  3.30000e+00
f037_d5             =  3.30000e+00
f037_d4             =  4.08882e-312
f037_d3             =  3.30000e+00
f037_d2             =  3.30000e+00
f037_d1             =  3.30000e+00
f037_d0             =  5.17860e-297
f037_complete       =  3.30000e+00
f037_invalid        =  0.00000e+00
f037_timeout        =  0.00000e+00
f037_sampled        =  1.45226e+00
f037_input          =  1.45330e+00
f037_tcomplete      =  1.88755e-05
f038_d7             =  3.30000e+00
f038_d6             =  3.30000e+00
f038_d5             =  3.30000e+00
f038_d4             =  4.08882e-312
f038_d3             =  4.52529e-297
f038_d2             =  3.30000e+00
f038_d1             =  3.30000e+00
f038_d0             =  3.30000e+00
f038_complete       =  3.30000e+00
f038_invalid        =  0.00000e+00
f038_timeout        =  0.00000e+00
f038_sampled        =  1.35904e+00
f038_input          =  1.35916e+00
f038_tcomplete      =  1.93755e-05
f039_d7             =  3.30000e+00
f039_d6             =  4.52845e-297
f039_d5             =  3.30000e+00
f039_d4             =  3.30000e+00
f039_d3             =  4.08882e-312
f039_d2             =  4.52845e-297
f039_d1             =  4.52845e-297
f039_d0             =  3.30000e+00
f039_complete       =  3.30000e+00
f039_invalid        =  0.00000e+00
f039_timeout        =  0.00000e+00
f039_sampled        =  6.45449e-01
f039_input          =  6.48018e-01
f039_tcomplete      =  1.98755e-05
f040_d7             =  4.58738e-297
f040_d6             =  3.30000e+00
f040_d5             =  3.30000e+00
f040_d4             =  4.58738e-297
f040_d3             =  4.08882e-312
f040_d2             =  3.30000e+00
f040_d1             =  4.08882e-312
f040_d0             =  3.30000e+00
f040_complete       =  3.30000e+00
f040_invalid        =  0.00000e+00
f040_timeout        =  0.00000e+00
f040_sampled        =  -3.59119e-01
f040_input          =  -3.57279e-01
f040_tcomplete      =  2.03755e-05
f041_d7             =  4.08882e-312
f041_d6             =  5.33981e-297
f041_d5             =  3.30000e+00
f041_d4             =  4.08882e-312
f041_d3             =  4.08882e-312
f041_d2             =  3.30000e+00
f041_d1             =  3.30000e+00
f041_d0             =  5.33981e-297
f041_complete       =  3.30000e+00
f041_invalid        =  0.00000e+00
f041_timeout        =  0.00000e+00
f041_sampled        =  -1.19977e+00
f041_input          =  -1.20042e+00
f041_tcomplete      =  2.08755e-05
f042_d7             =  4.08882e-312
f042_d6             =  4.08882e-312
f042_d5             =  5.40856e-297
f042_d4             =  4.08882e-312
f042_d3             =  3.30000e+00
f042_d2             =  3.30000e+00
f042_d1             =  3.30000e+00
f042_d0             =  3.30000e+00
f042_complete       =  3.30000e+00
f042_invalid        =  0.00000e+00
f042_timeout        =  0.00000e+00
f042_sampled        =  -1.49845e+00
f042_input          =  -1.49849e+00
f042_tcomplete      =  2.13755e-05
f043_d7             =  4.08882e-312
f043_d6             =  4.08882e-312
f043_d5             =  3.30000e+00
f043_d4             =  4.08882e-312
f043_d3             =  3.30000e+00
f043_d2             =  3.30000e+00
f043_d1             =  5.07649e-297
f043_d0             =  5.07649e-297
f043_complete       =  3.30000e+00
f043_invalid        =  0.00000e+00
f043_timeout        =  0.00000e+00
f043_sampled        =  -1.11620e+00
f043_input          =  -1.11642e+00
f043_tcomplete      =  2.18755e-05
f044_d7             =  4.08882e-312
f044_d6             =  3.30000e+00
f044_d5             =  3.30000e+00
f044_d4             =  4.08882e-312
f044_d3             =  3.30000e+00
f044_d2             =  3.30000e+00
f044_d1             =  3.30000e+00
f044_d0             =  3.30000e+00
f044_complete       =  3.30000e+00
f044_invalid        =  0.00000e+00
f044_timeout        =  0.00000e+00
f044_sampled        =  -2.27763e-01
f044_input          =  -2.27298e-01
f044_tcomplete      =  2.23755e-05
f045_d7             =  3.30000e+00
f045_d6             =  4.99672e-297
f045_d5             =  3.30000e+00
f045_d4             =  3.30000e+00
f045_d3             =  3.30000e+00
f045_d2             =  4.99672e-297
f045_d1             =  3.30000e+00
f045_d0             =  4.99672e-297
f045_complete       =  3.30000e+00
f045_invalid        =  0.00000e+00
f045_timeout        =  0.00000e+00
f045_sampled        =  7.64679e-01
f045_input          =  7.64840e-01
f045_tcomplete      =  2.28755e-05
f046_d7             =  3.30000e+00
f046_d6             =  3.30000e+00
f046_d5             =  3.30000e+00
f046_d4             =  5.00664e-297
f046_d3             =  3.30000e+00
f046_d2             =  4.08882e-312
f046_d1             =  3.30000e+00
f046_d0             =  4.08882e-312
f046_complete       =  3.30000e+00
f046_invalid        =  0.00000e+00
f046_timeout        =  0.00000e+00
f046_sampled        =  1.41010e+00
f046_input          =  1.40983e+00
f046_tcomplete      =  2.33755e-05
f047_d7             =  3.30000e+00
f047_d6             =  3.30000e+00
f047_d5             =  3.30000e+00
f047_d4             =  4.08882e-312
f047_d3             =  3.30000e+00
f047_d2             =  4.08882e-312
f047_d1             =  3.30000e+00
f047_d0             =  3.30000e+00
f047_complete       =  3.30000e+00
f047_invalid        =  0.00000e+00
f047_timeout        =  0.00000e+00
f047_sampled        =  1.41357e+00
f047_input          =  1.41479e+00
f047_tcomplete      =  2.38755e-05
f048_d7             =  3.30000e+00
f048_d6             =  5.09240e-297
f048_d5             =  3.30000e+00
f048_d4             =  3.30000e+00
f048_d3             =  3.30000e+00
f048_d2             =  4.08882e-312
f048_d1             =  3.30000e+00
f048_d0             =  3.30000e+00
f048_complete       =  3.30000e+00
f048_invalid        =  0.00000e+00
f048_timeout        =  0.00000e+00
f048_sampled        =  7.74550e-01
f048_input          =  7.77411e-01
f048_tcomplete      =  2.43755e-05
f049_d7             =  5.25418e-297
f049_d6             =  3.30000e+00
f049_d5             =  3.30000e+00
f049_d4             =  3.30000e+00
f049_d3             =  5.25418e-297
f049_d2             =  4.08882e-312
f049_d1             =  5.25418e-297
f049_d0             =  5.25418e-297
f049_complete       =  3.30000e+00
f049_invalid        =  0.00000e+00
f049_timeout        =  0.00000e+00
f049_sampled        =  -2.09370e-01
f049_input          =  -2.12735e-01
f049_tcomplete      =  2.48755e-05
f050_d7             =  4.08882e-312
f050_d6             =  5.09764e-297
f050_d5             =  3.30000e+00
f050_d4             =  5.09764e-297
f050_d3             =  3.30000e+00
f050_d2             =  3.30000e+00
f050_d1             =  4.08882e-312
f050_d0             =  4.08882e-312
f050_complete       =  3.30000e+00
f050_invalid        =  0.00000e+00
f050_timeout        =  0.00000e+00
f050_sampled        =  -1.10871e+00
f050_input          =  -1.10645e+00
f050_tcomplete      =  2.53755e-05
f051_d7             =  4.08882e-312
f051_d6             =  4.08882e-312
f051_d5             =  5.20437e-297
f051_d4             =  4.08882e-312
f051_d3             =  3.30000e+00
f051_d2             =  3.30000e+00
f051_d1             =  3.30000e+00
f051_d0             =  3.30000e+00
f051_complete       =  3.30000e+00
f051_invalid        =  0.00000e+00
f051_timeout        =  0.00000e+00
f051_sampled        =  -1.49679e+00
f051_input          =  -1.49780e+00
f051_tcomplete      =  2.58755e-05
f052_d7             =  4.08882e-312
f052_d6             =  4.08882e-312
f052_d5             =  3.30000e+00
f052_d4             =  4.08882e-312
f052_d3             =  4.49942e-297
f052_d2             =  3.30000e+00
f052_d1             =  4.49942e-297
f052_d0             =  3.30000e+00
f052_complete       =  3.30000e+00
f052_invalid        =  0.00000e+00
f052_timeout        =  0.00000e+00
f052_sampled        =  -1.21121e+00
f052_input          =  -1.20920e+00
f052_tcomplete      =  2.63755e-05
f053_d7             =  4.08882e-312
f053_d6             =  3.30000e+00
f053_d5             =  3.30000e+00
f053_d4             =  4.08882e-312
f053_d3             =  4.08882e-312
f053_d2             =  3.30000e+00
f053_d1             =  4.08882e-312
f053_d0             =  4.50982e-297
f053_complete       =  3.30000e+00
f053_invalid        =  0.00000e+00
f053_timeout        =  0.00000e+00
f053_sampled        =  -3.72411e-01
f053_input          =  -3.71600e-01
f053_tcomplete      =  2.68755e-05
f054_d7             =  3.30000e+00
f054_d6             =  5.26104e-297
f054_d5             =  3.30000e+00
f054_d4             =  3.30000e+00
f054_d3             =  4.08882e-312
f054_d2             =  5.26104e-297
f054_d1             =  4.08882e-312
f054_d0             =  4.08882e-312
f054_complete       =  3.30000e+00
f054_invalid        =  0.00000e+00
f054_timeout        =  0.00000e+00
f054_sampled        =  6.38614e-01
f054_input          =  6.34565e-01
f054_tcomplete      =  2.73755e-05
f055_d7             =  3.30000e+00
f055_d6             =  3.30000e+00
f055_d5             =  3.30000e+00
f055_d4             =  4.59961e-297
f055_d3             =  4.08882e-312
f055_d2             =  3.30000e+00
f055_d1             =  3.30000e+00
f055_d0             =  4.08882e-312
f055_complete       =  3.30000e+00
f055_invalid        =  0.00000e+00
f055_timeout        =  0.00000e+00
f055_sampled        =  1.35296e+00
f055_input          =  1.35278e+00
f055_tcomplete      =  2.78755e-05
f056_d7             =  3.30000e+00
f056_d6             =  3.30000e+00
f056_d5             =  3.30000e+00
f056_d4             =  4.08882e-312
f056_d3             =  3.30000e+00
f056_d2             =  3.30000e+00
f056_d1             =  3.30000e+00
f056_d0             =  4.08882e-312
f056_complete       =  3.30000e+00
f056_invalid        =  0.00000e+00
f056_timeout        =  0.00000e+00
f056_sampled        =  1.45691e+00
f056_input          =  1.45696e+00
f056_tcomplete      =  2.83755e-05
f057_d7             =  3.30000e+00
f057_d6             =  3.30000e+00
f057_d5             =  5.16242e-297
f057_d4             =  4.08882e-312
f057_d3             =  5.16242e-297
f057_d2             =  3.30000e+00
f057_d1             =  5.16242e-297
f057_d0             =  4.08882e-312
f057_complete       =  3.30000e+00
f057_invalid        =  0.00000e+00
f057_timeout        =  0.00000e+00
f057_sampled        =  8.98163e-01
f057_input          =  8.99483e-01
f057_tcomplete      =  2.88755e-05
f058_d7             =  5.28280e-297
f058_d6             =  3.30000e+00
f058_d5             =  3.30000e+00
f058_d4             =  3.30000e+00
f058_d3             =  3.30000e+00
f058_d2             =  5.28280e-297
f058_d1             =  3.30000e+00
f058_d0             =  3.30000e+00
f058_complete       =  3.30000e+00
f058_invalid        =  0.00000e+00
f058_timeout        =  0.00000e+00
f058_sampled        =  -6.70890e-02
f058_input          =  -6.61842e-02
f058_tcomplete      =  2.93755e-05
f059_d7             =  4.08882e-312
f059_d6             =  5.13960e-297
f059_d5             =  3.30000e+00
f059_d4             =  3.30000e+00
f059_d3             =  5.13960e-297
f059_d2             =  3.30000e+00
f059_d1             =  5.13960e-297
f059_d0             =  5.13960e-297
f059_complete       =  3.30000e+00
f059_invalid        =  0.00000e+00
f059_timeout        =  0.00000e+00
f059_sampled        =  -1.00230e+00
f059_input          =  -1.00180e+00
f059_tcomplete      =  2.98755e-05
f060_d7             =  4.08882e-312
f060_d6             =  4.08882e-312
f060_d5             =  5.47945e-297
f060_d4             =  3.30000e+00
f060_d3             =  4.08882e-312
f060_d2             =  5.47945e-297
f060_d1             =  4.08882e-312
f060_d0             =  4.08882e-312
f060_complete       =  3.30000e+00
f060_invalid        =  0.00000e+00
f060_timeout        =  0.00000e+00
f060_sampled        =  -1.48315e+00
f060_input          =  -1.48275e+00
f060_tcomplete      =  3.03755e-05
f061_d7             =  4.08882e-312
f061_d6             =  4.08882e-312
f061_d5             =  4.08882e-312
f061_d4             =  3.30000e+00
f061_d3             =  3.30000e+00
f061_d2             =  3.30000e+00
f061_d1             =  3.30000e+00
f061_d0             =  3.30000e+00
f061_complete       =  3.30000e+00
f061_invalid        =  0.00000e+00
f061_timeout        =  0.00000e+00
f061_sampled        =  -1.29307e+00
f061_input          =  -1.29033e+00
f061_tcomplete      =  3.08755e-05
f062_d7             =  4.08882e-312
f062_d6             =  3.30000e+00
f062_d5             =  4.08882e-312
f062_d4             =  3.30000e+00
f062_d3             =  3.30000e+00
f062_d2             =  5.23484e-297
f062_d1             =  5.23484e-297
f062_d0             =  3.30000e+00
f062_complete       =  3.30000e+00
f062_invalid        =  0.00000e+00
f062_timeout        =  0.00000e+00
f062_sampled        =  -5.11365e-01
f062_input          =  -5.12314e-01
f062_tcomplete      =  3.13755e-05
f063_d7             =  3.30000e+00
f063_d6             =  4.65916e-297
f063_d5             =  3.30000e+00
f063_d4             =  4.65916e-297
f063_d3             =  4.65916e-297
f063_d2             =  3.30000e+00
f063_d1             =  3.30000e+00
f063_d0             =  4.65916e-297
f063_complete       =  3.30000e+00
f063_invalid        =  0.00000e+00
f063_timeout        =  0.00000e+00
f063_sampled        =  4.96747e-01
f063_input          =  4.98439e-01
f063_tcomplete      =  3.18755e-05
f064_d7             =  3.30000e+00
f064_d6             =  3.30000e+00
f064_d5             =  3.30000e+00
f064_d4             =  4.08882e-312
f064_d3             =  4.08882e-312
f064_d2             =  5.09393e-297
f064_d1             =  5.09393e-297
f064_d0             =  3.30000e+00
f064_complete       =  3.30000e+00
f064_invalid        =  0.00000e+00
f064_timeout        =  0.00000e+00
f064_sampled        =  1.28245e+00
f064_input          =  1.28271e+00
f064_tcomplete      =  3.23755e-05
f065_d7             =  3.30000e+00
f065_d6             =  3.30000e+00
f065_d5             =  3.30000e+00
f065_d4             =  3.30000e+00
f065_d3             =  4.08882e-312
f065_d2             =  4.08882e-312
f065_d1             =  4.08882e-312
f065_d0             =  4.56500e-297
f065_complete       =  3.30000e+00
f065_invalid        =  0.00000e+00
f065_timeout        =  0.00000e+00
f065_sampled        =  1.48351e+00
f065_input          =  1.48477e+00
f065_tcomplete      =  3.28755e-05
f066_d7             =  3.30000e+00
f066_d6             =  3.30000e+00
f066_d5             =  5.18133e-297
f066_d4             =  5.18133e-297
f066_d3             =  3.30000e+00
f066_d2             =  3.30000e+00
f066_d1             =  4.08882e-312
f066_d0             =  4.08882e-312
f066_complete       =  3.30000e+00
f066_invalid        =  0.00000e+00
f066_timeout        =  0.00000e+00
f066_sampled        =  1.01141e+00
f066_input          =  1.01276e+00
f066_tcomplete      =  3.33755e-05
f067_d7             =  3.30000e+00
f067_d6             =  5.25312e-297
f067_d5             =  4.08882e-312
f067_d4             =  4.08882e-312
f067_d3             =  5.25312e-297
f067_d2             =  3.30000e+00
f067_d1             =  3.30000e+00
f067_d0             =  4.08882e-312
f067_complete       =  3.30000e+00
f067_invalid        =  0.00000e+00
f067_timeout        =  0.00000e+00
f067_sampled        =  7.96079e-02
f067_input          =  8.09520e-02
f067_tcomplete      =  3.38755e-05
p_f000_cmp7_p0      =  -3.09240e-06
p_f000_cmp7_n0      =  -3.20978e-06
p_f000_cmp7_p5      =  3.30000e+00
p_f000_cmp7_n5      =  -1.88034e-06
p_f000_cmp6_p0      =  -8.45892e-06
p_f000_cmp6_n0      =  -8.41624e-06
p_f000_cmp6_p5      =  3.30000e+00
p_f000_cmp6_n5      =  -2.14206e-06
p_f000_cmp5_p0      =  -3.28952e-06
p_f000_cmp5_n0      =  -3.40903e-06
p_f000_cmp5_p5      =  3.30000e+00
p_f000_cmp5_n5      =  -1.77820e-06
p_f000_cmp4_p0      =  -3.19205e-06
p_f000_cmp4_n0      =  -3.31008e-06
p_f000_cmp4_p5      =  -1.68507e-06
p_f000_cmp4_n5      =  3.30000e+00
p_f000_cmp3_p0      =  -8.39547e-06
p_f000_cmp3_n0      =  -8.37094e-06
p_f000_cmp3_p5      =  -1.99198e-06
p_f000_cmp3_n5      =  3.30000e+00
p_f000_cmp2_p0      =  -8.39560e-06
p_f000_cmp2_n0      =  -8.36870e-06
p_f000_cmp2_p5      =  -1.98631e-06
p_f000_cmp2_n5      =  3.30000e+00
p_f000_cmp1_p0      =  -3.17716e-06
p_f000_cmp1_n0      =  -3.29586e-06
p_f000_cmp1_p5      =  -1.67339e-06
p_f000_cmp1_n5      =  3.30000e+00
p_f000_cmp0_p0      =  -8.43860e-06
p_f000_cmp0_n0      =  -8.40385e-06
p_f000_cmp0_p5      =  3.30000e+00
p_f000_cmp0_n5      =  -2.09995e-06
p_f000_dctrl7_p     =  3.30001e+00
p_f000_dctrl7_n     =  3.49125e-01
p_f000_dctrl6_p     =  3.26640e+00
p_f000_dctrl6_n     =  2.90107e-06
p_f000_dctrl5_p     =  3.29964e+00
p_f000_dctrl5_n     =  -1.69140e-06
p_f000_dctrl4_p     =  -1.30794e-07
p_f000_dctrl4_n     =  3.29999e+00
p_f000_dctrl3_p     =  -2.80997e-08
p_f000_dctrl3_n     =  3.30000e+00
p_f000_dctrl2_p     =  -1.38284e-08
p_f000_dctrl2_n     =  3.30000e+00
p_f000_dctrl1_p     =  -6.67571e-09
p_f000_dctrl1_n     =  3.30000e+00
p_f000_do7_drv_470  =  3.30000e+00
p_f000_do7_rx_470   =  3.30000e+00
p_f000_do6_drv_470  =  3.30000e+00
p_f000_do6_rx_470   =  3.30000e+00
p_f000_do5_drv_470  =  3.30000e+00
p_f000_do5_rx_470   =  3.30000e+00
p_f000_do4_drv_470  =  0.00000e+00
p_f000_do4_rx_470   =  0.00000e+00
p_f000_do3_drv_470  =  0.00000e+00
p_f000_do3_rx_470   =  0.00000e+00
p_f000_do2_drv_470  =  0.00000e+00
p_f000_do2_rx_470   =  0.00000e+00
p_f000_do1_drv_470  =  0.00000e+00
p_f000_do1_rx_470   =  0.00000e+00
p_f000_do0_drv_470  =  3.30000e+00
p_f000_do0_rx_470   =  3.30000e+00
p_f000_do7_drv_480  =  3.30000e+00
p_f000_do7_rx_480   =  3.30000e+00
p_f000_do6_drv_480  =  3.30000e+00
p_f000_do6_rx_480   =  3.30000e+00
p_f000_do5_drv_480  =  3.30000e+00
p_f000_do5_rx_480   =  3.30000e+00
p_f000_do4_drv_480  =  0.00000e+00
p_f000_do4_rx_480   =  0.00000e+00
p_f000_do3_drv_480  =  0.00000e+00
p_f000_do3_rx_480   =  0.00000e+00
p_f000_do2_drv_480  =  0.00000e+00
p_f000_do2_rx_480   =  0.00000e+00
p_f000_do1_drv_480  =  0.00000e+00
p_f000_do1_rx_480   =  0.00000e+00
p_f000_do0_drv_480  =  3.30000e+00
p_f000_do0_rx_480   =  3.30000e+00
p_f001_cmp7_p0      =  -2.58523e-06
p_f001_cmp7_n0      =  -2.68723e-06
p_f001_cmp7_p5      =  3.30000e+00
p_f001_cmp7_n5      =  -1.83269e-06
p_f001_cmp6_p0      =  -7.70927e-06
p_f001_cmp6_n0      =  -7.76068e-06
p_f001_cmp6_p5      =  3.30000e+00
p_f001_cmp6_n5      =  -2.07566e-06
p_f001_cmp5_p0      =  -2.68898e-06
p_f001_cmp5_n0      =  -2.79294e-06
p_f001_cmp5_p5      =  3.30000e+00
p_f001_cmp5_n5      =  -1.72581e-06
p_f001_cmp4_p0      =  -2.66426e-06
p_f001_cmp4_n0      =  -2.76811e-06
p_f001_cmp4_p5      =  3.30000e+00
p_f001_cmp4_n5      =  -1.71040e-06
p_f001_cmp3_p0      =  -7.63717e-06
p_f001_cmp3_n0      =  -7.70137e-06
p_f001_cmp3_p5      =  -1.92518e-06
p_f001_cmp3_n5      =  3.30000e+00
p_f001_cmp2_p0      =  -7.63610e-06
p_f001_cmp2_n0      =  -7.69930e-06
p_f001_cmp2_p5      =  -1.92171e-06
p_f001_cmp2_n5      =  3.30000e+00
p_f001_cmp1_p0      =  -2.65484e-06
p_f001_cmp1_n0      =  -2.75739e-06
p_f001_cmp1_p5      =  -1.62040e-06
p_f001_cmp1_n5      =  3.30000e+00
p_f001_cmp0_p0      =  -7.67757e-06
p_f001_cmp0_n0      =  -7.73412e-06
p_f001_cmp0_p5      =  -1.91824e-06
p_f001_cmp0_n5      =  3.30000e+00
p_f001_dctrl7_p     =  3.30001e+00
p_f001_dctrl7_n     =  3.48131e-01
p_f001_dctrl6_p     =  3.26657e+00
p_f001_dctrl6_n     =  3.26351e-06
p_f001_dctrl5_p     =  3.29965e+00
p_f001_dctrl5_n     =  -1.48007e-06
p_f001_dctrl4_p     =  3.29999e+00
p_f001_dctrl4_n     =  -1.43296e-07
p_f001_dctrl3_p     =  -2.76777e-08
p_f001_dctrl3_n     =  3.30000e+00
p_f001_dctrl2_p     =  -1.36100e-08
p_f001_dctrl2_n     =  3.30000e+00
p_f001_dctrl1_p     =  -6.54232e-09
p_f001_dctrl1_n     =  3.30000e+00
p_f001_do7_drv_470  =  3.30000e+00
p_f001_do7_rx_470   =  3.30000e+00
p_f001_do6_drv_470  =  3.30000e+00
p_f001_do6_rx_470   =  3.30000e+00
p_f001_do5_drv_470  =  3.30000e+00
p_f001_do5_rx_470   =  3.30000e+00
p_f001_do4_drv_470  =  3.30000e+00
p_f001_do4_rx_470   =  3.30000e+00
p_f001_do3_drv_470  =  0.00000e+00
p_f001_do3_rx_470   =  0.00000e+00
p_f001_do2_drv_470  =  0.00000e+00
p_f001_do2_rx_470   =  0.00000e+00
p_f001_do1_drv_470  =  0.00000e+00
p_f001_do1_rx_470   =  0.00000e+00
p_f001_do0_drv_470  =  0.00000e+00
p_f001_do0_rx_470   =  1.30147e-268
p_f001_do7_drv_480  =  3.30000e+00
p_f001_do7_rx_480   =  3.30000e+00
p_f001_do6_drv_480  =  3.30000e+00
p_f001_do6_rx_480   =  3.30000e+00
p_f001_do5_drv_480  =  3.30000e+00
p_f001_do5_rx_480   =  3.30000e+00
p_f001_do4_drv_480  =  3.30000e+00
p_f001_do4_rx_480   =  3.30000e+00
p_f001_do3_drv_480  =  0.00000e+00
p_f001_do3_rx_480   =  0.00000e+00
p_f001_do2_drv_480  =  0.00000e+00
p_f001_do2_rx_480   =  0.00000e+00
p_f001_do1_drv_480  =  0.00000e+00
p_f001_do1_rx_480   =  0.00000e+00
p_f001_do0_drv_480  =  0.00000e+00
p_f001_do0_rx_480   =  4.56932e-297
p_f002_cmp7_p0      =  -3.08886e-06
p_f002_cmp7_n0      =  -3.20635e-06
p_f002_cmp7_p5      =  3.30000e+00
p_f002_cmp7_n5      =  -1.87388e-06
p_f002_cmp6_p0      =  -8.45249e-06
p_f002_cmp6_n0      =  -8.41194e-06
p_f002_cmp6_p5      =  3.30000e+00
p_f002_cmp6_n5      =  -2.13924e-06
p_f002_cmp5_p0      =  -3.20603e-06
p_f002_cmp5_n0      =  -3.32443e-06
p_f002_cmp5_p5      =  -1.68897e-06
p_f002_cmp5_n5      =  3.30000e+00
p_f002_cmp4_p0      =  -3.18560e-06
p_f002_cmp4_n0      =  -3.30421e-06
p_f002_cmp4_p5      =  -1.67887e-06
p_f002_cmp4_n5      =  3.30000e+00
p_f002_cmp3_p0      =  -7.78873e-06
p_f002_cmp3_n0      =  -7.72966e-06
p_f002_cmp3_p5      =  3.30000e+00
p_f002_cmp3_n5      =  -2.11473e-06
p_f002_cmp2_p0      =  -8.39671e-06
p_f002_cmp2_n0      =  -8.36679e-06
p_f002_cmp2_p5      =  3.30000e+00
p_f002_cmp2_n5      =  -2.09798e-06
p_f002_cmp1_p0      =  -3.17722e-06
p_f002_cmp1_n0      =  -3.29588e-06
p_f002_cmp1_p5      =  -1.67386e-06
p_f002_cmp1_n5      =  3.30000e+00
p_f002_cmp0_p0      =  -8.54488e-06
p_f002_cmp0_n0      =  -8.51305e-06
p_f002_cmp0_p5      =  3.30000e+00
p_f002_cmp0_n5      =  -2.08942e-06
p_f002_dctrl7_p     =  3.30001e+00
p_f002_dctrl7_n     =  3.49123e-01
p_f002_dctrl6_p     =  3.26640e+00
p_f002_dctrl6_n     =  2.22360e-06
p_f002_dctrl5_p     =  -1.06027e-06
p_f002_dctrl5_n     =  3.29964e+00
p_f002_dctrl4_p     =  -1.46492e-07
p_f002_dctrl4_n     =  3.29999e+00
p_f002_dctrl3_p     =  3.30000e+00
p_f002_dctrl3_n     =  -2.82569e-08
p_f002_dctrl2_p     =  3.30000e+00
p_f002_dctrl2_n     =  -1.41760e-08
p_f002_dctrl1_p     =  -6.62262e-09
p_f002_dctrl1_n     =  3.30000e+00
p_f002_do7_drv_470  =  3.30000e+00
p_f002_do7_rx_470   =  3.30000e+00
p_f002_do6_drv_470  =  3.30000e+00
p_f002_do6_rx_470   =  3.30000e+00
p_f002_do5_drv_470  =  0.00000e+00
p_f002_do5_rx_470   =  1.44919e-268
p_f002_do4_drv_470  =  0.00000e+00
p_f002_do4_rx_470   =  1.44919e-268
p_f002_do3_drv_470  =  3.30000e+00
p_f002_do3_rx_470   =  3.30000e+00
p_f002_do2_drv_470  =  3.30000e+00
p_f002_do2_rx_470   =  3.30000e+00
p_f002_do1_drv_470  =  0.00000e+00
p_f002_do1_rx_470   =  0.00000e+00
p_f002_do0_drv_470  =  3.30000e+00
p_f002_do0_rx_470   =  3.30000e+00
p_f002_do7_drv_480  =  3.30000e+00
p_f002_do7_rx_480   =  3.30000e+00
p_f002_do6_drv_480  =  3.30000e+00
p_f002_do6_rx_480   =  3.30000e+00
p_f002_do5_drv_480  =  0.00000e+00
p_f002_do5_rx_480   =  5.08793e-297
p_f002_do4_drv_480  =  0.00000e+00
p_f002_do4_rx_480   =  5.08793e-297
p_f002_do3_drv_480  =  3.30000e+00
p_f002_do3_rx_480   =  3.30000e+00
p_f002_do2_drv_480  =  3.30000e+00
p_f002_do2_rx_480   =  3.30000e+00
p_f002_do1_drv_480  =  0.00000e+00
p_f002_do1_rx_480   =  0.00000e+00
p_f002_do0_drv_480  =  3.30000e+00
p_f002_do0_rx_480   =  3.30000e+00
p_f003_cmp7_p0      =  -3.20119e-06
p_f003_cmp7_n0      =  -3.32233e-06
p_f003_cmp7_p5      =  3.30000e+00
p_f003_cmp7_n5      =  -1.88226e-06
p_f003_cmp6_p0      =  -8.66347e-06
p_f003_cmp6_n0      =  -8.61468e-06
p_f003_cmp6_p5      =  -2.05510e-06
p_f003_cmp6_n5      =  3.30000e+00
p_f003_cmp5_p0      =  -3.55051e-06
p_f003_cmp5_n0      =  -3.67076e-06
p_f003_cmp5_p5      =  -1.71203e-06
p_f003_cmp5_n5      =  3.30000e+00
p_f003_cmp4_p0      =  -3.33345e-06
p_f003_cmp4_n0      =  -3.45553e-06
p_f003_cmp4_p5      =  -1.69848e-06
p_f003_cmp4_n5      =  3.30000e+00
p_f003_cmp3_p0      =  -8.60682e-06
p_f003_cmp3_n0      =  -8.55397e-06
p_f003_cmp3_p5      =  -2.00383e-06
p_f003_cmp3_n5      =  3.30000e+00
p_f003_cmp2_p0      =  -8.60917e-06
p_f003_cmp2_n0      =  -8.55210e-06
p_f003_cmp2_p5      =  3.30000e+00
p_f003_cmp2_n5      =  -2.12217e-06
p_f003_cmp1_p0      =  -3.32206e-06
p_f003_cmp1_n0      =  -3.44562e-06
p_f003_cmp1_p5      =  3.30000e+00
p_f003_cmp1_n5      =  -1.78782e-06
p_f003_cmp0_p0      =  -8.64942e-06
p_f003_cmp0_n0      =  -8.59047e-06
p_f003_cmp0_p5      =  -2.00121e-06
p_f003_cmp0_n5      =  3.30000e+00
p_f003_dctrl7_p     =  3.30001e+00
p_f003_dctrl7_n     =  3.49395e-01
p_f003_dctrl6_p     =  3.04375e-05
p_f003_dctrl6_n     =  3.26633e+00
p_f003_dctrl5_p     =  -1.15094e-06
p_f003_dctrl5_n     =  3.29964e+00
p_f003_dctrl4_p     =  -1.35000e-07
p_f003_dctrl4_n     =  3.29999e+00
p_f003_dctrl3_p     =  -3.02948e-08
p_f003_dctrl3_n     =  3.30000e+00
p_f003_dctrl2_p     =  3.30000e+00
p_f003_dctrl2_n     =  -1.39366e-08
p_f003_dctrl1_p     =  3.30000e+00
p_f003_dctrl1_n     =  -6.63441e-09
p_f003_do7_drv_470  =  3.30000e+00
p_f003_do7_rx_470   =  3.30000e+00
p_f003_do6_drv_470  =  0.00000e+00
p_f003_do6_rx_470   =  1.49779e-268
p_f003_do5_drv_470  =  0.00000e+00
p_f003_do5_rx_470   =  4.08882e-312
p_f003_do4_drv_470  =  0.00000e+00
p_f003_do4_rx_470   =  4.08882e-312
p_f003_do3_drv_470  =  0.00000e+00
p_f003_do3_rx_470   =  1.49779e-268
p_f003_do2_drv_470  =  3.30000e+00
p_f003_do2_rx_470   =  3.30000e+00
p_f003_do1_drv_470  =  3.30000e+00
p_f003_do1_rx_470   =  3.30000e+00
p_f003_do0_drv_470  =  0.00000e+00
p_f003_do0_rx_470   =  1.49779e-268
p_f003_do7_drv_480  =  3.30000e+00
p_f003_do7_rx_480   =  3.30000e+00
p_f003_do6_drv_480  =  0.00000e+00
p_f003_do6_rx_480   =  5.25857e-297
p_f003_do5_drv_480  =  0.00000e+00
p_f003_do5_rx_480   =  4.08882e-312
p_f003_do4_drv_480  =  0.00000e+00
p_f003_do4_rx_480   =  4.08882e-312
p_f003_do3_drv_480  =  0.00000e+00
p_f003_do3_rx_480   =  5.25857e-297
p_f003_do2_drv_480  =  3.30000e+00
p_f003_do2_rx_480   =  3.30000e+00
p_f003_do1_drv_480  =  3.30000e+00
p_f003_do1_rx_480   =  3.30000e+00
p_f003_do0_drv_480  =  0.00000e+00
p_f003_do0_rx_480   =  5.25857e-297
p_f064_cmp7_p0      =  -3.20890e-06
p_f064_cmp7_n0      =  -3.32980e-06
p_f064_cmp7_p5      =  3.30000e+00
p_f064_cmp7_n5      =  -1.89518e-06
p_f064_cmp6_p0      =  -8.62666e-06
p_f064_cmp6_n0      =  -8.56306e-06
p_f064_cmp6_p5      =  3.30000e+00
p_f064_cmp6_n5      =  -2.15815e-06
p_f064_cmp5_p0      =  -3.10827e-06
p_f064_cmp5_n0      =  -3.22518e-06
p_f064_cmp5_p5      =  3.30000e+00
p_f064_cmp5_n5      =  -1.76920e-06
p_f064_cmp4_p0      =  -3.30727e-06
p_f064_cmp4_n0      =  -3.42870e-06
p_f064_cmp4_p5      =  -1.69788e-06
p_f064_cmp4_n5      =  3.30000e+00
p_f064_cmp3_p0      =  -8.22698e-06
p_f064_cmp3_n0      =  -8.22224e-06
p_f064_cmp3_p5      =  -1.97677e-06
p_f064_cmp3_n5      =  3.30000e+00
p_f064_cmp2_p0      =  -8.56444e-06
p_f064_cmp2_n0      =  -8.51743e-06
p_f064_cmp2_p5      =  -2.00324e-06
p_f064_cmp2_n5      =  3.30000e+00
p_f064_cmp1_p0      =  -3.14811e-06
p_f064_cmp1_n0      =  -3.26596e-06
p_f064_cmp1_p5      =  -1.66896e-06
p_f064_cmp1_n5      =  3.30000e+00
p_f064_cmp0_p0      =  -8.22730e-06
p_f064_cmp0_n0      =  -8.21767e-06
p_f064_cmp0_p5      =  3.30000e+00
p_f064_cmp0_n5      =  -2.07674e-06
p_f064_dctrl7_p     =  3.30001e+00
p_f064_dctrl7_n     =  3.49123e-01
p_f064_dctrl6_p     =  3.26637e+00
p_f064_dctrl6_n     =  2.89690e-06
p_f064_dctrl5_p     =  3.29964e+00
p_f064_dctrl5_n     =  -1.69234e-06
p_f064_dctrl4_p     =  -1.30390e-07
p_f064_dctrl4_n     =  3.29999e+00
p_f064_dctrl3_p     =  -2.81529e-08
p_f064_dctrl3_n     =  3.30000e+00
p_f064_dctrl2_p     =  -1.38726e-08
p_f064_dctrl2_n     =  3.30000e+00
p_f064_dctrl1_p     =  -6.66094e-09
p_f064_dctrl1_n     =  3.30000e+00
p_f064_do7_drv_470  =  3.30000e+00
p_f064_do7_rx_470   =  3.30000e+00
p_f064_do6_drv_470  =  3.30000e+00
p_f064_do6_rx_470   =  3.30000e+00
p_f064_do5_drv_470  =  3.30000e+00
p_f064_do5_rx_470   =  3.30000e+00
p_f064_do4_drv_470  =  0.00000e+00
p_f064_do4_rx_470   =  4.08882e-312
p_f064_do3_drv_470  =  0.00000e+00
p_f064_do3_rx_470   =  4.08882e-312
p_f064_do2_drv_470  =  0.00000e+00
p_f064_do2_rx_470   =  1.45090e-268
p_f064_do1_drv_470  =  0.00000e+00
p_f064_do1_rx_470   =  1.45090e-268
p_f064_do0_drv_470  =  3.30000e+00
p_f064_do0_rx_470   =  3.30000e+00
p_f064_do7_drv_480  =  3.30000e+00
p_f064_do7_rx_480   =  3.30000e+00
p_f064_do6_drv_480  =  3.30000e+00
p_f064_do6_rx_480   =  3.30000e+00
p_f064_do5_drv_480  =  3.30000e+00
p_f064_do5_rx_480   =  3.30000e+00
p_f064_do4_drv_480  =  0.00000e+00
p_f064_do4_rx_480   =  4.08882e-312
p_f064_do3_drv_480  =  0.00000e+00
p_f064_do3_rx_480   =  4.08882e-312
p_f064_do2_drv_480  =  0.00000e+00
p_f064_do2_rx_480   =  5.09393e-297
p_f064_do1_drv_480  =  0.00000e+00
p_f064_do1_rx_480   =  5.09393e-297
p_f064_do0_drv_480  =  3.30000e+00
p_f064_do0_rx_480   =  3.30000e+00
p_f065_cmp7_p0      =  -2.70062e-06
p_f065_cmp7_n0      =  -2.80611e-06
p_f065_cmp7_p5      =  3.30000e+00
p_f065_cmp7_n5      =  -1.84651e-06
p_f065_cmp6_p0      =  -7.87674e-06
p_f065_cmp6_n0      =  -7.90717e-06
p_f065_cmp6_p5      =  3.30000e+00
p_f065_cmp6_n5      =  -2.09175e-06
p_f065_cmp5_p0      =  -2.60317e-06
p_f065_cmp5_n0      =  -2.70450e-06
p_f065_cmp5_p5      =  3.30000e+00
p_f065_cmp5_n5      =  -1.71645e-06
p_f065_cmp4_p0      =  -2.77986e-06
p_f065_cmp4_n0      =  -2.88716e-06
p_f065_cmp4_p5      =  3.30000e+00
p_f065_cmp4_n5      =  -1.72615e-06
p_f065_cmp3_p0      =  -7.46868e-06
p_f065_cmp3_n0      =  -7.55255e-06
p_f065_cmp3_p5      =  -1.91086e-06
p_f065_cmp3_n5      =  3.30000e+00
p_f065_cmp2_p0      =  -7.80480e-06
p_f065_cmp2_n0      =  -7.84822e-06
p_f065_cmp2_p5      =  -1.93668e-06
p_f065_cmp2_n5      =  3.30000e+00
p_f065_cmp1_p0      =  -2.62581e-06
p_f065_cmp1_n0      =  -2.72749e-06
p_f065_cmp1_p5      =  -1.61743e-06
p_f065_cmp1_n5      =  3.30000e+00
p_f065_cmp0_p0      =  -7.46631e-06
p_f065_cmp0_n0      =  -7.54790e-06
p_f065_cmp0_p5      =  -1.93634e-06
p_f065_cmp0_n5      =  3.30000e+00
p_f065_dctrl7_p     =  3.30001e+00
p_f065_dctrl7_n     =  3.48131e-01
p_f065_dctrl6_p     =  3.26654e+00
p_f065_dctrl6_n     =  3.26572e-06
p_f065_dctrl5_p     =  3.29965e+00
p_f065_dctrl5_n     =  -1.47711e-06
p_f065_dctrl4_p     =  3.29999e+00
p_f065_dctrl4_n     =  -1.43646e-07
p_f065_dctrl3_p     =  -2.76591e-08
p_f065_dctrl3_n     =  3.30000e+00
p_f065_dctrl2_p     =  -1.35736e-08
p_f065_dctrl2_n     =  3.30000e+00
p_f065_dctrl1_p     =  -6.55254e-09
p_f065_dctrl1_n     =  3.30000e+00
p_f065_do7_drv_470  =  3.30000e+00
p_f065_do7_rx_470   =  3.30000e+00
p_f065_do6_drv_470  =  3.30000e+00
p_f065_do6_rx_470   =  3.30000e+00
p_f065_do5_drv_470  =  3.30000e+00
p_f065_do5_rx_470   =  3.30000e+00
p_f065_do4_drv_470  =  3.30000e+00
p_f065_do4_rx_470   =  3.30000e+00
p_f065_do3_drv_470  =  0.00000e+00
p_f065_do3_rx_470   =  4.08882e-312
p_f065_do2_drv_470  =  0.00000e+00
p_f065_do2_rx_470   =  4.08882e-312
p_f065_do1_drv_470  =  0.00000e+00
p_f065_do1_rx_470   =  4.08882e-312
p_f065_do0_drv_470  =  0.00000e+00
p_f065_do0_rx_470   =  1.30024e-268
p_f065_do7_drv_480  =  3.30000e+00
p_f065_do7_rx_480   =  3.30000e+00
p_f065_do6_drv_480  =  3.30000e+00
p_f065_do6_rx_480   =  3.30000e+00
p_f065_do5_drv_480  =  3.30000e+00
p_f065_do5_rx_480   =  3.30000e+00
p_f065_do4_drv_480  =  3.30000e+00
p_f065_do4_rx_480   =  3.30000e+00
p_f065_do3_drv_480  =  0.00000e+00
p_f065_do3_rx_480   =  4.08882e-312
p_f065_do2_drv_480  =  0.00000e+00
p_f065_do2_rx_480   =  4.08882e-312
p_f065_do1_drv_480  =  0.00000e+00
p_f065_do1_rx_480   =  4.08882e-312
p_f065_do0_drv_480  =  0.00000e+00
p_f065_do0_rx_480   =  4.56500e-297
p_f066_cmp7_p0      =  -3.20529e-06
p_f066_cmp7_n0      =  -3.32626e-06
p_f066_cmp7_p5      =  3.30000e+00
p_f066_cmp7_n5      =  -1.88828e-06
p_f066_cmp6_p0      =  -8.62043e-06
p_f066_cmp6_n0      =  -8.55916e-06
p_f066_cmp6_p5      =  3.30000e+00
p_f066_cmp6_n5      =  -2.15586e-06
p_f066_cmp5_p0      =  -3.12027e-06
p_f066_cmp5_n0      =  -3.23614e-06
p_f066_cmp5_p5      =  -1.67900e-06
p_f066_cmp5_n5      =  3.30000e+00
p_f066_cmp4_p0      =  -3.30127e-06
p_f066_cmp4_n0      =  -3.42295e-06
p_f066_cmp4_p5      =  -1.69162e-06
p_f066_cmp4_n5      =  3.30000e+00
p_f066_cmp3_p0      =  -8.22997e-06
p_f066_cmp3_n0      =  -8.21786e-06
p_f066_cmp3_p5      =  3.30000e+00
p_f066_cmp3_n5      =  -2.09003e-06
p_f066_cmp2_p0      =  -8.56573e-06
p_f066_cmp2_n0      =  -8.51556e-06
p_f066_cmp2_p5      =  3.30000e+00
p_f066_cmp2_n5      =  -2.11540e-06
p_f066_cmp1_p0      =  -3.14843e-06
p_f066_cmp1_n0      =  -3.26576e-06
p_f066_cmp1_p5      =  -1.67029e-06
p_f066_cmp1_n5      =  3.30000e+00
p_f066_cmp0_p0      =  -7.96821e-06
p_f066_cmp0_n0      =  -7.95223e-06
p_f066_cmp0_p5      =  -1.96440e-06
p_f066_cmp0_n5      =  3.30000e+00
p_f066_dctrl7_p     =  3.30001e+00
p_f066_dctrl7_n     =  3.49123e-01
p_f066_dctrl6_p     =  3.26637e+00
p_f066_dctrl6_n     =  2.22765e-06
p_f066_dctrl5_p     =  -1.06155e-06
p_f066_dctrl5_n     =  3.29964e+00
p_f066_dctrl4_p     =  -1.47205e-07
p_f066_dctrl4_n     =  3.29999e+00
p_f066_dctrl3_p     =  3.30000e+00
p_f066_dctrl3_n     =  -2.80602e-08
p_f066_dctrl2_p     =  3.30000e+00
p_f066_dctrl2_n     =  -1.42111e-08
p_f066_dctrl1_p     =  -6.60567e-09
p_f066_dctrl1_n     =  3.30000e+00
p_f066_do7_drv_470  =  3.30000e+00
p_f066_do7_rx_470   =  3.30000e+00
p_f066_do6_drv_470  =  3.30000e+00
p_f066_do6_rx_470   =  3.30000e+00
p_f066_do5_drv_470  =  0.00000e+00
p_f066_do5_rx_470   =  1.47579e-268
p_f066_do4_drv_470  =  0.00000e+00
p_f066_do4_rx_470   =  1.47579e-268
p_f066_do3_drv_470  =  3.30000e+00
p_f066_do3_rx_470   =  3.30000e+00
p_f066_do2_drv_470  =  3.30000e+00
p_f066_do2_rx_470   =  3.30000e+00
p_f066_do1_drv_470  =  0.00000e+00
p_f066_do1_rx_470   =  4.08882e-312
p_f066_do0_drv_470  =  0.00000e+00
p_f066_do0_rx_470   =  4.08882e-312
p_f066_do7_drv_480  =  3.30000e+00
p_f066_do7_rx_480   =  3.30000e+00
p_f066_do6_drv_480  =  3.30000e+00
p_f066_do6_rx_480   =  3.30000e+00
p_f066_do5_drv_480  =  0.00000e+00
p_f066_do5_rx_480   =  5.18133e-297
p_f066_do4_drv_480  =  0.00000e+00
p_f066_do4_rx_480   =  5.18133e-297
p_f066_do3_drv_480  =  3.30000e+00
p_f066_do3_rx_480   =  3.30000e+00
p_f066_do2_drv_480  =  3.30000e+00
p_f066_do2_rx_480   =  3.30000e+00
p_f066_do1_drv_480  =  0.00000e+00
p_f066_do1_rx_480   =  4.08882e-312
p_f066_do0_drv_480  =  0.00000e+00
p_f066_do0_rx_480   =  4.08882e-312
p_f067_cmp7_p0      =  -3.32001e-06
p_f067_cmp7_n0      =  -3.44466e-06
p_f067_cmp7_p5      =  3.30000e+00
p_f067_cmp7_n5      =  -1.89735e-06
p_f067_cmp6_p0      =  -8.82995e-06
p_f067_cmp6_n0      =  -8.76182e-06
p_f067_cmp6_p5      =  -2.07102e-06
p_f067_cmp6_n5      =  3.30000e+00
p_f067_cmp5_p0      =  -3.30825e-06
p_f067_cmp5_n0      =  -3.43042e-06
p_f067_cmp5_p5      =  -1.69644e-06
p_f067_cmp5_n5      =  3.30000e+00
p_f067_cmp4_p0      =  -3.44892e-06
p_f067_cmp4_n0      =  -3.57440e-06
p_f067_cmp4_p5      =  -1.71132e-06
p_f067_cmp4_n5      =  3.30000e+00
p_f067_cmp3_p0      =  -8.43797e-06
p_f067_cmp3_n0      =  -8.40537e-06
p_f067_cmp3_p5      =  -1.98985e-06
p_f067_cmp3_n5      =  3.30000e+00
p_f067_cmp2_p0      =  -8.77825e-06
p_f067_cmp2_n0      =  -8.70073e-06
p_f067_cmp2_p5      =  3.30000e+00
p_f067_cmp2_n5      =  -2.14026e-06
p_f067_cmp1_p0      =  -3.29302e-06
p_f067_cmp1_n0      =  -3.41571e-06
p_f067_cmp1_p5      =  3.30000e+00
p_f067_cmp1_n5      =  -1.78407e-06
p_f067_cmp0_p0      =  -9.71288e-06
p_f067_cmp0_n0      =  -9.73024e-06
p_f067_cmp0_p5      =  -1.98009e-06
p_f067_cmp0_n5      =  3.30000e+00
p_f067_dctrl7_p     =  3.30001e+00
p_f067_dctrl7_n     =  3.49395e-01
p_f067_dctrl6_p     =  3.04724e-05
p_f067_dctrl6_n     =  3.26630e+00
p_f067_dctrl5_p     =  -1.14977e-06
p_f067_dctrl5_n     =  3.29964e+00
p_f067_dctrl4_p     =  -1.34706e-07
p_f067_dctrl4_n     =  3.29999e+00
p_f067_dctrl3_p     =  -3.03675e-08
p_f067_dctrl3_n     =  3.30000e+00
p_f067_dctrl2_p     =  3.30000e+00
p_f067_dctrl2_n     =  -1.39255e-08
p_f067_dctrl1_p     =  3.30000e+00
p_f067_dctrl1_n     =  -6.65637e-09
p_f067_do7_drv_470  =  3.30000e+00
p_f067_do7_rx_470   =  3.30000e+00
p_f067_do6_drv_470  =  0.00000e+00
p_f067_do6_rx_470   =  1.49624e-268
p_f067_do5_drv_470  =  0.00000e+00
p_f067_do5_rx_470   =  4.08882e-312
p_f067_do4_drv_470  =  0.00000e+00
p_f067_do4_rx_470   =  4.08882e-312
p_f067_do3_drv_470  =  0.00000e+00
p_f067_do3_rx_470   =  1.49624e-268
p_f067_do2_drv_470  =  3.30000e+00
p_f067_do2_rx_470   =  3.30000e+00
p_f067_do1_drv_470  =  3.30000e+00
p_f067_do1_rx_470   =  3.30000e+00
p_f067_do0_drv_470  =  0.00000e+00
p_f067_do0_rx_470   =  4.08882e-312
p_f067_do7_drv_480  =  3.30000e+00
p_f067_do7_rx_480   =  3.30000e+00
p_f067_do6_drv_480  =  0.00000e+00
p_f067_do6_rx_480   =  5.25312e-297
p_f067_do5_drv_480  =  0.00000e+00
p_f067_do5_rx_480   =  4.08882e-312
p_f067_do4_drv_480  =  0.00000e+00
p_f067_do4_rx_480   =  4.08882e-312
p_f067_do3_drv_480  =  0.00000e+00
p_f067_do3_rx_480   =  5.25312e-297
p_f067_do2_drv_480  =  3.30000e+00
p_f067_do2_rx_480   =  3.30000e+00
p_f067_do1_drv_480  =  3.30000e+00
p_f067_do1_rx_480   =  3.30000e+00
p_f067_do0_drv_480  =  0.00000e+00
p_f067_do0_rx_480   =  4.08882e-312
ngspice-46 done
