
Note: Compatibility modes selected: hs a

Warning: m=xx on .subckt line will override multiplier m hierarchy!


Circuit: * a44 actual analog core with fixed tt timed behavioral sar control.

Reducing trtol to 1 for xspice 'A' devices
Doing analysis at TEMP = 27.000000 and TNOM = 27.000000

Using SPARSE 1.3 as Direct Linear Solver

Initial Transient Solution
--------------------------

Node                                   Voltage
----                                   -------
vdd                                        3.3
vrefp_src                                  2.5
vrefp                                      2.5
vrefp_cap                                  2.5
vrefn_src                                  0.8
vrefn                                      0.8
vrefn_cap                                  0.8
vinp_src                               2.29141
vinn_src                               1.00859
vinp                                   2.29141
vinn                                   1.00859
clks_src                                     0
clks                                         0
cmp_noise                          0.000191706
xcore.xcdacp.vbot1                         2.5
dctrlp1                                      0
xcore.vresp_raw                    0.000782421
xcore.xcdacp.vbot2                         2.5
dctrlp2                                      0
xcore.xcdacp.vbot3                         2.5
dctrlp3                                      0
xcore.xcdacp.vbot4                         2.5
dctrlp4                                      0
xcore.xcdacp.vbot5                         2.5
dctrlp5                                      0
xcore.xcdacp.vbot6                         2.5
dctrlp6                                      0
xcore.xcdacp.vbot7                         2.5
dctrlp7                                      0
xcore.xcdacp.x1.clksb                      3.3
xcore.xcdacp.x1.net2                1.6762e-10
xcore.xcdacp.x1.net1                       3.3
xcore.xcdacp.x1.bottom_gate        6.14513e-09
xcore.xcdacp.x1.net4               3.06824e-09
xcore.xcdacp.x1.net3                       3.3
xcore.xcdacn.vbot1                         2.5
dctrln1                                      0
xcore.vresn_raw                    0.000583441
xcore.xcdacn.vbot2                         2.5
dctrln2                                      0
xcore.xcdacn.vbot3                         2.5
dctrln3                                      0
xcore.xcdacn.vbot4                         2.5
dctrln4                                      0
xcore.xcdacn.vbot5                         2.5
dctrln5                                      0
xcore.xcdacn.vbot6                         2.5
dctrln6                                      0
xcore.xcdacn.vbot7                         2.5
dctrln7                                      0
xcore.xcdacn.x1.clksb                      3.3
xcore.xcdacn.x1.net2               1.48653e-10
xcore.xcdacn.x1.net1                       3.3
xcore.xcdacn.x1.bottom_gate        6.13463e-09
xcore.xcdacn.x1.net4               3.08158e-09
xcore.xcdacn.x1.net3                       3.3
vresp                              0.000878274
vresn                              0.000487588
xcore.xcmp.net1                      0.0231505
cmpck                                        0
xcore.xcmp.xp                              3.3
xcore.xcmp.xn                              3.3
xcore.xcmp.ln                              3.3
xcore.xcmp.lp                              3.3
dcmpn                              3.66114e-09
dcmpp                              3.63838e-09
sampled_diff                       0.000390686
input_diff                             1.28283
cmpck_drv                                    0
dctrlp7_drv                                  0
dctrlp6_drv                                  0
dctrlp5_drv                                  0
dctrlp4_drv                                  0
dctrlp3_drv                                  0
dctrlp2_drv                                  0
dctrlp1_drv                                  0
dctrln7_drv                                  0
dctrln6_drv                                  0
dctrln5_drv                                  0
dctrln4_drv                                  0
dctrln3_drv                                  0
dctrln2_drv                                  0
dctrln1_drv                                  0
dout7_drv                                    0
dout6_drv                                    0
dout5_drv                                    0
dout4_drv                                    0
dout3_drv                                    0
dout2_drv                                    0
dout1_drv                                    0
dout0_drv                                    0
eoc                                          0
invalid0                                     0
timeout0                                     0
complete                                     0
dout7_rx                                     0
dout6_rx                                     0
dout5_rx                                     0
dout4_rx                                     0
dout3_rx                                     0
dout2_rx                                     0
dout1_rx                                     0
dout0_rx                                     0
e_input_diff#branch               -1.28283e-10
e_sample_diff#branch              -3.90686e-14
e.xcore.e_cmp_noise_n#branch      -4.87588e-14
e.xcore.e_cmp_noise_p#branch      -8.78274e-14
vcmp_noise#branch                 -1.91706e-14
vclks_id#branch                              0
vvinn_id#branch                   -4.15734e-10
vvinp_id#branch                   -9.44356e-10
vvrefn_id#branch                  -1.76652e-09
vvrefp_id#branch                  -1.52072e-08
vvdd#branch                       -1.77535e-08
a_status#branch_1_0                          0
a_status#branch_1_1                          0
a_status#branch_1_2                          0
a_status#branch_1_3                          0
a_dout#branch_1_0                            0
a_dout#branch_1_1                            0
a_dout#branch_1_2                            0
a_dout#branch_1_3                            0
a_dout#branch_1_4                            0
a_dout#branch_1_5                            0
a_dout#branch_1_6                            0
a_dout#branch_1_7                            0
a_dctrln#branch_1_0                          0
a_dctrln#branch_1_1                          0
a_dctrln#branch_1_2                          0
a_dctrln#branch_1_3                          0
a_dctrln#branch_1_4                          0
a_dctrln#branch_1_5                          0
a_dctrln#branch_1_6                          0
a_dctrlp#branch_1_0                          0
a_dctrlp#branch_1_1                          0
a_dctrlp#branch_1_2                          0
a_dctrlp#branch_1_3                          0
a_dctrlp#branch_1_4                          0
a_dctrlp#branch_1_5                          0
a_dctrlp#branch_1_6                          0
a_cmpck#branch_1_0                           0


Instance: abeh   Message: WARNING: output scheduled with impossible delay (-4.01e-12) at 5.01e-12/0.

Instance: abeh   Message: XSPICE time is behind vtime:
XSPICE 2.0051957314538e-07
Cosim  2.00548e-07

Instance: abeh   Message: XSPICE time is behind vtime:
XSPICE 7.00517614431428e-07
Cosim  7.00551e-07

Instance: abeh   Message: XSPICE time is behind vtime:
XSPICE 1.200538912010583e-06
Cosim  1.200553e-06

Instance: abeh   Message: XSPICE time is behind vtime:
XSPICE 2.200532809072104e-06
Cosim  2.200541e-06

Instance: abeh   Message: XSPICE time is behind vtime:
XSPICE 2.700496538896549e-06
Cosim  2.70053e-06

Instance: abeh   Message: XSPICE time is behind vtime:
XSPICE 3.200517968438738e-06
Cosim  3.200551e-06

Instance: abeh   Message: XSPICE time is behind vtime:
XSPICE 4.700531946649966e-06
Cosim  4.700556e-06

Instance: abeh   Message: XSPICE time is behind vtime:
XSPICE 5.200517614434692e-06
Cosim  5.200551e-06

Instance: abeh   Message: XSPICE time is behind vtime:
XSPICE 5.70053141288392e-06
Cosim  5.700551e-06

Instance: abeh   Message: XSPICE time is behind vtime:
XSPICE 7.200518538888017e-06
Cosim  7.200552e-06

Instance: abeh   Message: XSPICE time is behind vtime:
XSPICE 7.700523538890335e-06
Cosim  7.700556999999999e-06

Instance: abeh   Message: XSPICE time is behind vtime:
XSPICE 9.20053193256305e-06
Cosim  9.200551000000001e-06

Instance: abeh   Message: XSPICE time is behind vtime:
XSPICE 9.700517614435953e-06
Cosim  9.700550999999999e-06

Instance: abeh   Message: XSPICE time is behind vtime:
XSPICE 1.020050648733103e-05
Cosim  1.0200531e-05

Instance: abeh   Message: XSPICE time is behind vtime:
XSPICE 1.170051930044886e-05
Cosim  1.1700552e-05

Instance: abeh   Message: XSPICE time is behind vtime:
XSPICE 1.220049753889737e-05
Cosim  1.2200531e-05

Instance: abeh   Message: XSPICE time is behind vtime:
XSPICE 1.270053218644509e-05
Cosim  1.2700541e-05

Instance: abeh   Message: XSPICE time is behind vtime:
XSPICE 1.370054248735838e-05
Cosim  1.3700556e-05

Instance: abeh   Message: XSPICE time is behind vtime:
XSPICE 1.420051761443235e-05
Cosim  1.4200551e-05

Instance: abeh   Message: XSPICE time is behind vtime:
XSPICE 1.470051918305232e-05
Cosim  1.4700548e-05

Instance: abeh   Message: XSPICE time is behind vtime:
XSPICE 1.620051898120622e-05
Cosim  1.6200548e-05

Instance: abeh   Message: XSPICE time is behind vtime:
XSPICE 1.670052353890367e-05
Cosim  1.6700557e-05

Instance: abeh   Message: XSPICE time is behind vtime:
XSPICE 1.72005412152173e-05
Cosim  1.7200556e-05

Instance: abeh   Message: XSPICE time is behind vtime:
XSPICE 1.820053554634045e-05
Cosim  1.8200543e-05

Instance: abeh   Message: XSPICE time is behind vtime:
XSPICE 1.870049861442345e-05
Cosim  1.8700532e-05

Instance: abeh   Message: XSPICE time is behind vtime:
XSPICE 1.92005175262498e-05
Cosim  1.920055e-05

Instance: abeh   Message: XSPICE time is behind vtime:
XSPICE 2.070053132896837e-05
Cosim  2.0700556e-05

Instance: abeh   Message: XSPICE time is behind vtime:
XSPICE 2.120051953890769e-05
Cosim  2.1200553e-05

Instance: abeh   Message: XSPICE time is behind vtime:
XSPICE 2.170053175405906e-05
Cosim  2.1700552e-05

Instance: abeh   Message: XSPICE time is behind vtime:
XSPICE 2.320052361441563e-05
Cosim  2.3200557e-05

Instance: abeh   Message: XSPICE time is behind vtime:
XSPICE 2.370049661441713e-05
Cosim  2.370053e-05

Instance: abeh   Message: XSPICE time is behind vtime:
XSPICE 2.520053227513066e-05
Cosim  2.5200552e-05

Instance: abeh   Message: XSPICE time is behind vtime:
XSPICE 2.570051953890727e-05
Cosim  2.5700553e-05

Instance: abeh   Message: XSPICE time is behind vtime:
XSPICE 2.620053086494882e-05
Cosim  2.6200556e-05

Instance: abeh   Message: XSPICE time is behind vtime:
XSPICE 2.770051885769601e-05
Cosim  2.7700551e-05

Instance: abeh   Message: XSPICE time is behind vtime:
XSPICE 2.820049861442629e-05
Cosim  2.8200532e-05

Instance: abeh   Message: XSPICE time is behind vtime:
XSPICE 2.870053192689346e-05
Cosim  2.870054e-05

Instance: abeh   Message: XSPICE time is behind vtime:
XSPICE 2.97005387920243e-05
Cosim  2.9700553e-05

Instance: abeh   Message: XSPICE time is behind vtime:
XSPICE 3.020052353890331e-05
Cosim  3.0200557e-05

Instance: abeh   Message: XSPICE time is behind vtime:
XSPICE 3.070051859013508e-05
Cosim  3.0700548e-05

Instance: abeh   Message: XSPICE time is behind vtime:
XSPICE 3.220051957830939e-05
Cosim  3.2200548e-05

Instance: abeh   Message: XSPICE time is behind vtime:
XSPICE 3.270051761443064e-05
Cosim  3.2700551e-05

Instance: abeh   Message: XSPICE time is behind vtime:
XSPICE 3.320053890371206e-05
Cosim  3.3200553e-05

No. of Data Rows : 735164
f000_d7             =  3.30000e+00
f000_d6             =  3.30000e+00
f000_d5             =  3.30000e+00
f000_d4             =  0.00000e+00
f000_d3             =  0.00000e+00
f000_d2             =  0.00000e+00
f000_d1             =  0.00000e+00
f000_d0             =  0.00000e+00
f000_complete       =  3.30000e+00
f000_invalid        =  0.00000e+00
f000_timeout        =  0.00000e+00
f000_sampled        =  1.28302e+00
f000_input          =  1.28283e+00
f000_tcomplete      =  3.75498e-07
f001_d7             =  3.30000e+00
f001_d6             =  3.30000e+00
f001_d5             =  3.30000e+00
f001_d4             =  3.30000e+00
f001_d3             =  0.00000e+00
f001_d2             =  0.00000e+00
f001_d1             =  0.00000e+00
f001_d0             =  0.00000e+00
f001_complete       =  3.30000e+00
f001_invalid        =  0.00000e+00
f001_timeout        =  0.00000e+00
f001_sampled        =  1.48599e+00
f001_input          =  1.48481e+00
f001_tcomplete      =  8.75501e-07
f002_d7             =  3.30000e+00
f002_d6             =  3.30000e+00
f002_d5             =  5.18246e-297
f002_d4             =  5.18246e-297
f002_d3             =  3.30000e+00
f002_d2             =  3.30000e+00
f002_d1             =  0.00000e+00
f002_d0             =  0.00000e+00
f002_complete       =  3.30000e+00
f002_invalid        =  0.00000e+00
f002_timeout        =  0.00000e+00
f002_sampled        =  1.01402e+00
f002_input          =  1.01266e+00
f002_tcomplete      =  1.37550e-06
f003_d7             =  3.30000e+00
f003_d6             =  5.11299e-297
f003_d5             =  4.08882e-312
f003_d4             =  4.08882e-312
f003_d3             =  5.11299e-297
f003_d2             =  3.30000e+00
f003_d1             =  3.30000e+00
f003_d0             =  0.00000e+00
f003_complete       =  3.30000e+00
f003_invalid        =  0.00000e+00
f003_timeout        =  0.00000e+00
f003_sampled        =  8.27026e-02
f003_input          =  8.10558e-02
f003_tcomplete      =  1.87550e-06
f004_d7             =  4.80680e-297
f004_d6             =  4.08882e-312
f004_d5             =  3.30000e+00
f004_d4             =  3.30000e+00
f004_d3             =  3.30000e+00
f004_d2             =  3.30000e+00
f004_d1             =  4.80680e-297
f004_d0             =  3.30000e+00
f004_complete       =  3.30000e+00
f004_invalid        =  0.00000e+00
f004_timeout        =  0.00000e+00
f004_sampled        =  -8.88720e-01
f004_input          =  -8.87680e-01
f004_tcomplete      =  2.37549e-06
f005_d7             =  4.08882e-312
f005_d6             =  4.08882e-312
f005_d5             =  4.46751e-297
f005_d4             =  3.30000e+00
f005_d3             =  4.46751e-297
f005_d2             =  4.46751e-297
f005_d1             =  3.30000e+00
f005_d0             =  4.46751e-297
f005_complete       =  3.30000e+00
f005_invalid        =  0.00000e+00
f005_timeout        =  0.00000e+00
f005_sampled        =  -1.45558e+00
f005_input          =  -1.45315e+00
f005_tcomplete      =  2.87548e-06
f006_d7             =  4.08882e-312
f006_d6             =  4.08882e-312
f006_d5             =  4.08882e-312
f006_d4             =  3.30000e+00
f006_d3             =  3.30000e+00
f006_d2             =  4.08882e-312
f006_d1             =  5.16960e-297
f006_d0             =  3.30000e+00
f006_complete       =  3.30000e+00
f006_invalid        =  0.00000e+00
f006_timeout        =  0.00000e+00
f006_sampled        =  -1.35842e+00
f006_input          =  -1.35909e+00
f006_tcomplete      =  3.37550e-06
f007_d7             =  4.08882e-312
f007_d6             =  3.30000e+00
f007_d5             =  4.08882e-312
f007_d4             =  4.46272e-297
f007_d3             =  3.30000e+00
f007_d2             =  3.30000e+00
f007_d1             =  3.30000e+00
f007_d0             =  3.30000e+00
f007_complete       =  3.30000e+00
f007_invalid        =  0.00000e+00
f007_timeout        =  0.00000e+00
f007_sampled        =  -6.47444e-01
f007_input          =  -6.47897e-01
f007_tcomplete      =  3.87548e-06
f008_d7             =  3.30000e+00
f008_d6             =  5.27616e-297
f008_d5             =  4.08882e-312
f008_d4             =  3.30000e+00
f008_d3             =  3.30000e+00
f008_d2             =  5.27616e-297
f008_d1             =  3.30000e+00
f008_d0             =  3.30000e+00
f008_complete       =  3.30000e+00
f008_invalid        =  0.00000e+00
f008_timeout        =  0.00000e+00
f008_sampled        =  3.57346e-01
f008_input          =  3.57274e-01
f008_tcomplete      =  4.37551e-06
f009_d7             =  3.30000e+00
f009_d6             =  3.30000e+00
f009_d5             =  4.08882e-312
f009_d4             =  3.30000e+00
f009_d3             =  3.30000e+00
f009_d2             =  4.08882e-312
f009_d1             =  3.30000e+00
f009_d0             =  5.29802e-297
f009_complete       =  3.30000e+00
f009_invalid        =  0.00000e+00
f009_timeout        =  0.00000e+00
f009_sampled        =  1.20102e+00
f009_input          =  1.20046e+00
f009_tcomplete      =  4.87551e-06
f010_d7             =  3.30000e+00
f010_d6             =  3.30000e+00
f010_d5             =  3.30000e+00
f010_d4             =  3.30000e+00
f010_d3             =  5.11914e-297
f010_d2             =  4.08882e-312
f010_d1             =  5.11914e-297
f010_d0             =  3.30000e+00
f010_complete       =  3.30000e+00
f010_invalid        =  0.00000e+00
f010_timeout        =  0.00000e+00
f010_sampled        =  1.49846e+00
f010_input          =  1.49855e+00
f010_tcomplete      =  5.37550e-06
f011_d7             =  3.30000e+00
f011_d6             =  3.30000e+00
f011_d5             =  5.14761e-297
f011_d4             =  3.30000e+00
f011_d3             =  4.08882e-312
f011_d2             =  3.30000e+00
f011_d1             =  4.08882e-312
f011_d0             =  5.14761e-297
f011_complete       =  3.30000e+00
f011_invalid        =  0.00000e+00
f011_timeout        =  0.00000e+00
f011_sampled        =  1.11500e+00
f011_input          =  1.11628e+00
f011_tcomplete      =  5.87550e-06
f012_d7             =  3.30000e+00
f012_d6             =  5.23602e-297
f012_d5             =  4.08882e-312
f012_d4             =  3.30000e+00
f012_d3             =  4.08882e-312
f012_d2             =  5.23602e-297
f012_d1             =  4.08882e-312
f012_d0             =  3.30000e+00
f012_complete       =  3.30000e+00
f012_invalid        =  0.00000e+00
f012_timeout        =  0.00000e+00
f012_sampled        =  2.29411e-01
f012_input          =  2.27326e-01
f012_tcomplete      =  6.37551e-06
f013_d7             =  5.08089e-297
f013_d6             =  3.30000e+00
f013_d5             =  4.08882e-312
f013_d4             =  5.08089e-297
f013_d3             =  4.08882e-312
f013_d2             =  3.30000e+00
f013_d1             =  3.30000e+00
f013_d0             =  5.08089e-297
f013_complete       =  3.30000e+00
f013_invalid        =  0.00000e+00
f013_timeout        =  0.00000e+00
f013_sampled        =  -7.65555e-01
f013_input          =  -7.64883e-01
f013_tcomplete      =  6.87550e-06
f014_d7             =  4.08882e-312
f014_d6             =  5.13255e-297
f014_d5             =  4.08882e-312
f014_d4             =  3.30000e+00
f014_d3             =  4.08882e-312
f014_d2             =  3.30000e+00
f014_d1             =  5.13255e-297
f014_d0             =  3.30000e+00
f014_complete       =  3.30000e+00
f014_invalid        =  0.00000e+00
f014_timeout        =  0.00000e+00
f014_sampled        =  -1.40982e+00
f014_input          =  -1.40990e+00
f014_tcomplete      =  7.37550e-06
f015_d7             =  4.08882e-312
f015_d6             =  4.08882e-312
f015_d5             =  4.08882e-312
f015_d4             =  3.30000e+00
f015_d3             =  4.08882e-312
f015_d2             =  3.30000e+00
f015_d1             =  4.08882e-312
f015_d0             =  3.30000e+00
f015_complete       =  3.30000e+00
f015_invalid        =  0.00000e+00
f015_timeout        =  0.00000e+00
f015_sampled        =  -1.41290e+00
f015_input          =  -1.41474e+00
f015_tcomplete      =  7.87551e-06
f016_d7             =  4.08882e-312
f016_d6             =  3.30000e+00
f016_d5             =  4.08882e-312
f016_d4             =  5.05105e-297
f016_d3             =  4.08882e-312
f016_d2             =  3.30000e+00
f016_d1             =  4.08882e-312
f016_d0             =  3.30000e+00
f016_complete       =  3.30000e+00
f016_invalid        =  0.00000e+00
f016_timeout        =  0.00000e+00
f016_sampled        =  -7.75024e-01
f016_input          =  -7.77362e-01
f016_tcomplete      =  8.37550e-06
f017_d7             =  3.30000e+00
f017_d6             =  5.31884e-297
f017_d5             =  4.08882e-312
f017_d4             =  3.30000e+00
f017_d3             =  4.08882e-312
f017_d2             =  5.31884e-297
f017_d1             =  4.08882e-312
f017_d0             =  5.31884e-297
f017_complete       =  3.30000e+00
f017_invalid        =  0.00000e+00
f017_timeout        =  0.00000e+00
f017_sampled        =  2.12641e-01
f017_input          =  2.12859e-01
f017_tcomplete      =  8.87551e-06
f018_d7             =  3.30000e+00
f018_d6             =  3.30000e+00
f018_d5             =  4.08882e-312
f018_d4             =  3.30000e+00
f018_d3             =  4.08882e-312
f018_d2             =  4.08882e-312
f018_d1             =  3.30000e+00
f018_d0             =  3.30000e+00
f018_complete       =  3.30000e+00
f018_invalid        =  0.00000e+00
f018_timeout        =  0.00000e+00
f018_sampled        =  1.10697e+00
f018_input          =  1.10651e+00
f018_tcomplete      =  9.37550e-06
f019_d7             =  3.30000e+00
f019_d6             =  3.30000e+00
f019_d5             =  3.30000e+00
f019_d4             =  3.30000e+00
f019_d3             =  4.08882e-312
f019_d2             =  4.08882e-312
f019_d1             =  5.12127e-297
f019_d0             =  3.30000e+00
f019_complete       =  3.30000e+00
f019_invalid        =  0.00000e+00
f019_timeout        =  0.00000e+00
f019_sampled        =  1.49676e+00
f019_input          =  1.49778e+00
f019_tcomplete      =  9.87550e-06
f020_d7             =  3.30000e+00
f020_d6             =  3.30000e+00
f020_d5             =  4.49467e-297
f020_d4             =  3.30000e+00
f020_d3             =  3.30000e+00
f020_d2             =  4.08882e-312
f020_d1             =  3.30000e+00
f020_d0             =  3.30000e+00
f020_complete       =  3.30000e+00
f020_invalid        =  0.00000e+00
f020_timeout        =  0.00000e+00
f020_sampled        =  1.21128e+00
f020_input          =  1.20909e+00
f020_tcomplete      =  1.03755e-05
f021_d7             =  3.30000e+00
f021_d6             =  4.57265e-297
f021_d5             =  4.08882e-312
f021_d4             =  3.30000e+00
f021_d3             =  3.30000e+00
f021_d2             =  3.30000e+00
f021_d1             =  4.57265e-297
f021_d0             =  4.57265e-297
f021_complete       =  3.30000e+00
f021_invalid        =  0.00000e+00
f021_timeout        =  0.00000e+00
f021_sampled        =  3.73333e-01
f021_input          =  3.71779e-01
f021_tcomplete      =  1.08755e-05
f022_d7             =  4.43387e-297
f022_d6             =  3.30000e+00
f022_d5             =  4.08882e-312
f022_d4             =  3.30000e+00
f022_d3             =  4.43387e-297
f022_d2             =  4.43387e-297
f022_d1             =  4.08882e-312
f022_d0             =  4.08882e-312
f022_complete       =  3.30000e+00
f022_invalid        =  0.00000e+00
f022_timeout        =  0.00000e+00
f022_sampled        =  -6.35232e-01
f022_input          =  -6.34709e-01
f022_tcomplete      =  1.13755e-05
f023_d7             =  4.08882e-312
f023_d6             =  5.18167e-297
f023_d5             =  4.08882e-312
f023_d4             =  3.30000e+00
f023_d3             =  3.30000e+00
f023_d2             =  4.08882e-312
f023_d1             =  3.30000e+00
f023_d0             =  4.08882e-312
f023_complete       =  3.30000e+00
f023_invalid        =  0.00000e+00
f023_timeout        =  0.00000e+00
f023_sampled        =  -1.35305e+00
f023_input          =  -1.35280e+00
f023_tcomplete      =  1.18755e-05
f024_d7             =  4.08882e-312
f024_d6             =  4.08882e-312
f024_d5             =  4.08882e-312
f024_d4             =  3.30000e+00
f024_d3             =  4.62302e-297
f024_d2             =  4.08882e-312
f024_d1             =  3.30000e+00
f024_d0             =  4.08882e-312
f024_complete       =  3.30000e+00
f024_invalid        =  0.00000e+00
f024_timeout        =  0.00000e+00
f024_sampled        =  -1.45668e+00
f024_input          =  -1.45671e+00
f024_tcomplete      =  1.23755e-05
f025_d7             =  4.08882e-312
f025_d6             =  4.08882e-312
f025_d5             =  3.30000e+00
f025_d4             =  3.30000e+00
f025_d3             =  3.30000e+00
f025_d2             =  3.30000e+00
f025_d1             =  4.81460e-297
f025_d0             =  4.08882e-312
f025_complete       =  3.30000e+00
f025_invalid        =  0.00000e+00
f025_timeout        =  0.00000e+00
f025_sampled        =  -9.00476e-01
f025_input          =  -8.99477e-01
f025_tcomplete      =  1.28755e-05
f026_d7             =  3.30000e+00
f026_d6             =  4.08882e-312
f026_d5             =  5.15737e-297
f026_d4             =  5.15737e-297
f026_d3             =  5.15737e-297
f026_d2             =  3.30000e+00
f026_d1             =  4.08882e-312
f026_d0             =  3.30000e+00
f026_complete       =  3.30000e+00
f026_invalid        =  0.00000e+00
f026_timeout        =  0.00000e+00
f026_sampled        =  6.54173e-02
f026_input          =  6.61606e-02
f026_tcomplete      =  1.33755e-05
f027_d7             =  3.30000e+00
f027_d6             =  3.30000e+00
f027_d5             =  4.08882e-312
f027_d4             =  4.08882e-312
f027_d3             =  3.30000e+00
f027_d2             =  5.26953e-297
f027_d1             =  3.30000e+00
f027_d0             =  3.30000e+00
f027_complete       =  3.30000e+00
f027_invalid        =  0.00000e+00
f027_timeout        =  0.00000e+00
f027_sampled        =  1.00331e+00
f027_input          =  1.00185e+00
f027_tcomplete      =  1.38755e-05
f028_d7             =  3.30000e+00
f028_d6             =  3.30000e+00
f028_d5             =  3.30000e+00
f028_d4             =  3.30000e+00
f028_d3             =  5.18732e-297
f028_d2             =  4.08882e-312
f028_d1             =  5.18732e-297
f028_d0             =  5.18732e-297
f028_complete       =  3.30000e+00
f028_invalid        =  0.00000e+00
f028_timeout        =  0.00000e+00
f028_sampled        =  1.48442e+00
f028_input          =  1.48262e+00
f028_tcomplete      =  1.43755e-05
f029_d7             =  3.30000e+00
f029_d6             =  3.30000e+00
f029_d5             =  3.30000e+00
f029_d4             =  5.01832e-297
f029_d3             =  4.08882e-312
f029_d2             =  4.08882e-312
f029_d1             =  4.08882e-312
f029_d0             =  3.30000e+00
f029_complete       =  3.30000e+00
f029_invalid        =  0.00000e+00
f029_timeout        =  0.00000e+00
f029_sampled        =  1.29137e+00
f029_input          =  1.29020e+00
f029_tcomplete      =  1.48755e-05
f030_d7             =  3.30000e+00
f030_d6             =  4.50683e-297
f030_d5             =  3.30000e+00
f030_d4             =  4.08882e-312
f030_d3             =  4.08882e-312
f030_d2             =  3.30000e+00
f030_d1             =  3.30000e+00
f030_d0             =  4.50683e-297
f030_complete       =  3.30000e+00
f030_invalid        =  0.00000e+00
f030_timeout        =  0.00000e+00
f030_sampled        =  5.10816e-01
f030_input          =  5.12193e-01
f030_tcomplete      =  1.53755e-05
f031_d7             =  4.64915e-297
f031_d6             =  3.30000e+00
f031_d5             =  4.64915e-297
f031_d4             =  3.30000e+00
f031_d3             =  3.30000e+00
f031_d2             =  4.64915e-297
f031_d1             =  3.30000e+00
f031_d0             =  4.08882e-312
f031_complete       =  3.30000e+00
f031_invalid        =  0.00000e+00
f031_timeout        =  0.00000e+00
f031_sampled        =  -4.97461e-01
f031_input          =  -4.98443e-01
f031_tcomplete      =  1.58755e-05
f032_d7             =  4.08882e-312
f032_d6             =  5.02396e-297
f032_d5             =  4.08882e-312
f032_d4             =  3.30000e+00
f032_d3             =  3.30000e+00
f032_d2             =  3.30000e+00
f032_d1             =  3.30000e+00
f032_d0             =  3.30000e+00
f032_complete       =  3.30000e+00
f032_invalid        =  0.00000e+00
f032_timeout        =  0.00000e+00
f032_sampled        =  -1.28221e+00
f032_input          =  -1.28295e+00
f032_tcomplete      =  1.63755e-05
f033_d7             =  4.08882e-312
f033_d6             =  4.08882e-312
f033_d5             =  4.08882e-312
f033_d4             =  3.30000e+00
f033_d3             =  5.55167e-297
f033_d2             =  5.55167e-297
f033_d1             =  5.55167e-297
f033_d0             =  5.55167e-297
f033_complete       =  3.30000e+00
f033_invalid        =  0.00000e+00
f033_timeout        =  0.00000e+00
f033_sampled        =  -1.48521e+00
f033_input          =  -1.48484e+00
f033_tcomplete      =  1.68755e-05
f034_d7             =  4.08882e-312
f034_d6             =  4.08882e-312
f034_d5             =  3.30000e+00
f034_d4             =  3.30000e+00
f034_d3             =  4.08882e-312
f034_d2             =  4.08882e-312
f034_d1             =  3.30000e+00
f034_d0             =  3.30000e+00
f034_complete       =  3.30000e+00
f034_invalid        =  0.00000e+00
f034_timeout        =  0.00000e+00
f034_sampled        =  -1.01159e+00
f034_input          =  -1.01280e+00
f034_tcomplete      =  1.73755e-05
f035_d7             =  4.08882e-312
f035_d6             =  3.30000e+00
f035_d5             =  3.30000e+00
f035_d4             =  3.30000e+00
f035_d3             =  3.30000e+00
f035_d2             =  4.08882e-312
f035_d1             =  5.06968e-297
f035_d0             =  3.30000e+00
f035_complete       =  3.30000e+00
f035_invalid        =  0.00000e+00
f035_timeout        =  0.00000e+00
f035_sampled        =  -8.20709e-02
f035_input          =  -8.08662e-02
f035_tcomplete      =  1.78755e-05
f036_d7             =  3.30000e+00
f036_d6             =  3.30000e+00
f036_d5             =  4.81828e-297
f036_d4             =  4.81828e-297
f036_d3             =  4.81828e-297
f036_d2             =  4.08882e-312
f036_d1             =  3.30000e+00
f036_d0             =  4.81828e-297
f036_complete       =  3.30000e+00
f036_invalid        =  0.00000e+00
f036_timeout        =  0.00000e+00
f036_sampled        =  8.87248e-01
f036_input          =  8.87677e-01
f036_tcomplete      =  1.83755e-05
f037_d7             =  3.30000e+00
f037_d6             =  3.30000e+00
f037_d5             =  3.30000e+00
f037_d4             =  4.08882e-312
f037_d3             =  3.30000e+00
f037_d2             =  3.30000e+00
f037_d1             =  4.57388e-297
f037_d0             =  3.30000e+00
f037_complete       =  3.30000e+00
f037_invalid        =  0.00000e+00
f037_timeout        =  0.00000e+00
f037_sampled        =  1.45016e+00
f037_input          =  1.45328e+00
f037_tcomplete      =  1.88755e-05
f038_d7             =  3.30000e+00
f038_d6             =  3.30000e+00
f038_d5             =  3.30000e+00
f038_d4             =  4.08882e-312
f038_d3             =  5.09199e-297
f038_d2             =  3.30000e+00
f038_d1             =  3.30000e+00
f038_d0             =  5.09199e-297
f038_complete       =  3.30000e+00
f038_invalid        =  0.00000e+00
f038_timeout        =  0.00000e+00
f038_sampled        =  1.35586e+00
f038_input          =  1.35911e+00
f038_tcomplete      =  1.93755e-05
f039_d7             =  3.30000e+00
f039_d6             =  5.27417e-297
f039_d5             =  3.30000e+00
f039_d4             =  3.30000e+00
f039_d3             =  4.08882e-312
f039_d2             =  5.27417e-297
f039_d1             =  5.27417e-297
f039_d0             =  3.30000e+00
f039_complete       =  3.30000e+00
f039_invalid        =  0.00000e+00
f039_timeout        =  0.00000e+00
f039_sampled        =  6.49329e-01
f039_input          =  6.47928e-01
f039_tcomplete      =  1.98755e-05
f040_d7             =  4.73342e-297
f040_d6             =  3.30000e+00
f040_d5             =  3.30000e+00
f040_d4             =  4.73342e-297
f040_d3             =  4.08882e-312
f040_d2             =  3.30000e+00
f040_d1             =  4.08882e-312
f040_d0             =  3.30000e+00
f040_complete       =  3.30000e+00
f040_invalid        =  0.00000e+00
f040_timeout        =  0.00000e+00
f040_sampled        =  -3.57330e-01
f040_input          =  -3.57288e-01
f040_tcomplete      =  2.03755e-05
f041_d7             =  4.08882e-312
f041_d6             =  5.44894e-297
f041_d5             =  3.30000e+00
f041_d4             =  4.08882e-312
f041_d3             =  4.08882e-312
f041_d2             =  3.30000e+00
f041_d1             =  4.08882e-312
f041_d0             =  3.30000e+00
f041_complete       =  3.30000e+00
f041_invalid        =  0.00000e+00
f041_timeout        =  0.00000e+00
f041_sampled        =  -1.19872e+00
f041_input          =  -1.20044e+00
f041_tcomplete      =  2.08755e-05
f042_d7             =  4.08882e-312
f042_d6             =  4.08882e-312
f042_d5             =  5.17908e-297
f042_d4             =  4.08882e-312
f042_d3             =  3.30000e+00
f042_d2             =  3.30000e+00
f042_d1             =  3.30000e+00
f042_d0             =  3.30000e+00
f042_complete       =  3.30000e+00
f042_invalid        =  0.00000e+00
f042_timeout        =  0.00000e+00
f042_sampled        =  -1.50048e+00
f042_input          =  -1.49846e+00
f042_tcomplete      =  2.13755e-05
f043_d7             =  4.08882e-312
f043_d6             =  4.08882e-312
f043_d5             =  3.30000e+00
f043_d4             =  4.08882e-312
f043_d3             =  3.30000e+00
f043_d2             =  3.30000e+00
f043_d1             =  5.18337e-297
f043_d0             =  5.18337e-297
f043_complete       =  3.30000e+00
f043_invalid        =  0.00000e+00
f043_timeout        =  0.00000e+00
f043_sampled        =  -1.11460e+00
f043_input          =  -1.11644e+00
f043_tcomplete      =  2.18755e-05
f044_d7             =  4.08882e-312
f044_d6             =  3.30000e+00
f044_d5             =  3.30000e+00
f044_d4             =  4.08882e-312
f044_d3             =  3.30000e+00
f044_d2             =  3.30000e+00
f044_d1             =  3.30000e+00
f044_d0             =  3.30000e+00
f044_complete       =  3.30000e+00
f044_invalid        =  0.00000e+00
f044_timeout        =  0.00000e+00
f044_sampled        =  -2.25907e-01
f044_input          =  -2.27419e-01
f044_tcomplete      =  2.23755e-05
f045_d7             =  3.30000e+00
f045_d6             =  5.03291e-297
f045_d5             =  3.30000e+00
f045_d4             =  3.30000e+00
f045_d3             =  3.30000e+00
f045_d2             =  5.03291e-297
f045_d1             =  5.03291e-297
f045_d0             =  3.30000e+00
f045_complete       =  3.30000e+00
f045_invalid        =  0.00000e+00
f045_timeout        =  0.00000e+00
f045_sampled        =  7.67072e-01
f045_input          =  7.64936e-01
f045_tcomplete      =  2.28755e-05
f046_d7             =  3.30000e+00
f046_d6             =  3.30000e+00
f046_d5             =  3.30000e+00
f046_d4             =  5.34051e-297
f046_d3             =  3.30000e+00
f046_d2             =  4.08882e-312
f046_d1             =  3.30000e+00
f046_d0             =  5.34051e-297
f046_complete       =  3.30000e+00
f046_invalid        =  0.00000e+00
f046_timeout        =  0.00000e+00
f046_sampled        =  1.40874e+00
f046_input          =  1.40993e+00
f046_tcomplete      =  2.33755e-05
f047_d7             =  3.30000e+00
f047_d6             =  3.30000e+00
f047_d5             =  3.30000e+00
f047_d4             =  4.08882e-312
f047_d3             =  3.30000e+00
f047_d2             =  4.08882e-312
f047_d1             =  3.30000e+00
f047_d0             =  4.08882e-312
f047_complete       =  3.30000e+00
f047_invalid        =  0.00000e+00
f047_timeout        =  0.00000e+00
f047_sampled        =  1.41530e+00
f047_input          =  1.41474e+00
f047_tcomplete      =  2.38755e-05
f048_d7             =  3.30000e+00
f048_d6             =  5.08434e-297
f048_d5             =  3.30000e+00
f048_d4             =  3.30000e+00
f048_d3             =  3.30000e+00
f048_d2             =  4.08882e-312
f048_d1             =  3.30000e+00
f048_d0             =  4.08882e-312
f048_complete       =  3.30000e+00
f048_invalid        =  0.00000e+00
f048_timeout        =  0.00000e+00
f048_sampled        =  7.76739e-01
f048_input          =  7.77466e-01
f048_tcomplete      =  2.43755e-05
f049_d7             =  5.31846e-297
f049_d6             =  3.30000e+00
f049_d5             =  3.30000e+00
f049_d4             =  3.30000e+00
f049_d3             =  5.31846e-297
f049_d2             =  4.08882e-312
f049_d1             =  5.31846e-297
f049_d0             =  4.08882e-312
f049_complete       =  3.30000e+00
f049_invalid        =  0.00000e+00
f049_timeout        =  0.00000e+00
f049_sampled        =  -2.13365e-01
f049_input          =  -2.12817e-01
f049_tcomplete      =  2.48755e-05
f050_d7             =  4.08882e-312
f050_d6             =  5.10796e-297
f050_d5             =  3.30000e+00
f050_d4             =  5.10796e-297
f050_d3             =  3.30000e+00
f050_d2             =  3.30000e+00
f050_d1             =  4.08882e-312
f050_d0             =  4.08882e-312
f050_complete       =  3.30000e+00
f050_invalid        =  0.00000e+00
f050_timeout        =  0.00000e+00
f050_sampled        =  -1.10888e+00
f050_input          =  -1.10658e+00
f050_tcomplete      =  2.53755e-05
f051_d7             =  4.08882e-312
f051_d6             =  4.08882e-312
f051_d5             =  5.17681e-297
f051_d4             =  4.08882e-312
f051_d3             =  3.30000e+00
f051_d2             =  3.30000e+00
f051_d1             =  3.30000e+00
f051_d0             =  3.30000e+00
f051_complete       =  3.30000e+00
f051_invalid        =  0.00000e+00
f051_timeout        =  0.00000e+00
f051_sampled        =  -1.49921e+00
f051_input          =  -1.49780e+00
f051_tcomplete      =  2.58755e-05
f052_d7             =  4.08882e-312
f052_d6             =  4.08882e-312
f052_d5             =  3.30000e+00
f052_d4             =  4.08882e-312
f052_d3             =  5.28856e-297
f052_d2             =  3.30000e+00
f052_d1             =  5.28856e-297
f052_d0             =  5.28856e-297
f052_complete       =  3.30000e+00
f052_invalid        =  0.00000e+00
f052_timeout        =  0.00000e+00
f052_sampled        =  -1.20864e+00
f052_input          =  -1.20923e+00
f052_tcomplete      =  2.63755e-05
f053_d7             =  4.08882e-312
f053_d6             =  3.30000e+00
f053_d5             =  3.30000e+00
f053_d4             =  4.08882e-312
f053_d3             =  4.08882e-312
f053_d2             =  3.30000e+00
f053_d1             =  4.08882e-312
f053_d0             =  4.08882e-312
f053_complete       =  3.30000e+00
f053_invalid        =  0.00000e+00
f053_timeout        =  0.00000e+00
f053_sampled        =  -3.72312e-01
f053_input          =  -3.71602e-01
f053_tcomplete      =  2.68755e-05
f054_d7             =  3.30000e+00
f054_d6             =  4.50510e-297
f054_d5             =  3.30000e+00
f054_d4             =  4.08882e-312
f054_d3             =  3.30000e+00
f054_d2             =  3.30000e+00
f054_d1             =  3.30000e+00
f054_d0             =  3.30000e+00
f054_complete       =  3.30000e+00
f054_invalid        =  0.00000e+00
f054_timeout        =  0.00000e+00
f054_sampled        =  6.34479e-01
f054_input          =  6.34590e-01
f054_tcomplete      =  2.73755e-05
f055_d7             =  3.30000e+00
f055_d6             =  3.30000e+00
f055_d5             =  3.30000e+00
f055_d4             =  4.08882e-312
f055_d3             =  5.14796e-297
f055_d2             =  3.30000e+00
f055_d1             =  3.30000e+00
f055_d0             =  5.14796e-297
f055_complete       =  3.30000e+00
f055_invalid        =  0.00000e+00
f055_timeout        =  0.00000e+00
f055_sampled        =  1.35393e+00
f055_input          =  1.35288e+00
f055_tcomplete      =  2.78755e-05
f056_d7             =  3.30000e+00
f056_d6             =  3.30000e+00
f056_d5             =  3.30000e+00
f056_d4             =  4.08882e-312
f056_d3             =  3.30000e+00
f056_d2             =  3.30000e+00
f056_d1             =  3.30000e+00
f056_d0             =  4.08882e-312
f056_complete       =  3.30000e+00
f056_invalid        =  0.00000e+00
f056_timeout        =  0.00000e+00
f056_sampled        =  1.45658e+00
f056_input          =  1.45681e+00
f056_tcomplete      =  2.83755e-05
f057_d7             =  3.30000e+00
f057_d6             =  3.30000e+00
f057_d5             =  4.95940e-297
f057_d4             =  4.08882e-312
f057_d3             =  4.95940e-297
f057_d2             =  3.30000e+00
f057_d1             =  4.95940e-297
f057_d0             =  4.08882e-312
f057_complete       =  3.30000e+00
f057_invalid        =  0.00000e+00
f057_timeout        =  0.00000e+00
f057_sampled        =  8.97885e-01
f057_input          =  8.99328e-01
f057_tcomplete      =  2.88755e-05
f058_d7             =  5.09023e-297
f058_d6             =  3.30000e+00
f058_d5             =  3.30000e+00
f058_d4             =  3.30000e+00
f058_d3             =  3.30000e+00
f058_d2             =  5.09023e-297
f058_d1             =  3.30000e+00
f058_d0             =  3.30000e+00
f058_complete       =  3.30000e+00
f058_invalid        =  0.00000e+00
f058_timeout        =  0.00000e+00
f058_sampled        =  -6.64153e-02
f058_input          =  -6.62731e-02
f058_tcomplete      =  2.93755e-05
f059_d7             =  4.08882e-312
f059_d6             =  5.18722e-297
f059_d5             =  3.30000e+00
f059_d4             =  3.30000e+00
f059_d3             =  5.18722e-297
f059_d2             =  3.30000e+00
f059_d1             =  5.18722e-297
f059_d0             =  5.18722e-297
f059_complete       =  3.30000e+00
f059_invalid        =  0.00000e+00
f059_timeout        =  0.00000e+00
f059_sampled        =  -1.00108e+00
f059_input          =  -1.00188e+00
f059_tcomplete      =  2.98755e-05
f060_d7             =  4.08882e-312
f060_d6             =  4.08882e-312
f060_d5             =  5.39298e-297
f060_d4             =  3.30000e+00
f060_d3             =  4.08882e-312
f060_d2             =  5.39298e-297
f060_d1             =  4.08882e-312
f060_d0             =  4.08882e-312
f060_complete       =  3.30000e+00
f060_invalid        =  0.00000e+00
f060_timeout        =  0.00000e+00
f060_sampled        =  -1.48467e+00
f060_input          =  -1.48259e+00
f060_tcomplete      =  3.03755e-05
f061_d7             =  4.08882e-312
f061_d6             =  4.08882e-312
f061_d5             =  4.08882e-312
f061_d4             =  3.30000e+00
f061_d3             =  3.30000e+00
f061_d2             =  3.30000e+00
f061_d1             =  3.30000e+00
f061_d0             =  4.08882e-312
f061_complete       =  3.30000e+00
f061_invalid        =  0.00000e+00
f061_timeout        =  0.00000e+00
f061_sampled        =  -1.29262e+00
f061_input          =  -1.29036e+00
f061_tcomplete      =  3.08755e-05
f062_d7             =  4.08882e-312
f062_d6             =  3.30000e+00
f062_d5             =  4.08882e-312
f062_d4             =  3.30000e+00
f062_d3             =  3.30000e+00
f062_d2             =  4.53074e-297
f062_d1             =  4.53074e-297
f062_d0             =  3.30000e+00
f062_complete       =  3.30000e+00
f062_invalid        =  0.00000e+00
f062_timeout        =  0.00000e+00
f062_sampled        =  -5.13643e-01
f062_input          =  -5.12264e-01
f062_tcomplete      =  3.13755e-05
f063_d7             =  3.30000e+00
f063_d6             =  4.56335e-297
f063_d5             =  3.30000e+00
f063_d4             =  4.56335e-297
f063_d3             =  4.56335e-297
f063_d2             =  3.30000e+00
f063_d1             =  4.08882e-312
f063_d0             =  3.30000e+00
f063_complete       =  3.30000e+00
f063_invalid        =  0.00000e+00
f063_timeout        =  0.00000e+00
f063_sampled        =  4.98762e-01
f063_input          =  4.98407e-01
f063_tcomplete      =  3.18755e-05
f064_d7             =  3.30000e+00
f064_d6             =  3.30000e+00
f064_d5             =  3.30000e+00
f064_d4             =  4.08882e-312
f064_d3             =  4.08882e-312
f064_d2             =  4.97991e-297
f064_d1             =  4.08882e-312
f064_d0             =  4.97991e-297
f064_complete       =  3.30000e+00
f064_invalid        =  0.00000e+00
f064_timeout        =  0.00000e+00
f064_sampled        =  1.28417e+00
f064_input          =  1.28277e+00
f064_tcomplete      =  3.23755e-05
f065_d7             =  3.30000e+00
f065_d6             =  3.30000e+00
f065_d5             =  3.30000e+00
f065_d4             =  3.30000e+00
f065_d3             =  4.08882e-312
f065_d2             =  4.08882e-312
f065_d1             =  4.08882e-312
f065_d0             =  4.08882e-312
f065_complete       =  3.30000e+00
f065_invalid        =  0.00000e+00
f065_timeout        =  0.00000e+00
f065_sampled        =  1.48432e+00
f065_input          =  1.48478e+00
f065_tcomplete      =  3.28755e-05
f066_d7             =  3.30000e+00
f066_d6             =  3.30000e+00
f066_d5             =  5.19095e-297
f066_d4             =  5.19095e-297
f066_d3             =  3.30000e+00
f066_d2             =  3.30000e+00
f066_d1             =  4.08882e-312
f066_d0             =  4.08882e-312
f066_complete       =  3.30000e+00
f066_invalid        =  0.00000e+00
f066_timeout        =  0.00000e+00
f066_sampled        =  1.01331e+00
f066_input          =  1.01282e+00
f066_tcomplete      =  3.33755e-05
f067_d7             =  3.30000e+00
f067_d6             =  5.11506e-297
f067_d5             =  4.08882e-312
f067_d4             =  4.08882e-312
f067_d3             =  5.11506e-297
f067_d2             =  3.30000e+00
f067_d1             =  3.30000e+00
f067_d0             =  4.08882e-312
f067_complete       =  3.30000e+00
f067_invalid        =  0.00000e+00
f067_timeout        =  0.00000e+00
f067_sampled        =  8.07015e-02
f067_input          =  8.10367e-02
f067_tcomplete      =  3.38755e-05
p_f000_cmp7_p0      =  -2.94788e-06
p_f000_cmp7_n0      =  -2.98033e-06
p_f000_cmp7_p5      =  3.30000e+00
p_f000_cmp7_n5      =  -1.78850e-06
p_f000_cmp6_p0      =  -9.70943e-06
p_f000_cmp6_n0      =  -9.69758e-06
p_f000_cmp6_p5      =  3.30000e+00
p_f000_cmp6_n5      =  -2.03843e-06
p_f000_cmp5_p0      =  -3.04444e-06
p_f000_cmp5_n0      =  -3.07758e-06
p_f000_cmp5_p5      =  3.30000e+00
p_f000_cmp5_n5      =  -1.69263e-06
p_f000_cmp4_p0      =  -3.04230e-06
p_f000_cmp4_n0      =  -3.07403e-06
p_f000_cmp4_p5      =  -1.63975e-06
p_f000_cmp4_n5      =  3.30000e+00
p_f000_cmp3_p0      =  -8.24739e-06
p_f000_cmp3_n0      =  -8.23815e-06
p_f000_cmp3_p5      =  -1.93914e-06
p_f000_cmp3_n5      =  3.30000e+00
p_f000_cmp2_p0      =  -8.24716e-06
p_f000_cmp2_n0      =  -8.23637e-06
p_f000_cmp2_p5      =  -1.93534e-06
p_f000_cmp2_n5      =  3.30000e+00
p_f000_cmp1_p0      =  -3.02869e-06
p_f000_cmp1_n0      =  -3.06070e-06
p_f000_cmp1_p5      =  -1.62872e-06
p_f000_cmp1_n5      =  3.30000e+00
p_f000_cmp0_p0      =  -8.28996e-06
p_f000_cmp0_n0      =  -8.27514e-06
p_f000_cmp0_p5      =  -1.92073e-06
p_f000_cmp0_n5      =  3.30000e+00
p_f000_dctrl7_p     =  3.30001e+00
p_f000_dctrl7_n     =  3.47605e-01
p_f000_dctrl6_p     =  3.26646e+00
p_f000_dctrl6_n     =  3.05290e-06
p_f000_dctrl5_p     =  3.29964e+00
p_f000_dctrl5_n     =  -1.65201e-06
p_f000_dctrl4_p     =  -1.24150e-07
p_f000_dctrl4_n     =  3.29999e+00
p_f000_dctrl3_p     =  -2.67872e-08
p_f000_dctrl3_n     =  3.30000e+00
p_f000_dctrl2_p     =  -1.35872e-08
p_f000_dctrl2_n     =  3.30000e+00
p_f000_dctrl1_p     =  -6.55736e-09
p_f000_dctrl1_n     =  3.30000e+00
p_f000_do7_drv_470  =  3.30000e+00
p_f000_do7_rx_470   =  3.30000e+00
p_f000_do6_drv_470  =  3.30000e+00
p_f000_do6_rx_470   =  3.30000e+00
p_f000_do5_drv_470  =  3.30000e+00
p_f000_do5_rx_470   =  3.30000e+00
p_f000_do4_drv_470  =  0.00000e+00
p_f000_do4_rx_470   =  0.00000e+00
p_f000_do3_drv_470  =  0.00000e+00
p_f000_do3_rx_470   =  0.00000e+00
p_f000_do2_drv_470  =  0.00000e+00
p_f000_do2_rx_470   =  0.00000e+00
p_f000_do1_drv_470  =  0.00000e+00
p_f000_do1_rx_470   =  0.00000e+00
p_f000_do0_drv_470  =  0.00000e+00
p_f000_do0_rx_470   =  0.00000e+00
p_f000_do7_drv_480  =  3.30000e+00
p_f000_do7_rx_480   =  3.30000e+00
p_f000_do6_drv_480  =  3.30000e+00
p_f000_do6_rx_480   =  3.30000e+00
p_f000_do5_drv_480  =  3.30000e+00
p_f000_do5_rx_480   =  3.30000e+00
p_f000_do4_drv_480  =  0.00000e+00
p_f000_do4_rx_480   =  0.00000e+00
p_f000_do3_drv_480  =  0.00000e+00
p_f000_do3_rx_480   =  0.00000e+00
p_f000_do2_drv_480  =  0.00000e+00
p_f000_do2_rx_480   =  0.00000e+00
p_f000_do1_drv_480  =  0.00000e+00
p_f000_do1_rx_480   =  0.00000e+00
p_f000_do0_drv_480  =  0.00000e+00
p_f000_do0_rx_480   =  0.00000e+00
p_f001_cmp7_p0      =  -2.88535e-06
p_f001_cmp7_n0      =  -2.91961e-06
p_f001_cmp7_p5      =  3.30000e+00
p_f001_cmp7_n5      =  -1.81055e-06
p_f001_cmp6_p0      =  -8.43829e-06
p_f001_cmp6_n0      =  -8.41036e-06
p_f001_cmp6_p5      =  3.30000e+00
p_f001_cmp6_n5      =  -2.05687e-06
p_f001_cmp5_p0      =  -3.14060e-06
p_f001_cmp5_n0      =  -3.17450e-06
p_f001_cmp5_p5      =  3.30000e+00
p_f001_cmp5_n5      =  -1.71041e-06
p_f001_cmp4_p0      =  -3.12447e-06
p_f001_cmp4_n0      =  -3.15750e-06
p_f001_cmp4_p5      =  3.30000e+00
p_f001_cmp4_n5      =  -1.69324e-06
p_f001_cmp3_p0      =  -8.37379e-06
p_f001_cmp3_n0      =  -8.36108e-06
p_f001_cmp3_p5      =  -1.94991e-06
p_f001_cmp3_n5      =  3.30000e+00
p_f001_cmp2_p0      =  -8.37372e-06
p_f001_cmp2_n0      =  -8.35936e-06
p_f001_cmp2_p5      =  -1.94730e-06
p_f001_cmp2_n5      =  3.30000e+00
p_f001_cmp1_p0      =  -3.25661e-06
p_f001_cmp1_n0      =  -3.28821e-06
p_f001_cmp1_p5      =  -1.64528e-06
p_f001_cmp1_n5      =  3.30000e+00
p_f001_cmp0_p0      =  -8.41635e-06
p_f001_cmp0_n0      =  -8.39840e-06
p_f001_cmp0_p5      =  -1.94251e-06
p_f001_cmp0_n5      =  3.30000e+00
p_f001_dctrl7_p     =  3.30001e+00
p_f001_dctrl7_n     =  3.47772e-01
p_f001_dctrl6_p     =  3.26643e+00
p_f001_dctrl6_n     =  3.43203e-06
p_f001_dctrl5_p     =  3.29964e+00
p_f001_dctrl5_n     =  -1.46406e-06
p_f001_dctrl4_p     =  3.29999e+00
p_f001_dctrl4_n     =  -1.42930e-07
p_f001_dctrl3_p     =  -2.67016e-08
p_f001_dctrl3_n     =  3.30000e+00
p_f001_dctrl2_p     =  -1.34747e-08
p_f001_dctrl2_n     =  3.30000e+00
p_f001_dctrl1_p     =  -6.50904e-09
p_f001_dctrl1_n     =  3.30000e+00
p_f001_do7_drv_470  =  3.30000e+00
p_f001_do7_rx_470   =  3.30000e+00
p_f001_do6_drv_470  =  3.30000e+00
p_f001_do6_rx_470   =  3.30000e+00
p_f001_do5_drv_470  =  3.30000e+00
p_f001_do5_rx_470   =  3.30000e+00
p_f001_do4_drv_470  =  3.30000e+00
p_f001_do4_rx_470   =  3.30000e+00
p_f001_do3_drv_470  =  0.00000e+00
p_f001_do3_rx_470   =  0.00000e+00
p_f001_do2_drv_470  =  0.00000e+00
p_f001_do2_rx_470   =  0.00000e+00
p_f001_do1_drv_470  =  0.00000e+00
p_f001_do1_rx_470   =  0.00000e+00
p_f001_do0_drv_470  =  0.00000e+00
p_f001_do0_rx_470   =  0.00000e+00
p_f001_do7_drv_480  =  3.30000e+00
p_f001_do7_rx_480   =  3.30000e+00
p_f001_do6_drv_480  =  3.30000e+00
p_f001_do6_rx_480   =  3.30000e+00
p_f001_do5_drv_480  =  3.30000e+00
p_f001_do5_rx_480   =  3.30000e+00
p_f001_do4_drv_480  =  3.30000e+00
p_f001_do4_rx_480   =  3.30000e+00
p_f001_do3_drv_480  =  0.00000e+00
p_f001_do3_rx_480   =  0.00000e+00
p_f001_do2_drv_480  =  0.00000e+00
p_f001_do2_rx_480   =  0.00000e+00
p_f001_do1_drv_480  =  0.00000e+00
p_f001_do1_rx_480   =  0.00000e+00
p_f001_do0_drv_480  =  0.00000e+00
p_f001_do0_rx_480   =  0.00000e+00
p_f002_cmp7_p0      =  -3.09402e-06
p_f002_cmp7_n0      =  -3.12746e-06
p_f002_cmp7_p5      =  3.30000e+00
p_f002_cmp7_n5      =  -1.79871e-06
p_f002_cmp6_p0      =  -9.45112e-06
p_f002_cmp6_n0      =  -9.43102e-06
p_f002_cmp6_p5      =  3.30000e+00
p_f002_cmp6_n5      =  -2.05022e-06
p_f002_cmp5_p0      =  -3.20252e-06
p_f002_cmp5_n0      =  -3.23510e-06
p_f002_cmp5_p5      =  -1.65972e-06
p_f002_cmp5_n5      =  3.30000e+00
p_f002_cmp4_p0      =  -3.18512e-06
p_f002_cmp4_n0      =  -3.21736e-06
p_f002_cmp4_p5      =  -1.64849e-06
p_f002_cmp4_n5      =  3.30000e+00
p_f002_cmp3_p0      =  -8.46175e-06
p_f002_cmp3_n0      =  -8.43771e-06
p_f002_cmp3_p5      =  3.30000e+00
p_f002_cmp3_n5      =  -2.02436e-06
p_f002_cmp2_p0      =  -8.45965e-06
p_f002_cmp2_n0      =  -8.43847e-06
p_f002_cmp2_p5      =  3.30000e+00
p_f002_cmp2_n5      =  -2.01645e-06
p_f002_cmp1_p0      =  -3.17794e-06
p_f002_cmp1_n0      =  -3.21063e-06
p_f002_cmp1_p5      =  -1.64434e-06
p_f002_cmp1_n5      =  3.30000e+00
p_f002_cmp0_p0      =  -8.50116e-06
p_f002_cmp0_n0      =  -8.47980e-06
p_f002_cmp0_p5      =  -1.94915e-06
p_f002_cmp0_n5      =  3.30000e+00
p_f002_dctrl7_p     =  3.30001e+00
p_f002_dctrl7_n     =  3.47881e-01
p_f002_dctrl6_p     =  3.26641e+00
p_f002_dctrl6_n     =  2.38403e-06
p_f002_dctrl5_p     =  -1.05981e-06
p_f002_dctrl5_n     =  3.29964e+00
p_f002_dctrl4_p     =  -1.41613e-07
p_f002_dctrl4_n     =  3.29999e+00
p_f002_dctrl3_p     =  3.30000e+00
p_f002_dctrl3_n     =  -2.72248e-08
p_f002_dctrl2_p     =  3.30000e+00
p_f002_dctrl2_n     =  -1.36833e-08
p_f002_dctrl1_p     =  -6.51830e-09
p_f002_dctrl1_n     =  3.30000e+00
p_f002_do7_drv_470  =  3.30000e+00
p_f002_do7_rx_470   =  3.30000e+00
p_f002_do6_drv_470  =  3.30000e+00
p_f002_do6_rx_470   =  3.30000e+00
p_f002_do5_drv_470  =  0.00000e+00
p_f002_do5_rx_470   =  1.47611e-268
p_f002_do4_drv_470  =  0.00000e+00
p_f002_do4_rx_470   =  1.47611e-268
p_f002_do3_drv_470  =  3.30000e+00
p_f002_do3_rx_470   =  3.30000e+00
p_f002_do2_drv_470  =  3.30000e+00
p_f002_do2_rx_470   =  3.30000e+00
p_f002_do1_drv_470  =  0.00000e+00
p_f002_do1_rx_470   =  0.00000e+00
p_f002_do0_drv_470  =  0.00000e+00
p_f002_do0_rx_470   =  0.00000e+00
p_f002_do7_drv_480  =  3.30000e+00
p_f002_do7_rx_480   =  3.30000e+00
p_f002_do6_drv_480  =  3.30000e+00
p_f002_do6_rx_480   =  3.30000e+00
p_f002_do5_drv_480  =  0.00000e+00
p_f002_do5_rx_480   =  5.18246e-297
p_f002_do4_drv_480  =  0.00000e+00
p_f002_do4_rx_480   =  5.18246e-297
p_f002_do3_drv_480  =  3.30000e+00
p_f002_do3_rx_480   =  3.30000e+00
p_f002_do2_drv_480  =  3.30000e+00
p_f002_do2_rx_480   =  3.30000e+00
p_f002_do1_drv_480  =  0.00000e+00
p_f002_do1_rx_480   =  0.00000e+00
p_f002_do0_drv_480  =  0.00000e+00
p_f002_do0_rx_480   =  0.00000e+00
p_f003_cmp7_p0      =  -2.97129e-06
p_f003_cmp7_n0      =  -3.00394e-06
p_f003_cmp7_p5      =  3.30000e+00
p_f003_cmp7_n5      =  -1.78049e-06
p_f003_cmp6_p0      =  -8.38946e-06
p_f003_cmp6_n0      =  -8.38089e-06
p_f003_cmp6_p5      =  -1.99017e-06
p_f003_cmp6_n5      =  3.30000e+00
p_f003_cmp5_p0      =  -3.11930e-06
p_f003_cmp5_n0      =  -3.15155e-06
p_f003_cmp5_p5      =  -1.64930e-06
p_f003_cmp5_n5      =  3.30000e+00
p_f003_cmp4_p0      =  -3.09909e-06
p_f003_cmp4_n0      =  -3.13084e-06
p_f003_cmp4_p5      =  -1.64473e-06
p_f003_cmp4_n5      =  3.30000e+00
p_f003_cmp3_p0      =  -8.33191e-06
p_f003_cmp3_n0      =  -8.31709e-06
p_f003_cmp3_p5      =  -1.94039e-06
p_f003_cmp3_n5      =  3.30000e+00
p_f003_cmp2_p0      =  -8.33372e-06
p_f003_cmp2_n0      =  -8.31563e-06
p_f003_cmp2_p5      =  3.30000e+00
p_f003_cmp2_n5      =  -2.01019e-06
p_f003_cmp1_p0      =  -3.08799e-06
p_f003_cmp1_n0      =  -3.12087e-06
p_f003_cmp1_p5      =  3.30000e+00
p_f003_cmp1_n5      =  -1.68772e-06
p_f003_cmp0_p0      =  -8.37411e-06
p_f003_cmp0_n0      =  -8.35750e-06
p_f003_cmp0_p5      =  -1.93897e-06
p_f003_cmp0_n5      =  3.30000e+00
p_f003_dctrl7_p     =  3.30001e+00
p_f003_dctrl7_n     =  3.47710e-01
p_f003_dctrl6_p     =  3.06149e-05
p_f003_dctrl6_n     =  3.26642e+00
p_f003_dctrl5_p     =  -1.14457e-06
p_f003_dctrl5_n     =  3.29965e+00
p_f003_dctrl4_p     =  -1.28853e-07
p_f003_dctrl4_n     =  3.29999e+00
p_f003_dctrl3_p     =  -2.89743e-08
p_f003_dctrl3_n     =  3.30000e+00
p_f003_dctrl2_p     =  3.30000e+00
p_f003_dctrl2_n     =  -1.33419e-08
p_f003_dctrl1_p     =  3.30000e+00
p_f003_dctrl1_n     =  -6.62235e-09
p_f003_do7_drv_470  =  3.30000e+00
p_f003_do7_rx_470   =  3.30000e+00
p_f003_do6_drv_470  =  0.00000e+00
p_f003_do6_rx_470   =  1.45633e-268
p_f003_do5_drv_470  =  0.00000e+00
p_f003_do5_rx_470   =  4.08882e-312
p_f003_do4_drv_470  =  0.00000e+00
p_f003_do4_rx_470   =  4.08882e-312
p_f003_do3_drv_470  =  0.00000e+00
p_f003_do3_rx_470   =  1.45633e-268
p_f003_do2_drv_470  =  3.30000e+00
p_f003_do2_rx_470   =  3.30000e+00
p_f003_do1_drv_470  =  3.30000e+00
p_f003_do1_rx_470   =  3.30000e+00
p_f003_do0_drv_470  =  0.00000e+00
p_f003_do0_rx_470   =  0.00000e+00
p_f003_do7_drv_480  =  3.30000e+00
p_f003_do7_rx_480   =  3.30000e+00
p_f003_do6_drv_480  =  0.00000e+00
p_f003_do6_rx_480   =  5.11299e-297
p_f003_do5_drv_480  =  0.00000e+00
p_f003_do5_rx_480   =  4.08882e-312
p_f003_do4_drv_480  =  0.00000e+00
p_f003_do4_rx_480   =  4.08882e-312
p_f003_do3_drv_480  =  0.00000e+00
p_f003_do3_rx_480   =  5.11299e-297
p_f003_do2_drv_480  =  3.30000e+00
p_f003_do2_rx_480   =  3.30000e+00
p_f003_do1_drv_480  =  3.30000e+00
p_f003_do1_rx_480   =  3.30000e+00
p_f003_do0_drv_480  =  0.00000e+00
p_f003_do0_rx_480   =  0.00000e+00
p_f064_cmp7_p0      =  -3.06762e-06
p_f064_cmp7_n0      =  -3.10065e-06
p_f064_cmp7_p5      =  3.30000e+00
p_f064_cmp7_n5      =  -1.80352e-06
p_f064_cmp6_p0      =  -9.53560e-06
p_f064_cmp6_n0      =  -9.51592e-06
p_f064_cmp6_p5      =  3.30000e+00
p_f064_cmp6_n5      =  -2.04794e-06
p_f064_cmp5_p0      =  -2.95577e-06
p_f064_cmp5_n0      =  -2.98849e-06
p_f064_cmp5_p5      =  3.30000e+00
p_f064_cmp5_n5      =  -1.68174e-06
p_f064_cmp4_p0      =  -3.16061e-06
p_f064_cmp4_n0      =  -3.19287e-06
p_f064_cmp4_p5      =  -1.65214e-06
p_f064_cmp4_n5      =  3.30000e+00
p_f064_cmp3_p0      =  -8.07881e-06
p_f064_cmp3_n0      =  -8.07445e-06
p_f064_cmp3_p5      =  -1.92320e-06
p_f064_cmp3_n5      =  3.30000e+00
p_f064_cmp2_p0      =  -8.41591e-06
p_f064_cmp2_n0      =  -8.39996e-06
p_f064_cmp2_p5      =  -1.94993e-06
p_f064_cmp2_n5      =  3.30000e+00
p_f064_cmp1_p0      =  -2.99886e-06
p_f064_cmp1_n0      =  -3.03072e-06
p_f064_cmp1_p5      =  -1.62602e-06
p_f064_cmp1_n5      =  3.30000e+00
p_f064_cmp0_p0      =  -8.07865e-06
p_f064_cmp0_n0      =  -8.07067e-06
p_f064_cmp0_p5      =  -1.90648e-06
p_f064_cmp0_n5      =  3.30000e+00
p_f064_dctrl7_p     =  3.30001e+00
p_f064_dctrl7_n     =  3.47605e-01
p_f064_dctrl6_p     =  3.26643e+00
p_f064_dctrl6_n     =  3.05220e-06
p_f064_dctrl5_p     =  3.29964e+00
p_f064_dctrl5_n     =  -1.65024e-06
p_f064_dctrl4_p     =  -1.24768e-07
p_f064_dctrl4_n     =  3.29999e+00
p_f064_dctrl3_p     =  -2.67878e-08
p_f064_dctrl3_n     =  3.30000e+00
p_f064_dctrl2_p     =  -1.36160e-08
p_f064_dctrl2_n     =  3.30000e+00
p_f064_dctrl1_p     =  -6.55341e-09
p_f064_dctrl1_n     =  3.30000e+00
p_f064_do7_drv_470  =  3.30000e+00
p_f064_do7_rx_470   =  3.30000e+00
p_f064_do6_drv_470  =  3.30000e+00
p_f064_do6_rx_470   =  3.30000e+00
p_f064_do5_drv_470  =  3.30000e+00
p_f064_do5_rx_470   =  3.30000e+00
p_f064_do4_drv_470  =  0.00000e+00
p_f064_do4_rx_470   =  4.08882e-312
p_f064_do3_drv_470  =  0.00000e+00
p_f064_do3_rx_470   =  4.08882e-312
p_f064_do2_drv_470  =  0.00000e+00
p_f064_do2_rx_470   =  1.41842e-268
p_f064_do1_drv_470  =  0.00000e+00
p_f064_do1_rx_470   =  4.08882e-312
p_f064_do0_drv_470  =  0.00000e+00
p_f064_do0_rx_470   =  1.41842e-268
p_f064_do7_drv_480  =  3.30000e+00
p_f064_do7_rx_480   =  3.30000e+00
p_f064_do6_drv_480  =  3.30000e+00
p_f064_do6_rx_480   =  3.30000e+00
p_f064_do5_drv_480  =  3.30000e+00
p_f064_do5_rx_480   =  3.30000e+00
p_f064_do4_drv_480  =  0.00000e+00
p_f064_do4_rx_480   =  4.08882e-312
p_f064_do3_drv_480  =  0.00000e+00
p_f064_do3_rx_480   =  4.08882e-312
p_f064_do2_drv_480  =  0.00000e+00
p_f064_do2_rx_480   =  4.97991e-297
p_f064_do1_drv_480  =  0.00000e+00
p_f064_do1_rx_480   =  4.08882e-312
p_f064_do0_drv_480  =  0.00000e+00
p_f064_do0_rx_480   =  4.97991e-297
p_f065_cmp7_p0      =  -3.16750e-06
p_f065_cmp7_n0      =  -3.20122e-06
p_f065_cmp7_p5      =  3.30000e+00
p_f065_cmp7_n5      =  -1.82837e-06
p_f065_cmp6_p0      =  -8.60588e-06
p_f065_cmp6_n0      =  -8.57170e-06
p_f065_cmp6_p5      =  3.30000e+00
p_f065_cmp6_n5      =  -2.07209e-06
p_f065_cmp5_p0      =  -3.05255e-06
p_f065_cmp5_n0      =  -3.08599e-06
p_f065_cmp5_p5      =  3.30000e+00
p_f065_cmp5_n5      =  -1.69953e-06
p_f065_cmp4_p0      =  -3.24328e-06
p_f065_cmp4_n0      =  -3.27686e-06
p_f065_cmp4_p5      =  3.30000e+00
p_f065_cmp4_n5      =  -1.70391e-06
p_f065_cmp3_p0      =  -8.20523e-06
p_f065_cmp3_n0      =  -8.19742e-06
p_f065_cmp3_p5      =  -1.93382e-06
p_f065_cmp3_n5      =  3.30000e+00
p_f065_cmp2_p0      =  -8.54244e-06
p_f065_cmp2_n0      =  -8.52293e-06
p_f065_cmp2_p5      =  -1.96237e-06
p_f065_cmp2_n5      =  3.30000e+00
p_f065_cmp1_p0      =  -3.21967e-06
p_f065_cmp1_n0      =  -3.25150e-06
p_f065_cmp1_p5      =  -1.63602e-06
p_f065_cmp1_n5      =  3.30000e+00
p_f065_cmp0_p0      =  -8.20501e-06
p_f065_cmp0_n0      =  -8.19398e-06
p_f065_cmp0_p5      =  -1.96387e-06
p_f065_cmp0_n5      =  3.30000e+00
p_f065_dctrl7_p     =  3.30001e+00
p_f065_dctrl7_n     =  3.47773e-01
p_f065_dctrl6_p     =  3.26640e+00
p_f065_dctrl6_n     =  3.44171e-06
p_f065_dctrl5_p     =  3.29964e+00
p_f065_dctrl5_n     =  -1.46482e-06
p_f065_dctrl4_p     =  3.29999e+00
p_f065_dctrl4_n     =  -1.42705e-07
p_f065_dctrl3_p     =  -2.67121e-08
p_f065_dctrl3_n     =  3.30000e+00
p_f065_dctrl2_p     =  -1.34079e-08
p_f065_dctrl2_n     =  3.30000e+00
p_f065_dctrl1_p     =  -6.49882e-09
p_f065_dctrl1_n     =  3.30000e+00
p_f065_do7_drv_470  =  3.30000e+00
p_f065_do7_rx_470   =  3.30000e+00
p_f065_do6_drv_470  =  3.30000e+00
p_f065_do6_rx_470   =  3.30000e+00
p_f065_do5_drv_470  =  3.30000e+00
p_f065_do5_rx_470   =  3.30000e+00
p_f065_do4_drv_470  =  3.30000e+00
p_f065_do4_rx_470   =  3.30000e+00
p_f065_do3_drv_470  =  0.00000e+00
p_f065_do3_rx_470   =  4.08882e-312
p_f065_do2_drv_470  =  0.00000e+00
p_f065_do2_rx_470   =  4.08882e-312
p_f065_do1_drv_470  =  0.00000e+00
p_f065_do1_rx_470   =  4.08882e-312
p_f065_do0_drv_470  =  0.00000e+00
p_f065_do0_rx_470   =  4.08882e-312
p_f065_do7_drv_480  =  3.30000e+00
p_f065_do7_rx_480   =  3.30000e+00
p_f065_do6_drv_480  =  3.30000e+00
p_f065_do6_rx_480   =  3.30000e+00
p_f065_do5_drv_480  =  3.30000e+00
p_f065_do5_rx_480   =  3.30000e+00
p_f065_do4_drv_480  =  3.30000e+00
p_f065_do4_rx_480   =  3.30000e+00
p_f065_do3_drv_480  =  0.00000e+00
p_f065_do3_rx_480   =  4.08882e-312
p_f065_do2_drv_480  =  0.00000e+00
p_f065_do2_rx_480   =  4.08882e-312
p_f065_do1_drv_480  =  0.00000e+00
p_f065_do1_rx_480   =  4.08882e-312
p_f065_do0_drv_480  =  0.00000e+00
p_f065_do0_rx_480   =  4.08882e-312
p_f066_cmp7_p0      =  -3.21361e-06
p_f066_cmp7_n0      =  -3.24763e-06
p_f066_cmp7_p5      =  3.30000e+00
p_f066_cmp7_n5      =  -1.81287e-06
p_f066_cmp6_p0      =  -7.53461e-06
p_f066_cmp6_n0      =  -7.49488e-06
p_f066_cmp6_p5      =  3.30000e+00
p_f066_cmp6_n5      =  -2.08080e-06
p_f066_cmp5_p0      =  -3.11422e-06
p_f066_cmp5_n0      =  -3.14640e-06
p_f066_cmp5_p5      =  -1.64955e-06
p_f066_cmp5_n5      =  3.30000e+00
p_f066_cmp4_p0      =  -3.30392e-06
p_f066_cmp4_n0      =  -3.33674e-06
p_f066_cmp4_p5      =  -1.66164e-06
p_f066_cmp4_n5      =  3.30000e+00
p_f066_cmp3_p0      =  -8.29260e-06
p_f066_cmp3_n0      =  -8.27451e-06
p_f066_cmp3_p5      =  3.30000e+00
p_f066_cmp3_n5      =  -2.00864e-06
p_f066_cmp2_p0      =  -8.62826e-06
p_f066_cmp2_n0      =  -8.60220e-06
p_f066_cmp2_p5      =  3.30000e+00
p_f066_cmp2_n5      =  -2.03006e-06
p_f066_cmp1_p0      =  -3.14808e-06
p_f066_cmp1_n0      =  -3.18064e-06
p_f066_cmp1_p5      =  -1.64239e-06
p_f066_cmp1_n5      =  3.30000e+00
p_f066_cmp0_p0      =  -8.28961e-06
p_f066_cmp0_n0      =  -8.27561e-06
p_f066_cmp0_p5      =  -1.92920e-06
p_f066_cmp0_n5      =  3.30000e+00
p_f066_dctrl7_p     =  3.30001e+00
p_f066_dctrl7_n     =  3.47881e-01
p_f066_dctrl6_p     =  3.26638e+00
p_f066_dctrl6_n     =  2.39133e-06
p_f066_dctrl5_p     =  -1.05964e-06
p_f066_dctrl5_n     =  3.29964e+00
p_f066_dctrl4_p     =  -1.41065e-07
p_f066_dctrl4_n     =  3.29999e+00
p_f066_dctrl3_p     =  3.30000e+00
p_f066_dctrl3_n     =  -2.73059e-08
p_f066_dctrl2_p     =  3.30000e+00
p_f066_dctrl2_n     =  -1.36061e-08
p_f066_dctrl1_p     =  -6.51581e-09
p_f066_dctrl1_n     =  3.30000e+00
p_f066_do7_drv_470  =  3.30000e+00
p_f066_do7_rx_470   =  3.30000e+00
p_f066_do6_drv_470  =  3.30000e+00
p_f066_do6_rx_470   =  3.30000e+00
p_f066_do5_drv_470  =  0.00000e+00
p_f066_do5_rx_470   =  1.47853e-268
p_f066_do4_drv_470  =  0.00000e+00
p_f066_do4_rx_470   =  1.47853e-268
p_f066_do3_drv_470  =  3.30000e+00
p_f066_do3_rx_470   =  3.30000e+00
p_f066_do2_drv_470  =  3.30000e+00
p_f066_do2_rx_470   =  3.30000e+00
p_f066_do1_drv_470  =  0.00000e+00
p_f066_do1_rx_470   =  4.08882e-312
p_f066_do0_drv_470  =  0.00000e+00
p_f066_do0_rx_470   =  4.08882e-312
p_f066_do7_drv_480  =  3.30000e+00
p_f066_do7_rx_480   =  3.30000e+00
p_f066_do6_drv_480  =  3.30000e+00
p_f066_do6_rx_480   =  3.30000e+00
p_f066_do5_drv_480  =  0.00000e+00
p_f066_do5_rx_480   =  5.19095e-297
p_f066_do4_drv_480  =  0.00000e+00
p_f066_do4_rx_480   =  5.19095e-297
p_f066_do3_drv_480  =  3.30000e+00
p_f066_do3_rx_480   =  3.30000e+00
p_f066_do2_drv_480  =  3.30000e+00
p_f066_do2_rx_480   =  3.30000e+00
p_f066_do1_drv_480  =  0.00000e+00
p_f066_do1_rx_480   =  4.08882e-312
p_f066_do0_drv_480  =  0.00000e+00
p_f066_do0_rx_480   =  4.08882e-312
p_f067_cmp7_p0      =  -3.09309e-06
p_f067_cmp7_n0      =  -3.12632e-06
p_f067_cmp7_p5      =  3.30000e+00
p_f067_cmp7_n5      =  -1.79348e-06
p_f067_cmp6_p0      =  -8.55606e-06
p_f067_cmp6_n0      =  -8.54285e-06
p_f067_cmp6_p5      =  -2.00550e-06
p_f067_cmp6_n5      =  3.30000e+00
p_f067_cmp5_p0      =  -3.03128e-06
p_f067_cmp5_n0      =  -3.06313e-06
p_f067_cmp5_p5      =  -1.63957e-06
p_f067_cmp5_n5      =  3.30000e+00
p_f067_cmp4_p0      =  -3.21767e-06
p_f067_cmp4_n0      =  -3.24995e-06
p_f067_cmp4_p5      =  -1.65674e-06
p_f067_cmp4_n5      =  3.30000e+00
p_f067_cmp3_p0      =  -8.16307e-06
p_f067_cmp3_n0      =  -8.15376e-06
p_f067_cmp3_p5      =  -1.92425e-06
p_f067_cmp3_n5      =  3.30000e+00
p_f067_cmp2_p0      =  -8.50257e-06
p_f067_cmp2_n0      =  -8.47907e-06
p_f067_cmp2_p5      =  3.30000e+00
p_f067_cmp2_n5      =  -2.02501e-06
p_f067_cmp1_p0      =  -3.05820e-06
p_f067_cmp1_n0      =  -3.09091e-06
p_f067_cmp1_p5      =  3.30000e+00
p_f067_cmp1_n5      =  -1.68354e-06
p_f067_cmp0_p0      =  -8.16277e-06
p_f067_cmp0_n0      =  -8.15311e-06
p_f067_cmp0_p5      =  -1.92210e-06
p_f067_cmp0_n5      =  3.30000e+00
p_f067_dctrl7_p     =  3.30001e+00
p_f067_dctrl7_n     =  3.47710e-01
p_f067_dctrl6_p     =  3.06431e-05
p_f067_dctrl6_n     =  3.26639e+00
p_f067_dctrl5_p     =  -1.14619e-06
p_f067_dctrl5_n     =  3.29965e+00
p_f067_dctrl4_p     =  -1.28594e-07
p_f067_dctrl4_n     =  3.29999e+00
p_f067_dctrl3_p     =  -2.88695e-08
p_f067_dctrl3_n     =  3.30000e+00
p_f067_dctrl2_p     =  3.30000e+00
p_f067_dctrl2_n     =  -1.33489e-08
p_f067_dctrl1_p     =  3.30000e+00
p_f067_dctrl1_n     =  -6.65299e-09
p_f067_do7_drv_470  =  3.30000e+00
p_f067_do7_rx_470   =  3.30000e+00
p_f067_do6_drv_470  =  0.00000e+00
p_f067_do6_rx_470   =  1.45692e-268
p_f067_do5_drv_470  =  0.00000e+00
p_f067_do5_rx_470   =  4.08882e-312
p_f067_do4_drv_470  =  0.00000e+00
p_f067_do4_rx_470   =  4.08882e-312
p_f067_do3_drv_470  =  0.00000e+00
p_f067_do3_rx_470   =  1.45692e-268
p_f067_do2_drv_470  =  3.30000e+00
p_f067_do2_rx_470   =  3.30000e+00
p_f067_do1_drv_470  =  3.30000e+00
p_f067_do1_rx_470   =  3.30000e+00
p_f067_do0_drv_470  =  0.00000e+00
p_f067_do0_rx_470   =  4.08882e-312
p_f067_do7_drv_480  =  3.30000e+00
p_f067_do7_rx_480   =  3.30000e+00
p_f067_do6_drv_480  =  0.00000e+00
p_f067_do6_rx_480   =  5.11506e-297
p_f067_do5_drv_480  =  0.00000e+00
p_f067_do5_rx_480   =  4.08882e-312
p_f067_do4_drv_480  =  0.00000e+00
p_f067_do4_rx_480   =  4.08882e-312
p_f067_do3_drv_480  =  0.00000e+00
p_f067_do3_rx_480   =  5.11506e-297
p_f067_do2_drv_480  =  3.30000e+00
p_f067_do2_rx_480   =  3.30000e+00
p_f067_do1_drv_480  =  3.30000e+00
p_f067_do1_rx_480   =  3.30000e+00
p_f067_do0_drv_480  =  0.00000e+00
p_f067_do0_rx_480   =  4.08882e-312
ngspice-46 done
