
Note: Compatibility modes selected: hs a

Warning: m=xx on .subckt line will override multiplier m hierarchy!


Circuit: * a44 actual analog core with fixed tt timed behavioral sar control.

Reducing trtol to 1 for xspice 'A' devices
Doing analysis at TEMP = 27.000000 and TNOM = 27.000000

Using SPARSE 1.3 as Direct Linear Solver

Initial Transient Solution
--------------------------

Node                                   Voltage
----                                   -------
vdd                                        3.3
vrefp_src                                  2.5
vrefp                                      2.5
vrefp_cap                                  2.5
vrefn_src                                  0.8
vrefn                                      0.8
vrefn_cap                                  0.8
vinp_src                               2.29141
vinn_src                               1.00859
vinp                                   2.29141
vinn                                   1.00859
clks_src                                     0
clks                                         0
cmp_noise                         -0.000193823
xcore.xcdacp.vbot1                         2.5
dctrlp1                                      0
xcore.vresp_raw                     0.00113609
xcore.xcdacp.vbot2                         2.5
dctrlp2                                      0
xcore.xcdacp.vbot3                         2.5
dctrlp3                                      0
xcore.xcdacp.vbot4                         2.5
dctrlp4                                      0
xcore.xcdacp.vbot5                         2.5
dctrlp5                                      0
xcore.xcdacp.vbot6                         2.5
dctrlp6                                      0
xcore.xcdacp.vbot7                         2.5
dctrlp7                                      0
xcore.xcdacp.x1.clksb                      3.3
xcore.xcdacp.x1.net2               1.56817e-10
xcore.xcdacp.x1.net1                       3.3
xcore.xcdacp.x1.bottom_gate        6.12851e-09
xcore.xcdacp.x1.net4               3.06704e-09
xcore.xcdacp.x1.net3                       3.3
xcore.xcdacn.vbot1                         2.5
dctrln1                                      0
xcore.vresn_raw                    0.000519194
xcore.xcdacn.vbot2                         2.5
dctrln2                                      0
xcore.xcdacn.vbot3                         2.5
dctrln3                                      0
xcore.xcdacn.vbot4                         2.5
dctrln4                                      0
xcore.xcdacn.vbot5                         2.5
dctrln5                                      0
xcore.xcdacn.vbot6                         2.5
dctrln6                                      0
xcore.xcdacn.vbot7                         2.5
dctrln7                                      0
xcore.xcdacn.x1.clksb                      3.3
xcore.xcdacn.x1.net2               1.19237e-10
xcore.xcdacn.x1.net1                       3.3
xcore.xcdacn.x1.bottom_gate        6.13348e-09
xcore.xcdacn.x1.net4               3.06613e-09
xcore.xcdacn.x1.net3                       3.3
vresp                               0.00103917
vresn                              0.000616106
xcore.xcmp.net1                       0.022172
cmpck                                        0
xcore.xcmp.xp                              3.3
xcore.xcmp.xn                              3.3
xcore.xcmp.ln                              3.3
xcore.xcmp.lp                              3.3
dcmpn                              3.70283e-09
dcmpp                              3.67499e-09
sampled_diff                       0.000423069
input_diff                             1.28282
cmpck_drv                                    0
dctrlp7_drv                                  0
dctrlp6_drv                                  0
dctrlp5_drv                                  0
dctrlp4_drv                                  0
dctrlp3_drv                                  0
dctrlp2_drv                                  0
dctrlp1_drv                                  0
dctrln7_drv                                  0
dctrln6_drv                                  0
dctrln5_drv                                  0
dctrln4_drv                                  0
dctrln3_drv                                  0
dctrln2_drv                                  0
dctrln1_drv                                  0
dout7_drv                                    0
dout6_drv                                    0
dout5_drv                                    0
dout4_drv                                    0
dout3_drv                                    0
dout2_drv                                    0
dout1_drv                                    0
dout0_drv                                    0
eoc                                          0
invalid0                                     0
timeout0                                     0
complete                                     0
dout7_rx                                     0
dout6_rx                                     0
dout5_rx                                     0
dout4_rx                                     0
dout3_rx                                     0
dout2_rx                                     0
dout1_rx                                     0
dout0_rx                                     0
e_input_diff#branch               -1.28282e-10
e_sample_diff#branch              -4.23069e-14
e.xcore.e_cmp_noise_n#branch      -6.16106e-14
e.xcore.e_cmp_noise_p#branch      -1.03917e-13
vcmp_noise#branch                  1.93823e-14
vclks_id#branch                              0
vvinn_id#branch                   -4.15733e-10
vvinp_id#branch                   -9.44478e-10
vvrefn_id#branch                  -1.76652e-09
vvrefp_id#branch                  -1.52081e-08
vvdd#branch                       -1.77528e-08
a_status#branch_1_0                          0
a_status#branch_1_1                          0
a_status#branch_1_2                          0
a_status#branch_1_3                          0
a_dout#branch_1_0                            0
a_dout#branch_1_1                            0
a_dout#branch_1_2                            0
a_dout#branch_1_3                            0
a_dout#branch_1_4                            0
a_dout#branch_1_5                            0
a_dout#branch_1_6                            0
a_dout#branch_1_7                            0
a_dctrln#branch_1_0                          0
a_dctrln#branch_1_1                          0
a_dctrln#branch_1_2                          0
a_dctrln#branch_1_3                          0
a_dctrln#branch_1_4                          0
a_dctrln#branch_1_5                          0
a_dctrln#branch_1_6                          0
a_dctrlp#branch_1_0                          0
a_dctrlp#branch_1_1                          0
a_dctrlp#branch_1_2                          0
a_dctrlp#branch_1_3                          0
a_dctrlp#branch_1_4                          0
a_dctrlp#branch_1_5                          0
a_dctrlp#branch_1_6                          0
a_cmpck#branch_1_0                           0


Instance: abeh   Message: WARNING: output scheduled with impossible delay (-4.01e-12) at 5.01e-12/0.

Instance: abeh   Message: XSPICE time is behind vtime:
XSPICE 2.00518813265629e-07
Cosim  2.00548e-07

Instance: abeh   Message: XSPICE time is behind vtime:
XSPICE 7.005204992106112e-07
Cosim  7.00554e-07

Instance: abeh   Message: XSPICE time is behind vtime:
XSPICE 1.200532989108912e-06
Cosim  1.200548e-06

Instance: abeh   Message: XSPICE time is behind vtime:
XSPICE 2.200529724841862e-06
Cosim  2.200538e-06

Instance: abeh   Message: XSPICE time is behind vtime:
XSPICE 2.700517504310651e-06
Cosim  2.700551e-06

Instance: abeh   Message: XSPICE time is behind vtime:
XSPICE 3.200515963177518e-06
Cosim  3.200549e-06

Instance: abeh   Message: XSPICE time is behind vtime:
XSPICE 4.700531143000021e-06
Cosim  4.700556e-06

Instance: abeh   Message: XSPICE time is behind vtime:
XSPICE 5.200517499214122e-06
Cosim  5.200551e-06

Instance: abeh   Message: XSPICE time is behind vtime:
XSPICE 5.700527555094571e-06
Cosim  5.700548e-06

Instance: abeh   Message: XSPICE time is behind vtime:
XSPICE 7.200516504302688e-06
Cosim  7.20055e-06

Instance: abeh   Message: XSPICE time is behind vtime:
XSPICE 7.700517504303752e-06
Cosim  7.700551e-06

Instance: abeh   Message: XSPICE time is behind vtime:
XSPICE 9.200528078011803e-06
Cosim  9.200547999999999e-06

Instance: abeh   Message: XSPICE time is behind vtime:
XSPICE 9.700517499211781e-06
Cosim  9.700550999999999e-06

Instance: abeh   Message: XSPICE time is behind vtime:
XSPICE 1.020050667685597e-05
Cosim  1.0200532e-05

Instance: abeh   Message: XSPICE time is behind vtime:
XSPICE 1.170051628928539e-05
Cosim  1.1700549e-05

Instance: abeh   Message: XSPICE time is behind vtime:
XSPICE 1.220051850431281e-05
Cosim  1.2200552e-05

Instance: abeh   Message: XSPICE time is behind vtime:
XSPICE 1.270052810253621e-05
Cosim  1.2700537e-05

Instance: abeh   Message: XSPICE time is behind vtime:
XSPICE 1.370054156629839e-05
Cosim  1.3700556e-05

Instance: abeh   Message: XSPICE time is behind vtime:
XSPICE 1.420052049920914e-05
Cosim  1.4200554e-05

Instance: abeh   Message: XSPICE time is behind vtime:
XSPICE 1.470052241639406e-05
Cosim  1.4700552e-05

Instance: abeh   Message: XSPICE time is behind vtime:
XSPICE 1.620051797144899e-05
Cosim  1.6200547e-05

Instance: abeh   Message: XSPICE time is behind vtime:
XSPICE 1.670049950431893e-05
Cosim  1.6700533e-05

Instance: abeh   Message: XSPICE time is behind vtime:
XSPICE 1.720054115349112e-05
Cosim  1.7200556e-05

Instance: abeh   Message: XSPICE time is behind vtime:
XSPICE 1.820053055981438e-05
Cosim  1.8200539e-05

Instance: abeh   Message: XSPICE time is behind vtime:
XSPICE 1.870050249920161e-05
Cosim  1.8700536e-05

Instance: abeh   Message: XSPICE time is behind vtime:
XSPICE 1.920051380701618e-05
Cosim  1.9200547e-05

Instance: abeh   Message: XSPICE time is behind vtime:
XSPICE 2.070050529642302e-05
Cosim  2.070053e-05

Instance: abeh   Message: XSPICE time is behind vtime:
XSPICE 2.1200496504324e-05
Cosim  2.120053e-05

Instance: abeh   Message: XSPICE time is behind vtime:
XSPICE 2.170053071408173e-05
Cosim  2.1700551e-05

Instance: abeh   Message: XSPICE time is behind vtime:
XSPICE 2.320052049919355e-05
Cosim  2.3200554e-05

Instance: abeh   Message: XSPICE time is behind vtime:
XSPICE 2.370052349919336e-05
Cosim  2.3700557e-05

Instance: abeh   Message: XSPICE time is behind vtime:
XSPICE 2.520053123198358e-05
Cosim  2.5200551e-05

Instance: abeh   Message: XSPICE time is behind vtime:
XSPICE 2.570050150432267e-05
Cosim  2.5700535e-05

Instance: abeh   Message: XSPICE time is behind vtime:
XSPICE 2.620050783617702e-05
Cosim  2.6200533e-05

Instance: abeh   Message: XSPICE time is behind vtime:
XSPICE 2.770051513590311e-05
Cosim  2.7700548e-05

Instance: abeh   Message: XSPICE time is behind vtime:
XSPICE 2.820052349920126e-05
Cosim  2.8200557e-05

Instance: abeh   Message: XSPICE time is behind vtime:
XSPICE 2.870052794155436e-05
Cosim  2.8700537e-05

Instance: abeh   Message: XSPICE time is behind vtime:
XSPICE 2.970054171851897e-05
Cosim  2.9700556e-05

Instance: abeh   Message: XSPICE time is behind vtime:
XSPICE 3.020049950431804e-05
Cosim  3.0200533e-05

Instance: abeh   Message: XSPICE time is behind vtime:
XSPICE 3.07005155734933e-05
Cosim  3.0700545e-05

Instance: abeh   Message: XSPICE time is behind vtime:
XSPICE 3.220051881635311e-05
Cosim  3.2200548e-05

Instance: abeh   Message: XSPICE time is behind vtime:
XSPICE 3.270052049920811e-05
Cosim  3.2700554e-05

Instance: abeh   Message: XSPICE time is behind vtime:
XSPICE 3.320053298986636e-05
Cosim  3.3200548e-05

No. of Data Rows : 735159
f000_d7             =  3.30000e+00
f000_d6             =  3.30000e+00
f000_d5             =  3.30000e+00
f000_d4             =  0.00000e+00
f000_d3             =  0.00000e+00
f000_d2             =  0.00000e+00
f000_d1             =  0.00000e+00
f000_d0             =  0.00000e+00
f000_complete       =  3.30000e+00
f000_invalid        =  0.00000e+00
f000_timeout        =  0.00000e+00
f000_sampled        =  1.28263e+00
f000_input          =  1.28282e+00
f000_tcomplete      =  3.75498e-07
f001_d7             =  3.30000e+00
f001_d6             =  3.30000e+00
f001_d5             =  3.30000e+00
f001_d4             =  0.00000e+00
f001_d3             =  3.30000e+00
f001_d2             =  3.30000e+00
f001_d1             =  3.30000e+00
f001_d0             =  3.30000e+00
f001_complete       =  3.30000e+00
f001_invalid        =  0.00000e+00
f001_timeout        =  0.00000e+00
f001_sampled        =  1.48490e+00
f001_input          =  1.48476e+00
f001_tcomplete      =  8.75504e-07
f002_d7             =  3.30000e+00
f002_d6             =  3.30000e+00
f002_d5             =  5.21109e-297
f002_d4             =  0.00000e+00
f002_d3             =  3.30000e+00
f002_d2             =  5.21109e-297
f002_d1             =  3.30000e+00
f002_d0             =  3.30000e+00
f002_complete       =  3.30000e+00
f002_invalid        =  0.00000e+00
f002_timeout        =  0.00000e+00
f002_sampled        =  1.01281e+00
f002_input          =  1.01280e+00
f002_tcomplete      =  1.37550e-06
f003_d7             =  3.30000e+00
f003_d6             =  5.09091e-297
f003_d5             =  4.08882e-312
f003_d4             =  0.00000e+00
f003_d3             =  5.09091e-297
f003_d2             =  3.30000e+00
f003_d1             =  5.09091e-297
f003_d0             =  3.30000e+00
f003_complete       =  3.30000e+00
f003_invalid        =  0.00000e+00
f003_timeout        =  0.00000e+00
f003_sampled        =  8.09456e-02
f003_input          =  8.08336e-02
f003_tcomplete      =  1.87550e-06
f004_d7             =  4.70306e-297
f004_d6             =  4.08882e-312
f004_d5             =  3.30000e+00
f004_d4             =  3.30000e+00
f004_d3             =  3.30000e+00
f004_d2             =  3.30000e+00
f004_d1             =  4.08882e-312
f004_d0             =  4.70306e-297
f004_complete       =  3.30000e+00
f004_invalid        =  0.00000e+00
f004_timeout        =  0.00000e+00
f004_sampled        =  -8.86420e-01
f004_input          =  -8.87626e-01
f004_tcomplete      =  2.37549e-06
f005_d7             =  4.08882e-312
f005_d6             =  4.08882e-312
f005_d5             =  5.12701e-297
f005_d4             =  3.30000e+00
f005_d3             =  5.12701e-297
f005_d2             =  5.12701e-297
f005_d1             =  4.08882e-312
f005_d0             =  3.30000e+00
f005_complete       =  3.30000e+00
f005_invalid        =  0.00000e+00
f005_timeout        =  0.00000e+00
f005_sampled        =  -1.45315e+00
f005_input          =  -1.45320e+00
f005_tcomplete      =  2.87550e-06
f006_d7             =  4.08882e-312
f006_d6             =  4.08882e-312
f006_d5             =  4.08882e-312
f006_d4             =  3.30000e+00
f006_d3             =  3.30000e+00
f006_d2             =  4.08882e-312
f006_d1             =  4.08882e-312
f006_d0             =  5.19047e-297
f006_complete       =  3.30000e+00
f006_invalid        =  0.00000e+00
f006_timeout        =  0.00000e+00
f006_sampled        =  -1.36059e+00
f006_input          =  -1.35909e+00
f006_tcomplete      =  3.37550e-06
f007_d7             =  4.08882e-312
f007_d6             =  3.30000e+00
f007_d5             =  4.08882e-312
f007_d4             =  5.15745e-297
f007_d3             =  3.30000e+00
f007_d2             =  3.30000e+00
f007_d1             =  3.30000e+00
f007_d0             =  4.08882e-312
f007_complete       =  3.30000e+00
f007_invalid        =  0.00000e+00
f007_timeout        =  0.00000e+00
f007_sampled        =  -6.47233e-01
f007_input          =  -6.48017e-01
f007_tcomplete      =  3.87550e-06
f008_d7             =  3.30000e+00
f008_d6             =  4.48894e-297
f008_d5             =  4.08882e-312
f008_d4             =  3.30000e+00
f008_d3             =  3.30000e+00
f008_d2             =  4.48894e-297
f008_d1             =  3.30000e+00
f008_d0             =  4.08882e-312
f008_complete       =  3.30000e+00
f008_invalid        =  0.00000e+00
f008_timeout        =  0.00000e+00
f008_sampled        =  3.56033e-01
f008_input          =  3.57292e-01
f008_tcomplete      =  4.37548e-06
f009_d7             =  3.30000e+00
f009_d6             =  3.30000e+00
f009_d5             =  4.08882e-312
f009_d4             =  3.30000e+00
f009_d3             =  3.30000e+00
f009_d2             =  4.08882e-312
f009_d1             =  3.30000e+00
f009_d0             =  4.08882e-312
f009_complete       =  3.30000e+00
f009_invalid        =  0.00000e+00
f009_timeout        =  0.00000e+00
f009_sampled        =  1.19607e+00
f009_input          =  1.20039e+00
f009_tcomplete      =  4.87551e-06
f010_d7             =  3.30000e+00
f010_d6             =  3.30000e+00
f010_d5             =  3.30000e+00
f010_d4             =  3.30000e+00
f010_d3             =  5.07935e-297
f010_d2             =  4.08882e-312
f010_d1             =  5.07935e-297
f010_d0             =  4.08882e-312
f010_complete       =  3.30000e+00
f010_invalid        =  0.00000e+00
f010_timeout        =  0.00000e+00
f010_sampled        =  1.49724e+00
f010_input          =  1.49848e+00
f010_tcomplete      =  5.37550e-06
f011_d7             =  3.30000e+00
f011_d6             =  3.30000e+00
f011_d5             =  5.02256e-297
f011_d4             =  3.30000e+00
f011_d3             =  4.08882e-312
f011_d2             =  3.30000e+00
f011_d1             =  4.08882e-312
f011_d0             =  4.08882e-312
f011_complete       =  3.30000e+00
f011_invalid        =  0.00000e+00
f011_timeout        =  0.00000e+00
f011_sampled        =  1.11505e+00
f011_input          =  1.11632e+00
f011_tcomplete      =  5.87550e-06
f012_d7             =  3.30000e+00
f012_d6             =  5.40150e-297
f012_d5             =  4.08882e-312
f012_d4             =  3.30000e+00
f012_d3             =  4.08882e-312
f012_d2             =  5.40150e-297
f012_d1             =  4.08882e-312
f012_d0             =  4.08882e-312
f012_complete       =  3.30000e+00
f012_invalid        =  0.00000e+00
f012_timeout        =  0.00000e+00
f012_sampled        =  2.25953e-01
f012_input          =  2.27366e-01
f012_tcomplete      =  6.37551e-06
f013_d7             =  4.95862e-297
f013_d6             =  3.30000e+00
f013_d5             =  4.08882e-312
f013_d4             =  4.95862e-297
f013_d3             =  4.08882e-312
f013_d2             =  3.30000e+00
f013_d1             =  3.30000e+00
f013_d0             =  4.08882e-312
f013_complete       =  3.30000e+00
f013_invalid        =  0.00000e+00
f013_timeout        =  0.00000e+00
f013_sampled        =  -7.63571e-01
f013_input          =  -7.64777e-01
f013_tcomplete      =  6.87550e-06
f014_d7             =  4.08882e-312
f014_d6             =  5.03367e-297
f014_d5             =  4.08882e-312
f014_d4             =  3.30000e+00
f014_d3             =  4.08882e-312
f014_d2             =  3.30000e+00
f014_d1             =  5.03367e-297
f014_d0             =  3.30000e+00
f014_complete       =  3.30000e+00
f014_invalid        =  0.00000e+00
f014_timeout        =  0.00000e+00
f014_sampled        =  -1.40853e+00
f014_input          =  -1.40977e+00
f014_tcomplete      =  7.37550e-06
f015_d7             =  4.08882e-312
f015_d6             =  4.08882e-312
f015_d5             =  4.08882e-312
f015_d4             =  3.30000e+00
f015_d3             =  4.08882e-312
f015_d2             =  3.30000e+00
f015_d1             =  4.08882e-312
f015_d0             =  5.27918e-297
f015_complete       =  3.30000e+00
f015_invalid        =  0.00000e+00
f015_timeout        =  0.00000e+00
f015_sampled        =  -1.41730e+00
f015_input          =  -1.41478e+00
f015_tcomplete      =  7.87550e-06
f016_d7             =  4.08882e-312
f016_d6             =  3.30000e+00
f016_d5             =  4.08882e-312
f016_d4             =  4.99917e-297
f016_d3             =  4.08882e-312
f016_d2             =  3.30000e+00
f016_d1             =  4.08882e-312
f016_d0             =  4.08882e-312
f016_complete       =  3.30000e+00
f016_invalid        =  0.00000e+00
f016_timeout        =  0.00000e+00
f016_sampled        =  -7.78892e-01
f016_input          =  -7.77546e-01
f016_tcomplete      =  8.37550e-06
f017_d7             =  3.30000e+00
f017_d6             =  5.44681e-297
f017_d5             =  4.08882e-312
f017_d4             =  4.08882e-312
f017_d3             =  3.30000e+00
f017_d2             =  3.30000e+00
f017_d1             =  3.30000e+00
f017_d0             =  3.30000e+00
f017_complete       =  3.30000e+00
f017_invalid        =  0.00000e+00
f017_timeout        =  0.00000e+00
f017_sampled        =  2.11607e-01
f017_input          =  2.12972e-01
f017_tcomplete      =  8.87551e-06
f018_d7             =  3.30000e+00
f018_d6             =  3.30000e+00
f018_d5             =  4.08882e-312
f018_d4             =  3.30000e+00
f018_d3             =  5.00842e-297
f018_d2             =  5.00842e-297
f018_d1             =  3.30000e+00
f018_d0             =  5.00842e-297
f018_complete       =  3.30000e+00
f018_invalid        =  0.00000e+00
f018_timeout        =  0.00000e+00
f018_sampled        =  1.10747e+00
f018_input          =  1.10638e+00
f018_tcomplete      =  9.37550e-06
f019_d7             =  3.30000e+00
f019_d6             =  3.30000e+00
f019_d5             =  3.30000e+00
f019_d4             =  3.30000e+00
f019_d3             =  4.08882e-312
f019_d2             =  4.08882e-312
f019_d1             =  5.08107e-297
f019_d0             =  4.08882e-312
f019_complete       =  3.30000e+00
f019_invalid        =  0.00000e+00
f019_timeout        =  0.00000e+00
f019_sampled        =  1.49681e+00
f019_input          =  1.49789e+00
f019_tcomplete      =  9.87550e-06
f020_d7             =  3.30000e+00
f020_d6             =  3.30000e+00
f020_d5             =  4.50269e-297
f020_d4             =  3.30000e+00
f020_d3             =  3.30000e+00
f020_d2             =  4.08882e-312
f020_d1             =  3.30000e+00
f020_d0             =  4.08882e-312
f020_complete       =  3.30000e+00
f020_invalid        =  0.00000e+00
f020_timeout        =  0.00000e+00
f020_sampled        =  1.21003e+00
f020_input          =  1.20924e+00
f020_tcomplete      =  1.03755e-05
f021_d7             =  3.30000e+00
f021_d6             =  5.28719e-297
f021_d5             =  4.08882e-312
f021_d4             =  3.30000e+00
f021_d3             =  3.30000e+00
f021_d2             =  4.08882e-312
f021_d1             =  3.30000e+00
f021_d0             =  3.30000e+00
f021_complete       =  3.30000e+00
f021_invalid        =  0.00000e+00
f021_timeout        =  0.00000e+00
f021_sampled        =  3.69284e-01
f021_input          =  3.71602e-01
f021_tcomplete      =  1.08755e-05
f022_d7             =  4.51014e-297
f022_d6             =  3.30000e+00
f022_d5             =  4.08882e-312
f022_d4             =  4.51014e-297
f022_d3             =  3.30000e+00
f022_d2             =  3.30000e+00
f022_d1             =  3.30000e+00
f022_d0             =  3.30000e+00
f022_complete       =  3.30000e+00
f022_invalid        =  0.00000e+00
f022_timeout        =  0.00000e+00
f022_sampled        =  -6.36782e-01
f022_input          =  -6.34713e-01
f022_tcomplete      =  1.13755e-05
f023_d7             =  4.08882e-312
f023_d6             =  5.03506e-297
f023_d5             =  4.08882e-312
f023_d4             =  3.30000e+00
f023_d3             =  3.30000e+00
f023_d2             =  5.03506e-297
f023_d1             =  5.03506e-297
f023_d0             =  3.30000e+00
f023_complete       =  3.30000e+00
f023_invalid        =  0.00000e+00
f023_timeout        =  0.00000e+00
f023_sampled        =  -1.35277e+00
f023_input          =  -1.35289e+00
f023_tcomplete      =  1.18755e-05
f024_d7             =  4.08882e-312
f024_d6             =  4.08882e-312
f024_d5             =  4.08882e-312
f024_d4             =  3.30000e+00
f024_d3             =  5.37505e-297
f024_d2             =  4.08882e-312
f024_d1             =  4.08882e-312
f024_d0             =  3.30000e+00
f024_complete       =  3.30000e+00
f024_invalid        =  0.00000e+00
f024_timeout        =  0.00000e+00
f024_sampled        =  -1.45812e+00
f024_input          =  -1.45672e+00
f024_tcomplete      =  1.23755e-05
f025_d7             =  4.08882e-312
f025_d6             =  4.08882e-312
f025_d5             =  3.30000e+00
f025_d4             =  3.30000e+00
f025_d3             =  3.30000e+00
f025_d2             =  4.08882e-312
f025_d1             =  3.30000e+00
f025_d0             =  3.30000e+00
f025_complete       =  3.30000e+00
f025_invalid        =  0.00000e+00
f025_timeout        =  0.00000e+00
f025_sampled        =  -8.99939e-01
f025_input          =  -8.99458e-01
f025_tcomplete      =  1.28755e-05
f026_d7             =  3.30000e+00
f026_d6             =  4.08882e-312
f026_d5             =  5.04105e-297
f026_d4             =  5.04105e-297
f026_d3             =  5.04105e-297
f026_d2             =  3.30000e+00
f026_d1             =  5.04105e-297
f026_d0             =  5.04105e-297
f026_complete       =  3.30000e+00
f026_invalid        =  0.00000e+00
f026_timeout        =  0.00000e+00
f026_sampled        =  6.42952e-02
f026_input          =  6.61882e-02
f026_tcomplete      =  1.33755e-05
f027_d7             =  3.30000e+00
f027_d6             =  3.30000e+00
f027_d5             =  4.08882e-312
f027_d4             =  4.08882e-312
f027_d3             =  3.30000e+00
f027_d2             =  5.23462e-297
f027_d1             =  3.30000e+00
f027_d0             =  3.30000e+00
f027_complete       =  3.30000e+00
f027_invalid        =  0.00000e+00
f027_timeout        =  0.00000e+00
f027_sampled        =  1.00179e+00
f027_input          =  1.00183e+00
f027_tcomplete      =  1.38755e-05
f028_d7             =  3.30000e+00
f028_d6             =  3.30000e+00
f028_d5             =  3.30000e+00
f028_d4             =  4.08882e-312
f028_d3             =  3.30000e+00
f028_d2             =  3.30000e+00
f028_d1             =  3.30000e+00
f028_d0             =  3.30000e+00
f028_complete       =  3.30000e+00
f028_invalid        =  0.00000e+00
f028_timeout        =  0.00000e+00
f028_sampled        =  1.48328e+00
f028_input          =  1.48273e+00
f028_tcomplete      =  1.43755e-05
f029_d7             =  3.30000e+00
f029_d6             =  3.30000e+00
f029_d5             =  3.30000e+00
f029_d4             =  4.08882e-312
f029_d3             =  5.32403e-297
f029_d2             =  5.32403e-297
f029_d1             =  5.32403e-297
f029_d0             =  3.30000e+00
f029_complete       =  3.30000e+00
f029_invalid        =  0.00000e+00
f029_timeout        =  0.00000e+00
f029_sampled        =  1.29068e+00
f029_input          =  1.29040e+00
f029_tcomplete      =  1.48755e-05
f030_d7             =  3.30000e+00
f030_d6             =  4.47882e-297
f030_d5             =  3.30000e+00
f030_d4             =  4.08882e-312
f030_d3             =  4.08882e-312
f030_d2             =  3.30000e+00
f030_d1             =  3.30000e+00
f030_d0             =  4.47882e-297
f030_complete       =  3.30000e+00
f030_invalid        =  0.00000e+00
f030_timeout        =  0.00000e+00
f030_sampled        =  5.12273e-01
f030_input          =  5.12303e-01
f030_tcomplete      =  1.53755e-05
f031_d7             =  4.54442e-297
f031_d6             =  3.30000e+00
f031_d5             =  4.54442e-297
f031_d4             =  3.30000e+00
f031_d3             =  3.30000e+00
f031_d2             =  4.54442e-297
f031_d1             =  3.30000e+00
f031_d0             =  4.08882e-312
f031_complete       =  3.30000e+00
f031_invalid        =  0.00000e+00
f031_timeout        =  0.00000e+00
f031_sampled        =  -4.97426e-01
f031_input          =  -4.98448e-01
f031_tcomplete      =  1.58755e-05
f032_d7             =  4.08882e-312
f032_d6             =  4.97182e-297
f032_d5             =  4.08882e-312
f032_d4             =  3.30000e+00
f032_d3             =  3.30000e+00
f032_d2             =  3.30000e+00
f032_d1             =  3.30000e+00
f032_d0             =  3.30000e+00
f032_complete       =  3.30000e+00
f032_invalid        =  0.00000e+00
f032_timeout        =  0.00000e+00
f032_sampled        =  -1.28119e+00
f032_input          =  -1.28279e+00
f032_tcomplete      =  1.63755e-05
f033_d7             =  4.08882e-312
f033_d6             =  4.08882e-312
f033_d5             =  4.08882e-312
f033_d4             =  4.72434e-297
f033_d3             =  3.30000e+00
f033_d2             =  3.30000e+00
f033_d1             =  3.30000e+00
f033_d0             =  3.30000e+00
f033_complete       =  3.30000e+00
f033_invalid        =  0.00000e+00
f033_timeout        =  0.00000e+00
f033_sampled        =  -1.48656e+00
f033_input          =  -1.48477e+00
f033_tcomplete      =  1.68755e-05
f034_d7             =  4.08882e-312
f034_d6             =  4.08882e-312
f034_d5             =  3.30000e+00
f034_d4             =  3.30000e+00
f034_d3             =  5.27815e-297
f034_d2             =  5.27815e-297
f034_d1             =  3.30000e+00
f034_d0             =  3.30000e+00
f034_complete       =  3.30000e+00
f034_invalid        =  0.00000e+00
f034_timeout        =  0.00000e+00
f034_sampled        =  -1.01470e+00
f034_input          =  -1.01272e+00
f034_tcomplete      =  1.73755e-05
f035_d7             =  4.08882e-312
f035_d6             =  3.30000e+00
f035_d5             =  3.30000e+00
f035_d4             =  3.30000e+00
f035_d3             =  3.30000e+00
f035_d2             =  4.08882e-312
f035_d1             =  5.10108e-297
f035_d0             =  3.30000e+00
f035_complete       =  3.30000e+00
f035_invalid        =  0.00000e+00
f035_timeout        =  0.00000e+00
f035_sampled        =  -7.94025e-02
f035_input          =  -8.09499e-02
f035_tcomplete      =  1.78755e-05
f036_d7             =  3.30000e+00
f036_d6             =  3.30000e+00
f036_d5             =  4.73111e-297
f036_d4             =  4.73111e-297
f036_d3             =  4.73111e-297
f036_d2             =  4.08882e-312
f036_d1             =  3.30000e+00
f036_d0             =  4.73111e-297
f036_complete       =  3.30000e+00
f036_invalid        =  0.00000e+00
f036_timeout        =  0.00000e+00
f036_sampled        =  8.89843e-01
f036_input          =  8.87648e-01
f036_tcomplete      =  1.83755e-05
f037_d7             =  3.30000e+00
f037_d6             =  3.30000e+00
f037_d5             =  3.30000e+00
f037_d4             =  4.08882e-312
f037_d3             =  3.30000e+00
f037_d2             =  3.30000e+00
f037_d1             =  4.65948e-297
f037_d0             =  3.30000e+00
f037_complete       =  3.30000e+00
f037_invalid        =  0.00000e+00
f037_timeout        =  0.00000e+00
f037_sampled        =  1.45435e+00
f037_input          =  1.45317e+00
f037_tcomplete      =  1.88755e-05
f038_d7             =  3.30000e+00
f038_d6             =  3.30000e+00
f038_d5             =  3.30000e+00
f038_d4             =  4.08882e-312
f038_d3             =  4.95236e-297
f038_d2             =  3.30000e+00
f038_d1             =  3.30000e+00
f038_d0             =  4.95236e-297
f038_complete       =  3.30000e+00
f038_invalid        =  0.00000e+00
f038_timeout        =  0.00000e+00
f038_sampled        =  1.35942e+00
f038_input          =  1.35916e+00
f038_tcomplete      =  1.93755e-05
f039_d7             =  3.30000e+00
f039_d6             =  5.17400e-297
f039_d5             =  3.30000e+00
f039_d4             =  3.30000e+00
f039_d3             =  4.08882e-312
f039_d2             =  5.17400e-297
f039_d1             =  5.17400e-297
f039_d0             =  4.08882e-312
f039_complete       =  3.30000e+00
f039_invalid        =  0.00000e+00
f039_timeout        =  0.00000e+00
f039_sampled        =  6.50612e-01
f039_input          =  6.47982e-01
f039_tcomplete      =  1.98755e-05
f040_d7             =  5.27880e-297
f040_d6             =  3.30000e+00
f040_d5             =  3.30000e+00
f040_d4             =  5.27880e-297
f040_d3             =  4.08882e-312
f040_d2             =  3.30000e+00
f040_d1             =  4.08882e-312
f040_d0             =  4.08882e-312
f040_complete       =  3.30000e+00
f040_invalid        =  0.00000e+00
f040_timeout        =  0.00000e+00
f040_sampled        =  -3.58285e-01
f040_input          =  -3.57441e-01
f040_tcomplete      =  2.03755e-05
f041_d7             =  4.08882e-312
f041_d6             =  4.40172e-297
f041_d5             =  3.30000e+00
f041_d4             =  4.08882e-312
f041_d3             =  4.08882e-312
f041_d2             =  3.30000e+00
f041_d1             =  4.08882e-312
f041_d0             =  3.30000e+00
f041_complete       =  3.30000e+00
f041_invalid        =  0.00000e+00
f041_timeout        =  0.00000e+00
f041_sampled        =  -1.20094e+00
f041_input          =  -1.20044e+00
f041_tcomplete      =  2.08755e-05
f042_d7             =  4.08882e-312
f042_d6             =  4.08882e-312
f042_d5             =  4.47132e-297
f042_d4             =  4.08882e-312
f042_d3             =  3.30000e+00
f042_d2             =  3.30000e+00
f042_d1             =  3.30000e+00
f042_d0             =  4.47132e-297
f042_complete       =  3.30000e+00
f042_invalid        =  0.00000e+00
f042_timeout        =  0.00000e+00
f042_sampled        =  -1.49797e+00
f042_input          =  -1.49841e+00
f042_tcomplete      =  2.13755e-05
f043_d7             =  4.08882e-312
f043_d6             =  4.08882e-312
f043_d5             =  3.30000e+00
f043_d4             =  4.08882e-312
f043_d3             =  3.30000e+00
f043_d2             =  5.11921e-297
f043_d1             =  3.30000e+00
f043_d0             =  3.30000e+00
f043_complete       =  3.30000e+00
f043_invalid        =  0.00000e+00
f043_timeout        =  0.00000e+00
f043_sampled        =  -1.11917e+00
f043_input          =  -1.11629e+00
f043_tcomplete      =  2.18755e-05
f044_d7             =  4.08882e-312
f044_d6             =  3.30000e+00
f044_d5             =  3.30000e+00
f044_d4             =  4.08882e-312
f044_d3             =  3.30000e+00
f044_d2             =  3.30000e+00
f044_d1             =  3.30000e+00
f044_d0             =  5.22559e-297
f044_complete       =  3.30000e+00
f044_invalid        =  0.00000e+00
f044_timeout        =  0.00000e+00
f044_sampled        =  -2.24939e-01
f044_input          =  -2.27390e-01
f044_tcomplete      =  2.23755e-05
f045_d7             =  3.30000e+00
f045_d6             =  5.03494e-297
f045_d5             =  3.30000e+00
f045_d4             =  3.30000e+00
f045_d3             =  3.30000e+00
f045_d2             =  5.03494e-297
f045_d1             =  5.03494e-297
f045_d0             =  3.30000e+00
f045_complete       =  3.30000e+00
f045_invalid        =  0.00000e+00
f045_timeout        =  0.00000e+00
f045_sampled        =  7.64936e-01
f045_input          =  7.64895e-01
f045_tcomplete      =  2.28755e-05
f046_d7             =  3.30000e+00
f046_d6             =  3.30000e+00
f046_d5             =  3.30000e+00
f046_d4             =  5.19961e-297
f046_d3             =  3.30000e+00
f046_d2             =  4.08882e-312
f046_d1             =  3.30000e+00
f046_d0             =  5.19961e-297
f046_complete       =  3.30000e+00
f046_invalid        =  0.00000e+00
f046_timeout        =  0.00000e+00
f046_sampled        =  1.41055e+00
f046_input          =  1.40977e+00
f046_tcomplete      =  2.33755e-05
f047_d7             =  3.30000e+00
f047_d6             =  3.30000e+00
f047_d5             =  3.30000e+00
f047_d4             =  4.08882e-312
f047_d3             =  3.30000e+00
f047_d2             =  4.08882e-312
f047_d1             =  3.30000e+00
f047_d0             =  4.08882e-312
f047_complete       =  3.30000e+00
f047_invalid        =  0.00000e+00
f047_timeout        =  0.00000e+00
f047_sampled        =  1.41450e+00
f047_input          =  1.41482e+00
f047_tcomplete      =  2.38755e-05
f048_d7             =  3.30000e+00
f048_d6             =  5.13556e-297
f048_d5             =  3.30000e+00
f048_d4             =  3.30000e+00
f048_d3             =  3.30000e+00
f048_d2             =  4.08882e-312
f048_d1             =  3.30000e+00
f048_d0             =  4.08882e-312
f048_complete       =  3.30000e+00
f048_invalid        =  0.00000e+00
f048_timeout        =  0.00000e+00
f048_sampled        =  7.78968e-01
f048_input          =  7.77364e-01
f048_tcomplete      =  2.43755e-05
f049_d7             =  5.34181e-297
f049_d6             =  3.30000e+00
f049_d5             =  3.30000e+00
f049_d4             =  5.34181e-297
f049_d3             =  3.30000e+00
f049_d2             =  3.30000e+00
f049_d1             =  3.30000e+00
f049_d0             =  3.30000e+00
f049_complete       =  3.30000e+00
f049_invalid        =  0.00000e+00
f049_timeout        =  0.00000e+00
f049_sampled        =  -2.14638e-01
f049_input          =  -2.12854e-01
f049_tcomplete      =  2.48755e-05
f050_d7             =  4.08882e-312
f050_d6             =  5.32611e-297
f050_d5             =  3.30000e+00
f050_d4             =  4.08882e-312
f050_d3             =  3.30000e+00
f050_d2             =  3.30000e+00
f050_d1             =  5.32611e-297
f050_d0             =  5.32611e-297
f050_complete       =  3.30000e+00
f050_invalid        =  0.00000e+00
f050_timeout        =  0.00000e+00
f050_sampled        =  -1.10345e+00
f050_input          =  -1.10647e+00
f050_tcomplete      =  2.53755e-05
f051_d7             =  4.08882e-312
f051_d6             =  4.08882e-312
f051_d5             =  4.61351e-297
f051_d4             =  4.08882e-312
f051_d3             =  3.30000e+00
f051_d2             =  3.30000e+00
f051_d1             =  3.30000e+00
f051_d0             =  4.08882e-312
f051_complete       =  3.30000e+00
f051_invalid        =  0.00000e+00
f051_timeout        =  0.00000e+00
f051_sampled        =  -1.49606e+00
f051_input          =  -1.49787e+00
f051_tcomplete      =  2.58755e-05
f052_d7             =  4.08882e-312
f052_d6             =  4.08882e-312
f052_d5             =  3.30000e+00
f052_d4             =  4.08882e-312
f052_d3             =  4.55111e-297
f052_d2             =  3.30000e+00
f052_d1             =  4.55111e-297
f052_d0             =  4.08882e-312
f052_complete       =  3.30000e+00
f052_invalid        =  0.00000e+00
f052_timeout        =  0.00000e+00
f052_sampled        =  -1.20720e+00
f052_input          =  -1.20919e+00
f052_tcomplete      =  2.63755e-05
f053_d7             =  4.08882e-312
f053_d6             =  3.30000e+00
f053_d5             =  3.30000e+00
f053_d4             =  4.08882e-312
f053_d3             =  4.08882e-312
f053_d2             =  4.48336e-297
f053_d1             =  3.30000e+00
f053_d0             =  3.30000e+00
f053_complete       =  3.30000e+00
f053_invalid        =  0.00000e+00
f053_timeout        =  0.00000e+00
f053_sampled        =  -3.70507e-01
f053_input          =  -3.71579e-01
f053_tcomplete      =  2.68755e-05
f054_d7             =  3.30000e+00
f054_d6             =  5.24869e-297
f054_d5             =  3.30000e+00
f054_d4             =  4.08882e-312
f054_d3             =  3.30000e+00
f054_d2             =  3.30000e+00
f054_d1             =  3.30000e+00
f054_d0             =  3.30000e+00
f054_complete       =  3.30000e+00
f054_invalid        =  0.00000e+00
f054_timeout        =  0.00000e+00
f054_sampled        =  6.35812e-01
f054_input          =  6.34772e-01
f054_tcomplete      =  2.73755e-05
f055_d7             =  3.30000e+00
f055_d6             =  3.30000e+00
f055_d5             =  3.30000e+00
f055_d4             =  4.08882e-312
f055_d3             =  5.03116e-297
f055_d2             =  3.30000e+00
f055_d1             =  5.03116e-297
f055_d0             =  3.30000e+00
f055_complete       =  3.30000e+00
f055_invalid        =  0.00000e+00
f055_timeout        =  0.00000e+00
f055_sampled        =  1.35309e+00
f055_input          =  1.35291e+00
f055_tcomplete      =  2.78755e-05
f056_d7             =  3.30000e+00
f056_d6             =  3.30000e+00
f056_d5             =  3.30000e+00
f056_d4             =  4.08882e-312
f056_d3             =  3.30000e+00
f056_d2             =  3.30000e+00
f056_d1             =  4.08882e-312
f056_d0             =  3.30000e+00
f056_complete       =  3.30000e+00
f056_invalid        =  0.00000e+00
f056_timeout        =  0.00000e+00
f056_sampled        =  1.45797e+00
f056_input          =  1.45676e+00
f056_tcomplete      =  2.83755e-05
f057_d7             =  3.30000e+00
f057_d6             =  3.30000e+00
f057_d5             =  4.67476e-297
f057_d4             =  4.08882e-312
f057_d3             =  4.67476e-297
f057_d2             =  4.67476e-297
f057_d1             =  3.30000e+00
f057_d0             =  3.30000e+00
f057_complete       =  3.30000e+00
f057_invalid        =  0.00000e+00
f057_timeout        =  0.00000e+00
f057_sampled        =  8.98016e-01
f057_input          =  8.99399e-01
f057_tcomplete      =  2.88755e-05
f058_d7             =  4.97150e-297
f058_d6             =  3.30000e+00
f058_d5             =  3.30000e+00
f058_d4             =  3.30000e+00
f058_d3             =  3.30000e+00
f058_d2             =  4.08882e-312
f058_d1             =  3.30000e+00
f058_d0             =  4.97150e-297
f058_complete       =  3.30000e+00
f058_invalid        =  0.00000e+00
f058_timeout        =  0.00000e+00
f058_sampled        =  -6.51746e-02
f058_input          =  -6.63094e-02
f058_tcomplete      =  2.93755e-05
f059_d7             =  4.08882e-312
f059_d6             =  5.26715e-297
f059_d5             =  3.30000e+00
f059_d4             =  3.30000e+00
f059_d3             =  5.26715e-297
f059_d2             =  4.08882e-312
f059_d1             =  3.30000e+00
f059_d0             =  3.30000e+00
f059_complete       =  3.30000e+00
f059_invalid        =  0.00000e+00
f059_timeout        =  0.00000e+00
f059_sampled        =  -1.00114e+00
f059_input          =  -1.00200e+00
f059_tcomplete      =  2.98755e-05
f060_d7             =  4.08882e-312
f060_d6             =  4.08882e-312
f060_d5             =  4.54840e-297
f060_d4             =  4.54840e-297
f060_d3             =  3.30000e+00
f060_d2             =  3.30000e+00
f060_d1             =  3.30000e+00
f060_d0             =  3.30000e+00
f060_complete       =  3.30000e+00
f060_invalid        =  0.00000e+00
f060_timeout        =  0.00000e+00
f060_sampled        =  -1.48470e+00
f060_input          =  -1.48260e+00
f060_tcomplete      =  3.03755e-05
f061_d7             =  4.08882e-312
f061_d6             =  4.08882e-312
f061_d5             =  4.08882e-312
f061_d4             =  3.30000e+00
f061_d3             =  3.30000e+00
f061_d2             =  3.30000e+00
f061_d1             =  3.30000e+00
f061_d0             =  4.91008e-297
f061_complete       =  3.30000e+00
f061_invalid        =  0.00000e+00
f061_timeout        =  0.00000e+00
f061_sampled        =  -1.28940e+00
f061_input          =  -1.29035e+00
f061_tcomplete      =  3.08755e-05
f062_d7             =  4.08882e-312
f062_d6             =  3.30000e+00
f062_d5             =  4.08882e-312
f062_d4             =  3.30000e+00
f062_d3             =  3.30000e+00
f062_d2             =  4.48064e-297
f062_d1             =  4.48064e-297
f062_d0             =  4.08882e-312
f062_complete       =  3.30000e+00
f062_invalid        =  0.00000e+00
f062_timeout        =  0.00000e+00
f062_sampled        =  -5.12165e-01
f062_input          =  -5.12354e-01
f062_tcomplete      =  3.13755e-05
f063_d7             =  3.30000e+00
f063_d6             =  4.58130e-297
f063_d5             =  3.30000e+00
f063_d4             =  4.58130e-297
f063_d3             =  4.58130e-297
f063_d2             =  3.30000e+00
f063_d1             =  4.08882e-312
f063_d0             =  3.30000e+00
f063_complete       =  3.30000e+00
f063_invalid        =  0.00000e+00
f063_timeout        =  0.00000e+00
f063_sampled        =  4.98965e-01
f063_input          =  4.98362e-01
f063_tcomplete      =  3.18755e-05
f064_d7             =  3.30000e+00
f064_d6             =  3.30000e+00
f064_d5             =  3.30000e+00
f064_d4             =  4.08882e-312
f064_d3             =  4.08882e-312
f064_d2             =  5.04210e-297
f064_d1             =  4.08882e-312
f064_d0             =  5.04210e-297
f064_complete       =  3.30000e+00
f064_invalid        =  0.00000e+00
f064_timeout        =  0.00000e+00
f064_sampled        =  1.28150e+00
f064_input          =  1.28280e+00
f064_tcomplete      =  3.23755e-05
f065_d7             =  3.30000e+00
f065_d6             =  3.30000e+00
f065_d5             =  3.30000e+00
f065_d4             =  4.08882e-312
f065_d3             =  3.30000e+00
f065_d2             =  3.30000e+00
f065_d1             =  3.30000e+00
f065_d0             =  3.30000e+00
f065_complete       =  3.30000e+00
f065_invalid        =  0.00000e+00
f065_timeout        =  0.00000e+00
f065_sampled        =  1.48413e+00
f065_input          =  1.48484e+00
f065_tcomplete      =  3.28755e-05
f066_d7             =  3.30000e+00
f066_d6             =  3.30000e+00
f066_d5             =  5.23238e-297
f066_d4             =  4.08882e-312
f066_d3             =  3.30000e+00
f066_d2             =  3.30000e+00
f066_d1             =  5.23238e-297
f066_d0             =  5.23238e-297
f066_complete       =  3.30000e+00
f066_invalid        =  0.00000e+00
f066_timeout        =  0.00000e+00
f066_sampled        =  1.01298e+00
f066_input          =  1.01279e+00
f066_tcomplete      =  3.33755e-05
f067_d7             =  3.30000e+00
f067_d6             =  5.06281e-297
f067_d5             =  4.08882e-312
f067_d4             =  4.08882e-312
f067_d3             =  5.06281e-297
f067_d2             =  3.30000e+00
f067_d1             =  4.08882e-312
f067_d0             =  3.30000e+00
f067_complete       =  3.30000e+00
f067_invalid        =  0.00000e+00
f067_timeout        =  0.00000e+00
f067_sampled        =  8.08901e-02
f067_input          =  8.08566e-02
f067_tcomplete      =  3.38755e-05
p_f000_cmp7_p0      =  -2.92037e-06
p_f000_cmp7_n0      =  -2.95720e-06
p_f000_cmp7_p5      =  3.30000e+00
p_f000_cmp7_n5      =  -1.77375e-06
p_f000_cmp6_p0      =  -8.27719e-06
p_f000_cmp6_n0      =  -8.24552e-06
p_f000_cmp6_p5      =  3.30000e+00
p_f000_cmp6_n5      =  -2.02420e-06
p_f000_cmp5_p0      =  -3.00785e-06
p_f000_cmp5_n0      =  -3.04570e-06
p_f000_cmp5_p5      =  3.30000e+00
p_f000_cmp5_n5      =  -1.67712e-06
p_f000_cmp4_p0      =  -3.00640e-06
p_f000_cmp4_n0      =  -3.04275e-06
p_f000_cmp4_p5      =  -1.65951e-06
p_f000_cmp4_n5      =  3.30000e+00
p_f000_cmp3_p0      =  -8.22025e-06
p_f000_cmp3_n0      =  -8.20302e-06
p_f000_cmp3_p5      =  -1.96390e-06
p_f000_cmp3_n5      =  3.30000e+00
p_f000_cmp2_p0      =  -8.22030e-06
p_f000_cmp2_n0      =  -8.20154e-06
p_f000_cmp2_p5      =  -1.95895e-06
p_f000_cmp2_n5      =  3.30000e+00
p_f000_cmp1_p0      =  -2.99541e-06
p_f000_cmp1_n0      =  -3.03210e-06
p_f000_cmp1_p5      =  -1.65005e-06
p_f000_cmp1_n5      =  3.30000e+00
p_f000_cmp0_p0      =  -8.26151e-06
p_f000_cmp0_n0      =  -8.23822e-06
p_f000_cmp0_p5      =  -1.95696e-06
p_f000_cmp0_n5      =  3.30000e+00
p_f000_dctrl7_p     =  3.30001e+00
p_f000_dctrl7_n     =  3.47687e-01
p_f000_dctrl6_p     =  3.26644e+00
p_f000_dctrl6_n     =  3.09267e-06
p_f000_dctrl5_p     =  3.29965e+00
p_f000_dctrl5_n     =  -1.62961e-06
p_f000_dctrl4_p     =  -1.20219e-07
p_f000_dctrl4_n     =  3.29999e+00
p_f000_dctrl3_p     =  -2.58450e-08
p_f000_dctrl3_n     =  3.30000e+00
p_f000_dctrl2_p     =  -1.29759e-08
p_f000_dctrl2_n     =  3.30000e+00
p_f000_dctrl1_p     =  -6.40253e-09
p_f000_dctrl1_n     =  3.30000e+00
p_f000_do7_drv_470  =  3.30000e+00
p_f000_do7_rx_470   =  3.30000e+00
p_f000_do6_drv_470  =  3.30000e+00
p_f000_do6_rx_470   =  3.30000e+00
p_f000_do5_drv_470  =  3.30000e+00
p_f000_do5_rx_470   =  3.30000e+00
p_f000_do4_drv_470  =  0.00000e+00
p_f000_do4_rx_470   =  0.00000e+00
p_f000_do3_drv_470  =  0.00000e+00
p_f000_do3_rx_470   =  0.00000e+00
p_f000_do2_drv_470  =  0.00000e+00
p_f000_do2_rx_470   =  0.00000e+00
p_f000_do1_drv_470  =  0.00000e+00
p_f000_do1_rx_470   =  0.00000e+00
p_f000_do0_drv_470  =  0.00000e+00
p_f000_do0_rx_470   =  0.00000e+00
p_f000_do7_drv_480  =  3.30000e+00
p_f000_do7_rx_480   =  3.30000e+00
p_f000_do6_drv_480  =  3.30000e+00
p_f000_do6_rx_480   =  3.30000e+00
p_f000_do5_drv_480  =  3.30000e+00
p_f000_do5_rx_480   =  3.30000e+00
p_f000_do4_drv_480  =  0.00000e+00
p_f000_do4_rx_480   =  0.00000e+00
p_f000_do3_drv_480  =  0.00000e+00
p_f000_do3_rx_480   =  0.00000e+00
p_f000_do2_drv_480  =  0.00000e+00
p_f000_do2_rx_480   =  0.00000e+00
p_f000_do1_drv_480  =  0.00000e+00
p_f000_do1_rx_480   =  0.00000e+00
p_f000_do0_drv_480  =  0.00000e+00
p_f000_do0_rx_480   =  0.00000e+00
p_f001_cmp7_p0      =  -3.11707e-06
p_f001_cmp7_n0      =  -3.15565e-06
p_f001_cmp7_p5      =  3.30000e+00
p_f001_cmp7_n5      =  -1.80940e-06
p_f001_cmp6_p0      =  -8.52159e-06
p_f001_cmp6_n0      =  -8.47680e-06
p_f001_cmp6_p5      =  3.30000e+00
p_f001_cmp6_n5      =  -2.05188e-06
p_f001_cmp5_p0      =  -3.19944e-06
p_f001_cmp5_n0      =  -3.23912e-06
p_f001_cmp5_p5      =  3.30000e+00
p_f001_cmp5_n5      =  -1.70612e-06
p_f001_cmp4_p0      =  -3.18698e-06
p_f001_cmp4_n0      =  -3.22624e-06
p_f001_cmp4_p5      =  -1.66669e-06
p_f001_cmp4_n5      =  3.30000e+00
p_f001_cmp3_p0      =  -8.46798e-06
p_f001_cmp3_n0      =  -8.42964e-06
p_f001_cmp3_p5      =  3.30000e+00
p_f001_cmp3_n5      =  -2.01421e-06
p_f001_cmp2_p0      =  -8.46654e-06
p_f001_cmp2_n0      =  -8.42996e-06
p_f001_cmp2_p5      =  3.30000e+00
p_f001_cmp2_n5      =  -2.01034e-06
p_f001_cmp1_p0      =  -3.44662e-06
p_f001_cmp1_n0      =  -3.48475e-06
p_f001_cmp1_p5      =  3.30000e+00
p_f001_cmp1_n5      =  -1.69294e-06
p_f001_cmp0_p0      =  -8.50540e-06
p_f001_cmp0_n0      =  -8.46941e-06
p_f001_cmp0_p5      =  3.30000e+00
p_f001_cmp0_n5      =  -2.00723e-06
p_f001_dctrl7_p     =  3.30001e+00
p_f001_dctrl7_n     =  3.48018e-01
p_f001_dctrl6_p     =  3.26638e+00
p_f001_dctrl6_n     =  3.45626e-06
p_f001_dctrl5_p     =  3.29964e+00
p_f001_dctrl5_n     =  -1.44957e-06
p_f001_dctrl4_p     =  -1.41057e-07
p_f001_dctrl4_n     =  3.29999e+00
p_f001_dctrl3_p     =  3.30000e+00
p_f001_dctrl3_n     =  -2.43275e-08
p_f001_dctrl2_p     =  3.30000e+00
p_f001_dctrl2_n     =  -1.24877e-08
p_f001_dctrl1_p     =  3.30000e+00
p_f001_dctrl1_n     =  -6.10789e-09
p_f001_do7_drv_470  =  3.30000e+00
p_f001_do7_rx_470   =  3.30000e+00
p_f001_do6_drv_470  =  3.30000e+00
p_f001_do6_rx_470   =  3.30000e+00
p_f001_do5_drv_470  =  3.30000e+00
p_f001_do5_rx_470   =  3.30000e+00
p_f001_do4_drv_470  =  0.00000e+00
p_f001_do4_rx_470   =  0.00000e+00
p_f001_do3_drv_470  =  3.30000e+00
p_f001_do3_rx_470   =  3.30000e+00
p_f001_do2_drv_470  =  3.30000e+00
p_f001_do2_rx_470   =  3.30000e+00
p_f001_do1_drv_470  =  3.30000e+00
p_f001_do1_rx_470   =  3.30000e+00
p_f001_do0_drv_470  =  3.30000e+00
p_f001_do0_rx_470   =  3.30000e+00
p_f001_do7_drv_480  =  3.30000e+00
p_f001_do7_rx_480   =  3.30000e+00
p_f001_do6_drv_480  =  3.30000e+00
p_f001_do6_rx_480   =  3.30000e+00
p_f001_do5_drv_480  =  3.30000e+00
p_f001_do5_rx_480   =  3.30000e+00
p_f001_do4_drv_480  =  0.00000e+00
p_f001_do4_rx_480   =  0.00000e+00
p_f001_do3_drv_480  =  3.30000e+00
p_f001_do3_rx_480   =  3.30000e+00
p_f001_do2_drv_480  =  3.30000e+00
p_f001_do2_rx_480   =  3.30000e+00
p_f001_do1_drv_480  =  3.30000e+00
p_f001_do1_rx_480   =  3.30000e+00
p_f001_do0_drv_480  =  3.30000e+00
p_f001_do0_rx_480   =  3.30000e+00
p_f002_cmp7_p0      =  -2.91711e-06
p_f002_cmp7_n0      =  -2.95416e-06
p_f002_cmp7_p5      =  3.30000e+00
p_f002_cmp7_n5      =  -1.76752e-06
p_f002_cmp6_p0      =  -8.27101e-06
p_f002_cmp6_n0      =  -8.24148e-06
p_f002_cmp6_p5      =  3.30000e+00
p_f002_cmp6_n5      =  -2.02095e-06
p_f002_cmp5_p0      =  -3.01724e-06
p_f002_cmp5_n0      =  -3.05374e-06
p_f002_cmp5_p5      =  -1.66307e-06
p_f002_cmp5_n5      =  3.30000e+00
p_f002_cmp4_p0      =  -3.00183e-06
p_f002_cmp4_n0      =  -3.03803e-06
p_f002_cmp4_p5      =  -1.65445e-06
p_f002_cmp4_n5      =  3.30000e+00
p_f002_cmp3_p0      =  -8.22335e-06
p_f002_cmp3_n0      =  -8.19855e-06
p_f002_cmp3_p5      =  3.30000e+00
p_f002_cmp3_n5      =  -1.98626e-06
p_f002_cmp2_p0      =  -8.22152e-06
p_f002_cmp2_n0      =  -8.19920e-06
p_f002_cmp2_p5      =  -1.94473e-06
p_f002_cmp2_n5      =  3.30000e+00
p_f002_cmp1_p0      =  -2.99464e-06
p_f002_cmp1_n0      =  -3.03298e-06
p_f002_cmp1_p5      =  3.30000e+00
p_f002_cmp1_n5      =  -1.67239e-06
p_f002_cmp0_p0      =  -8.26234e-06
p_f002_cmp0_n0      =  -8.23759e-06
p_f002_cmp0_p5      =  3.30000e+00
p_f002_cmp0_n5      =  -1.98417e-06
p_f002_dctrl7_p     =  3.30001e+00
p_f002_dctrl7_n     =  3.47686e-01
p_f002_dctrl6_p     =  3.26644e+00
p_f002_dctrl6_n     =  2.44946e-06
p_f002_dctrl5_p     =  -9.96151e-07
p_f002_dctrl5_n     =  3.29964e+00
p_f002_dctrl4_p     =  -1.36297e-07
p_f002_dctrl4_n     =  3.29999e+00
p_f002_dctrl3_p     =  3.30000e+00
p_f002_dctrl3_n     =  -2.66092e-08
p_f002_dctrl2_p     =  -1.36919e-08
p_f002_dctrl2_n     =  3.30000e+00
p_f002_dctrl1_p     =  3.30000e+00
p_f002_dctrl1_n     =  -6.10301e-09
p_f002_do7_drv_470  =  3.30000e+00
p_f002_do7_rx_470   =  3.30000e+00
p_f002_do6_drv_470  =  3.30000e+00
p_f002_do6_rx_470   =  3.30000e+00
p_f002_do5_drv_470  =  0.00000e+00
p_f002_do5_rx_470   =  1.48427e-268
p_f002_do4_drv_470  =  0.00000e+00
p_f002_do4_rx_470   =  0.00000e+00
p_f002_do3_drv_470  =  3.30000e+00
p_f002_do3_rx_470   =  3.30000e+00
p_f002_do2_drv_470  =  0.00000e+00
p_f002_do2_rx_470   =  1.48427e-268
p_f002_do1_drv_470  =  3.30000e+00
p_f002_do1_rx_470   =  3.30000e+00
p_f002_do0_drv_470  =  3.30000e+00
p_f002_do0_rx_470   =  3.30000e+00
p_f002_do7_drv_480  =  3.30000e+00
p_f002_do7_rx_480   =  3.30000e+00
p_f002_do6_drv_480  =  3.30000e+00
p_f002_do6_rx_480   =  3.30000e+00
p_f002_do5_drv_480  =  0.00000e+00
p_f002_do5_rx_480   =  5.21109e-297
p_f002_do4_drv_480  =  0.00000e+00
p_f002_do4_rx_480   =  0.00000e+00
p_f002_do3_drv_480  =  3.30000e+00
p_f002_do3_rx_480   =  3.30000e+00
p_f002_do2_drv_480  =  0.00000e+00
p_f002_do2_rx_480   =  5.21109e-297
p_f002_do1_drv_480  =  3.30000e+00
p_f002_do1_rx_480   =  3.30000e+00
p_f002_do0_drv_480  =  3.30000e+00
p_f002_do0_rx_480   =  3.30000e+00
p_f003_cmp7_p0      =  -2.92054e-06
p_f003_cmp7_n0      =  -2.95746e-06
p_f003_cmp7_p5      =  3.30000e+00
p_f003_cmp7_n5      =  -1.75981e-06
p_f003_cmp6_p0      =  -8.31329e-06
p_f003_cmp6_n0      =  -8.29672e-06
p_f003_cmp6_p5      =  -2.01042e-06
p_f003_cmp6_n5      =  3.30000e+00
p_f003_cmp5_p0      =  -3.05289e-06
p_f003_cmp5_n0      =  -3.08971e-06
p_f003_cmp5_p5      =  -1.66546e-06
p_f003_cmp5_n5      =  3.30000e+00
p_f003_cmp4_p0      =  -3.03556e-06
p_f003_cmp4_n0      =  -3.07195e-06
p_f003_cmp4_p5      =  -1.66145e-06
p_f003_cmp4_n5      =  3.30000e+00
p_f003_cmp3_p0      =  -8.26098e-06
p_f003_cmp3_n0      =  -8.23904e-06
p_f003_cmp3_p5      =  -1.96248e-06
p_f003_cmp3_n5      =  3.30000e+00
p_f003_cmp2_p0      =  -8.26275e-06
p_f003_cmp2_n0      =  -8.23756e-06
p_f003_cmp2_p5      =  3.30000e+00
p_f003_cmp2_n5      =  -1.98849e-06
p_f003_cmp1_p0      =  -3.02604e-06
p_f003_cmp1_n0      =  -3.06406e-06
p_f003_cmp1_p5      =  -1.64348e-06
p_f003_cmp1_n5      =  3.30000e+00
p_f003_cmp0_p0      =  -8.30274e-06
p_f003_cmp0_n0      =  -8.27625e-06
p_f003_cmp0_p5      =  3.30000e+00
p_f003_cmp0_n5      =  -1.98822e-06
p_f003_dctrl7_p     =  3.30001e+00
p_f003_dctrl7_n     =  3.47736e-01
p_f003_dctrl6_p     =  3.04751e-05
p_f003_dctrl6_n     =  3.26643e+00
p_f003_dctrl5_p     =  -1.08516e-06
p_f003_dctrl5_n     =  3.29964e+00
p_f003_dctrl4_p     =  -1.24381e-07
p_f003_dctrl4_n     =  3.29999e+00
p_f003_dctrl3_p     =  -2.78233e-08
p_f003_dctrl3_n     =  3.30000e+00
p_f003_dctrl2_p     =  3.30000e+00
p_f003_dctrl2_n     =  -1.32739e-08
p_f003_dctrl1_p     =  -6.45472e-09
p_f003_dctrl1_n     =  3.30000e+00
p_f003_do7_drv_470  =  3.30000e+00
p_f003_do7_rx_470   =  3.30000e+00
p_f003_do6_drv_470  =  0.00000e+00
p_f003_do6_rx_470   =  1.45004e-268
p_f003_do5_drv_470  =  0.00000e+00
p_f003_do5_rx_470   =  4.08882e-312
p_f003_do4_drv_470  =  0.00000e+00
p_f003_do4_rx_470   =  0.00000e+00
p_f003_do3_drv_470  =  0.00000e+00
p_f003_do3_rx_470   =  1.45004e-268
p_f003_do2_drv_470  =  3.30000e+00
p_f003_do2_rx_470   =  3.30000e+00
p_f003_do1_drv_470  =  0.00000e+00
p_f003_do1_rx_470   =  1.45004e-268
p_f003_do0_drv_470  =  3.30000e+00
p_f003_do0_rx_470   =  3.30000e+00
p_f003_do7_drv_480  =  3.30000e+00
p_f003_do7_rx_480   =  3.30000e+00
p_f003_do6_drv_480  =  0.00000e+00
p_f003_do6_rx_480   =  5.09091e-297
p_f003_do5_drv_480  =  0.00000e+00
p_f003_do5_rx_480   =  4.08882e-312
p_f003_do4_drv_480  =  0.00000e+00
p_f003_do4_rx_480   =  0.00000e+00
p_f003_do3_drv_480  =  0.00000e+00
p_f003_do3_rx_480   =  5.09091e-297
p_f003_do2_drv_480  =  3.30000e+00
p_f003_do2_rx_480   =  3.30000e+00
p_f003_do1_drv_480  =  0.00000e+00
p_f003_do1_rx_480   =  5.09091e-297
p_f003_do0_drv_480  =  3.30000e+00
p_f003_do0_rx_480   =  3.30000e+00
p_f064_cmp7_p0      =  -3.04551e-06
p_f064_cmp7_n0      =  -3.08332e-06
p_f064_cmp7_p5      =  3.30000e+00
p_f064_cmp7_n5      =  -1.78781e-06
p_f064_cmp6_p0      =  -8.43844e-06
p_f064_cmp6_n0      =  -8.39828e-06
p_f064_cmp6_p5      =  3.30000e+00
p_f064_cmp6_n5      =  -2.03998e-06
p_f064_cmp5_p0      =  -2.91490e-06
p_f064_cmp5_n0      =  -2.95201e-06
p_f064_cmp5_p5      =  3.30000e+00
p_f064_cmp5_n5      =  -1.66743e-06
p_f064_cmp4_p0      =  -3.13044e-06
p_f064_cmp4_n0      =  -3.16780e-06
p_f064_cmp4_p5      =  -1.67189e-06
p_f064_cmp4_n5      =  3.30000e+00
p_f064_cmp3_p0      =  -8.05853e-06
p_f064_cmp3_n0      =  -8.04856e-06
p_f064_cmp3_p5      =  -1.94888e-06
p_f064_cmp3_n5      =  3.30000e+00
p_f064_cmp2_p0      =  -8.38219e-06
p_f064_cmp2_n0      =  -8.35606e-06
p_f064_cmp2_p5      =  -1.97582e-06
p_f064_cmp2_n5      =  3.30000e+00
p_f064_cmp1_p0      =  -2.96417e-06
p_f064_cmp1_n0      =  -3.00061e-06
p_f064_cmp1_p5      =  -1.64666e-06
p_f064_cmp1_n5      =  3.30000e+00
p_f064_cmp0_p0      =  -8.05846e-06
p_f064_cmp0_n0      =  -8.04553e-06
p_f064_cmp0_p5      =  -1.93721e-06
p_f064_cmp0_n5      =  3.30000e+00
p_f064_dctrl7_p     =  3.30001e+00
p_f064_dctrl7_n     =  3.47687e-01
p_f064_dctrl6_p     =  3.26641e+00
p_f064_dctrl6_n     =  3.09479e-06
p_f064_dctrl5_p     =  3.29965e+00
p_f064_dctrl5_n     =  -1.62834e-06
p_f064_dctrl4_p     =  -1.20251e-07
p_f064_dctrl4_n     =  3.29999e+00
p_f064_dctrl3_p     =  -2.58176e-08
p_f064_dctrl3_n     =  3.30000e+00
p_f064_dctrl2_p     =  -1.30156e-08
p_f064_dctrl2_n     =  3.30000e+00
p_f064_dctrl1_p     =  -6.39078e-09
p_f064_dctrl1_n     =  3.30000e+00
p_f064_do7_drv_470  =  3.30000e+00
p_f064_do7_rx_470   =  3.30000e+00
p_f064_do6_drv_470  =  3.30000e+00
p_f064_do6_rx_470   =  3.30000e+00
p_f064_do5_drv_470  =  3.30000e+00
p_f064_do5_rx_470   =  3.30000e+00
p_f064_do4_drv_470  =  0.00000e+00
p_f064_do4_rx_470   =  4.08882e-312
p_f064_do3_drv_470  =  0.00000e+00
p_f064_do3_rx_470   =  4.08882e-312
p_f064_do2_drv_470  =  0.00000e+00
p_f064_do2_rx_470   =  1.43614e-268
p_f064_do1_drv_470  =  0.00000e+00
p_f064_do1_rx_470   =  4.08882e-312
p_f064_do0_drv_470  =  0.00000e+00
p_f064_do0_rx_470   =  1.43614e-268
p_f064_do7_drv_480  =  3.30000e+00
p_f064_do7_rx_480   =  3.30000e+00
p_f064_do6_drv_480  =  3.30000e+00
p_f064_do6_rx_480   =  3.30000e+00
p_f064_do5_drv_480  =  3.30000e+00
p_f064_do5_rx_480   =  3.30000e+00
p_f064_do4_drv_480  =  0.00000e+00
p_f064_do4_rx_480   =  4.08882e-312
p_f064_do3_drv_480  =  0.00000e+00
p_f064_do3_rx_480   =  4.08882e-312
p_f064_do2_drv_480  =  0.00000e+00
p_f064_do2_rx_480   =  5.04210e-297
p_f064_do1_drv_480  =  0.00000e+00
p_f064_do1_rx_480   =  4.08882e-312
p_f064_do0_drv_480  =  0.00000e+00
p_f064_do0_rx_480   =  5.04210e-297
p_f065_cmp7_p0      =  -3.24136e-06
p_f065_cmp7_n0      =  -3.28093e-06
p_f065_cmp7_p5      =  3.30000e+00
p_f065_cmp7_n5      =  -1.82378e-06
p_f065_cmp6_p0      =  -8.68252e-06
p_f065_cmp6_n0      =  -8.62920e-06
p_f065_cmp6_p5      =  3.30000e+00
p_f065_cmp6_n5      =  -2.06857e-06
p_f065_cmp5_p0      =  -3.10695e-06
p_f065_cmp5_n0      =  -3.14587e-06
p_f065_cmp5_p5      =  3.30000e+00
p_f065_cmp5_n5      =  -1.69639e-06
p_f065_cmp4_p0      =  -3.31146e-06
p_f065_cmp4_n0      =  -3.35171e-06
p_f065_cmp4_p5      =  -1.67866e-06
p_f065_cmp4_n5      =  3.30000e+00
p_f065_cmp3_p0      =  -8.30581e-06
p_f065_cmp3_n0      =  -8.27563e-06
p_f065_cmp3_p5      =  3.30000e+00
p_f065_cmp3_n5      =  -1.99856e-06
p_f065_cmp2_p0      =  -8.62877e-06
p_f065_cmp2_n0      =  -8.58414e-06
p_f065_cmp2_p5      =  3.30000e+00
p_f065_cmp2_n5      =  -2.02431e-06
p_f065_cmp1_p0      =  -3.20432e-06
p_f065_cmp1_n0      =  -3.24259e-06
p_f065_cmp1_p5      =  3.30000e+00
p_f065_cmp1_n5      =  -1.69005e-06
p_f065_cmp0_p0      =  -8.30271e-06
p_f065_cmp0_n0      =  -8.27626e-06
p_f065_cmp0_p5      =  3.30000e+00
p_f065_cmp0_n5      =  -2.02678e-06
p_f065_dctrl7_p     =  3.30001e+00
p_f065_dctrl7_n     =  3.48018e-01
p_f065_dctrl6_p     =  3.26635e+00
p_f065_dctrl6_n     =  3.46700e-06
p_f065_dctrl5_p     =  3.29964e+00
p_f065_dctrl5_n     =  -1.44939e-06
p_f065_dctrl4_p     =  -1.41213e-07
p_f065_dctrl4_n     =  3.29999e+00
p_f065_dctrl3_p     =  3.30000e+00
p_f065_dctrl3_n     =  -2.42832e-08
p_f065_dctrl2_p     =  3.30000e+00
p_f065_dctrl2_n     =  -1.24190e-08
p_f065_dctrl1_p     =  3.30000e+00
p_f065_dctrl1_n     =  -6.10847e-09
p_f065_do7_drv_470  =  3.30000e+00
p_f065_do7_rx_470   =  3.30000e+00
p_f065_do6_drv_470  =  3.30000e+00
p_f065_do6_rx_470   =  3.30000e+00
p_f065_do5_drv_470  =  3.30000e+00
p_f065_do5_rx_470   =  3.30000e+00
p_f065_do4_drv_470  =  0.00000e+00
p_f065_do4_rx_470   =  4.08882e-312
p_f065_do3_drv_470  =  3.30000e+00
p_f065_do3_rx_470   =  3.30000e+00
p_f065_do2_drv_470  =  3.30000e+00
p_f065_do2_rx_470   =  3.30000e+00
p_f065_do1_drv_470  =  3.30000e+00
p_f065_do1_rx_470   =  3.30000e+00
p_f065_do0_drv_470  =  3.30000e+00
p_f065_do0_rx_470   =  3.30000e+00
p_f065_do7_drv_480  =  3.30000e+00
p_f065_do7_rx_480   =  3.30000e+00
p_f065_do6_drv_480  =  3.30000e+00
p_f065_do6_rx_480   =  3.30000e+00
p_f065_do5_drv_480  =  3.30000e+00
p_f065_do5_rx_480   =  3.30000e+00
p_f065_do4_drv_480  =  0.00000e+00
p_f065_do4_rx_480   =  4.08882e-312
p_f065_do3_drv_480  =  3.30000e+00
p_f065_do3_rx_480   =  3.30000e+00
p_f065_do2_drv_480  =  3.30000e+00
p_f065_do2_rx_480   =  3.30000e+00
p_f065_do1_drv_480  =  3.30000e+00
p_f065_do1_rx_480   =  3.30000e+00
p_f065_do0_drv_480  =  3.30000e+00
p_f065_do0_rx_480   =  3.30000e+00
p_f066_cmp7_p0      =  -3.04227e-06
p_f066_cmp7_n0      =  -3.08032e-06
p_f066_cmp7_p5      =  3.30000e+00
p_f066_cmp7_n5      =  -1.78107e-06
p_f066_cmp6_p0      =  -8.43234e-06
p_f066_cmp6_n0      =  -8.39445e-06
p_f066_cmp6_p5      =  3.30000e+00
p_f066_cmp6_n5      =  -2.03645e-06
p_f066_cmp5_p0      =  -2.92477e-06
p_f066_cmp5_n0      =  -2.96052e-06
p_f066_cmp5_p5      =  -1.65432e-06
p_f066_cmp5_n5      =  3.30000e+00
p_f066_cmp4_p0      =  -3.12619e-06
p_f066_cmp4_n0      =  -3.16343e-06
p_f066_cmp4_p5      =  -1.66587e-06
p_f066_cmp4_n5      =  3.30000e+00
p_f066_cmp3_p0      =  -8.06115e-06
p_f066_cmp3_n0      =  -8.04445e-06
p_f066_cmp3_p5      =  3.30000e+00
p_f066_cmp3_n5      =  -1.97283e-06
p_f066_cmp2_p0      =  -8.38359e-06
p_f066_cmp2_n0      =  -8.35362e-06
p_f066_cmp2_p5      =  3.30000e+00
p_f066_cmp2_n5      =  -1.98456e-06
p_f066_cmp1_p0      =  -2.96423e-06
p_f066_cmp1_n0      =  -3.00064e-06
p_f066_cmp1_p5      =  -1.64827e-06
p_f066_cmp1_n5      =  3.30000e+00
p_f066_cmp0_p0      =  -8.05843e-06
p_f066_cmp0_n0      =  -8.04566e-06
p_f066_cmp0_p5      =  -1.93920e-06
p_f066_cmp0_n5      =  3.30000e+00
p_f066_dctrl7_p     =  3.30001e+00
p_f066_dctrl7_n     =  3.47686e-01
p_f066_dctrl6_p     =  3.26641e+00
p_f066_dctrl6_n     =  2.44930e-06
p_f066_dctrl5_p     =  -9.97871e-07
p_f066_dctrl5_n     =  3.29964e+00
p_f066_dctrl4_p     =  -1.36201e-07
p_f066_dctrl4_n     =  3.29999e+00
p_f066_dctrl3_p     =  3.30000e+00
p_f066_dctrl3_n     =  -2.65369e-08
p_f066_dctrl2_p     =  3.30000e+00
p_f066_dctrl2_n     =  -1.35717e-08
p_f066_dctrl1_p     =  -6.33333e-09
p_f066_dctrl1_n     =  3.30000e+00
p_f066_do7_drv_470  =  3.30000e+00
p_f066_do7_rx_470   =  3.30000e+00
p_f066_do6_drv_470  =  3.30000e+00
p_f066_do6_rx_470   =  3.30000e+00
p_f066_do5_drv_470  =  0.00000e+00
p_f066_do5_rx_470   =  1.49033e-268
p_f066_do4_drv_470  =  0.00000e+00
p_f066_do4_rx_470   =  4.08882e-312
p_f066_do3_drv_470  =  3.30000e+00
p_f066_do3_rx_470   =  3.30000e+00
p_f066_do2_drv_470  =  3.30000e+00
p_f066_do2_rx_470   =  3.30000e+00
p_f066_do1_drv_470  =  0.00000e+00
p_f066_do1_rx_470   =  1.49033e-268
p_f066_do0_drv_470  =  0.00000e+00
p_f066_do0_rx_470   =  1.49033e-268
p_f066_do7_drv_480  =  3.30000e+00
p_f066_do7_rx_480   =  3.30000e+00
p_f066_do6_drv_480  =  3.30000e+00
p_f066_do6_rx_480   =  3.30000e+00
p_f066_do5_drv_480  =  0.00000e+00
p_f066_do5_rx_480   =  5.23238e-297
p_f066_do4_drv_480  =  0.00000e+00
p_f066_do4_rx_480   =  4.08882e-312
p_f066_do3_drv_480  =  3.30000e+00
p_f066_do3_rx_480   =  3.30000e+00
p_f066_do2_drv_480  =  3.30000e+00
p_f066_do2_rx_480   =  3.30000e+00
p_f066_do1_drv_480  =  0.00000e+00
p_f066_do1_rx_480   =  5.23238e-297
p_f066_do0_drv_480  =  0.00000e+00
p_f066_do0_rx_480   =  5.23238e-297
p_f067_cmp7_p0      =  -3.04766e-06
p_f067_cmp7_n0      =  -3.08560e-06
p_f067_cmp7_p5      =  3.30000e+00
p_f067_cmp7_n5      =  -1.77393e-06
p_f067_cmp6_p0      =  -8.47328e-06
p_f067_cmp6_n0      =  -8.44982e-06
p_f067_cmp6_p5      =  -2.02659e-06
p_f067_cmp6_n5      =  3.30000e+00
p_f067_cmp5_p0      =  -2.96049e-06
p_f067_cmp5_n0      =  -2.99654e-06
p_f067_cmp5_p5      =  -1.65695e-06
p_f067_cmp5_n5      =  3.30000e+00
p_f067_cmp4_p0      =  -3.15993e-06
p_f067_cmp4_n0      =  -3.19732e-06
p_f067_cmp4_p5      =  -1.67448e-06
p_f067_cmp4_n5      =  3.30000e+00
p_f067_cmp3_p0      =  -8.09901e-06
p_f067_cmp3_n0      =  -8.08476e-06
p_f067_cmp3_p5      =  -1.94771e-06
p_f067_cmp3_n5      =  3.30000e+00
p_f067_cmp2_p0      =  -8.42481e-06
p_f067_cmp2_n0      =  -8.39190e-06
p_f067_cmp2_p5      =  3.30000e+00
p_f067_cmp2_n5      =  -2.00381e-06
p_f067_cmp1_p0      =  -2.99507e-06
p_f067_cmp1_n0      =  -3.03231e-06
p_f067_cmp1_p5      =  -1.64594e-06
p_f067_cmp1_n5      =  3.30000e+00
p_f067_cmp0_p0      =  -8.10009e-06
p_f067_cmp0_n0      =  -8.08310e-06
p_f067_cmp0_p5      =  3.30000e+00
p_f067_cmp0_n5      =  -1.96879e-06
p_f067_dctrl7_p     =  3.30001e+00
p_f067_dctrl7_n     =  3.47736e-01
p_f067_dctrl6_p     =  3.05017e-05
p_f067_dctrl6_n     =  3.26640e+00
p_f067_dctrl5_p     =  -1.08356e-06
p_f067_dctrl5_n     =  3.29964e+00
p_f067_dctrl4_p     =  -1.24312e-07
p_f067_dctrl4_n     =  3.29999e+00
p_f067_dctrl3_p     =  -2.77884e-08
p_f067_dctrl3_n     =  3.30000e+00
p_f067_dctrl2_p     =  3.30000e+00
p_f067_dctrl2_n     =  -1.33197e-08
p_f067_dctrl1_p     =  -6.47400e-09
p_f067_dctrl1_n     =  3.30000e+00
p_f067_do7_drv_470  =  3.30000e+00
p_f067_do7_rx_470   =  3.30000e+00
p_f067_do6_drv_470  =  0.00000e+00
p_f067_do6_rx_470   =  1.44204e-268
p_f067_do5_drv_470  =  0.00000e+00
p_f067_do5_rx_470   =  4.08882e-312
p_f067_do4_drv_470  =  0.00000e+00
p_f067_do4_rx_470   =  4.08882e-312
p_f067_do3_drv_470  =  0.00000e+00
p_f067_do3_rx_470   =  1.44204e-268
p_f067_do2_drv_470  =  3.30000e+00
p_f067_do2_rx_470   =  3.30000e+00
p_f067_do1_drv_470  =  0.00000e+00
p_f067_do1_rx_470   =  4.08882e-312
p_f067_do0_drv_470  =  3.30000e+00
p_f067_do0_rx_470   =  3.30000e+00
p_f067_do7_drv_480  =  3.30000e+00
p_f067_do7_rx_480   =  3.30000e+00
p_f067_do6_drv_480  =  0.00000e+00
p_f067_do6_rx_480   =  5.06281e-297
p_f067_do5_drv_480  =  0.00000e+00
p_f067_do5_rx_480   =  4.08882e-312
p_f067_do4_drv_480  =  0.00000e+00
p_f067_do4_rx_480   =  4.08882e-312
p_f067_do3_drv_480  =  0.00000e+00
p_f067_do3_rx_480   =  5.06281e-297
p_f067_do2_drv_480  =  3.30000e+00
p_f067_do2_rx_480   =  3.30000e+00
p_f067_do1_drv_480  =  0.00000e+00
p_f067_do1_rx_480   =  4.08882e-312
p_f067_do0_drv_480  =  3.30000e+00
p_f067_do0_rx_480   =  3.30000e+00
ngspice-46 done
