
Note: Compatibility modes selected: hs a

Warning: m=xx on .subckt line will override multiplier m hierarchy!


Circuit: * a44 actual analog core with fixed tt timed behavioral sar control.

Reducing trtol to 1 for xspice 'A' devices
Doing analysis at TEMP = 27.000000 and TNOM = 27.000000

Using SPARSE 1.3 as Direct Linear Solver

Initial Transient Solution
--------------------------

Node                                   Voltage
----                                   -------
vdd                                        3.3
vrefp_src                                  2.5
vrefp                                      2.5
vrefp_cap                                  2.5
vrefn_src                                  0.8
vrefn                                      0.8
vrefn_cap                                  0.8
vinp_src                               2.29146
vinn_src                               1.00854
vinp                                   2.29146
vinn                                   1.00854
clks_src                                     0
clks                                         0
cmp_noise                         -0.000638179
xcore.xcdacp.vbot1                         2.5
dctrlp1                                      0
xcore.vresp_raw                    0.000725281
xcore.xcdacp.vbot2                         2.5
dctrlp2                                      0
xcore.xcdacp.vbot3                         2.5
dctrlp3                                      0
xcore.xcdacp.vbot4                         2.5
dctrlp4                                      0
xcore.xcdacp.vbot5                         2.5
dctrlp5                                      0
xcore.xcdacp.vbot6                         2.5
dctrlp6                                      0
xcore.xcdacp.vbot7                         2.5
dctrlp7                                      0
xcore.xcdacp.x1.clksb                      3.3
xcore.xcdacp.x1.net2               1.44869e-10
xcore.xcdacp.x1.net1                       3.3
xcore.xcdacp.x1.bottom_gate        6.13509e-09
xcore.xcdacp.x1.net4               3.06195e-09
xcore.xcdacp.x1.net3                       3.3
xcore.xcdacn.vbot1                         2.5
dctrln1                                      0
xcore.vresn_raw                    0.000346207
xcore.xcdacn.vbot2                         2.5
dctrln2                                      0
xcore.xcdacn.vbot3                         2.5
dctrln3                                      0
xcore.xcdacn.vbot4                         2.5
dctrln4                                      0
xcore.xcdacn.vbot5                         2.5
dctrln5                                      0
xcore.xcdacn.vbot6                         2.5
dctrln6                                      0
xcore.xcdacn.vbot7                         2.5
dctrln7                                      0
xcore.xcdacn.x1.clksb                      3.3
xcore.xcdacn.x1.net2               1.39417e-10
xcore.xcdacn.x1.net1                       3.3
xcore.xcdacn.x1.bottom_gate        6.16118e-09
xcore.xcdacn.x1.net4               3.08867e-09
xcore.xcdacn.x1.net3                       3.3
vresp                              0.000406192
vresn                              0.000665297
xcore.xcmp.net1                      0.0226682
cmpck                                        0
xcore.xcmp.xp                              3.3
xcore.xcmp.xn                              3.3
xcore.xcmp.ln                              3.3
xcore.xcmp.lp                              3.3
dcmpn                              3.68837e-09
dcmpp                              3.64701e-09
sampled_diff                      -0.000259105
input_diff                             1.28292
cmpck_drv                                    0
dctrlp7_drv                                  0
dctrlp6_drv                                  0
dctrlp5_drv                                  0
dctrlp4_drv                                  0
dctrlp3_drv                                  0
dctrlp2_drv                                  0
dctrlp1_drv                                  0
dctrln7_drv                                  0
dctrln6_drv                                  0
dctrln5_drv                                  0
dctrln4_drv                                  0
dctrln3_drv                                  0
dctrln2_drv                                  0
dctrln1_drv                                  0
dout7_drv                                    0
dout6_drv                                    0
dout5_drv                                    0
dout4_drv                                    0
dout3_drv                                    0
dout2_drv                                    0
dout1_drv                                    0
dout0_drv                                    0
eoc                                          0
invalid0                                     0
timeout0                                     0
complete                                     0
dout7_rx                                     0
dout6_rx                                     0
dout5_rx                                     0
dout4_rx                                     0
dout3_rx                                     0
dout2_rx                                     0
dout1_rx                                     0
dout0_rx                                     0
e_input_diff#branch               -1.28292e-10
e_sample_diff#branch               2.59105e-14
e.xcore.e_cmp_noise_n#branch      -6.65297e-14
e.xcore.e_cmp_noise_p#branch      -4.06192e-14
vcmp_noise#branch                  6.38179e-14
vclks_id#branch                              0
vvinn_id#branch                   -4.15666e-10
vvinp_id#branch                   -9.44364e-10
vvrefn_id#branch                  -1.76652e-09
vvrefp_id#branch                  -1.52077e-08
vvdd#branch                       -1.77532e-08
a_status#branch_1_0                          0
a_status#branch_1_1                          0
a_status#branch_1_2                          0
a_status#branch_1_3                          0
a_dout#branch_1_0                            0
a_dout#branch_1_1                            0
a_dout#branch_1_2                            0
a_dout#branch_1_3                            0
a_dout#branch_1_4                            0
a_dout#branch_1_5                            0
a_dout#branch_1_6                            0
a_dout#branch_1_7                            0
a_dctrln#branch_1_0                          0
a_dctrln#branch_1_1                          0
a_dctrln#branch_1_2                          0
a_dctrln#branch_1_3                          0
a_dctrln#branch_1_4                          0
a_dctrln#branch_1_5                          0
a_dctrln#branch_1_6                          0
a_dctrlp#branch_1_0                          0
a_dctrlp#branch_1_1                          0
a_dctrlp#branch_1_2                          0
a_dctrlp#branch_1_3                          0
a_dctrlp#branch_1_4                          0
a_dctrlp#branch_1_5                          0
a_dctrlp#branch_1_6                          0
a_cmpck#branch_1_0                           0


Instance: abeh   Message: WARNING: output scheduled with impossible delay (-4.01e-12) at 5.01e-12/0.

Instance: abeh   Message: XSPICE time is behind vtime:
XSPICE 2.005183559435185e-07
Cosim  2.00547e-07

Instance: abeh   Message: XSPICE time is behind vtime:
XSPICE 7.005206080522584e-07
Cosim  7.00554e-07

Instance: abeh   Message: XSPICE time is behind vtime:
XSPICE 1.200536685604506e-06
Cosim  1.200551e-06

Instance: abeh   Message: XSPICE time is behind vtime:
XSPICE 2.200544511737479e-06
Cosim  2.200553e-06

Instance: abeh   Message: XSPICE time is behind vtime:
XSPICE 2.700497536809995e-06
Cosim  2.700531e-06

Instance: abeh   Message: XSPICE time is behind vtime:
XSPICE 3.200497678860487e-06
Cosim  3.200531e-06

Instance: abeh   Message: XSPICE time is behind vtime:
XSPICE 4.700506738509215e-06
Cosim  4.700531e-06

Instance: abeh   Message: XSPICE time is behind vtime:
XSPICE 5.200519608055812e-06
Cosim  5.200553e-06

Instance: abeh   Message: XSPICE time is behind vtime:
XSPICE 5.700531193961441e-06
Cosim  5.700551e-06

Instance: abeh   Message: XSPICE time is behind vtime:
XSPICE 7.200515536801984e-06
Cosim  7.200549e-06

Instance: abeh   Message: XSPICE time is behind vtime:
XSPICE 7.700515536802514e-06
Cosim  7.700548999999999e-06

Instance: abeh   Message: XSPICE time is behind vtime:
XSPICE 9.20053171952235e-06
Cosim  9.200551000000001e-06

Instance: abeh   Message: XSPICE time is behind vtime:
XSPICE 9.70051960805676e-06
Cosim  9.700553e-06

Instance: abeh   Message: XSPICE time is behind vtime:
XSPICE 1.020050926790549e-05
Cosim  1.0200534e-05

Instance: abeh   Message: XSPICE time is behind vtime:
XSPICE 1.170050001486016e-05
Cosim  1.1700533e-05

Instance: abeh   Message: XSPICE time is behind vtime:
XSPICE 1.220049753680835e-05
Cosim  1.2200531e-05

Instance: abeh   Message: XSPICE time is behind vtime:
XSPICE 1.270054288565993e-05
Cosim  1.2700552e-05

Instance: abeh   Message: XSPICE time is behind vtime:
XSPICE 1.370053825826104e-05
Cosim  1.3700552e-05

Instance: abeh   Message: XSPICE time is behind vtime:
XSPICE 1.420052060805094e-05
Cosim  1.4200554e-05

Instance: abeh   Message: XSPICE time is behind vtime:
XSPICE 1.470051896651605e-05
Cosim  1.4700548e-05

Instance: abeh   Message: XSPICE time is behind vtime:
XSPICE 1.620051769683399e-05
Cosim  1.6200547e-05

Instance: abeh   Message: XSPICE time is behind vtime:
XSPICE 1.670049853681601e-05
Cosim  1.6700532e-05

Instance: abeh   Message: XSPICE time is behind vtime:
XSPICE 1.720053491317979e-05
Cosim  1.720055e-05

Instance: abeh   Message: XSPICE time is behind vtime:
XSPICE 1.820053132105117e-05
Cosim  1.8200539e-05

Instance: abeh   Message: XSPICE time is behind vtime:
XSPICE 1.870049860804138e-05
Cosim  1.8700532e-05

Instance: abeh   Message: XSPICE time is behind vtime:
XSPICE 1.920051731540321e-05
Cosim  1.920055e-05

Instance: abeh   Message: XSPICE time is behind vtime:
XSPICE 2.070052803167569e-05
Cosim  2.0700553e-05

Instance: abeh   Message: XSPICE time is behind vtime:
XSPICE 2.120052053681941e-05
Cosim  2.1200554e-05

Instance: abeh   Message: XSPICE time is behind vtime:
XSPICE 2.17005294645175e-05
Cosim  2.170055e-05

Instance: abeh   Message: XSPICE time is behind vtime:
XSPICE 2.32005196080343e-05
Cosim  2.3200553e-05

Instance: abeh   Message: XSPICE time is behind vtime:
XSPICE 2.370049660803656e-05
Cosim  2.370053e-05

Instance: abeh   Message: XSPICE time is behind vtime:
XSPICE 2.520052998482793e-05
Cosim  2.520055e-05

Instance: abeh   Message: XSPICE time is behind vtime:
XSPICE 2.570052053681805e-05
Cosim  2.5700554e-05

Instance: abeh   Message: XSPICE time is behind vtime:
XSPICE 2.620052557906747e-05
Cosim  2.6200551e-05

Instance: abeh   Message: XSPICE time is behind vtime:
XSPICE 2.770051765459176e-05
Cosim  2.770055e-05

Instance: abeh   Message: XSPICE time is behind vtime:
XSPICE 2.820049960804332e-05
Cosim  2.8200533e-05

Instance: abeh   Message: XSPICE time is behind vtime:
XSPICE 2.87005296947381e-05
Cosim  2.8700538e-05

Instance: abeh   Message: XSPICE time is behind vtime:
XSPICE 2.970053749890676e-05
Cosim  2.9700552e-05

Instance: abeh   Message: XSPICE time is behind vtime:
XSPICE 3.02004985368136e-05
Cosim  3.0200532e-05

Instance: abeh   Message: XSPICE time is behind vtime:
XSPICE 3.070051729501752e-05
Cosim  3.0700547e-05

Instance: abeh   Message: XSPICE time is behind vtime:
XSPICE 3.220051836312628e-05
Cosim  3.2200547e-05

Instance: abeh   Message: XSPICE time is behind vtime:
XSPICE 3.27005206080509e-05
Cosim  3.2700554e-05

Instance: abeh   Message: XSPICE time is behind vtime:
XSPICE 3.320053668902437e-05
Cosim  3.3200551e-05

No. of Data Rows : 735308
f000_d7             =  3.30000e+00
f000_d6             =  3.30000e+00
f000_d5             =  3.30000e+00
f000_d4             =  0.00000e+00
f000_d3             =  0.00000e+00
f000_d2             =  0.00000e+00
f000_d1             =  0.00000e+00
f000_d0             =  3.30000e+00
f000_complete       =  3.30000e+00
f000_invalid        =  0.00000e+00
f000_timeout        =  0.00000e+00
f000_sampled        =  1.28228e+00
f000_input          =  1.28292e+00
f000_tcomplete      =  3.75497e-07
f001_d7             =  3.30000e+00
f001_d6             =  3.30000e+00
f001_d5             =  3.30000e+00
f001_d4             =  3.30000e+00
f001_d3             =  0.00000e+00
f001_d2             =  0.00000e+00
f001_d1             =  0.00000e+00
f001_d0             =  3.30000e+00
f001_complete       =  3.30000e+00
f001_invalid        =  0.00000e+00
f001_timeout        =  0.00000e+00
f001_sampled        =  1.48634e+00
f001_input          =  1.48486e+00
f001_tcomplete      =  8.75504e-07
f002_d7             =  3.30000e+00
f002_d6             =  3.30000e+00
f002_d5             =  5.09854e-297
f002_d4             =  5.09854e-297
f002_d3             =  3.30000e+00
f002_d2             =  3.30000e+00
f002_d1             =  0.00000e+00
f002_d0             =  3.30000e+00
f002_complete       =  3.30000e+00
f002_invalid        =  0.00000e+00
f002_timeout        =  0.00000e+00
f002_sampled        =  1.01300e+00
f002_input          =  1.01276e+00
f002_tcomplete      =  1.37550e-06
f003_d7             =  3.30000e+00
f003_d6             =  5.12996e-297
f003_d5             =  4.08882e-312
f003_d4             =  4.08882e-312
f003_d3             =  5.12996e-297
f003_d2             =  3.30000e+00
f003_d1             =  3.30000e+00
f003_d0             =  3.30000e+00
f003_complete       =  3.30000e+00
f003_invalid        =  0.00000e+00
f003_timeout        =  0.00000e+00
f003_sampled        =  8.11279e-02
f003_input          =  8.10132e-02
f003_tcomplete      =  1.87550e-06
f004_d7             =  5.19586e-297
f004_d6             =  4.08882e-312
f004_d5             =  3.30000e+00
f004_d4             =  3.30000e+00
f004_d3             =  3.30000e+00
f004_d2             =  3.30000e+00
f004_d1             =  3.30000e+00
f004_d0             =  5.19586e-297
f004_complete       =  3.30000e+00
f004_invalid        =  0.00000e+00
f004_timeout        =  0.00000e+00
f004_sampled        =  -8.87899e-01
f004_input          =  -8.87645e-01
f004_tcomplete      =  2.37550e-06
f005_d7             =  4.08882e-312
f005_d6             =  4.08882e-312
f005_d5             =  4.49181e-297
f005_d4             =  3.30000e+00
f005_d3             =  4.49181e-297
f005_d2             =  4.49181e-297
f005_d1             =  3.30000e+00
f005_d0             =  3.30000e+00
f005_complete       =  3.30000e+00
f005_invalid        =  0.00000e+00
f005_timeout        =  0.00000e+00
f005_sampled        =  -1.45160e+00
f005_input          =  -1.45324e+00
f005_tcomplete      =  2.87548e-06
f006_d7             =  4.08882e-312
f006_d6             =  4.08882e-312
f006_d5             =  4.08882e-312
f006_d4             =  3.30000e+00
f006_d3             =  3.30000e+00
f006_d2             =  4.08882e-312
f006_d1             =  3.30000e+00
f006_d0             =  4.48988e-297
f006_complete       =  3.30000e+00
f006_invalid        =  0.00000e+00
f006_timeout        =  0.00000e+00
f006_sampled        =  -1.36065e+00
f006_input          =  -1.35901e+00
f006_tcomplete      =  3.37548e-06
f007_d7             =  4.08882e-312
f007_d6             =  3.30000e+00
f007_d5             =  4.08882e-312
f007_d4             =  3.30000e+00
f007_d3             =  4.53203e-297
f007_d2             =  4.08882e-312
f007_d1             =  4.53203e-297
f007_d0             =  4.08882e-312
f007_complete       =  3.30000e+00
f007_invalid        =  0.00000e+00
f007_timeout        =  0.00000e+00
f007_sampled        =  -6.47987e-01
f007_input          =  -6.47912e-01
f007_tcomplete      =  3.87548e-06
f008_d7             =  3.30000e+00
f008_d6             =  4.55648e-297
f008_d5             =  4.08882e-312
f008_d4             =  3.30000e+00
f008_d3             =  3.30000e+00
f008_d2             =  4.08882e-312
f008_d1             =  3.30000e+00
f008_d0             =  3.30000e+00
f008_complete       =  3.30000e+00
f008_invalid        =  0.00000e+00
f008_timeout        =  0.00000e+00
f008_sampled        =  3.59775e-01
f008_input          =  3.57284e-01
f008_tcomplete      =  4.37548e-06
f009_d7             =  3.30000e+00
f009_d6             =  3.30000e+00
f009_d5             =  4.08882e-312
f009_d4             =  3.30000e+00
f009_d3             =  3.30000e+00
f009_d2             =  4.08882e-312
f009_d1             =  3.30000e+00
f009_d0             =  3.30000e+00
f009_complete       =  3.30000e+00
f009_invalid        =  0.00000e+00
f009_timeout        =  0.00000e+00
f009_sampled        =  1.19844e+00
f009_input          =  1.20033e+00
f009_tcomplete      =  4.87548e-06
f010_d7             =  3.30000e+00
f010_d6             =  3.30000e+00
f010_d5             =  3.30000e+00
f010_d4             =  3.30000e+00
f010_d3             =  5.15234e-297
f010_d2             =  4.08882e-312
f010_d1             =  3.30000e+00
f010_d0             =  5.15234e-297
f010_complete       =  3.30000e+00
f010_invalid        =  0.00000e+00
f010_timeout        =  0.00000e+00
f010_sampled        =  1.50003e+00
f010_input          =  1.49857e+00
f010_tcomplete      =  5.37550e-06
f011_d7             =  3.30000e+00
f011_d6             =  3.30000e+00
f011_d5             =  5.09923e-297
f011_d4             =  3.30000e+00
f011_d3             =  4.08882e-312
f011_d2             =  3.30000e+00
f011_d1             =  5.09923e-297
f011_d0             =  3.30000e+00
f011_complete       =  3.30000e+00
f011_invalid        =  0.00000e+00
f011_timeout        =  0.00000e+00
f011_sampled        =  1.11689e+00
f011_input          =  1.11630e+00
f011_tcomplete      =  5.87550e-06
f012_d7             =  3.30000e+00
f012_d6             =  5.15212e-297
f012_d5             =  4.08882e-312
f012_d4             =  3.30000e+00
f012_d3             =  4.08882e-312
f012_d2             =  5.15212e-297
f012_d1             =  3.30000e+00
f012_d0             =  5.15212e-297
f012_complete       =  3.30000e+00
f012_invalid        =  0.00000e+00
f012_timeout        =  0.00000e+00
f012_sampled        =  2.27268e-01
f012_input          =  2.27300e-01
f012_tcomplete      =  6.37550e-06
f013_d7             =  5.01670e-297
f013_d6             =  3.30000e+00
f013_d5             =  4.08882e-312
f013_d4             =  5.01670e-297
f013_d3             =  4.08882e-312
f013_d2             =  3.30000e+00
f013_d1             =  3.30000e+00
f013_d0             =  3.30000e+00
f013_complete       =  3.30000e+00
f013_invalid        =  0.00000e+00
f013_timeout        =  0.00000e+00
f013_sampled        =  -7.63997e-01
f013_input          =  -7.64808e-01
f013_tcomplete      =  6.87550e-06
f014_d7             =  4.08882e-312
f014_d6             =  5.07458e-297
f014_d5             =  4.08882e-312
f014_d4             =  3.30000e+00
f014_d3             =  4.08882e-312
f014_d2             =  3.30000e+00
f014_d1             =  3.30000e+00
f014_d0             =  5.07458e-297
f014_complete       =  3.30000e+00
f014_invalid        =  0.00000e+00
f014_timeout        =  0.00000e+00
f014_sampled        =  -1.41067e+00
f014_input          =  -1.40975e+00
f014_tcomplete      =  7.37550e-06
f015_d7             =  4.08882e-312
f015_d6             =  4.08882e-312
f015_d5             =  4.08882e-312
f015_d4             =  3.30000e+00
f015_d3             =  4.08882e-312
f015_d2             =  3.30000e+00
f015_d1             =  3.30000e+00
f015_d0             =  4.08882e-312
f015_complete       =  3.30000e+00
f015_invalid        =  0.00000e+00
f015_timeout        =  0.00000e+00
f015_sampled        =  -1.41160e+00
f015_input          =  -1.41487e+00
f015_tcomplete      =  7.87550e-06
f016_d7             =  4.08882e-312
f016_d6             =  3.30000e+00
f016_d5             =  4.08882e-312
f016_d4             =  5.17571e-297
f016_d3             =  4.08882e-312
f016_d2             =  3.30000e+00
f016_d1             =  3.30000e+00
f016_d0             =  4.08882e-312
f016_complete       =  3.30000e+00
f016_invalid        =  0.00000e+00
f016_timeout        =  0.00000e+00
f016_sampled        =  -7.79628e-01
f016_input          =  -7.77468e-01
f016_tcomplete      =  8.37550e-06
f017_d7             =  3.30000e+00
f017_d6             =  5.16596e-297
f017_d5             =  4.08882e-312
f017_d4             =  3.30000e+00
f017_d3             =  4.08882e-312
f017_d2             =  5.16596e-297
f017_d1             =  5.16596e-297
f017_d0             =  4.08882e-312
f017_complete       =  3.30000e+00
f017_invalid        =  0.00000e+00
f017_timeout        =  0.00000e+00
f017_sampled        =  2.10190e-01
f017_input          =  2.12772e-01
f017_tcomplete      =  8.87550e-06
f018_d7             =  3.30000e+00
f018_d6             =  3.30000e+00
f018_d5             =  4.08882e-312
f018_d4             =  3.30000e+00
f018_d3             =  4.08882e-312
f018_d2             =  3.30000e+00
f018_d1             =  4.08882e-312
f018_d0             =  4.08882e-312
f018_complete       =  3.30000e+00
f018_invalid        =  0.00000e+00
f018_timeout        =  0.00000e+00
f018_sampled        =  1.10382e+00
f018_input          =  1.10641e+00
f018_tcomplete      =  9.37550e-06
f019_d7             =  3.30000e+00
f019_d6             =  3.30000e+00
f019_d5             =  3.30000e+00
f019_d4             =  3.30000e+00
f019_d3             =  4.08882e-312
f019_d2             =  5.14881e-297
f019_d1             =  4.08882e-312
f019_d0             =  3.30000e+00
f019_complete       =  3.30000e+00
f019_invalid        =  0.00000e+00
f019_timeout        =  0.00000e+00
f019_sampled        =  1.49626e+00
f019_input          =  1.49793e+00
f019_tcomplete      =  9.87550e-06
f020_d7             =  3.30000e+00
f020_d6             =  3.30000e+00
f020_d5             =  4.58992e-297
f020_d4             =  3.30000e+00
f020_d3             =  3.30000e+00
f020_d2             =  3.30000e+00
f020_d1             =  4.08882e-312
f020_d0             =  4.58992e-297
f020_complete       =  3.30000e+00
f020_invalid        =  0.00000e+00
f020_timeout        =  0.00000e+00
f020_sampled        =  1.21039e+00
f020_input          =  1.20918e+00
f020_tcomplete      =  1.03755e-05
f021_d7             =  3.30000e+00
f021_d6             =  4.49129e-297
f021_d5             =  4.08882e-312
f021_d4             =  3.30000e+00
f021_d3             =  3.30000e+00
f021_d2             =  3.30000e+00
f021_d1             =  4.08882e-312
f021_d0             =  3.30000e+00
f021_complete       =  3.30000e+00
f021_invalid        =  0.00000e+00
f021_timeout        =  0.00000e+00
f021_sampled        =  3.70402e-01
f021_input          =  3.71706e-01
f021_tcomplete      =  1.08755e-05
f022_d7             =  4.45862e-297
f022_d6             =  3.30000e+00
f022_d5             =  4.08882e-312
f022_d4             =  3.30000e+00
f022_d3             =  4.45862e-297
f022_d2             =  4.45862e-297
f022_d1             =  4.08882e-312
f022_d0             =  3.30000e+00
f022_complete       =  3.30000e+00
f022_invalid        =  0.00000e+00
f022_timeout        =  0.00000e+00
f022_sampled        =  -6.34280e-01
f022_input          =  -6.34601e-01
f022_tcomplete      =  1.13755e-05
f023_d7             =  4.08882e-312
f023_d6             =  4.56406e-297
f023_d5             =  4.08882e-312
f023_d4             =  3.30000e+00
f023_d3             =  3.30000e+00
f023_d2             =  4.08882e-312
f023_d1             =  3.30000e+00
f023_d0             =  4.56406e-297
f023_complete       =  3.30000e+00
f023_invalid        =  0.00000e+00
f023_timeout        =  0.00000e+00
f023_sampled        =  -1.35137e+00
f023_input          =  -1.35265e+00
f023_tcomplete      =  1.18755e-05
f024_d7             =  4.08882e-312
f024_d6             =  4.08882e-312
f024_d5             =  4.08882e-312
f024_d4             =  3.30000e+00
f024_d3             =  4.49004e-297
f024_d2             =  4.08882e-312
f024_d1             =  3.30000e+00
f024_d0             =  3.30000e+00
f024_complete       =  3.30000e+00
f024_invalid        =  0.00000e+00
f024_timeout        =  0.00000e+00
f024_sampled        =  -1.45684e+00
f024_input          =  -1.45677e+00
f024_tcomplete      =  1.23755e-05
f025_d7             =  4.08882e-312
f025_d6             =  4.08882e-312
f025_d5             =  3.30000e+00
f025_d4             =  3.30000e+00
f025_d3             =  3.30000e+00
f025_d2             =  3.30000e+00
f025_d1             =  5.17536e-297
f025_d0             =  3.30000e+00
f025_complete       =  3.30000e+00
f025_invalid        =  0.00000e+00
f025_timeout        =  0.00000e+00
f025_sampled        =  -8.99968e-01
f025_input          =  -8.99509e-01
f025_tcomplete      =  1.28755e-05
f026_d7             =  3.30000e+00
f026_d6             =  4.08882e-312
f026_d5             =  5.06239e-297
f026_d4             =  5.06239e-297
f026_d3             =  5.06239e-297
f026_d2             =  3.30000e+00
f026_d1             =  4.08882e-312
f026_d0             =  3.30000e+00
f026_complete       =  3.30000e+00
f026_invalid        =  0.00000e+00
f026_timeout        =  0.00000e+00
f026_sampled        =  6.35868e-02
f026_input          =  6.63116e-02
f026_tcomplete      =  1.33755e-05
f027_d7             =  3.30000e+00
f027_d6             =  3.30000e+00
f027_d5             =  4.08882e-312
f027_d4             =  4.08882e-312
f027_d3             =  3.30000e+00
f027_d2             =  3.30000e+00
f027_d1             =  4.08882e-312
f027_d0             =  5.16960e-297
f027_complete       =  3.30000e+00
f027_invalid        =  0.00000e+00
f027_timeout        =  0.00000e+00
f027_sampled        =  9.99815e-01
f027_input          =  1.00199e+00
f027_tcomplete      =  1.38755e-05
f028_d7             =  3.30000e+00
f028_d6             =  3.30000e+00
f028_d5             =  3.30000e+00
f028_d4             =  3.30000e+00
f028_d3             =  5.22500e-297
f028_d2             =  5.22500e-297
f028_d1             =  4.08882e-312
f028_d0             =  4.08882e-312
f028_complete       =  3.30000e+00
f028_invalid        =  0.00000e+00
f028_timeout        =  0.00000e+00
f028_sampled        =  1.48430e+00
f028_input          =  1.48270e+00
f028_tcomplete      =  1.43755e-05
f029_d7             =  3.30000e+00
f029_d6             =  3.30000e+00
f029_d5             =  3.30000e+00
f029_d4             =  5.04416e-297
f029_d3             =  4.08882e-312
f029_d2             =  4.08882e-312
f029_d1             =  3.30000e+00
f029_d0             =  4.08882e-312
f029_complete       =  3.30000e+00
f029_invalid        =  0.00000e+00
f029_timeout        =  0.00000e+00
f029_sampled        =  1.29122e+00
f029_input          =  1.29027e+00
f029_tcomplete      =  1.48755e-05
f030_d7             =  3.30000e+00
f030_d6             =  4.49332e-297
f030_d5             =  3.30000e+00
f030_d4             =  4.08882e-312
f030_d3             =  4.08882e-312
f030_d2             =  3.30000e+00
f030_d1             =  3.30000e+00
f030_d0             =  3.30000e+00
f030_complete       =  3.30000e+00
f030_invalid        =  0.00000e+00
f030_timeout        =  0.00000e+00
f030_sampled        =  5.10929e-01
f030_input          =  5.12242e-01
f030_tcomplete      =  1.53755e-05
f031_d7             =  4.49256e-297
f031_d6             =  3.30000e+00
f031_d5             =  4.49256e-297
f031_d4             =  3.30000e+00
f031_d3             =  3.30000e+00
f031_d2             =  4.49256e-297
f031_d1             =  3.30000e+00
f031_d0             =  3.30000e+00
f031_complete       =  3.30000e+00
f031_invalid        =  0.00000e+00
f031_timeout        =  0.00000e+00
f031_sampled        =  -4.96434e-01
f031_input          =  -4.98432e-01
f031_tcomplete      =  1.58755e-05
f032_d7             =  4.08882e-312
f032_d6             =  5.01049e-297
f032_d5             =  3.30000e+00
f032_d4             =  5.01049e-297
f032_d3             =  5.01049e-297
f032_d2             =  4.08882e-312
f032_d1             =  5.01049e-297
f032_d0             =  5.01049e-297
f032_complete       =  3.30000e+00
f032_invalid        =  0.00000e+00
f032_timeout        =  0.00000e+00
f032_sampled        =  -1.28281e+00
f032_input          =  -1.28275e+00
f032_tcomplete      =  1.63755e-05
f033_d7             =  4.08882e-312
f033_d6             =  4.08882e-312
f033_d5             =  4.52898e-297
f033_d4             =  3.30000e+00
f033_d3             =  4.08882e-312
f033_d2             =  4.08882e-312
f033_d1             =  4.08882e-312
f033_d0             =  4.08882e-312
f033_complete       =  3.30000e+00
f033_invalid        =  0.00000e+00
f033_timeout        =  0.00000e+00
f033_sampled        =  -1.48249e+00
f033_input          =  -1.48479e+00
f033_tcomplete      =  1.68755e-05
f034_d7             =  4.08882e-312
f034_d6             =  4.08882e-312
f034_d5             =  3.30000e+00
f034_d4             =  3.30000e+00
f034_d3             =  4.08882e-312
f034_d2             =  3.30000e+00
f034_d1             =  4.08882e-312
f034_d0             =  4.08882e-312
f034_complete       =  3.30000e+00
f034_invalid        =  0.00000e+00
f034_timeout        =  0.00000e+00
f034_sampled        =  -1.01411e+00
f034_input          =  -1.01288e+00
f034_tcomplete      =  1.73755e-05
f035_d7             =  4.08882e-312
f035_d6             =  3.30000e+00
f035_d5             =  3.30000e+00
f035_d4             =  3.30000e+00
f035_d3             =  3.30000e+00
f035_d2             =  5.09482e-297
f035_d1             =  3.30000e+00
f035_d0             =  4.08882e-312
f035_complete       =  3.30000e+00
f035_invalid        =  0.00000e+00
f035_timeout        =  0.00000e+00
f035_sampled        =  -8.31658e-02
f035_input          =  -8.09125e-02
f035_tcomplete      =  1.78755e-05
f036_d7             =  3.30000e+00
f036_d6             =  3.30000e+00
f036_d5             =  4.74180e-297
f036_d4             =  4.74180e-297
f036_d3             =  4.74180e-297
f036_d2             =  3.30000e+00
f036_d1             =  4.74180e-297
f036_d0             =  4.08882e-312
f036_complete       =  3.30000e+00
f036_invalid        =  0.00000e+00
f036_timeout        =  0.00000e+00
f036_sampled        =  8.87022e-01
f036_input          =  8.87668e-01
f036_tcomplete      =  1.83755e-05
f037_d7             =  3.30000e+00
f037_d6             =  3.30000e+00
f037_d5             =  3.30000e+00
f037_d4             =  4.08882e-312
f037_d3             =  3.30000e+00
f037_d2             =  3.30000e+00
f037_d1             =  3.30000e+00
f037_d0             =  4.08882e-312
f037_complete       =  3.30000e+00
f037_invalid        =  0.00000e+00
f037_timeout        =  0.00000e+00
f037_sampled        =  1.45275e+00
f037_input          =  1.45323e+00
f037_tcomplete      =  1.88755e-05
f038_d7             =  3.30000e+00
f038_d6             =  3.30000e+00
f038_d5             =  3.30000e+00
f038_d4             =  4.08882e-312
f038_d3             =  5.06978e-297
f038_d2             =  3.30000e+00
f038_d1             =  3.30000e+00
f038_d0             =  3.30000e+00
f038_complete       =  3.30000e+00
f038_invalid        =  0.00000e+00
f038_timeout        =  0.00000e+00
f038_sampled        =  1.35778e+00
f038_input          =  1.35913e+00
f038_tcomplete      =  1.93755e-05
f039_d7             =  3.30000e+00
f039_d6             =  5.10035e-297
f039_d5             =  3.30000e+00
f039_d4             =  3.30000e+00
f039_d3             =  4.08882e-312
f039_d2             =  5.10035e-297
f039_d1             =  5.10035e-297
f039_d0             =  3.30000e+00
f039_complete       =  3.30000e+00
f039_invalid        =  0.00000e+00
f039_timeout        =  0.00000e+00
f039_sampled        =  6.48695e-01
f039_input          =  6.48069e-01
f039_tcomplete      =  1.98755e-05
f040_d7             =  4.49987e-297
f040_d6             =  3.30000e+00
f040_d5             =  3.30000e+00
f040_d4             =  4.49987e-297
f040_d3             =  4.08882e-312
f040_d2             =  3.30000e+00
f040_d1             =  3.30000e+00
f040_d0             =  4.49987e-297
f040_complete       =  3.30000e+00
f040_invalid        =  0.00000e+00
f040_timeout        =  0.00000e+00
f040_sampled        =  -3.56870e-01
f040_input          =  -3.57268e-01
f040_tcomplete      =  2.03755e-05
f041_d7             =  4.08882e-312
f041_d6             =  5.33892e-297
f041_d5             =  3.30000e+00
f041_d4             =  4.08882e-312
f041_d3             =  4.08882e-312
f041_d2             =  3.30000e+00
f041_d1             =  3.30000e+00
f041_d0             =  4.08882e-312
f041_complete       =  3.30000e+00
f041_invalid        =  0.00000e+00
f041_timeout        =  0.00000e+00
f041_sampled        =  -1.20139e+00
f041_input          =  -1.20047e+00
f041_tcomplete      =  2.08755e-05
f042_d7             =  4.08882e-312
f042_d6             =  4.08882e-312
f042_d5             =  5.27184e-297
f042_d4             =  3.30000e+00
f042_d3             =  4.08882e-312
f042_d2             =  5.27184e-297
f042_d1             =  5.27184e-297
f042_d0             =  4.08882e-312
f042_complete       =  3.30000e+00
f042_invalid        =  0.00000e+00
f042_timeout        =  0.00000e+00
f042_sampled        =  -1.49982e+00
f042_input          =  -1.49866e+00
f042_tcomplete      =  2.13755e-05
f043_d7             =  4.08882e-312
f043_d6             =  4.08882e-312
f043_d5             =  3.30000e+00
f043_d4             =  5.09389e-297
f043_d3             =  3.30000e+00
f043_d2             =  3.30000e+00
f043_d1             =  4.08882e-312
f043_d0             =  4.08882e-312
f043_complete       =  3.30000e+00
f043_invalid        =  0.00000e+00
f043_timeout        =  0.00000e+00
f043_sampled        =  -1.11758e+00
f043_input          =  -1.11630e+00
f043_tcomplete      =  2.18755e-05
f044_d7             =  4.08882e-312
f044_d6             =  3.30000e+00
f044_d5             =  3.30000e+00
f044_d4             =  4.08882e-312
f044_d3             =  3.30000e+00
f044_d2             =  3.30000e+00
f044_d1             =  3.30000e+00
f044_d0             =  3.30000e+00
f044_complete       =  3.30000e+00
f044_invalid        =  0.00000e+00
f044_timeout        =  0.00000e+00
f044_sampled        =  -2.28558e-01
f044_input          =  -2.27310e-01
f044_tcomplete      =  2.23755e-05
f045_d7             =  3.30000e+00
f045_d6             =  5.13902e-297
f045_d5             =  3.30000e+00
f045_d4             =  3.30000e+00
f045_d3             =  3.30000e+00
f045_d2             =  5.13902e-297
f045_d1             =  3.30000e+00
f045_d0             =  5.13902e-297
f045_complete       =  3.30000e+00
f045_invalid        =  0.00000e+00
f045_timeout        =  0.00000e+00
f045_sampled        =  7.63603e-01
f045_input          =  7.64859e-01
f045_tcomplete      =  2.28755e-05
f046_d7             =  3.30000e+00
f046_d6             =  3.30000e+00
f046_d5             =  3.30000e+00
f046_d4             =  5.15820e-297
f046_d3             =  3.30000e+00
f046_d2             =  4.08882e-312
f046_d1             =  3.30000e+00
f046_d0             =  3.30000e+00
f046_complete       =  3.30000e+00
f046_invalid        =  0.00000e+00
f046_timeout        =  0.00000e+00
f046_sampled        =  1.41101e+00
f046_input          =  1.40983e+00
f046_tcomplete      =  2.33755e-05
f047_d7             =  3.30000e+00
f047_d6             =  3.30000e+00
f047_d5             =  3.30000e+00
f047_d4             =  4.08882e-312
f047_d3             =  3.30000e+00
f047_d2             =  4.08882e-312
f047_d1             =  3.30000e+00
f047_d0             =  3.30000e+00
f047_complete       =  3.30000e+00
f047_invalid        =  0.00000e+00
f047_timeout        =  0.00000e+00
f047_sampled        =  1.41316e+00
f047_input          =  1.41481e+00
f047_tcomplete      =  2.38755e-05
f048_d7             =  3.30000e+00
f048_d6             =  5.10746e-297
f048_d5             =  3.30000e+00
f048_d4             =  3.30000e+00
f048_d3             =  3.30000e+00
f048_d2             =  4.08882e-312
f048_d1             =  3.30000e+00
f048_d0             =  3.30000e+00
f048_complete       =  3.30000e+00
f048_invalid        =  0.00000e+00
f048_timeout        =  0.00000e+00
f048_sampled        =  7.78289e-01
f048_input          =  7.77463e-01
f048_tcomplete      =  2.43755e-05
f049_d7             =  4.48875e-297
f049_d6             =  3.30000e+00
f049_d5             =  3.30000e+00
f049_d4             =  3.30000e+00
f049_d3             =  4.48875e-297
f049_d2             =  4.08882e-312
f049_d1             =  4.48875e-297
f049_d0             =  3.30000e+00
f049_complete       =  3.30000e+00
f049_invalid        =  0.00000e+00
f049_timeout        =  0.00000e+00
f049_sampled        =  -2.13936e-01
f049_input          =  -2.12890e-01
f049_tcomplete      =  2.48755e-05
f050_d7             =  4.08882e-312
f050_d6             =  5.07206e-297
f050_d5             =  3.30000e+00
f050_d4             =  5.07206e-297
f050_d3             =  3.30000e+00
f050_d2             =  3.30000e+00
f050_d1             =  4.08882e-312
f050_d0             =  3.30000e+00
f050_complete       =  3.30000e+00
f050_invalid        =  0.00000e+00
f050_timeout        =  0.00000e+00
f050_sampled        =  -1.10753e+00
f050_input          =  -1.10645e+00
f050_tcomplete      =  2.53755e-05
f051_d7             =  4.08882e-312
f051_d6             =  4.08882e-312
f051_d5             =  5.20853e-297
f051_d4             =  3.30000e+00
f051_d3             =  5.20853e-297
f051_d2             =  5.20853e-297
f051_d1             =  4.08882e-312
f051_d0             =  5.20853e-297
f051_complete       =  3.30000e+00
f051_invalid        =  0.00000e+00
f051_timeout        =  0.00000e+00
f051_sampled        =  -1.49838e+00
f051_input          =  -1.49780e+00
f051_tcomplete      =  2.58755e-05
f052_d7             =  4.08882e-312
f052_d6             =  4.08882e-312
f052_d5             =  3.30000e+00
f052_d4             =  5.14370e-297
f052_d3             =  4.08882e-312
f052_d2             =  3.30000e+00
f052_d1             =  4.08882e-312
f052_d0             =  3.30000e+00
f052_complete       =  3.30000e+00
f052_invalid        =  0.00000e+00
f052_timeout        =  0.00000e+00
f052_sampled        =  -1.21036e+00
f052_input          =  -1.20905e+00
f052_tcomplete      =  2.63755e-05
f053_d7             =  4.08882e-312
f053_d6             =  3.30000e+00
f053_d5             =  3.30000e+00
f053_d4             =  4.08882e-312
f053_d3             =  4.08882e-312
f053_d2             =  3.30000e+00
f053_d1             =  4.08882e-312
f053_d0             =  5.15800e-297
f053_complete       =  3.30000e+00
f053_invalid        =  0.00000e+00
f053_timeout        =  0.00000e+00
f053_sampled        =  -3.70667e-01
f053_input          =  -3.71598e-01
f053_tcomplete      =  2.68755e-05
f054_d7             =  3.30000e+00
f054_d6             =  5.09957e-297
f054_d5             =  3.30000e+00
f054_d4             =  3.30000e+00
f054_d3             =  4.08882e-312
f054_d2             =  5.09957e-297
f054_d1             =  4.08882e-312
f054_d0             =  3.30000e+00
f054_complete       =  3.30000e+00
f054_invalid        =  0.00000e+00
f054_timeout        =  0.00000e+00
f054_sampled        =  6.33832e-01
f054_input          =  6.34818e-01
f054_tcomplete      =  2.73755e-05
f055_d7             =  3.30000e+00
f055_d6             =  3.30000e+00
f055_d5             =  3.30000e+00
f055_d4             =  5.04852e-297
f055_d3             =  4.08882e-312
f055_d2             =  3.30000e+00
f055_d1             =  3.30000e+00
f055_d0             =  3.30000e+00
f055_complete       =  3.30000e+00
f055_invalid        =  0.00000e+00
f055_timeout        =  0.00000e+00
f055_sampled        =  1.35539e+00
f055_input          =  1.35274e+00
f055_tcomplete      =  2.78755e-05
f056_d7             =  3.30000e+00
f056_d6             =  3.30000e+00
f056_d5             =  3.30000e+00
f056_d4             =  4.08882e-312
f056_d3             =  3.30000e+00
f056_d2             =  3.30000e+00
f056_d1             =  3.30000e+00
f056_d0             =  4.56415e-297
f056_complete       =  3.30000e+00
f056_invalid        =  0.00000e+00
f056_timeout        =  0.00000e+00
f056_sampled        =  1.45803e+00
f056_input          =  1.45685e+00
f056_tcomplete      =  2.83755e-05
f057_d7             =  3.30000e+00
f057_d6             =  3.30000e+00
f057_d5             =  4.87889e-297
f057_d4             =  4.08882e-312
f057_d3             =  4.87889e-297
f057_d2             =  3.30000e+00
f057_d1             =  4.87889e-297
f057_d0             =  4.08882e-312
f057_complete       =  3.30000e+00
f057_invalid        =  0.00000e+00
f057_timeout        =  0.00000e+00
f057_sampled        =  9.00681e-01
f057_input          =  8.99465e-01
f057_tcomplete      =  2.88755e-05
f058_d7             =  5.04203e-297
f058_d6             =  3.30000e+00
f058_d5             =  3.30000e+00
f058_d4             =  3.30000e+00
f058_d3             =  3.30000e+00
f058_d2             =  3.30000e+00
f058_d1             =  4.08882e-312
f058_d0             =  4.08882e-312
f058_complete       =  3.30000e+00
f058_invalid        =  0.00000e+00
f058_timeout        =  0.00000e+00
f058_sampled        =  -6.70763e-02
f058_input          =  -6.63386e-02
f058_tcomplete      =  2.93755e-05
f059_d7             =  4.08882e-312
f059_d6             =  5.13481e-297
f059_d5             =  3.30000e+00
f059_d4             =  3.30000e+00
f059_d3             =  5.13481e-297
f059_d2             =  3.30000e+00
f059_d1             =  4.08882e-312
f059_d0             =  3.30000e+00
f059_complete       =  3.30000e+00
f059_invalid        =  0.00000e+00
f059_timeout        =  0.00000e+00
f059_sampled        =  -1.00405e+00
f059_input          =  -1.00179e+00
f059_tcomplete      =  2.98755e-05
f060_d7             =  4.08882e-312
f060_d6             =  4.08882e-312
f060_d5             =  4.68565e-297
f060_d4             =  3.30000e+00
f060_d3             =  4.08882e-312
f060_d2             =  4.68565e-297
f060_d1             =  4.08882e-312
f060_d0             =  3.30000e+00
f060_complete       =  3.30000e+00
f060_invalid        =  0.00000e+00
f060_timeout        =  0.00000e+00
f060_sampled        =  -1.48440e+00
f060_input          =  -1.48271e+00
f060_tcomplete      =  3.03755e-05
f061_d7             =  4.08882e-312
f061_d6             =  4.08882e-312
f061_d5             =  4.08882e-312
f061_d4             =  3.30000e+00
f061_d3             =  3.30000e+00
f061_d2             =  3.30000e+00
f061_d1             =  3.30000e+00
f061_d0             =  3.30000e+00
f061_complete       =  3.30000e+00
f061_invalid        =  0.00000e+00
f061_timeout        =  0.00000e+00
f061_sampled        =  -1.29274e+00
f061_input          =  -1.29036e+00
f061_tcomplete      =  3.08755e-05
f062_d7             =  4.08882e-312
f062_d6             =  3.30000e+00
f062_d5             =  4.08882e-312
f062_d4             =  3.30000e+00
f062_d3             =  3.30000e+00
f062_d2             =  4.44844e-297
f062_d1             =  3.30000e+00
f062_d0             =  4.44844e-297
f062_complete       =  3.30000e+00
f062_invalid        =  0.00000e+00
f062_timeout        =  0.00000e+00
f062_sampled        =  -5.13992e-01
f062_input          =  -5.12235e-01
f062_tcomplete      =  3.13755e-05
f063_d7             =  3.30000e+00
f063_d6             =  4.48223e-297
f063_d5             =  3.30000e+00
f063_d4             =  4.48223e-297
f063_d3             =  4.48223e-297
f063_d2             =  3.30000e+00
f063_d1             =  3.30000e+00
f063_d0             =  4.08882e-312
f063_complete       =  3.30000e+00
f063_invalid        =  0.00000e+00
f063_timeout        =  0.00000e+00
f063_sampled        =  4.97251e-01
f063_input          =  4.98440e-01
f063_tcomplete      =  3.18755e-05
f064_d7             =  3.30000e+00
f064_d6             =  3.30000e+00
f064_d5             =  3.30000e+00
f064_d4             =  4.08882e-312
f064_d3             =  4.08882e-312
f064_d2             =  5.02914e-297
f064_d1             =  5.02914e-297
f064_d0             =  3.30000e+00
f064_complete       =  3.30000e+00
f064_invalid        =  0.00000e+00
f064_timeout        =  0.00000e+00
f064_sampled        =  1.28354e+00
f064_input          =  1.28281e+00
f064_tcomplete      =  3.23755e-05
f065_d7             =  3.30000e+00
f065_d6             =  3.30000e+00
f065_d5             =  3.30000e+00
f065_d4             =  3.30000e+00
f065_d3             =  4.08882e-312
f065_d2             =  4.08882e-312
f065_d1             =  4.08882e-312
f065_d0             =  3.30000e+00
f065_complete       =  3.30000e+00
f065_invalid        =  0.00000e+00
f065_timeout        =  0.00000e+00
f065_sampled        =  1.48454e+00
f065_input          =  1.48496e+00
f065_tcomplete      =  3.28755e-05
f066_d7             =  3.30000e+00
f066_d6             =  3.30000e+00
f066_d5             =  5.09777e-297
f066_d4             =  5.09777e-297
f066_d3             =  3.30000e+00
f066_d2             =  3.30000e+00
f066_d1             =  4.08882e-312
f066_d0             =  3.30000e+00
f066_complete       =  3.30000e+00
f066_invalid        =  0.00000e+00
f066_timeout        =  0.00000e+00
f066_sampled        =  1.01050e+00
f066_input          =  1.01270e+00
f066_tcomplete      =  3.33755e-05
f067_d7             =  3.30000e+00
f067_d6             =  5.12946e-297
f067_d5             =  4.08882e-312
f067_d4             =  4.08882e-312
f067_d3             =  5.12946e-297
f067_d2             =  3.30000e+00
f067_d1             =  3.30000e+00
f067_d0             =  3.30000e+00
f067_complete       =  3.30000e+00
f067_invalid        =  0.00000e+00
f067_timeout        =  0.00000e+00
f067_sampled        =  8.27872e-02
f067_input          =  8.10382e-02
f067_tcomplete      =  3.38755e-05
p_f000_cmp7_p0      =  -2.83452e-06
p_f000_cmp7_n0      =  -2.86944e-06
p_f000_cmp7_p5      =  3.30000e+00
p_f000_cmp7_n5      =  -1.79756e-06
p_f000_cmp6_p0      =  -8.49326e-06
p_f000_cmp6_n0      =  -8.48850e-06
p_f000_cmp6_p5      =  3.30000e+00
p_f000_cmp6_n5      =  -2.04809e-06
p_f000_cmp5_p0      =  -2.91856e-06
p_f000_cmp5_n0      =  -2.95383e-06
p_f000_cmp5_p5      =  3.30000e+00
p_f000_cmp5_n5      =  -1.70110e-06
p_f000_cmp4_p0      =  -2.91619e-06
p_f000_cmp4_n0      =  -2.95059e-06
p_f000_cmp4_p5      =  -1.65572e-06
p_f000_cmp4_n5      =  3.30000e+00
p_f000_cmp3_p0      =  -8.15556e-06
p_f000_cmp3_n0      =  -8.16131e-06
p_f000_cmp3_p5      =  -1.95777e-06
p_f000_cmp3_n5      =  3.30000e+00
p_f000_cmp2_p0      =  -8.15564e-06
p_f000_cmp2_n0      =  -8.15981e-06
p_f000_cmp2_p5      =  -1.95261e-06
p_f000_cmp2_n5      =  3.30000e+00
p_f000_cmp1_p0      =  -2.90609e-06
p_f000_cmp1_n0      =  -2.94130e-06
p_f000_cmp1_p5      =  -1.63934e-06
p_f000_cmp1_n5      =  3.30000e+00
p_f000_cmp0_p0      =  -8.19881e-06
p_f000_cmp0_n0      =  -8.19857e-06
p_f000_cmp0_p5      =  3.30000e+00
p_f000_cmp0_n5      =  -2.01030e-06
p_f000_dctrl7_p     =  3.30001e+00
p_f000_dctrl7_n     =  3.46764e-01
p_f000_dctrl6_p     =  3.26647e+00
p_f000_dctrl6_n     =  3.16754e-06
p_f000_dctrl5_p     =  3.29964e+00
p_f000_dctrl5_n     =  -1.62474e-06
p_f000_dctrl4_p     =  -1.18812e-07
p_f000_dctrl4_n     =  3.29999e+00
p_f000_dctrl3_p     =  -2.64589e-08
p_f000_dctrl3_n     =  3.30000e+00
p_f000_dctrl2_p     =  -1.32915e-08
p_f000_dctrl2_n     =  3.30000e+00
p_f000_dctrl1_p     =  -6.53099e-09
p_f000_dctrl1_n     =  3.30000e+00
p_f000_do7_drv_470  =  3.30000e+00
p_f000_do7_rx_470   =  3.30000e+00
p_f000_do6_drv_470  =  3.30000e+00
p_f000_do6_rx_470   =  3.30000e+00
p_f000_do5_drv_470  =  3.30000e+00
p_f000_do5_rx_470   =  3.30000e+00
p_f000_do4_drv_470  =  0.00000e+00
p_f000_do4_rx_470   =  0.00000e+00
p_f000_do3_drv_470  =  0.00000e+00
p_f000_do3_rx_470   =  0.00000e+00
p_f000_do2_drv_470  =  0.00000e+00
p_f000_do2_rx_470   =  0.00000e+00
p_f000_do1_drv_470  =  0.00000e+00
p_f000_do1_rx_470   =  0.00000e+00
p_f000_do0_drv_470  =  3.30000e+00
p_f000_do0_rx_470   =  3.30000e+00
p_f000_do7_drv_480  =  3.30000e+00
p_f000_do7_rx_480   =  3.30000e+00
p_f000_do6_drv_480  =  3.30000e+00
p_f000_do6_rx_480   =  3.30000e+00
p_f000_do5_drv_480  =  3.30000e+00
p_f000_do5_rx_480   =  3.30000e+00
p_f000_do4_drv_480  =  0.00000e+00
p_f000_do4_rx_480   =  0.00000e+00
p_f000_do3_drv_480  =  0.00000e+00
p_f000_do3_rx_480   =  0.00000e+00
p_f000_do2_drv_480  =  0.00000e+00
p_f000_do2_rx_480   =  0.00000e+00
p_f000_do1_drv_480  =  0.00000e+00
p_f000_do1_rx_480   =  0.00000e+00
p_f000_do0_drv_480  =  3.30000e+00
p_f000_do0_rx_480   =  3.30000e+00
p_f001_cmp7_p0      =  -3.06130e-06
p_f001_cmp7_n0      =  -3.09797e-06
p_f001_cmp7_p5      =  3.30000e+00
p_f001_cmp7_n5      =  -1.83840e-06
p_f001_cmp6_p0      =  -8.50794e-06
p_f001_cmp6_n0      =  -8.48995e-06
p_f001_cmp6_p5      =  3.30000e+00
p_f001_cmp6_n5      =  -2.08452e-06
p_f001_cmp5_p0      =  -3.14037e-06
p_f001_cmp5_n0      =  -3.17788e-06
p_f001_cmp5_p5      =  3.30000e+00
p_f001_cmp5_n5      =  -1.73156e-06
p_f001_cmp4_p0      =  -3.12839e-06
p_f001_cmp4_n0      =  -3.16560e-06
p_f001_cmp4_p5      =  3.30000e+00
p_f001_cmp4_n5      =  -1.71721e-06
p_f001_cmp3_p0      =  -8.44866e-06
p_f001_cmp3_n0      =  -8.44630e-06
p_f001_cmp3_p5      =  -1.98458e-06
p_f001_cmp3_n5      =  3.30000e+00
p_f001_cmp2_p0      =  -8.44907e-06
p_f001_cmp2_n0      =  -8.44499e-06
p_f001_cmp2_p5      =  -1.98083e-06
p_f001_cmp2_n5      =  3.30000e+00
p_f001_cmp1_p0      =  -3.12450e-06
p_f001_cmp1_n0      =  -3.16075e-06
p_f001_cmp1_p5      =  -1.66630e-06
p_f001_cmp1_n5      =  3.30000e+00
p_f001_cmp0_p0      =  -8.49224e-06
p_f001_cmp0_n0      =  -8.48396e-06
p_f001_cmp0_p5      =  3.30000e+00
p_f001_cmp0_n5      =  -2.02535e-06
p_f001_dctrl7_p     =  3.30001e+00
p_f001_dctrl7_n     =  3.47151e-01
p_f001_dctrl6_p     =  3.26640e+00
p_f001_dctrl6_n     =  3.54403e-06
p_f001_dctrl5_p     =  3.29964e+00
p_f001_dctrl5_n     =  -1.44463e-06
p_f001_dctrl4_p     =  3.29999e+00
p_f001_dctrl4_n     =  -1.36281e-07
p_f001_dctrl3_p     =  -2.63860e-08
p_f001_dctrl3_n     =  3.30000e+00
p_f001_dctrl2_p     =  -1.32153e-08
p_f001_dctrl2_n     =  3.30000e+00
p_f001_dctrl1_p     =  -6.48570e-09
p_f001_dctrl1_n     =  3.30000e+00
p_f001_do7_drv_470  =  3.30000e+00
p_f001_do7_rx_470   =  3.30000e+00
p_f001_do6_drv_470  =  3.30000e+00
p_f001_do6_rx_470   =  3.30000e+00
p_f001_do5_drv_470  =  3.30000e+00
p_f001_do5_rx_470   =  3.30000e+00
p_f001_do4_drv_470  =  3.30000e+00
p_f001_do4_rx_470   =  3.30000e+00
p_f001_do3_drv_470  =  0.00000e+00
p_f001_do3_rx_470   =  0.00000e+00
p_f001_do2_drv_470  =  0.00000e+00
p_f001_do2_rx_470   =  0.00000e+00
p_f001_do1_drv_470  =  0.00000e+00
p_f001_do1_rx_470   =  0.00000e+00
p_f001_do0_drv_470  =  3.30000e+00
p_f001_do0_rx_470   =  3.30000e+00
p_f001_do7_drv_480  =  3.30000e+00
p_f001_do7_rx_480   =  3.30000e+00
p_f001_do6_drv_480  =  3.30000e+00
p_f001_do6_rx_480   =  3.30000e+00
p_f001_do5_drv_480  =  3.30000e+00
p_f001_do5_rx_480   =  3.30000e+00
p_f001_do4_drv_480  =  3.30000e+00
p_f001_do4_rx_480   =  3.30000e+00
p_f001_do3_drv_480  =  0.00000e+00
p_f001_do3_rx_480   =  0.00000e+00
p_f001_do2_drv_480  =  0.00000e+00
p_f001_do2_rx_480   =  0.00000e+00
p_f001_do1_drv_480  =  0.00000e+00
p_f001_do1_rx_480   =  0.00000e+00
p_f001_do0_drv_480  =  3.30000e+00
p_f001_do0_rx_480   =  3.30000e+00
p_f002_cmp7_p0      =  -2.95639e-06
p_f002_cmp7_n0      =  -2.99242e-06
p_f002_cmp7_p5      =  3.30000e+00
p_f002_cmp7_n5      =  -1.80520e-06
p_f002_cmp6_p0      =  -8.37465e-06
p_f002_cmp6_n0      =  -8.36350e-06
p_f002_cmp6_p5      =  3.30000e+00
p_f002_cmp6_n5      =  -2.06167e-06
p_f002_cmp5_p0      =  -3.04964e-06
p_f002_cmp5_n0      =  -3.08507e-06
p_f002_cmp5_p5      =  -1.67134e-06
p_f002_cmp5_n5      =  3.30000e+00
p_f002_cmp4_p0      =  -3.25104e-06
p_f002_cmp4_n0      =  -3.28595e-06
p_f002_cmp4_p5      =  -1.66642e-06
p_f002_cmp4_n5      =  3.30000e+00
p_f002_cmp3_p0      =  -8.32676e-06
p_f002_cmp3_n0      =  -8.31981e-06
p_f002_cmp3_p5      =  3.30000e+00
p_f002_cmp3_n5      =  -2.02970e-06
p_f002_cmp2_p0      =  -8.32505e-06
p_f002_cmp2_n0      =  -8.32054e-06
p_f002_cmp2_p5      =  3.30000e+00
p_f002_cmp2_n5      =  -2.02495e-06
p_f002_cmp1_p0      =  -3.03099e-06
p_f002_cmp1_n0      =  -3.06659e-06
p_f002_cmp1_p5      =  -1.65547e-06
p_f002_cmp1_n5      =  3.30000e+00
p_f002_cmp0_p0      =  -8.36632e-06
p_f002_cmp0_n0      =  -8.36179e-06
p_f002_cmp0_p5      =  3.30000e+00
p_f002_cmp0_n5      =  -2.02073e-06
p_f002_dctrl7_p     =  3.30001e+00
p_f002_dctrl7_n     =  3.46984e-01
p_f002_dctrl6_p     =  3.26643e+00
p_f002_dctrl6_n     =  2.53109e-06
p_f002_dctrl5_p     =  -1.02179e-06
p_f002_dctrl5_n     =  3.29964e+00
p_f002_dctrl4_p     =  -1.34966e-07
p_f002_dctrl4_n     =  3.29999e+00
p_f002_dctrl3_p     =  3.30000e+00
p_f002_dctrl3_n     =  -2.56023e-08
p_f002_dctrl2_p     =  3.30000e+00
p_f002_dctrl2_n     =  -1.30711e-08
p_f002_dctrl1_p     =  -6.46949e-09
p_f002_dctrl1_n     =  3.30000e+00
p_f002_do7_drv_470  =  3.30000e+00
p_f002_do7_rx_470   =  3.30000e+00
p_f002_do6_drv_470  =  3.30000e+00
p_f002_do6_rx_470   =  3.30000e+00
p_f002_do5_drv_470  =  0.00000e+00
p_f002_do5_rx_470   =  1.45221e-268
p_f002_do4_drv_470  =  0.00000e+00
p_f002_do4_rx_470   =  1.45221e-268
p_f002_do3_drv_470  =  3.30000e+00
p_f002_do3_rx_470   =  3.30000e+00
p_f002_do2_drv_470  =  3.30000e+00
p_f002_do2_rx_470   =  3.30000e+00
p_f002_do1_drv_470  =  0.00000e+00
p_f002_do1_rx_470   =  0.00000e+00
p_f002_do0_drv_470  =  3.30000e+00
p_f002_do0_rx_470   =  3.30000e+00
p_f002_do7_drv_480  =  3.30000e+00
p_f002_do7_rx_480   =  3.30000e+00
p_f002_do6_drv_480  =  3.30000e+00
p_f002_do6_rx_480   =  3.30000e+00
p_f002_do5_drv_480  =  0.00000e+00
p_f002_do5_rx_480   =  5.09854e-297
p_f002_do4_drv_480  =  0.00000e+00
p_f002_do4_rx_480   =  5.09854e-297
p_f002_do3_drv_480  =  3.30000e+00
p_f002_do3_rx_480   =  3.30000e+00
p_f002_do2_drv_480  =  3.30000e+00
p_f002_do2_rx_480   =  3.30000e+00
p_f002_do1_drv_480  =  0.00000e+00
p_f002_do1_rx_480   =  0.00000e+00
p_f002_do0_drv_480  =  3.30000e+00
p_f002_do0_rx_480   =  3.30000e+00
p_f003_cmp7_p0      =  -2.96255e-06
p_f003_cmp7_n0      =  -2.99840e-06
p_f003_cmp7_p5      =  3.30000e+00
p_f003_cmp7_n5      =  -1.79782e-06
p_f003_cmp6_p0      =  -8.41641e-06
p_f003_cmp6_n0      =  -8.41994e-06
p_f003_cmp6_p5      =  -2.02095e-06
p_f003_cmp6_n5      =  3.30000e+00
p_f003_cmp5_p0      =  -3.08469e-06
p_f003_cmp5_n0      =  -3.12041e-06
p_f003_cmp5_p5      =  -1.67514e-06
p_f003_cmp5_n5      =  3.30000e+00
p_f003_cmp4_p0      =  -3.06953e-06
p_f003_cmp4_n0      =  -3.10476e-06
p_f003_cmp4_p5      =  -1.67001e-06
p_f003_cmp4_n5      =  3.30000e+00
p_f003_cmp3_p0      =  -8.36557e-06
p_f003_cmp3_n0      =  -8.36209e-06
p_f003_cmp3_p5      =  -1.96791e-06
p_f003_cmp3_n5      =  3.30000e+00
p_f003_cmp2_p0      =  -8.36804e-06
p_f003_cmp2_n0      =  -8.36072e-06
p_f003_cmp2_p5      =  3.30000e+00
p_f003_cmp2_n5      =  -2.03190e-06
p_f003_cmp1_p0      =  -3.23391e-06
p_f003_cmp1_n0      =  -3.27076e-06
p_f003_cmp1_p5      =  3.30000e+00
p_f003_cmp1_n5      =  -1.70751e-06
p_f003_cmp0_p0      =  -8.40831e-06
p_f003_cmp0_n0      =  -8.40253e-06
p_f003_cmp0_p5      =  3.30000e+00
p_f003_cmp0_n5      =  -2.02344e-06
p_f003_dctrl7_p     =  3.30001e+00
p_f003_dctrl7_n     =  3.47034e-01
p_f003_dctrl6_p     =  3.06012e-05
p_f003_dctrl6_n     =  3.26640e+00
p_f003_dctrl5_p     =  -1.11487e-06
p_f003_dctrl5_n     =  3.29964e+00
p_f003_dctrl4_p     =  -1.23507e-07
p_f003_dctrl4_n     =  3.29999e+00
p_f003_dctrl3_p     =  -2.86092e-08
p_f003_dctrl3_n     =  3.30000e+00
p_f003_dctrl2_p     =  3.30000e+00
p_f003_dctrl2_n     =  -1.28050e-08
p_f003_dctrl1_p     =  3.30000e+00
p_f003_dctrl1_n     =  -6.26422e-09
p_f003_do7_drv_470  =  3.30000e+00
p_f003_do7_rx_470   =  3.30000e+00
p_f003_do6_drv_470  =  0.00000e+00
p_f003_do6_rx_470   =  1.46116e-268
p_f003_do5_drv_470  =  0.00000e+00
p_f003_do5_rx_470   =  4.08882e-312
p_f003_do4_drv_470  =  0.00000e+00
p_f003_do4_rx_470   =  4.08882e-312
p_f003_do3_drv_470  =  0.00000e+00
p_f003_do3_rx_470   =  1.46116e-268
p_f003_do2_drv_470  =  3.30000e+00
p_f003_do2_rx_470   =  3.30000e+00
p_f003_do1_drv_470  =  3.30000e+00
p_f003_do1_rx_470   =  3.30000e+00
p_f003_do0_drv_470  =  3.30000e+00
p_f003_do0_rx_470   =  3.30000e+00
p_f003_do7_drv_480  =  3.30000e+00
p_f003_do7_rx_480   =  3.30000e+00
p_f003_do6_drv_480  =  0.00000e+00
p_f003_do6_rx_480   =  5.12996e-297
p_f003_do5_drv_480  =  0.00000e+00
p_f003_do5_rx_480   =  4.08882e-312
p_f003_do4_drv_480  =  0.00000e+00
p_f003_do4_rx_480   =  4.08882e-312
p_f003_do3_drv_480  =  0.00000e+00
p_f003_do3_rx_480   =  5.12996e-297
p_f003_do2_drv_480  =  3.30000e+00
p_f003_do2_rx_480   =  3.30000e+00
p_f003_do1_drv_480  =  3.30000e+00
p_f003_do1_rx_480   =  3.30000e+00
p_f003_do0_drv_480  =  3.30000e+00
p_f003_do0_rx_480   =  3.30000e+00
p_f064_cmp7_p0      =  -2.95934e-06
p_f064_cmp7_n0      =  -2.99511e-06
p_f064_cmp7_p5      =  3.30000e+00
p_f064_cmp7_n5      =  -1.81306e-06
p_f064_cmp6_p0      =  -7.80720e-06
p_f064_cmp6_n0      =  -7.79092e-06
p_f064_cmp6_p5      =  3.30000e+00
p_f064_cmp6_n5      =  -2.07171e-06
p_f064_cmp5_p0      =  -2.82580e-06
p_f064_cmp5_n0      =  -2.86046e-06
p_f064_cmp5_p5      =  3.30000e+00
p_f064_cmp5_n5      =  -1.69176e-06
p_f064_cmp4_p0      =  -3.04010e-06
p_f064_cmp4_n0      =  -3.07538e-06
p_f064_cmp4_p5      =  -1.66823e-06
p_f064_cmp4_n5      =  3.30000e+00
p_f064_cmp3_p0      =  -7.98803e-06
p_f064_cmp3_n0      =  -7.99843e-06
p_f064_cmp3_p5      =  -1.94186e-06
p_f064_cmp3_n5      =  3.30000e+00
p_f064_cmp2_p0      =  -8.32336e-06
p_f064_cmp2_n0      =  -8.32261e-06
p_f064_cmp2_p5      =  -1.96733e-06
p_f064_cmp2_n5      =  3.30000e+00
p_f064_cmp1_p0      =  -2.87494e-06
p_f064_cmp1_n0      =  -2.90992e-06
p_f064_cmp1_p5      =  -1.63219e-06
p_f064_cmp1_n5      =  3.30000e+00
p_f064_cmp0_p0      =  -7.98889e-06
p_f064_cmp0_n0      =  -7.99506e-06
p_f064_cmp0_p5      =  3.30000e+00
p_f064_cmp0_n5      =  -1.99084e-06
p_f064_dctrl7_p     =  3.30001e+00
p_f064_dctrl7_n     =  3.46764e-01
p_f064_dctrl6_p     =  3.26644e+00
p_f064_dctrl6_n     =  3.17018e-06
p_f064_dctrl5_p     =  3.29964e+00
p_f064_dctrl5_n     =  -1.62564e-06
p_f064_dctrl4_p     =  -1.19304e-07
p_f064_dctrl4_n     =  3.29999e+00
p_f064_dctrl3_p     =  -2.64439e-08
p_f064_dctrl3_n     =  3.30000e+00
p_f064_dctrl2_p     =  -1.33415e-08
p_f064_dctrl2_n     =  3.30000e+00
p_f064_dctrl1_p     =  -6.53498e-09
p_f064_dctrl1_n     =  3.30000e+00
p_f064_do7_drv_470  =  3.30000e+00
p_f064_do7_rx_470   =  3.30000e+00
p_f064_do6_drv_470  =  3.30000e+00
p_f064_do6_rx_470   =  3.30000e+00
p_f064_do5_drv_470  =  3.30000e+00
p_f064_do5_rx_470   =  3.30000e+00
p_f064_do4_drv_470  =  0.00000e+00
p_f064_do4_rx_470   =  4.08882e-312
p_f064_do3_drv_470  =  0.00000e+00
p_f064_do3_rx_470   =  4.08882e-312
p_f064_do2_drv_470  =  0.00000e+00
p_f064_do2_rx_470   =  1.43244e-268
p_f064_do1_drv_470  =  0.00000e+00
p_f064_do1_rx_470   =  1.43244e-268
p_f064_do0_drv_470  =  3.30000e+00
p_f064_do0_rx_470   =  3.30000e+00
p_f064_do7_drv_480  =  3.30000e+00
p_f064_do7_rx_480   =  3.30000e+00
p_f064_do6_drv_480  =  3.30000e+00
p_f064_do6_rx_480   =  3.30000e+00
p_f064_do5_drv_480  =  3.30000e+00
p_f064_do5_rx_480   =  3.30000e+00
p_f064_do4_drv_480  =  0.00000e+00
p_f064_do4_rx_480   =  4.08882e-312
p_f064_do3_drv_480  =  0.00000e+00
p_f064_do3_rx_480   =  4.08882e-312
p_f064_do2_drv_480  =  0.00000e+00
p_f064_do2_rx_480   =  5.02914e-297
p_f064_do1_drv_480  =  0.00000e+00
p_f064_do1_rx_480   =  5.02914e-297
p_f064_do0_drv_480  =  3.30000e+00
p_f064_do0_rx_480   =  3.30000e+00
p_f065_cmp7_p0      =  -3.18519e-06
p_f065_cmp7_n0      =  -3.22269e-06
p_f065_cmp7_p5      =  3.30000e+00
p_f065_cmp7_n5      =  -1.85329e-06
p_f065_cmp6_p0      =  -8.67473e-06
p_f065_cmp6_n0      =  -8.65076e-06
p_f065_cmp6_p5      =  3.30000e+00
p_f065_cmp6_n5      =  -2.10064e-06
p_f065_cmp5_p0      =  -3.04808e-06
p_f065_cmp5_n0      =  -3.08495e-06
p_f065_cmp5_p5      =  3.30000e+00
p_f065_cmp5_n5      =  -1.72169e-06
p_f065_cmp4_p0      =  -3.25287e-06
p_f065_cmp4_n0      =  -3.29044e-06
p_f065_cmp4_p5      =  3.30000e+00
p_f065_cmp4_n5      =  -1.73090e-06
p_f065_cmp3_p0      =  -8.28115e-06
p_f065_cmp3_n0      =  -8.28351e-06
p_f065_cmp3_p5      =  -1.96911e-06
p_f065_cmp3_n5      =  3.30000e+00
p_f065_cmp2_p0      =  -8.61676e-06
p_f065_cmp2_n0      =  -8.60775e-06
p_f065_cmp2_p5      =  -1.99430e-06
p_f065_cmp2_n5      =  3.30000e+00
p_f065_cmp1_p0      =  -3.09335e-06
p_f065_cmp1_n0      =  -3.12938e-06
p_f065_cmp1_p5      =  -1.66317e-06
p_f065_cmp1_n5      =  3.30000e+00
p_f065_cmp0_p0      =  -8.28232e-06
p_f065_cmp0_n0      =  -8.28044e-06
p_f065_cmp0_p5      =  3.30000e+00
p_f065_cmp0_n5      =  -2.05083e-06
p_f065_dctrl7_p     =  3.30001e+00
p_f065_dctrl7_n     =  3.47151e-01
p_f065_dctrl6_p     =  3.26637e+00
p_f065_dctrl6_n     =  3.55118e-06
p_f065_dctrl5_p     =  3.29964e+00
p_f065_dctrl5_n     =  -1.44211e-06
p_f065_dctrl4_p     =  3.29999e+00
p_f065_dctrl4_n     =  -1.36386e-07
p_f065_dctrl3_p     =  -2.64138e-08
p_f065_dctrl3_n     =  3.30000e+00
p_f065_dctrl2_p     =  -1.31885e-08
p_f065_dctrl2_n     =  3.30000e+00
p_f065_dctrl1_p     =  -6.49704e-09
p_f065_dctrl1_n     =  3.30000e+00
p_f065_do7_drv_470  =  3.30000e+00
p_f065_do7_rx_470   =  3.30000e+00
p_f065_do6_drv_470  =  3.30000e+00
p_f065_do6_rx_470   =  3.30000e+00
p_f065_do5_drv_470  =  3.30000e+00
p_f065_do5_rx_470   =  3.30000e+00
p_f065_do4_drv_470  =  3.30000e+00
p_f065_do4_rx_470   =  3.30000e+00
p_f065_do3_drv_470  =  0.00000e+00
p_f065_do3_rx_470   =  4.08882e-312
p_f065_do2_drv_470  =  0.00000e+00
p_f065_do2_rx_470   =  4.08882e-312
p_f065_do1_drv_470  =  0.00000e+00
p_f065_do1_rx_470   =  4.08882e-312
p_f065_do0_drv_470  =  3.30000e+00
p_f065_do0_rx_470   =  3.30000e+00
p_f065_do7_drv_480  =  3.30000e+00
p_f065_do7_rx_480   =  3.30000e+00
p_f065_do6_drv_480  =  3.30000e+00
p_f065_do6_rx_480   =  3.30000e+00
p_f065_do5_drv_480  =  3.30000e+00
p_f065_do5_rx_480   =  3.30000e+00
p_f065_do4_drv_480  =  3.30000e+00
p_f065_do4_rx_480   =  3.30000e+00
p_f065_do3_drv_480  =  0.00000e+00
p_f065_do3_rx_480   =  4.08882e-312
p_f065_do2_drv_480  =  0.00000e+00
p_f065_do2_rx_480   =  4.08882e-312
p_f065_do1_drv_480  =  0.00000e+00
p_f065_do1_rx_480   =  4.08882e-312
p_f065_do0_drv_480  =  3.30000e+00
p_f065_do0_rx_480   =  3.30000e+00
p_f066_cmp7_p0      =  -3.08104e-06
p_f066_cmp7_n0      =  -3.11792e-06
p_f066_cmp7_p5      =  3.30000e+00
p_f066_cmp7_n5      =  -1.81903e-06
p_f066_cmp6_p0      =  -8.54170e-06
p_f066_cmp6_n0      =  -8.52479e-06
p_f066_cmp6_p5      =  3.30000e+00
p_f066_cmp6_n5      =  -2.07973e-06
p_f066_cmp5_p0      =  -2.95737e-06
p_f066_cmp5_n0      =  -2.99215e-06
p_f066_cmp5_p5      =  -1.66248e-06
p_f066_cmp5_n5      =  3.30000e+00
p_f066_cmp4_p0      =  -3.25011e-06
p_f066_cmp4_n0      =  -3.28613e-06
p_f066_cmp4_p5      =  -1.67037e-06
p_f066_cmp4_n5      =  3.30000e+00
p_f066_cmp3_p0      =  -8.15887e-06
p_f066_cmp3_n0      =  -8.15743e-06
p_f066_cmp3_p5      =  3.30000e+00
p_f066_cmp3_n5      =  -2.01393e-06
p_f066_cmp2_p0      =  -8.49284e-06
p_f066_cmp2_n0      =  -8.48324e-06
p_f066_cmp2_p5      =  3.30000e+00
p_f066_cmp2_n5      =  -2.03973e-06
p_f066_cmp1_p0      =  -2.99983e-06
p_f066_cmp1_n0      =  -3.03522e-06
p_f066_cmp1_p5      =  -1.65208e-06
p_f066_cmp1_n5      =  3.30000e+00
p_f066_cmp0_p0      =  -7.70355e-06
p_f066_cmp0_n0      =  -7.70129e-06
p_f066_cmp0_p5      =  3.30000e+00
p_f066_cmp0_n5      =  -2.00859e-06
p_f066_dctrl7_p     =  3.30001e+00
p_f066_dctrl7_n     =  3.46984e-01
p_f066_dctrl6_p     =  3.26640e+00
p_f066_dctrl6_n     =  2.52825e-06
p_f066_dctrl5_p     =  -1.02035e-06
p_f066_dctrl5_n     =  3.29964e+00
p_f066_dctrl4_p     =  -1.35229e-07
p_f066_dctrl4_n     =  3.29999e+00
p_f066_dctrl3_p     =  3.30000e+00
p_f066_dctrl3_n     =  -2.56740e-08
p_f066_dctrl2_p     =  3.30000e+00
p_f066_dctrl2_n     =  -1.30271e-08
p_f066_dctrl1_p     =  -6.48094e-09
p_f066_dctrl1_n     =  3.30000e+00
p_f066_do7_drv_470  =  3.30000e+00
p_f066_do7_rx_470   =  3.30000e+00
p_f066_do6_drv_470  =  3.30000e+00
p_f066_do6_rx_470   =  3.30000e+00
p_f066_do5_drv_470  =  0.00000e+00
p_f066_do5_rx_470   =  1.45199e-268
p_f066_do4_drv_470  =  0.00000e+00
p_f066_do4_rx_470   =  1.45199e-268
p_f066_do3_drv_470  =  3.30000e+00
p_f066_do3_rx_470   =  3.30000e+00
p_f066_do2_drv_470  =  3.30000e+00
p_f066_do2_rx_470   =  3.30000e+00
p_f066_do1_drv_470  =  0.00000e+00
p_f066_do1_rx_470   =  4.08882e-312
p_f066_do0_drv_470  =  3.30000e+00
p_f066_do0_rx_470   =  3.30000e+00
p_f066_do7_drv_480  =  3.30000e+00
p_f066_do7_rx_480   =  3.30000e+00
p_f066_do6_drv_480  =  3.30000e+00
p_f066_do6_rx_480   =  3.30000e+00
p_f066_do5_drv_480  =  0.00000e+00
p_f066_do5_rx_480   =  5.09777e-297
p_f066_do4_drv_480  =  0.00000e+00
p_f066_do4_rx_480   =  5.09777e-297
p_f066_do3_drv_480  =  3.30000e+00
p_f066_do3_rx_480   =  3.30000e+00
p_f066_do2_drv_480  =  3.30000e+00
p_f066_do2_rx_480   =  3.30000e+00
p_f066_do1_drv_480  =  0.00000e+00
p_f066_do1_rx_480   =  4.08882e-312
p_f066_do0_drv_480  =  3.30000e+00
p_f066_do0_rx_480   =  3.30000e+00
p_f067_cmp7_p0      =  -3.08921e-06
p_f067_cmp7_n0      =  -3.12593e-06
p_f067_cmp7_p5      =  3.30000e+00
p_f067_cmp7_n5      =  -1.81164e-06
p_f067_cmp6_p0      =  -8.58231e-06
p_f067_cmp6_n0      =  -8.58147e-06
p_f067_cmp6_p5      =  -2.03571e-06
p_f067_cmp6_n5      =  3.30000e+00
p_f067_cmp5_p0      =  -2.99236e-06
p_f067_cmp5_n0      =  -3.02743e-06
p_f067_cmp5_p5      =  -1.66554e-06
p_f067_cmp5_n5      =  3.30000e+00
p_f067_cmp4_p0      =  -3.19353e-06
p_f067_cmp4_n0      =  -3.22961e-06
p_f067_cmp4_p5      =  -1.68267e-06
p_f067_cmp4_n5      =  3.30000e+00
p_f067_cmp3_p0      =  -8.19777e-06
p_f067_cmp3_n0      =  -8.19950e-06
p_f067_cmp3_p5      =  -1.95262e-06
p_f067_cmp3_n5      =  3.30000e+00
p_f067_cmp2_p0      =  -8.53603e-06
p_f067_cmp2_n0      =  -8.52323e-06
p_f067_cmp2_p5      =  3.30000e+00
p_f067_cmp2_n5      =  -2.04770e-06
p_f067_cmp1_p0      =  -2.88315e-06
p_f067_cmp1_n0      =  -2.92063e-06
p_f067_cmp1_p5      =  3.30000e+00
p_f067_cmp1_n5      =  -1.70056e-06
p_f067_cmp0_p0      =  -8.19837e-06
p_f067_cmp0_n0      =  -8.19903e-06
p_f067_cmp0_p5      =  3.30000e+00
p_f067_cmp0_n5      =  -2.00483e-06
p_f067_dctrl7_p     =  3.30001e+00
p_f067_dctrl7_n     =  3.47034e-01
p_f067_dctrl6_p     =  3.06256e-05
p_f067_dctrl6_n     =  3.26637e+00
p_f067_dctrl5_p     =  -1.11610e-06
p_f067_dctrl5_n     =  3.29964e+00
p_f067_dctrl4_p     =  -1.23492e-07
p_f067_dctrl4_n     =  3.29999e+00
p_f067_dctrl3_p     =  -2.86297e-08
p_f067_dctrl3_n     =  3.30000e+00
p_f067_dctrl2_p     =  3.30000e+00
p_f067_dctrl2_n     =  -1.28227e-08
p_f067_dctrl1_p     =  3.30000e+00
p_f067_dctrl1_n     =  -6.26354e-09
p_f067_do7_drv_470  =  3.30000e+00
p_f067_do7_rx_470   =  3.30000e+00
p_f067_do6_drv_470  =  0.00000e+00
p_f067_do6_rx_470   =  1.46102e-268
p_f067_do5_drv_470  =  0.00000e+00
p_f067_do5_rx_470   =  4.08882e-312
p_f067_do4_drv_470  =  0.00000e+00
p_f067_do4_rx_470   =  4.08882e-312
p_f067_do3_drv_470  =  0.00000e+00
p_f067_do3_rx_470   =  1.46102e-268
p_f067_do2_drv_470  =  3.30000e+00
p_f067_do2_rx_470   =  3.30000e+00
p_f067_do1_drv_470  =  3.30000e+00
p_f067_do1_rx_470   =  3.30000e+00
p_f067_do0_drv_470  =  3.30000e+00
p_f067_do0_rx_470   =  3.30000e+00
p_f067_do7_drv_480  =  3.30000e+00
p_f067_do7_rx_480   =  3.30000e+00
p_f067_do6_drv_480  =  0.00000e+00
p_f067_do6_rx_480   =  5.12946e-297
p_f067_do5_drv_480  =  0.00000e+00
p_f067_do5_rx_480   =  4.08882e-312
p_f067_do4_drv_480  =  0.00000e+00
p_f067_do4_rx_480   =  4.08882e-312
p_f067_do3_drv_480  =  0.00000e+00
p_f067_do3_rx_480   =  5.12946e-297
p_f067_do2_drv_480  =  3.30000e+00
p_f067_do2_rx_480   =  3.30000e+00
p_f067_do1_drv_480  =  3.30000e+00
p_f067_do1_rx_480   =  3.30000e+00
p_f067_do0_drv_480  =  3.30000e+00
p_f067_do0_rx_480   =  3.30000e+00
ngspice-46 done
