
Note: Compatibility modes selected: hs a

Warning: m=xx on .subckt line will override multiplier m hierarchy!


Circuit: * a44 actual analog core with fixed tt timed behavioral sar control.

Reducing trtol to 1 for xspice 'A' devices
Doing analysis at TEMP = 27.000000 and TNOM = 27.000000

Using SPARSE 1.3 as Direct Linear Solver

Initial Transient Solution
--------------------------

Node                                   Voltage
----                                   -------
vdd                                        3.3
vrefp_src                                  2.5
vrefp                                      2.5
vrefp_cap                                  2.5
vrefn_src                                  0.8
vrefn                                      0.8
vrefn_cap                                  0.8
vinp_src                               2.29138
vinn_src                               1.00862
vinp                                   2.29138
vinn                                   1.00862
clks_src                                     0
clks                                         0
cmp_noise                          -0.00119354
xcore.xcdacp.vbot1                         2.5
dctrlp1                                      0
xcore.vresp_raw                       0.001158
xcore.xcdacp.vbot2                         2.5
dctrlp2                                      0
xcore.xcdacp.vbot3                         2.5
dctrlp3                                      0
xcore.xcdacp.vbot4                         2.5
dctrlp4                                      0
xcore.xcdacp.vbot5                         2.5
dctrlp5                                      0
xcore.xcdacp.vbot6                         2.5
dctrlp6                                      0
xcore.xcdacp.vbot7                         2.5
dctrlp7                                      0
xcore.xcdacp.x1.clksb                      3.3
xcore.xcdacp.x1.net2               1.58445e-10
xcore.xcdacp.x1.net1                       3.3
xcore.xcdacp.x1.bottom_gate        6.11514e-09
xcore.xcdacp.x1.net4               3.06825e-09
xcore.xcdacp.x1.net3                       3.3
xcore.xcdacn.vbot1                         2.5
dctrln1                                      0
xcore.vresn_raw                    0.000440428
xcore.xcdacn.vbot2                         2.5
dctrln2                                      0
xcore.xcdacn.vbot3                         2.5
dctrln3                                      0
xcore.xcdacn.vbot4                         2.5
dctrln4                                      0
xcore.xcdacn.vbot5                         2.5
dctrln5                                      0
xcore.xcdacn.vbot6                         2.5
dctrln6                                      0
xcore.xcdacn.vbot7                         2.5
dctrln7                                      0
xcore.xcdacn.x1.clksb                      3.3
xcore.xcdacn.x1.net2               1.74809e-10
xcore.xcdacn.x1.net1                       3.3
xcore.xcdacn.x1.bottom_gate         6.1434e-09
xcore.xcdacn.x1.net4               3.06767e-09
xcore.xcdacn.x1.net3                       3.3
vresp                              0.000561232
vresn                                0.0010372
xcore.xcmp.net1                      0.0241507
cmpck                                        0
xcore.xcmp.xp                              3.3
xcore.xcmp.xn                              3.3
xcore.xcmp.ln                              3.3
xcore.xcmp.lp                              3.3
dcmpn                               3.6828e-09
dcmpp                              3.70337e-09
sampled_diff                      -0.000475964
input_diff                             1.28275
cmpck_drv                                    0
dctrlp7_drv                                  0
dctrlp6_drv                                  0
dctrlp5_drv                                  0
dctrlp4_drv                                  0
dctrlp3_drv                                  0
dctrlp2_drv                                  0
dctrlp1_drv                                  0
dctrln7_drv                                  0
dctrln6_drv                                  0
dctrln5_drv                                  0
dctrln4_drv                                  0
dctrln3_drv                                  0
dctrln2_drv                                  0
dctrln1_drv                                  0
dout7_drv                                    0
dout6_drv                                    0
dout5_drv                                    0
dout4_drv                                    0
dout3_drv                                    0
dout2_drv                                    0
dout1_drv                                    0
dout0_drv                                    0
eoc                                          0
invalid0                                     0
timeout0                                     0
complete                                     0
dout7_rx                                     0
dout6_rx                                     0
dout5_rx                                     0
dout4_rx                                     0
dout3_rx                                     0
dout2_rx                                     0
dout1_rx                                     0
dout0_rx                                     0
e_input_diff#branch               -1.28275e-10
e_sample_diff#branch               4.75964e-14
e.xcore.e_cmp_noise_n#branch       -1.0372e-13
e.xcore.e_cmp_noise_p#branch      -5.61232e-14
vcmp_noise#branch                  1.19354e-13
vclks_id#branch                              0
vvinn_id#branch                   -4.15764e-10
vvinp_id#branch                   -9.44404e-10
vvrefn_id#branch                  -1.76652e-09
vvrefp_id#branch                   -1.5208e-08
vvdd#branch                       -1.77539e-08
a_status#branch_1_0                          0
a_status#branch_1_1                          0
a_status#branch_1_2                          0
a_status#branch_1_3                          0
a_dout#branch_1_0                            0
a_dout#branch_1_1                            0
a_dout#branch_1_2                            0
a_dout#branch_1_3                            0
a_dout#branch_1_4                            0
a_dout#branch_1_5                            0
a_dout#branch_1_6                            0
a_dout#branch_1_7                            0
a_dctrln#branch_1_0                          0
a_dctrln#branch_1_1                          0
a_dctrln#branch_1_2                          0
a_dctrln#branch_1_3                          0
a_dctrln#branch_1_4                          0
a_dctrln#branch_1_5                          0
a_dctrln#branch_1_6                          0
a_dctrlp#branch_1_0                          0
a_dctrlp#branch_1_1                          0
a_dctrlp#branch_1_2                          0
a_dctrlp#branch_1_3                          0
a_dctrlp#branch_1_4                          0
a_dctrlp#branch_1_5                          0
a_dctrlp#branch_1_6                          0
a_cmpck#branch_1_0                           0


Instance: abeh   Message: WARNING: output scheduled with impossible delay (-4.01e-12) at 5.01e-12/0.

Instance: abeh   Message: XSPICE time is behind vtime:
XSPICE 2.005156899216744e-07
Cosim  2.00544e-07

Instance: abeh   Message: XSPICE time is behind vtime:
XSPICE 7.005216145820861e-07
Cosim  7.005549999999999e-07

Instance: abeh   Message: XSPICE time is behind vtime:
XSPICE 1.20053901244985e-06
Cosim  1.200553e-06

Instance: abeh   Message: XSPICE time is behind vtime:
XSPICE 2.200536738779206e-06
Cosim  2.200545e-06

Instance: abeh   Message: XSPICE time is behind vtime:
XSPICE 2.700499617144241e-06
Cosim  2.700533e-06

Instance: abeh   Message: XSPICE time is behind vtime:
XSPICE 3.200515707818116e-06
Cosim  3.200549e-06

Instance: abeh   Message: XSPICE time is behind vtime:
XSPICE 4.700511061257962e-06
Cosim  4.700535e-06

Instance: abeh   Message: XSPICE time is behind vtime:
XSPICE 5.200496614584812e-06
Cosim  5.20053e-06

Instance: abeh   Message: XSPICE time is behind vtime:
XSPICE 5.700532516797149e-06
Cosim  5.700552e-06

Instance: abeh   Message: XSPICE time is behind vtime:
XSPICE 7.20052361713736e-06
Cosim  7.200557e-06

Instance: abeh   Message: XSPICE time is behind vtime:
XSPICE 7.700496617137134e-06
Cosim  7.700530000000001e-06

Instance: abeh   Message: XSPICE time is behind vtime:
XSPICE 9.200534052941371e-06
Cosim  9.200552999999999e-06

Instance: abeh   Message: XSPICE time is behind vtime:
XSPICE 9.700496614584611e-06
Cosim  9.70053e-06

Instance: abeh   Message: XSPICE time is behind vtime:
XSPICE 1.020051559992306e-05
Cosim  1.020054e-05

Instance: abeh   Message: XSPICE time is behind vtime:
XSPICE 1.170051705143409e-05
Cosim  1.170055e-05

Instance: abeh   Message: XSPICE time is behind vtime:
XSPICE 1.220052161714555e-05
Cosim  1.2200555e-05

Instance: abeh   Message: XSPICE time is behind vtime:
XSPICE 1.270053011914335e-05
Cosim  1.2700539e-05

Instance: abeh   Message: XSPICE time is behind vtime:
XSPICE 1.370053959919823e-05
Cosim  1.3700553e-05

Instance: abeh   Message: XSPICE time is behind vtime:
XSPICE 1.420052161457953e-05
Cosim  1.4200555e-05

Instance: abeh   Message: XSPICE time is behind vtime:
XSPICE 1.470050928759993e-05
Cosim  1.4700538e-05

Instance: abeh   Message: XSPICE time is behind vtime:
XSPICE 1.620052577242142e-05
Cosim  1.6200555e-05

Instance: abeh   Message: XSPICE time is behind vtime:
XSPICE 1.670051861715082e-05
Cosim  1.6700552e-05

Instance: abeh   Message: XSPICE time is behind vtime:
XSPICE 1.720053509948023e-05
Cosim  1.720055e-05

Instance: abeh   Message: XSPICE time is behind vtime:
XSPICE 1.820053066431413e-05
Cosim  1.8200538e-05

Instance: abeh   Message: XSPICE time is behind vtime:
XSPICE 1.870049961457518e-05
Cosim  1.8700533e-05

Instance: abeh   Message: XSPICE time is behind vtime:
XSPICE 1.920051863581651e-05
Cosim  1.9200551e-05

Instance: abeh   Message: XSPICE time is behind vtime:
XSPICE 2.070050513973433e-05
Cosim  2.070053e-05

Instance: abeh   Message: XSPICE time is behind vtime:
XSPICE 2.120051861715549e-05
Cosim  2.1200552e-05

Instance: abeh   Message: XSPICE time is behind vtime:
XSPICE 2.17005296015365e-05
Cosim  2.170055e-05

Instance: abeh   Message: XSPICE time is behind vtime:
XSPICE 2.320049661456548e-05
Cosim  2.320053e-05

Instance: abeh   Message: XSPICE time is behind vtime:
XSPICE 2.370051861456703e-05
Cosim  2.3700552e-05

Instance: abeh   Message: XSPICE time is behind vtime:
XSPICE 2.520053012885586e-05
Cosim  2.520055e-05

Instance: abeh   Message: XSPICE time is behind vtime:
XSPICE 2.570051861715637e-05
Cosim  2.5700552e-05

Instance: abeh   Message: XSPICE time is behind vtime:
XSPICE 2.620050667617384e-05
Cosim  2.6200532e-05

Instance: abeh   Message: XSPICE time is behind vtime:
XSPICE 2.770051897554965e-05
Cosim  2.7700551e-05

Instance: abeh   Message: XSPICE time is behind vtime:
XSPICE 2.820050061457454e-05
Cosim  2.8200534e-05

Instance: abeh   Message: XSPICE time is behind vtime:
XSPICE 2.870054403503604e-05
Cosim  2.8700552e-05

Instance: abeh   Message: XSPICE time is behind vtime:
XSPICE 2.970053868143806e-05
Cosim  2.9700553e-05

Instance: abeh   Message: XSPICE time is behind vtime:
XSPICE 3.020051861715163e-05
Cosim  3.0200552e-05

Instance: abeh   Message: XSPICE time is behind vtime:
XSPICE 3.070052436549949e-05
Cosim  3.0700554e-05

Instance: abeh   Message: XSPICE time is behind vtime:
XSPICE 3.220051568814216e-05
Cosim  3.2200544e-05

Instance: abeh   Message: XSPICE time is behind vtime:
XSPICE 3.270052161458201e-05
Cosim  3.2700555e-05

Instance: abeh   Message: XSPICE time is behind vtime:
XSPICE 3.320053902056213e-05
Cosim  3.3200553e-05

No. of Data Rows : 735248
f000_d7             =  3.30000e+00
f000_d6             =  3.30000e+00
f000_d5             =  0.00000e+00
f000_d4             =  3.30000e+00
f000_d3             =  3.30000e+00
f000_d2             =  3.30000e+00
f000_d1             =  3.30000e+00
f000_d0             =  3.30000e+00
f000_complete       =  3.30000e+00
f000_invalid        =  0.00000e+00
f000_timeout        =  0.00000e+00
f000_sampled        =  1.28156e+00
f000_input          =  1.28275e+00
f000_tcomplete      =  3.75494e-07
f001_d7             =  3.30000e+00
f001_d6             =  3.30000e+00
f001_d5             =  3.30000e+00
f001_d4             =  5.24934e-297
f001_d3             =  3.30000e+00
f001_d2             =  3.30000e+00
f001_d1             =  3.30000e+00
f001_d0             =  3.30000e+00
f001_complete       =  3.30000e+00
f001_invalid        =  0.00000e+00
f001_timeout        =  0.00000e+00
f001_sampled        =  1.48428e+00
f001_input          =  1.48482e+00
f001_tcomplete      =  8.75505e-07
f002_d7             =  3.30000e+00
f002_d6             =  3.30000e+00
f002_d5             =  5.37038e-297
f002_d4             =  4.08882e-312
f002_d3             =  3.30000e+00
f002_d2             =  5.37038e-297
f002_d1             =  3.30000e+00
f002_d0             =  3.30000e+00
f002_complete       =  3.30000e+00
f002_invalid        =  0.00000e+00
f002_timeout        =  0.00000e+00
f002_sampled        =  1.01211e+00
f002_input          =  1.01289e+00
f002_tcomplete      =  1.37550e-06
f003_d7             =  3.30000e+00
f003_d6             =  5.18337e-297
f003_d5             =  4.08882e-312
f003_d4             =  4.08882e-312
f003_d3             =  5.18337e-297
f003_d2             =  3.30000e+00
f003_d1             =  5.18337e-297
f003_d0             =  3.30000e+00
f003_complete       =  3.30000e+00
f003_invalid        =  0.00000e+00
f003_timeout        =  0.00000e+00
f003_sampled        =  8.26959e-02
f003_input          =  8.10216e-02
f003_tcomplete      =  1.87550e-06
f004_d7             =  4.95259e-297
f004_d6             =  4.08882e-312
f004_d5             =  3.30000e+00
f004_d4             =  3.30000e+00
f004_d3             =  3.30000e+00
f004_d2             =  3.30000e+00
f004_d1             =  4.08882e-312
f004_d0             =  4.95259e-297
f004_complete       =  3.30000e+00
f004_invalid        =  0.00000e+00
f004_timeout        =  0.00000e+00
f004_sampled        =  -8.90515e-01
f004_input          =  -8.87718e-01
f004_tcomplete      =  2.37550e-06
f005_d7             =  4.08882e-312
f005_d6             =  4.08882e-312
f005_d5             =  4.61041e-297
f005_d4             =  3.30000e+00
f005_d3             =  4.61041e-297
f005_d2             =  4.61041e-297
f005_d1             =  4.08882e-312
f005_d0             =  3.30000e+00
f005_complete       =  3.30000e+00
f005_invalid        =  0.00000e+00
f005_timeout        =  0.00000e+00
f005_sampled        =  -1.45508e+00
f005_input          =  -1.45319e+00
f005_tcomplete      =  2.87548e-06
f006_d7             =  4.08882e-312
f006_d6             =  4.08882e-312
f006_d5             =  4.08882e-312
f006_d4             =  3.30000e+00
f006_d3             =  3.30000e+00
f006_d2             =  4.08882e-312
f006_d1             =  4.08882e-312
f006_d0             =  5.08195e-297
f006_complete       =  3.30000e+00
f006_invalid        =  0.00000e+00
f006_timeout        =  0.00000e+00
f006_sampled        =  -1.35842e+00
f006_input          =  -1.35923e+00
f006_tcomplete      =  3.37550e-06
f007_d7             =  4.08882e-312
f007_d6             =  3.30000e+00
f007_d5             =  4.08882e-312
f007_d4             =  5.22019e-297
f007_d3             =  3.30000e+00
f007_d2             =  3.30000e+00
f007_d1             =  3.30000e+00
f007_d0             =  4.08882e-312
f007_complete       =  3.30000e+00
f007_invalid        =  0.00000e+00
f007_timeout        =  0.00000e+00
f007_sampled        =  -6.46319e-01
f007_input          =  -6.48024e-01
f007_tcomplete      =  3.87550e-06
f008_d7             =  3.30000e+00
f008_d6             =  4.49301e-297
f008_d5             =  4.08882e-312
f008_d4             =  3.30000e+00
f008_d3             =  3.30000e+00
f008_d2             =  4.49301e-297
f008_d1             =  3.30000e+00
f008_d0             =  4.08882e-312
f008_complete       =  3.30000e+00
f008_invalid        =  0.00000e+00
f008_timeout        =  0.00000e+00
f008_sampled        =  3.58966e-01
f008_input          =  3.57327e-01
f008_tcomplete      =  4.37548e-06
f009_d7             =  3.30000e+00
f009_d6             =  3.30000e+00
f009_d5             =  4.08882e-312
f009_d4             =  3.30000e+00
f009_d3             =  3.30000e+00
f009_d2             =  4.08882e-312
f009_d1             =  4.65014e-297
f009_d0             =  3.30000e+00
f009_complete       =  3.30000e+00
f009_invalid        =  0.00000e+00
f009_timeout        =  0.00000e+00
f009_sampled        =  1.19760e+00
f009_input          =  1.20043e+00
f009_tcomplete      =  4.87548e-06
f010_d7             =  3.30000e+00
f010_d6             =  3.30000e+00
f010_d5             =  3.30000e+00
f010_d4             =  3.30000e+00
f010_d3             =  4.43918e-297
f010_d2             =  4.08882e-312
f010_d1             =  4.08882e-312
f010_d0             =  4.43918e-297
f010_complete       =  3.30000e+00
f010_invalid        =  0.00000e+00
f010_timeout        =  0.00000e+00
f010_sampled        =  1.49588e+00
f010_input          =  1.49862e+00
f010_tcomplete      =  5.37548e-06
f011_d7             =  3.30000e+00
f011_d6             =  3.30000e+00
f011_d5             =  5.15418e-297
f011_d4             =  3.30000e+00
f011_d3             =  4.08882e-312
f011_d2             =  4.08882e-312
f011_d1             =  3.30000e+00
f011_d0             =  3.30000e+00
f011_complete       =  3.30000e+00
f011_invalid        =  0.00000e+00
f011_timeout        =  0.00000e+00
f011_sampled        =  1.11656e+00
f011_input          =  1.11645e+00
f011_tcomplete      =  5.87550e-06
f012_d7             =  3.30000e+00
f012_d6             =  5.41078e-297
f012_d5             =  4.08882e-312
f012_d4             =  3.30000e+00
f012_d3             =  4.08882e-312
f012_d2             =  4.08882e-312
f012_d1             =  5.41078e-297
f012_d0             =  5.41078e-297
f012_complete       =  3.30000e+00
f012_invalid        =  0.00000e+00
f012_timeout        =  0.00000e+00
f012_sampled        =  2.28491e-01
f012_input          =  2.27337e-01
f012_tcomplete      =  6.37550e-06
f013_d7             =  5.17874e-297
f013_d6             =  3.30000e+00
f013_d5             =  4.08882e-312
f013_d4             =  5.17874e-297
f013_d3             =  4.08882e-312
f013_d2             =  3.30000e+00
f013_d1             =  4.08882e-312
f013_d0             =  3.30000e+00
f013_complete       =  3.30000e+00
f013_invalid        =  0.00000e+00
f013_timeout        =  0.00000e+00
f013_sampled        =  -7.64694e-01
f013_input          =  -7.64863e-01
f013_tcomplete      =  6.87550e-06
f014_d7             =  4.08882e-312
f014_d6             =  5.35155e-297
f014_d5             =  4.08882e-312
f014_d4             =  3.30000e+00
f014_d3             =  4.08882e-312
f014_d2             =  3.30000e+00
f014_d1             =  4.08882e-312
f014_d0             =  5.35155e-297
f014_complete       =  3.30000e+00
f014_invalid        =  0.00000e+00
f014_timeout        =  0.00000e+00
f014_sampled        =  -1.40969e+00
f014_input          =  -1.40980e+00
f014_tcomplete      =  7.37551e-06
f015_d7             =  4.08882e-312
f015_d6             =  4.08882e-312
f015_d5             =  4.08882e-312
f015_d4             =  3.30000e+00
f015_d3             =  4.08882e-312
f015_d2             =  3.30000e+00
f015_d1             =  4.08882e-312
f015_d0             =  4.08882e-312
f015_complete       =  3.30000e+00
f015_invalid        =  0.00000e+00
f015_timeout        =  0.00000e+00
f015_sampled        =  -1.41580e+00
f015_input          =  -1.41479e+00
f015_tcomplete      =  7.87548e-06
f016_d7             =  4.08882e-312
f016_d6             =  3.30000e+00
f016_d5             =  4.08882e-312
f016_d4             =  5.01464e-297
f016_d3             =  4.08882e-312
f016_d2             =  3.30000e+00
f016_d1             =  4.08882e-312
f016_d0             =  4.08882e-312
f016_complete       =  3.30000e+00
f016_invalid        =  0.00000e+00
f016_timeout        =  0.00000e+00
f016_sampled        =  -7.76351e-01
f016_input          =  -7.77436e-01
f016_tcomplete      =  8.37550e-06
f017_d7             =  3.30000e+00
f017_d6             =  5.15116e-297
f017_d5             =  4.08882e-312
f017_d4             =  4.08882e-312
f017_d3             =  3.30000e+00
f017_d2             =  3.30000e+00
f017_d1             =  3.30000e+00
f017_d0             =  3.30000e+00
f017_complete       =  3.30000e+00
f017_invalid        =  0.00000e+00
f017_timeout        =  0.00000e+00
f017_sampled        =  2.14110e-01
f017_input          =  2.12736e-01
f017_tcomplete      =  8.87550e-06
f018_d7             =  3.30000e+00
f018_d6             =  3.30000e+00
f018_d5             =  4.08882e-312
f018_d4             =  3.30000e+00
f018_d3             =  5.21390e-297
f018_d2             =  5.21390e-297
f018_d1             =  3.30000e+00
f018_d0             =  5.21390e-297
f018_complete       =  3.30000e+00
f018_invalid        =  0.00000e+00
f018_timeout        =  0.00000e+00
f018_sampled        =  1.10354e+00
f018_input          =  1.10637e+00
f018_tcomplete      =  9.37550e-06
f019_d7             =  3.30000e+00
f019_d6             =  3.30000e+00
f019_d5             =  3.30000e+00
f019_d4             =  3.30000e+00
f019_d3             =  4.08882e-312
f019_d2             =  4.08882e-312
f019_d1             =  4.44717e-297
f019_d0             =  4.08882e-312
f019_complete       =  3.30000e+00
f019_invalid        =  0.00000e+00
f019_timeout        =  0.00000e+00
f019_sampled        =  1.50023e+00
f019_input          =  1.49783e+00
f019_tcomplete      =  9.87548e-06
f020_d7             =  3.30000e+00
f020_d6             =  3.30000e+00
f020_d5             =  4.77584e-297
f020_d4             =  3.30000e+00
f020_d3             =  3.30000e+00
f020_d2             =  4.08882e-312
f020_d1             =  3.30000e+00
f020_d0             =  4.08882e-312
f020_complete       =  3.30000e+00
f020_invalid        =  0.00000e+00
f020_timeout        =  0.00000e+00
f020_sampled        =  1.20659e+00
f020_input          =  1.20910e+00
f020_tcomplete      =  1.03755e-05
f021_d7             =  3.30000e+00
f021_d6             =  4.49090e-297
f021_d5             =  4.08882e-312
f021_d4             =  3.30000e+00
f021_d3             =  3.30000e+00
f021_d2             =  4.08882e-312
f021_d1             =  3.30000e+00
f021_d0             =  3.30000e+00
f021_complete       =  3.30000e+00
f021_invalid        =  0.00000e+00
f021_timeout        =  0.00000e+00
f021_sampled        =  3.71573e-01
f021_input          =  3.71564e-01
f021_tcomplete      =  1.08755e-05
f022_d7             =  5.17978e-297
f022_d6             =  3.30000e+00
f022_d5             =  4.08882e-312
f022_d4             =  5.17978e-297
f022_d3             =  3.30000e+00
f022_d2             =  3.30000e+00
f022_d1             =  3.30000e+00
f022_d0             =  3.30000e+00
f022_complete       =  3.30000e+00
f022_invalid        =  0.00000e+00
f022_timeout        =  0.00000e+00
f022_sampled        =  -6.36112e-01
f022_input          =  -6.34657e-01
f022_tcomplete      =  1.13755e-05
f023_d7             =  4.08882e-312
f023_d6             =  5.36757e-297
f023_d5             =  4.08882e-312
f023_d4             =  3.30000e+00
f023_d3             =  3.30000e+00
f023_d2             =  5.36757e-297
f023_d1             =  5.36757e-297
f023_d0             =  3.30000e+00
f023_complete       =  3.30000e+00
f023_invalid        =  0.00000e+00
f023_timeout        =  0.00000e+00
f023_sampled        =  -1.35266e+00
f023_input          =  -1.35277e+00
f023_tcomplete      =  1.18755e-05
f024_d7             =  4.08882e-312
f024_d6             =  4.08882e-312
f024_d5             =  4.08882e-312
f024_d4             =  3.30000e+00
f024_d3             =  5.44063e-297
f024_d2             =  4.08882e-312
f024_d1             =  4.08882e-312
f024_d0             =  3.30000e+00
f024_complete       =  3.30000e+00
f024_invalid        =  0.00000e+00
f024_timeout        =  0.00000e+00
f024_sampled        =  -1.45872e+00
f024_input          =  -1.45687e+00
f024_tcomplete      =  1.23755e-05
f025_d7             =  4.08882e-312
f025_d6             =  4.08882e-312
f025_d5             =  3.30000e+00
f025_d4             =  3.30000e+00
f025_d3             =  3.30000e+00
f025_d2             =  4.08882e-312
f025_d1             =  3.30000e+00
f025_d0             =  3.30000e+00
f025_complete       =  3.30000e+00
f025_invalid        =  0.00000e+00
f025_timeout        =  0.00000e+00
f025_sampled        =  -8.99272e-01
f025_input          =  -8.99371e-01
f025_tcomplete      =  1.28755e-05
f026_d7             =  3.30000e+00
f026_d6             =  4.08882e-312
f026_d5             =  5.15186e-297
f026_d4             =  5.15186e-297
f026_d3             =  5.15186e-297
f026_d2             =  3.30000e+00
f026_d1             =  5.15186e-297
f026_d0             =  5.15186e-297
f026_complete       =  3.30000e+00
f026_invalid        =  0.00000e+00
f026_timeout        =  0.00000e+00
f026_sampled        =  6.82518e-02
f026_input          =  6.62210e-02
f026_tcomplete      =  1.33755e-05
f027_d7             =  3.30000e+00
f027_d6             =  3.30000e+00
f027_d5             =  4.08882e-312
f027_d4             =  4.08882e-312
f027_d3             =  3.30000e+00
f027_d2             =  5.21477e-297
f027_d1             =  3.30000e+00
f027_d0             =  4.08882e-312
f027_complete       =  3.30000e+00
f027_invalid        =  0.00000e+00
f027_timeout        =  0.00000e+00
f027_sampled        =  1.00036e+00
f027_input          =  1.00186e+00
f027_tcomplete      =  1.38755e-05
f028_d7             =  3.30000e+00
f028_d6             =  3.30000e+00
f028_d5             =  3.30000e+00
f028_d4             =  4.08882e-312
f028_d3             =  3.30000e+00
f028_d2             =  3.30000e+00
f028_d1             =  3.30000e+00
f028_d0             =  4.08882e-312
f028_complete       =  3.30000e+00
f028_invalid        =  0.00000e+00
f028_timeout        =  0.00000e+00
f028_sampled        =  1.48546e+00
f028_input          =  1.48265e+00
f028_tcomplete      =  1.43755e-05
f029_d7             =  3.30000e+00
f029_d6             =  3.30000e+00
f029_d5             =  3.30000e+00
f029_d4             =  4.08882e-312
f029_d3             =  4.87761e-297
f029_d2             =  4.87761e-297
f029_d1             =  4.87761e-297
f029_d0             =  4.08882e-312
f029_complete       =  3.30000e+00
f029_invalid        =  0.00000e+00
f029_timeout        =  0.00000e+00
f029_sampled        =  1.29267e+00
f029_input          =  1.29035e+00
f029_tcomplete      =  1.48755e-05
f030_d7             =  3.30000e+00
f030_d6             =  4.59456e-297
f030_d5             =  3.30000e+00
f030_d4             =  4.08882e-312
f030_d3             =  4.08882e-312
f030_d2             =  3.30000e+00
f030_d1             =  4.08882e-312
f030_d0             =  3.30000e+00
f030_complete       =  3.30000e+00
f030_invalid        =  0.00000e+00
f030_timeout        =  0.00000e+00
f030_sampled        =  5.13315e-01
f030_input          =  5.12176e-01
f030_tcomplete      =  1.53755e-05
f031_d7             =  4.61447e-297
f031_d6             =  3.30000e+00
f031_d5             =  4.61447e-297
f031_d4             =  3.30000e+00
f031_d3             =  3.30000e+00
f031_d2             =  4.61447e-297
f031_d1             =  4.08882e-312
f031_d0             =  3.30000e+00
f031_complete       =  3.30000e+00
f031_invalid        =  0.00000e+00
f031_timeout        =  0.00000e+00
f031_sampled        =  -4.99479e-01
f031_input          =  -4.98411e-01
f031_tcomplete      =  1.58755e-05
f032_d7             =  4.08882e-312
f032_d6             =  5.30821e-297
f032_d5             =  4.08882e-312
f032_d4             =  3.30000e+00
f032_d3             =  3.30000e+00
f032_d2             =  3.30000e+00
f032_d1             =  3.30000e+00
f032_d0             =  5.30821e-297
f032_complete       =  3.30000e+00
f032_invalid        =  0.00000e+00
f032_timeout        =  0.00000e+00
f032_sampled        =  -1.28244e+00
f032_input          =  -1.28268e+00
f032_tcomplete      =  1.63755e-05
f033_d7             =  4.08882e-312
f033_d6             =  4.08882e-312
f033_d5             =  4.08882e-312
f033_d4             =  5.28912e-297
f033_d3             =  3.30000e+00
f033_d2             =  3.30000e+00
f033_d1             =  3.30000e+00
f033_d0             =  3.30000e+00
f033_complete       =  3.30000e+00
f033_invalid        =  0.00000e+00
f033_timeout        =  0.00000e+00
f033_sampled        =  -1.48377e+00
f033_input          =  -1.48469e+00
f033_tcomplete      =  1.68755e-05
f034_d7             =  4.08882e-312
f034_d6             =  4.08882e-312
f034_d5             =  3.30000e+00
f034_d4             =  3.30000e+00
f034_d3             =  5.11570e-297
f034_d2             =  5.11570e-297
f034_d1             =  3.30000e+00
f034_d0             =  5.11570e-297
f034_complete       =  3.30000e+00
f034_invalid        =  0.00000e+00
f034_timeout        =  0.00000e+00
f034_sampled        =  -1.01362e+00
f034_input          =  -1.01277e+00
f034_tcomplete      =  1.73755e-05
f035_d7             =  4.08882e-312
f035_d6             =  3.30000e+00
f035_d5             =  3.30000e+00
f035_d4             =  3.30000e+00
f035_d3             =  3.30000e+00
f035_d2             =  4.08882e-312
f035_d1             =  5.12416e-297
f035_d0             =  3.30000e+00
f035_complete       =  3.30000e+00
f035_invalid        =  0.00000e+00
f035_timeout        =  0.00000e+00
f035_sampled        =  -8.07221e-02
f035_input          =  -8.09536e-02
f035_tcomplete      =  1.78755e-05
f036_d7             =  3.30000e+00
f036_d6             =  3.30000e+00
f036_d5             =  4.70839e-297
f036_d4             =  4.70839e-297
f036_d3             =  4.70839e-297
f036_d2             =  4.08882e-312
f036_d1             =  3.30000e+00
f036_d0             =  4.70839e-297
f036_complete       =  3.30000e+00
f036_invalid        =  0.00000e+00
f036_timeout        =  0.00000e+00
f036_sampled        =  8.88468e-01
f036_input          =  8.87573e-01
f036_tcomplete      =  1.83755e-05
f037_d7             =  3.30000e+00
f037_d6             =  3.30000e+00
f037_d5             =  3.30000e+00
f037_d4             =  4.08882e-312
f037_d3             =  3.30000e+00
f037_d2             =  3.30000e+00
f037_d1             =  4.56608e-297
f037_d0             =  4.08882e-312
f037_complete       =  3.30000e+00
f037_invalid        =  0.00000e+00
f037_timeout        =  0.00000e+00
f037_sampled        =  1.45154e+00
f037_input          =  1.45329e+00
f037_tcomplete      =  1.88755e-05
f038_d7             =  3.30000e+00
f038_d6             =  3.30000e+00
f038_d5             =  3.30000e+00
f038_d4             =  4.08882e-312
f038_d3             =  5.11694e-297
f038_d2             =  3.30000e+00
f038_d1             =  4.08882e-312
f038_d0             =  3.30000e+00
f038_complete       =  3.30000e+00
f038_invalid        =  0.00000e+00
f038_timeout        =  0.00000e+00
f038_sampled        =  1.35834e+00
f038_input          =  1.35916e+00
f038_tcomplete      =  1.93755e-05
f039_d7             =  3.30000e+00
f039_d6             =  4.50579e-297
f039_d5             =  3.30000e+00
f039_d4             =  4.08882e-312
f039_d3             =  3.30000e+00
f039_d2             =  3.30000e+00
f039_d1             =  3.30000e+00
f039_d0             =  3.30000e+00
f039_complete       =  3.30000e+00
f039_invalid        =  0.00000e+00
f039_timeout        =  0.00000e+00
f039_sampled        =  6.47004e-01
f039_input          =  6.48026e-01
f039_tcomplete      =  1.98755e-05
f040_d7             =  4.43221e-297
f040_d6             =  3.30000e+00
f040_d5             =  3.30000e+00
f040_d4             =  4.08882e-312
f040_d3             =  4.43221e-297
f040_d2             =  3.30000e+00
f040_d1             =  4.43221e-297
f040_d0             =  4.43221e-297
f040_complete       =  3.30000e+00
f040_invalid        =  0.00000e+00
f040_timeout        =  0.00000e+00
f040_sampled        =  -3.55617e-01
f040_input          =  -3.57299e-01
f040_tcomplete      =  2.03755e-05
f041_d7             =  4.08882e-312
f041_d6             =  4.60105e-297
f041_d5             =  3.30000e+00
f041_d4             =  4.08882e-312
f041_d3             =  4.08882e-312
f041_d2             =  3.30000e+00
f041_d1             =  4.08882e-312
f041_d0             =  4.08882e-312
f041_complete       =  3.30000e+00
f041_invalid        =  0.00000e+00
f041_timeout        =  0.00000e+00
f041_sampled        =  -1.20123e+00
f041_input          =  -1.20041e+00
f041_tcomplete      =  2.08755e-05
f042_d7             =  4.08882e-312
f042_d6             =  4.08882e-312
f042_d5             =  5.18524e-297
f042_d4             =  4.08882e-312
f042_d3             =  3.30000e+00
f042_d2             =  3.30000e+00
f042_d1             =  3.30000e+00
f042_d0             =  4.08882e-312
f042_complete       =  3.30000e+00
f042_invalid        =  0.00000e+00
f042_timeout        =  0.00000e+00
f042_sampled        =  -1.49960e+00
f042_input          =  -1.49860e+00
f042_tcomplete      =  2.13755e-05
f043_d7             =  4.08882e-312
f043_d6             =  4.08882e-312
f043_d5             =  3.30000e+00
f043_d4             =  4.08882e-312
f043_d3             =  3.30000e+00
f043_d2             =  5.09130e-297
f043_d1             =  3.30000e+00
f043_d0             =  3.30000e+00
f043_complete       =  3.30000e+00
f043_invalid        =  0.00000e+00
f043_timeout        =  0.00000e+00
f043_sampled        =  -1.11362e+00
f043_input          =  -1.11634e+00
f043_tcomplete      =  2.18755e-05
f044_d7             =  4.08882e-312
f044_d6             =  3.30000e+00
f044_d5             =  3.30000e+00
f044_d4             =  4.08882e-312
f044_d3             =  3.30000e+00
f044_d2             =  3.30000e+00
f044_d1             =  3.30000e+00
f044_d0             =  5.21859e-297
f044_complete       =  3.30000e+00
f044_invalid        =  0.00000e+00
f044_timeout        =  0.00000e+00
f044_sampled        =  -2.28289e-01
f044_input          =  -2.27421e-01
f044_tcomplete      =  2.23755e-05
f045_d7             =  3.30000e+00
f045_d6             =  5.40029e-297
f045_d5             =  3.30000e+00
f045_d4             =  3.30000e+00
f045_d3             =  3.30000e+00
f045_d2             =  5.40029e-297
f045_d1             =  5.40029e-297
f045_d0             =  4.08882e-312
f045_complete       =  3.30000e+00
f045_invalid        =  0.00000e+00
f045_timeout        =  0.00000e+00
f045_sampled        =  7.64795e-01
f045_input          =  7.64836e-01
f045_tcomplete      =  2.28755e-05
f046_d7             =  3.30000e+00
f046_d6             =  3.30000e+00
f046_d5             =  3.30000e+00
f046_d4             =  4.46991e-297
f046_d3             =  3.30000e+00
f046_d2             =  4.08882e-312
f046_d1             =  4.08882e-312
f046_d0             =  3.30000e+00
f046_complete       =  3.30000e+00
f046_invalid        =  0.00000e+00
f046_timeout        =  0.00000e+00
f046_sampled        =  1.41036e+00
f046_input          =  1.40988e+00
f046_tcomplete      =  2.33755e-05
f047_d7             =  3.30000e+00
f047_d6             =  3.30000e+00
f047_d5             =  3.30000e+00
f047_d4             =  4.08882e-312
f047_d3             =  3.30000e+00
f047_d2             =  4.08882e-312
f047_d1             =  3.30000e+00
f047_d0             =  5.24396e-297
f047_complete       =  3.30000e+00
f047_invalid        =  0.00000e+00
f047_timeout        =  0.00000e+00
f047_sampled        =  1.41503e+00
f047_input          =  1.41467e+00
f047_tcomplete      =  2.38755e-05
f048_d7             =  3.30000e+00
f048_d6             =  5.08593e-297
f048_d5             =  3.30000e+00
f048_d4             =  3.30000e+00
f048_d3             =  3.30000e+00
f048_d2             =  4.08882e-312
f048_d1             =  3.30000e+00
f048_d0             =  4.08882e-312
f048_complete       =  3.30000e+00
f048_invalid        =  0.00000e+00
f048_timeout        =  0.00000e+00
f048_sampled        =  7.78099e-01
f048_input          =  7.77406e-01
f048_tcomplete      =  2.43755e-05
f049_d7             =  4.46244e-297
f049_d6             =  3.30000e+00
f049_d5             =  3.30000e+00
f049_d4             =  4.46244e-297
f049_d3             =  3.30000e+00
f049_d2             =  3.30000e+00
f049_d1             =  3.30000e+00
f049_d0             =  3.30000e+00
f049_complete       =  3.30000e+00
f049_invalid        =  0.00000e+00
f049_timeout        =  0.00000e+00
f049_sampled        =  -2.13486e-01
f049_input          =  -2.12878e-01
f049_tcomplete      =  2.48755e-05
f050_d7             =  4.08882e-312
f050_d6             =  5.26875e-297
f050_d5             =  3.30000e+00
f050_d4             =  4.08882e-312
f050_d3             =  3.30000e+00
f050_d2             =  5.26875e-297
f050_d1             =  3.30000e+00
f050_d0             =  3.30000e+00
f050_complete       =  3.30000e+00
f050_invalid        =  0.00000e+00
f050_timeout        =  0.00000e+00
f050_sampled        =  -1.10622e+00
f050_input          =  -1.10643e+00
f050_tcomplete      =  2.53755e-05
f051_d7             =  4.08882e-312
f051_d6             =  4.08882e-312
f051_d5             =  5.18631e-297
f051_d4             =  4.08882e-312
f051_d3             =  3.30000e+00
f051_d2             =  3.30000e+00
f051_d1             =  3.30000e+00
f051_d0             =  5.18631e-297
f051_complete       =  3.30000e+00
f051_invalid        =  0.00000e+00
f051_timeout        =  0.00000e+00
f051_sampled        =  -1.49708e+00
f051_input          =  -1.49768e+00
f051_tcomplete      =  2.58755e-05
f052_d7             =  4.08882e-312
f052_d6             =  4.08882e-312
f052_d5             =  3.30000e+00
f052_d4             =  4.08882e-312
f052_d3             =  4.51087e-297
f052_d2             =  3.30000e+00
f052_d1             =  4.51087e-297
f052_d0             =  4.08882e-312
f052_complete       =  3.30000e+00
f052_invalid        =  0.00000e+00
f052_timeout        =  0.00000e+00
f052_sampled        =  -1.20553e+00
f052_input          =  -1.20913e+00
f052_tcomplete      =  2.63755e-05
f053_d7             =  4.08882e-312
f053_d6             =  3.30000e+00
f053_d5             =  3.30000e+00
f053_d4             =  4.08882e-312
f053_d3             =  4.08882e-312
f053_d2             =  4.46450e-297
f053_d1             =  3.30000e+00
f053_d0             =  3.30000e+00
f053_complete       =  3.30000e+00
f053_invalid        =  0.00000e+00
f053_timeout        =  0.00000e+00
f053_sampled        =  -3.73005e-01
f053_input          =  -3.71552e-01
f053_tcomplete      =  2.68755e-05
f054_d7             =  3.30000e+00
f054_d6             =  5.31565e-297
f054_d5             =  3.30000e+00
f054_d4             =  4.08882e-312
f054_d3             =  3.30000e+00
f054_d2             =  3.30000e+00
f054_d1             =  3.30000e+00
f054_d0             =  3.30000e+00
f054_complete       =  3.30000e+00
f054_invalid        =  0.00000e+00
f054_timeout        =  0.00000e+00
f054_sampled        =  6.35058e-01
f054_input          =  6.34690e-01
f054_tcomplete      =  2.73755e-05
f055_d7             =  3.30000e+00
f055_d6             =  3.30000e+00
f055_d5             =  3.30000e+00
f055_d4             =  4.08882e-312
f055_d3             =  5.12285e-297
f055_d2             =  3.30000e+00
f055_d1             =  5.12285e-297
f055_d0             =  3.30000e+00
f055_complete       =  3.30000e+00
f055_invalid        =  0.00000e+00
f055_timeout        =  0.00000e+00
f055_sampled        =  1.35549e+00
f055_input          =  1.35277e+00
f055_tcomplete      =  2.78755e-05
f056_d7             =  3.30000e+00
f056_d6             =  3.30000e+00
f056_d5             =  3.30000e+00
f056_d4             =  4.08882e-312
f056_d3             =  3.30000e+00
f056_d2             =  3.30000e+00
f056_d1             =  4.08882e-312
f056_d0             =  3.30000e+00
f056_complete       =  3.30000e+00
f056_invalid        =  0.00000e+00
f056_timeout        =  0.00000e+00
f056_sampled        =  1.45733e+00
f056_input          =  1.45690e+00
f056_tcomplete      =  2.83755e-05
f057_d7             =  3.30000e+00
f057_d6             =  3.30000e+00
f057_d5             =  5.15506e-297
f057_d4             =  4.08882e-312
f057_d3             =  5.15506e-297
f057_d2             =  5.15506e-297
f057_d1             =  3.30000e+00
f057_d0             =  3.30000e+00
f057_complete       =  3.30000e+00
f057_invalid        =  0.00000e+00
f057_timeout        =  0.00000e+00
f057_sampled        =  9.00592e-01
f057_input          =  8.99409e-01
f057_tcomplete      =  2.88755e-05
f058_d7             =  5.15238e-297
f058_d6             =  3.30000e+00
f058_d5             =  3.30000e+00
f058_d4             =  3.30000e+00
f058_d3             =  3.30000e+00
f058_d2             =  4.08882e-312
f058_d1             =  3.30000e+00
f058_d0             =  5.15238e-297
f058_complete       =  3.30000e+00
f058_invalid        =  0.00000e+00
f058_timeout        =  0.00000e+00
f058_sampled        =  -6.49603e-02
f058_input          =  -6.62257e-02
f058_tcomplete      =  2.93755e-05
f059_d7             =  4.08882e-312
f059_d6             =  5.19342e-297
f059_d5             =  3.30000e+00
f059_d4             =  3.30000e+00
f059_d3             =  5.19342e-297
f059_d2             =  4.08882e-312
f059_d1             =  3.30000e+00
f059_d0             =  3.30000e+00
f059_complete       =  3.30000e+00
f059_invalid        =  0.00000e+00
f059_timeout        =  0.00000e+00
f059_sampled        =  -1.00324e+00
f059_input          =  -1.00184e+00
f059_tcomplete      =  2.98755e-05
f060_d7             =  4.08882e-312
f060_d6             =  4.08882e-312
f060_d5             =  5.15483e-297
f060_d4             =  5.15483e-297
f060_d3             =  3.30000e+00
f060_d2             =  3.30000e+00
f060_d1             =  3.30000e+00
f060_d0             =  3.30000e+00
f060_complete       =  3.30000e+00
f060_invalid        =  0.00000e+00
f060_timeout        =  0.00000e+00
f060_sampled        =  -1.48529e+00
f060_input          =  -1.48275e+00
f060_tcomplete      =  3.03755e-05
f061_d7             =  4.08882e-312
f061_d6             =  4.08882e-312
f061_d5             =  4.08882e-312
f061_d4             =  3.30000e+00
f061_d3             =  3.30000e+00
f061_d2             =  3.30000e+00
f061_d1             =  5.39127e-297
f061_d0             =  3.30000e+00
f061_complete       =  3.30000e+00
f061_invalid        =  0.00000e+00
f061_timeout        =  0.00000e+00
f061_sampled        =  -1.28692e+00
f061_input          =  -1.29033e+00
f061_tcomplete      =  3.08755e-05
f062_d7             =  4.08882e-312
f062_d6             =  3.30000e+00
f062_d5             =  4.08882e-312
f062_d4             =  3.30000e+00
f062_d3             =  3.30000e+00
f062_d2             =  4.50406e-297
f062_d1             =  4.08882e-312
f062_d0             =  4.50406e-297
f062_complete       =  3.30000e+00
f062_invalid        =  0.00000e+00
f062_timeout        =  0.00000e+00
f062_sampled        =  -5.14094e-01
f062_input          =  -5.12369e-01
f062_tcomplete      =  3.13755e-05
f063_d7             =  3.30000e+00
f063_d6             =  4.54981e-297
f063_d5             =  3.30000e+00
f063_d4             =  4.54981e-297
f063_d3             =  4.54981e-297
f063_d2             =  3.30000e+00
f063_d1             =  4.08882e-312
f063_d0             =  4.08882e-312
f063_complete       =  3.30000e+00
f063_invalid        =  0.00000e+00
f063_timeout        =  0.00000e+00
f063_sampled        =  4.99774e-01
f063_input          =  4.98308e-01
f063_tcomplete      =  3.18755e-05
f064_d7             =  3.30000e+00
f064_d6             =  3.30000e+00
f064_d5             =  4.89752e-297
f064_d4             =  3.30000e+00
f064_d3             =  3.30000e+00
f064_d2             =  3.30000e+00
f064_d1             =  3.30000e+00
f064_d0             =  3.30000e+00
f064_complete       =  3.30000e+00
f064_invalid        =  0.00000e+00
f064_timeout        =  0.00000e+00
f064_sampled        =  1.28157e+00
f064_input          =  1.28283e+00
f064_tcomplete      =  3.23755e-05
f065_d7             =  3.30000e+00
f065_d6             =  3.30000e+00
f065_d5             =  3.30000e+00
f065_d4             =  5.24985e-297
f065_d3             =  3.30000e+00
f065_d2             =  3.30000e+00
f065_d1             =  3.30000e+00
f065_d0             =  3.30000e+00
f065_complete       =  3.30000e+00
f065_invalid        =  0.00000e+00
f065_timeout        =  0.00000e+00
f065_sampled        =  1.48459e+00
f065_input          =  1.48477e+00
f065_tcomplete      =  3.28755e-05
f066_d7             =  3.30000e+00
f066_d6             =  3.30000e+00
f066_d5             =  5.37881e-297
f066_d4             =  4.08882e-312
f066_d3             =  3.30000e+00
f066_d2             =  5.37881e-297
f066_d1             =  3.30000e+00
f066_d0             =  3.30000e+00
f066_complete       =  3.30000e+00
f066_invalid        =  0.00000e+00
f066_timeout        =  0.00000e+00
f066_sampled        =  1.01198e+00
f066_input          =  1.01274e+00
f066_tcomplete      =  3.33755e-05
f067_d7             =  3.30000e+00
f067_d6             =  5.22382e-297
f067_d5             =  4.08882e-312
f067_d4             =  4.08882e-312
f067_d3             =  5.22382e-297
f067_d2             =  3.30000e+00
f067_d1             =  5.22382e-297
f067_d0             =  3.30000e+00
f067_complete       =  3.30000e+00
f067_invalid        =  0.00000e+00
f067_timeout        =  0.00000e+00
f067_sampled        =  8.35828e-02
f067_input          =  8.09103e-02
f067_tcomplete      =  3.38755e-05
p_f000_cmp7_p0      =  -2.77197e-06
p_f000_cmp7_n0      =  -2.74827e-06
p_f000_cmp7_p5      =  3.30000e+00
p_f000_cmp7_n5      =  -1.72935e-06
p_f000_cmp6_p0      =  -8.08839e-06
p_f000_cmp6_n0      =  -8.08580e-06
p_f000_cmp6_p5      =  3.30000e+00
p_f000_cmp6_n5      =  -1.97687e-06
p_f000_cmp5_p0      =  -2.89187e-06
p_f000_cmp5_n0      =  -2.86817e-06
p_f000_cmp5_p5      =  -1.64960e-06
p_f000_cmp5_n5      =  3.30000e+00
p_f000_cmp4_p0      =  -2.88951e-06
p_f000_cmp4_n0      =  -2.86663e-06
p_f000_cmp4_p5      =  3.30000e+00
p_f000_cmp4_n5      =  -1.64176e-06
p_f000_cmp3_p0      =  -8.03931e-06
p_f000_cmp3_n0      =  -8.03903e-06
p_f000_cmp3_p5      =  3.30000e+00
p_f000_cmp3_n5      =  -1.94344e-06
p_f000_cmp2_p0      =  -8.03791e-06
p_f000_cmp2_n0      =  -8.03903e-06
p_f000_cmp2_p5      =  3.30000e+00
p_f000_cmp2_n5      =  -1.93794e-06
p_f000_cmp1_p0      =  -2.91468e-06
p_f000_cmp1_n0      =  -2.89172e-06
p_f000_cmp1_p5      =  3.30000e+00
p_f000_cmp1_n5      =  -1.63485e-06
p_f000_cmp0_p0      =  -7.93393e-06
p_f000_cmp0_n0      =  -7.93837e-06
p_f000_cmp0_p5      =  3.30000e+00
p_f000_cmp0_n5      =  -1.93831e-06
p_f000_dctrl7_p     =  3.30001e+00
p_f000_dctrl7_n     =  3.48103e-01
p_f000_dctrl6_p     =  3.26644e+00
p_f000_dctrl6_n     =  2.98284e-06
p_f000_dctrl5_p     =  -1.15619e-06
p_f000_dctrl5_n     =  3.29964e+00
p_f000_dctrl4_p     =  3.29999e+00
p_f000_dctrl4_n     =  -1.04276e-07
p_f000_dctrl3_p     =  3.30000e+00
p_f000_dctrl3_n     =  -2.39555e-08
p_f000_dctrl2_p     =  3.30000e+00
p_f000_dctrl2_n     =  -1.21343e-08
p_f000_dctrl1_p     =  3.30000e+00
p_f000_dctrl1_n     =  -5.94678e-09
p_f000_do7_drv_470  =  3.30000e+00
p_f000_do7_rx_470   =  3.30000e+00
p_f000_do6_drv_470  =  3.30000e+00
p_f000_do6_rx_470   =  3.30000e+00
p_f000_do5_drv_470  =  0.00000e+00
p_f000_do5_rx_470   =  0.00000e+00
p_f000_do4_drv_470  =  3.30000e+00
p_f000_do4_rx_470   =  3.30000e+00
p_f000_do3_drv_470  =  3.30000e+00
p_f000_do3_rx_470   =  3.30000e+00
p_f000_do2_drv_470  =  3.30000e+00
p_f000_do2_rx_470   =  3.30000e+00
p_f000_do1_drv_470  =  3.30000e+00
p_f000_do1_rx_470   =  3.30000e+00
p_f000_do0_drv_470  =  3.30000e+00
p_f000_do0_rx_470   =  3.30000e+00
p_f000_do7_drv_480  =  3.30000e+00
p_f000_do7_rx_480   =  3.30000e+00
p_f000_do6_drv_480  =  3.30000e+00
p_f000_do6_rx_480   =  3.30000e+00
p_f000_do5_drv_480  =  0.00000e+00
p_f000_do5_rx_480   =  0.00000e+00
p_f000_do4_drv_480  =  3.30000e+00
p_f000_do4_rx_480   =  3.30000e+00
p_f000_do3_drv_480  =  3.30000e+00
p_f000_do3_rx_480   =  3.30000e+00
p_f000_do2_drv_480  =  3.30000e+00
p_f000_do2_rx_480   =  3.30000e+00
p_f000_do1_drv_480  =  3.30000e+00
p_f000_do1_rx_480   =  3.30000e+00
p_f000_do0_drv_480  =  3.30000e+00
p_f000_do0_rx_480   =  3.30000e+00
p_f001_cmp7_p0      =  -3.44771e-06
p_f001_cmp7_n0      =  -3.42309e-06
p_f001_cmp7_p5      =  3.30000e+00
p_f001_cmp7_n5      =  -1.79138e-06
p_f001_cmp6_p0      =  -8.50352e-06
p_f001_cmp6_n0      =  -8.51080e-06
p_f001_cmp6_p5      =  3.30000e+00
p_f001_cmp6_n5      =  -2.02431e-06
p_f001_cmp5_p0      =  -3.24923e-06
p_f001_cmp5_n0      =  -3.22440e-06
p_f001_cmp5_p5      =  3.30000e+00
p_f001_cmp5_n5      =  -1.67972e-06
p_f001_cmp4_p0      =  -3.23871e-06
p_f001_cmp4_n0      =  -3.21319e-06
p_f001_cmp4_p5      =  -1.68080e-06
p_f001_cmp4_n5      =  3.30000e+00
p_f001_cmp3_p0      =  -8.45434e-06
p_f001_cmp3_n0      =  -8.46546e-06
p_f001_cmp3_p5      =  3.30000e+00
p_f001_cmp3_n5      =  -1.98395e-06
p_f001_cmp2_p0      =  -8.45304e-06
p_f001_cmp2_n0      =  -8.46596e-06
p_f001_cmp2_p5      =  3.30000e+00
p_f001_cmp2_n5      =  -1.98101e-06
p_f001_cmp1_p0      =  -3.47921e-06
p_f001_cmp1_n0      =  -3.45453e-06
p_f001_cmp1_p5      =  3.30000e+00
p_f001_cmp1_n5      =  -1.66339e-06
p_f001_cmp0_p0      =  -8.48929e-06
p_f001_cmp0_n0      =  -8.50581e-06
p_f001_cmp0_p5      =  3.30000e+00
p_f001_cmp0_n5      =  -1.97324e-06
p_f001_dctrl7_p     =  3.30001e+00
p_f001_dctrl7_n     =  3.48711e-01
p_f001_dctrl6_p     =  3.26633e+00
p_f001_dctrl6_n     =  3.35932e-06
p_f001_dctrl5_p     =  3.29964e+00
p_f001_dctrl5_n     =  -1.45504e-06
p_f001_dctrl4_p     =  -1.33907e-07
p_f001_dctrl4_n     =  3.29999e+00
p_f001_dctrl3_p     =  3.30000e+00
p_f001_dctrl3_n     =  -2.43335e-08
p_f001_dctrl2_p     =  3.30000e+00
p_f001_dctrl2_n     =  -1.23403e-08
p_f001_dctrl1_p     =  3.30000e+00
p_f001_dctrl1_n     =  -6.01152e-09
p_f001_do7_drv_470  =  3.30000e+00
p_f001_do7_rx_470   =  3.30000e+00
p_f001_do6_drv_470  =  3.30000e+00
p_f001_do6_rx_470   =  3.30000e+00
p_f001_do5_drv_470  =  3.30000e+00
p_f001_do5_rx_470   =  3.30000e+00
p_f001_do4_drv_470  =  0.00000e+00
p_f001_do4_rx_470   =  1.49517e-268
p_f001_do3_drv_470  =  3.30000e+00
p_f001_do3_rx_470   =  3.30000e+00
p_f001_do2_drv_470  =  3.30000e+00
p_f001_do2_rx_470   =  3.30000e+00
p_f001_do1_drv_470  =  3.30000e+00
p_f001_do1_rx_470   =  3.30000e+00
p_f001_do0_drv_470  =  3.30000e+00
p_f001_do0_rx_470   =  3.30000e+00
p_f001_do7_drv_480  =  3.30000e+00
p_f001_do7_rx_480   =  3.30000e+00
p_f001_do6_drv_480  =  3.30000e+00
p_f001_do6_rx_480   =  3.30000e+00
p_f001_do5_drv_480  =  3.30000e+00
p_f001_do5_rx_480   =  3.30000e+00
p_f001_do4_drv_480  =  0.00000e+00
p_f001_do4_rx_480   =  5.24934e-297
p_f001_do3_drv_480  =  3.30000e+00
p_f001_do3_rx_480   =  3.30000e+00
p_f001_do2_drv_480  =  3.30000e+00
p_f001_do2_rx_480   =  3.30000e+00
p_f001_do1_drv_480  =  3.30000e+00
p_f001_do1_rx_480   =  3.30000e+00
p_f001_do0_drv_480  =  3.30000e+00
p_f001_do0_rx_480   =  3.30000e+00
p_f002_cmp7_p0      =  -3.09572e-06
p_f002_cmp7_n0      =  -3.07082e-06
p_f002_cmp7_p5      =  3.30000e+00
p_f002_cmp7_n5      =  -1.75416e-06
p_f002_cmp6_p0      =  -7.87400e-06
p_f002_cmp6_n0      =  -7.84493e-06
p_f002_cmp6_p5      =  3.30000e+00
p_f002_cmp6_n5      =  -2.01178e-06
p_f002_cmp5_p0      =  -3.39580e-06
p_f002_cmp5_n0      =  -3.37047e-06
p_f002_cmp5_p5      =  -1.69596e-06
p_f002_cmp5_n5      =  3.30000e+00
p_f002_cmp4_p0      =  -3.17558e-06
p_f002_cmp4_n0      =  -3.14923e-06
p_f002_cmp4_p5      =  -1.67895e-06
p_f002_cmp4_n5      =  3.30000e+00
p_f002_cmp3_p0      =  -8.37739e-06
p_f002_cmp3_n0      =  -8.38802e-06
p_f002_cmp3_p5      =  3.30000e+00
p_f002_cmp3_n5      =  -1.97384e-06
p_f002_cmp2_p0      =  -8.37547e-06
p_f002_cmp2_n0      =  -8.38953e-06
p_f002_cmp2_p5      =  -1.98298e-06
p_f002_cmp2_n5      =  3.30000e+00
p_f002_cmp1_p0      =  -3.16964e-06
p_f002_cmp1_n0      =  -3.14545e-06
p_f002_cmp1_p5      =  3.30000e+00
p_f002_cmp1_n5      =  -1.65925e-06
p_f002_cmp0_p0      =  -8.41396e-06
p_f002_cmp0_n0      =  -8.42794e-06
p_f002_cmp0_p5      =  3.30000e+00
p_f002_cmp0_n5      =  -1.97103e-06
p_f002_dctrl7_p     =  3.30001e+00
p_f002_dctrl7_n     =  3.48598e-01
p_f002_dctrl6_p     =  3.26635e+00
p_f002_dctrl6_n     =  2.34605e-06
p_f002_dctrl5_p     =  -9.99120e-07
p_f002_dctrl5_n     =  3.29964e+00
p_f002_dctrl4_p     =  -1.29498e-07
p_f002_dctrl4_n     =  3.29999e+00
p_f002_dctrl3_p     =  3.30000e+00
p_f002_dctrl3_n     =  -2.66101e-08
p_f002_dctrl2_p     =  -1.35152e-08
p_f002_dctrl2_n     =  3.30000e+00
p_f002_dctrl1_p     =  3.30000e+00
p_f002_dctrl1_n     =  -6.01510e-09
p_f002_do7_drv_470  =  3.30000e+00
p_f002_do7_rx_470   =  3.30000e+00
p_f002_do6_drv_470  =  3.30000e+00
p_f002_do6_rx_470   =  3.30000e+00
p_f002_do5_drv_470  =  0.00000e+00
p_f002_do5_rx_470   =  1.52964e-268
p_f002_do4_drv_470  =  0.00000e+00
p_f002_do4_rx_470   =  4.08882e-312
p_f002_do3_drv_470  =  3.30000e+00
p_f002_do3_rx_470   =  3.30000e+00
p_f002_do2_drv_470  =  0.00000e+00
p_f002_do2_rx_470   =  1.52964e-268
p_f002_do1_drv_470  =  3.30000e+00
p_f002_do1_rx_470   =  3.30000e+00
p_f002_do0_drv_470  =  3.30000e+00
p_f002_do0_rx_470   =  3.30000e+00
p_f002_do7_drv_480  =  3.30000e+00
p_f002_do7_rx_480   =  3.30000e+00
p_f002_do6_drv_480  =  3.30000e+00
p_f002_do6_rx_480   =  3.30000e+00
p_f002_do5_drv_480  =  0.00000e+00
p_f002_do5_rx_480   =  5.37038e-297
p_f002_do4_drv_480  =  0.00000e+00
p_f002_do4_rx_480   =  4.08882e-312
p_f002_do3_drv_480  =  3.30000e+00
p_f002_do3_rx_480   =  3.30000e+00
p_f002_do2_drv_480  =  0.00000e+00
p_f002_do2_rx_480   =  5.37038e-297
p_f002_do1_drv_480  =  3.30000e+00
p_f002_do1_rx_480   =  3.30000e+00
p_f002_do0_drv_480  =  3.30000e+00
p_f002_do0_rx_480   =  3.30000e+00
p_f003_cmp7_p0      =  -3.07253e-06
p_f003_cmp7_n0      =  -3.04742e-06
p_f003_cmp7_p5      =  3.30000e+00
p_f003_cmp7_n5      =  -1.74514e-06
p_f003_cmp6_p0      =  -8.42037e-06
p_f003_cmp6_n0      =  -8.44505e-06
p_f003_cmp6_p5      =  -2.04080e-06
p_f003_cmp6_n5      =  3.30000e+00
p_f003_cmp5_p0      =  -3.19243e-06
p_f003_cmp5_n0      =  -3.16662e-06
p_f003_cmp5_p5      =  -1.68808e-06
p_f003_cmp5_n5      =  3.30000e+00
p_f003_cmp4_p0      =  -3.17776e-06
p_f003_cmp4_n0      =  -3.15159e-06
p_f003_cmp4_p5      =  -1.68383e-06
p_f003_cmp4_n5      =  3.30000e+00
p_f003_cmp3_p0      =  -8.37418e-06
p_f003_cmp3_n0      =  -8.39087e-06
p_f003_cmp3_p5      =  -1.99072e-06
p_f003_cmp3_n5      =  3.30000e+00
p_f003_cmp2_p0      =  -8.37629e-06
p_f003_cmp2_n0      =  -8.38884e-06
p_f003_cmp2_p5      =  3.30000e+00
p_f003_cmp2_n5      =  -1.96859e-06
p_f003_cmp1_p0      =  -3.17007e-06
p_f003_cmp1_n0      =  -3.14488e-06
p_f003_cmp1_p5      =  -1.67254e-06
p_f003_cmp1_n5      =  3.30000e+00
p_f003_cmp0_p0      =  -8.41384e-06
p_f003_cmp0_n0      =  -8.42798e-06
p_f003_cmp0_p5      =  3.30000e+00
p_f003_cmp0_n5      =  -1.96918e-06
p_f003_dctrl7_p     =  3.30001e+00
p_f003_dctrl7_n     =  3.48592e-01
p_f003_dctrl6_p     =  3.04713e-05
p_f003_dctrl6_n     =  3.26638e+00
p_f003_dctrl5_p     =  -1.08842e-06
p_f003_dctrl5_n     =  3.29964e+00
p_f003_dctrl4_p     =  -1.18148e-07
p_f003_dctrl4_n     =  3.29999e+00
p_f003_dctrl3_p     =  -2.74421e-08
p_f003_dctrl3_n     =  3.30000e+00
p_f003_dctrl2_p     =  3.30000e+00
p_f003_dctrl2_n     =  -1.31025e-08
p_f003_dctrl1_p     =  -6.25935e-09
p_f003_dctrl1_n     =  3.30000e+00
p_f003_do7_drv_470  =  3.30000e+00
p_f003_do7_rx_470   =  3.30000e+00
p_f003_do6_drv_470  =  0.00000e+00
p_f003_do6_rx_470   =  1.47637e-268
p_f003_do5_drv_470  =  0.00000e+00
p_f003_do5_rx_470   =  4.08882e-312
p_f003_do4_drv_470  =  0.00000e+00
p_f003_do4_rx_470   =  4.08882e-312
p_f003_do3_drv_470  =  0.00000e+00
p_f003_do3_rx_470   =  1.47637e-268
p_f003_do2_drv_470  =  3.30000e+00
p_f003_do2_rx_470   =  3.30000e+00
p_f003_do1_drv_470  =  0.00000e+00
p_f003_do1_rx_470   =  1.47637e-268
p_f003_do0_drv_470  =  3.30000e+00
p_f003_do0_rx_470   =  3.30000e+00
p_f003_do7_drv_480  =  3.30000e+00
p_f003_do7_rx_480   =  3.30000e+00
p_f003_do6_drv_480  =  0.00000e+00
p_f003_do6_rx_480   =  5.18337e-297
p_f003_do5_drv_480  =  0.00000e+00
p_f003_do5_rx_480   =  4.08882e-312
p_f003_do4_drv_480  =  0.00000e+00
p_f003_do4_rx_480   =  4.08882e-312
p_f003_do3_drv_480  =  0.00000e+00
p_f003_do3_rx_480   =  5.18337e-297
p_f003_do2_drv_480  =  3.30000e+00
p_f003_do2_rx_480   =  3.30000e+00
p_f003_do1_drv_480  =  0.00000e+00
p_f003_do1_rx_480   =  5.18337e-297
p_f003_do0_drv_480  =  3.30000e+00
p_f003_do0_rx_480   =  3.30000e+00
p_f064_cmp7_p0      =  -2.93719e-06
p_f064_cmp7_n0      =  -2.91289e-06
p_f064_cmp7_p5      =  3.30000e+00
p_f064_cmp7_n5      =  -1.74590e-06
p_f064_cmp6_p0      =  -8.23856e-06
p_f064_cmp6_n0      =  -8.23971e-06
p_f064_cmp6_p5      =  3.30000e+00
p_f064_cmp6_n5      =  -1.99243e-06
p_f064_cmp5_p0      =  -2.79569e-06
p_f064_cmp5_n0      =  -2.77249e-06
p_f064_cmp5_p5      =  -1.63618e-06
p_f064_cmp5_n5      =  3.30000e+00
p_f064_cmp4_p0      =  -3.01791e-06
p_f064_cmp4_n0      =  -2.99432e-06
p_f064_cmp4_p5      =  3.30000e+00
p_f064_cmp4_n5      =  -1.65326e-06
p_f064_cmp3_p0      =  -7.88830e-06
p_f064_cmp3_n0      =  -7.88397e-06
p_f064_cmp3_p5      =  3.30000e+00
p_f064_cmp3_n5      =  -1.92840e-06
p_f064_cmp2_p0      =  -8.18899e-06
p_f064_cmp2_n0      =  -8.19425e-06
p_f064_cmp2_p5      =  3.30000e+00
p_f064_cmp2_n5      =  -1.95368e-06
p_f064_cmp1_p0      =  -2.91146e-06
p_f064_cmp1_n0      =  -2.88880e-06
p_f064_cmp1_p5      =  3.30000e+00
p_f064_cmp1_n5      =  -1.63270e-06
p_f064_cmp0_p0      =  -8.82050e-06
p_f064_cmp0_n0      =  -8.81350e-06
p_f064_cmp0_p5      =  3.30000e+00
p_f064_cmp0_n5      =  -1.91545e-06
p_f064_dctrl7_p     =  3.30001e+00
p_f064_dctrl7_n     =  3.48103e-01
p_f064_dctrl6_p     =  3.26641e+00
p_f064_dctrl6_n     =  2.98849e-06
p_f064_dctrl5_p     =  -1.15580e-06
p_f064_dctrl5_n     =  3.29964e+00
p_f064_dctrl4_p     =  3.29999e+00
p_f064_dctrl4_n     =  -1.04034e-07
p_f064_dctrl3_p     =  3.30000e+00
p_f064_dctrl3_n     =  -2.39431e-08
p_f064_dctrl2_p     =  3.30000e+00
p_f064_dctrl2_n     =  -1.21455e-08
p_f064_dctrl1_p     =  3.30000e+00
p_f064_dctrl1_n     =  -5.92925e-09
p_f064_do7_drv_470  =  3.30000e+00
p_f064_do7_rx_470   =  3.30000e+00
p_f064_do6_drv_470  =  3.30000e+00
p_f064_do6_rx_470   =  3.30000e+00
p_f064_do5_drv_470  =  0.00000e+00
p_f064_do5_rx_470   =  1.39496e-268
p_f064_do4_drv_470  =  3.30000e+00
p_f064_do4_rx_470   =  3.30000e+00
p_f064_do3_drv_470  =  3.30000e+00
p_f064_do3_rx_470   =  3.30000e+00
p_f064_do2_drv_470  =  3.30000e+00
p_f064_do2_rx_470   =  3.30000e+00
p_f064_do1_drv_470  =  3.30000e+00
p_f064_do1_rx_470   =  3.30000e+00
p_f064_do0_drv_470  =  3.30000e+00
p_f064_do0_rx_470   =  3.30000e+00
p_f064_do7_drv_480  =  3.30000e+00
p_f064_do7_rx_480   =  3.30000e+00
p_f064_do6_drv_480  =  3.30000e+00
p_f064_do6_rx_480   =  3.30000e+00
p_f064_do5_drv_480  =  0.00000e+00
p_f064_do5_rx_480   =  4.89752e-297
p_f064_do4_drv_480  =  3.30000e+00
p_f064_do4_rx_480   =  3.30000e+00
p_f064_do3_drv_480  =  3.30000e+00
p_f064_do3_rx_480   =  3.30000e+00
p_f064_do2_drv_480  =  3.30000e+00
p_f064_do2_rx_480   =  3.30000e+00
p_f064_do1_drv_480  =  3.30000e+00
p_f064_do1_rx_480   =  3.30000e+00
p_f064_do0_drv_480  =  3.30000e+00
p_f064_do0_rx_480   =  3.30000e+00
p_f065_cmp7_p0      =  -3.61392e-06
p_f065_cmp7_n0      =  -3.58870e-06
p_f065_cmp7_p5      =  3.30000e+00
p_f065_cmp7_n5      =  -1.80484e-06
p_f065_cmp6_p0      =  -8.65345e-06
p_f065_cmp6_n0      =  -8.66443e-06
p_f065_cmp6_p5      =  3.30000e+00
p_f065_cmp6_n5      =  -2.04055e-06
p_f065_cmp5_p0      =  -3.15341e-06
p_f065_cmp5_n0      =  -3.12910e-06
p_f065_cmp5_p5      =  3.30000e+00
p_f065_cmp5_n5      =  -1.67180e-06
p_f065_cmp4_p0      =  -3.36745e-06
p_f065_cmp4_n0      =  -3.34125e-06
p_f065_cmp4_p5      =  -1.69497e-06
p_f065_cmp4_n5      =  3.30000e+00
p_f065_cmp3_p0      =  -8.30336e-06
p_f065_cmp3_n0      =  -8.31037e-06
p_f065_cmp3_p5      =  3.30000e+00
p_f065_cmp3_n5      =  -1.96916e-06
p_f065_cmp2_p0      =  -8.60410e-06
p_f065_cmp2_n0      =  -8.62123e-06
p_f065_cmp2_p5      =  3.30000e+00
p_f065_cmp2_n5      =  -1.99614e-06
p_f065_cmp1_p0      =  -3.45076e-06
p_f065_cmp1_n0      =  -3.42634e-06
p_f065_cmp1_p5      =  3.30000e+00
p_f065_cmp1_n5      =  -1.66344e-06
p_f065_cmp0_p0      =  -8.30048e-06
p_f065_cmp0_n0      =  -8.31134e-06
p_f065_cmp0_p5      =  3.30000e+00
p_f065_cmp0_n5      =  -1.99304e-06
p_f065_dctrl7_p     =  3.30001e+00
p_f065_dctrl7_n     =  3.48711e-01
p_f065_dctrl6_p     =  3.26630e+00
p_f065_dctrl6_n     =  3.36909e-06
p_f065_dctrl5_p     =  3.29964e+00
p_f065_dctrl5_n     =  -1.45244e-06
p_f065_dctrl4_p     =  -1.34195e-07
p_f065_dctrl4_n     =  3.29999e+00
p_f065_dctrl3_p     =  3.30000e+00
p_f065_dctrl3_n     =  -2.43503e-08
p_f065_dctrl2_p     =  3.30000e+00
p_f065_dctrl2_n     =  -1.22548e-08
p_f065_dctrl1_p     =  3.30000e+00
p_f065_dctrl1_n     =  -6.01731e-09
p_f065_do7_drv_470  =  3.30000e+00
p_f065_do7_rx_470   =  3.30000e+00
p_f065_do6_drv_470  =  3.30000e+00
p_f065_do6_rx_470   =  3.30000e+00
p_f065_do5_drv_470  =  3.30000e+00
p_f065_do5_rx_470   =  3.30000e+00
p_f065_do4_drv_470  =  0.00000e+00
p_f065_do4_rx_470   =  1.49531e-268
p_f065_do3_drv_470  =  3.30000e+00
p_f065_do3_rx_470   =  3.30000e+00
p_f065_do2_drv_470  =  3.30000e+00
p_f065_do2_rx_470   =  3.30000e+00
p_f065_do1_drv_470  =  3.30000e+00
p_f065_do1_rx_470   =  3.30000e+00
p_f065_do0_drv_470  =  3.30000e+00
p_f065_do0_rx_470   =  3.30000e+00
p_f065_do7_drv_480  =  3.30000e+00
p_f065_do7_rx_480   =  3.30000e+00
p_f065_do6_drv_480  =  3.30000e+00
p_f065_do6_rx_480   =  3.30000e+00
p_f065_do5_drv_480  =  3.30000e+00
p_f065_do5_rx_480   =  3.30000e+00
p_f065_do4_drv_480  =  0.00000e+00
p_f065_do4_rx_480   =  5.24985e-297
p_f065_do3_drv_480  =  3.30000e+00
p_f065_do3_rx_480   =  3.30000e+00
p_f065_do2_drv_480  =  3.30000e+00
p_f065_do2_rx_480   =  3.30000e+00
p_f065_do1_drv_480  =  3.30000e+00
p_f065_do1_rx_480   =  3.30000e+00
p_f065_do0_drv_480  =  3.30000e+00
p_f065_do0_rx_480   =  3.30000e+00
p_f066_cmp7_p0      =  -3.22506e-06
p_f066_cmp7_n0      =  -3.19944e-06
p_f066_cmp7_p5      =  3.30000e+00
p_f066_cmp7_n5      =  -1.76819e-06
p_f066_cmp6_p0      =  -8.19024e-06
p_f066_cmp6_n0      =  -8.20458e-06
p_f066_cmp6_p5      =  3.30000e+00
p_f066_cmp6_n5      =  -2.02461e-06
p_f066_cmp5_p0      =  -3.28791e-06
p_f066_cmp5_n0      =  -3.26316e-06
p_f066_cmp5_p5      =  -1.68268e-06
p_f066_cmp5_n5      =  3.30000e+00
p_f066_cmp4_p0      =  -3.30435e-06
p_f066_cmp4_n0      =  -3.27732e-06
p_f066_cmp4_p5      =  -1.69214e-06
p_f066_cmp4_n5      =  3.30000e+00
p_f066_cmp3_p0      =  -8.22637e-06
p_f066_cmp3_n0      =  -8.23284e-06
p_f066_cmp3_p5      =  3.30000e+00
p_f066_cmp3_n5      =  -1.95821e-06
p_f066_cmp2_p0      =  -8.52640e-06
p_f066_cmp2_n0      =  -8.54503e-06
p_f066_cmp2_p5      =  -1.99900e-06
p_f066_cmp2_n5      =  3.30000e+00
p_f066_cmp1_p0      =  -3.13734e-06
p_f066_cmp1_n0      =  -3.11332e-06
p_f066_cmp1_p5      =  3.30000e+00
p_f066_cmp1_n5      =  -1.65639e-06
p_f066_cmp0_p0      =  -8.22499e-06
p_f066_cmp0_n0      =  -8.23355e-06
p_f066_cmp0_p5      =  3.30000e+00
p_f066_cmp0_n5      =  -1.94894e-06
p_f066_dctrl7_p     =  3.30001e+00
p_f066_dctrl7_n     =  3.48598e-01
p_f066_dctrl6_p     =  3.26632e+00
p_f066_dctrl6_n     =  2.35524e-06
p_f066_dctrl5_p     =  -9.98470e-07
p_f066_dctrl5_n     =  3.29964e+00
p_f066_dctrl4_p     =  -1.29593e-07
p_f066_dctrl4_n     =  3.29999e+00
p_f066_dctrl3_p     =  3.30000e+00
p_f066_dctrl3_n     =  -2.66629e-08
p_f066_dctrl2_p     =  -1.34901e-08
p_f066_dctrl2_n     =  3.30000e+00
p_f066_dctrl1_p     =  3.30000e+00
p_f066_dctrl1_n     =  -6.06814e-09
p_f066_do7_drv_470  =  3.30000e+00
p_f066_do7_rx_470   =  3.30000e+00
p_f066_do6_drv_470  =  3.30000e+00
p_f066_do6_rx_470   =  3.30000e+00
p_f066_do5_drv_470  =  0.00000e+00
p_f066_do5_rx_470   =  1.53204e-268
p_f066_do4_drv_470  =  0.00000e+00
p_f066_do4_rx_470   =  4.08882e-312
p_f066_do3_drv_470  =  3.30000e+00
p_f066_do3_rx_470   =  3.30000e+00
p_f066_do2_drv_470  =  0.00000e+00
p_f066_do2_rx_470   =  1.53204e-268
p_f066_do1_drv_470  =  3.30000e+00
p_f066_do1_rx_470   =  3.30000e+00
p_f066_do0_drv_470  =  3.30000e+00
p_f066_do0_rx_470   =  3.30000e+00
p_f066_do7_drv_480  =  3.30000e+00
p_f066_do7_rx_480   =  3.30000e+00
p_f066_do6_drv_480  =  3.30000e+00
p_f066_do6_rx_480   =  3.30000e+00
p_f066_do5_drv_480  =  0.00000e+00
p_f066_do5_rx_480   =  5.37881e-297
p_f066_do4_drv_480  =  0.00000e+00
p_f066_do4_rx_480   =  4.08882e-312
p_f066_do3_drv_480  =  3.30000e+00
p_f066_do3_rx_480   =  3.30000e+00
p_f066_do2_drv_480  =  0.00000e+00
p_f066_do2_rx_480   =  5.37881e-297
p_f066_do1_drv_480  =  3.30000e+00
p_f066_do1_rx_480   =  3.30000e+00
p_f066_do0_drv_480  =  3.30000e+00
p_f066_do0_rx_480   =  3.30000e+00
p_f067_cmp7_p0      =  -3.20371e-06
p_f067_cmp7_n0      =  -3.17790e-06
p_f067_cmp7_p5      =  3.30000e+00
p_f067_cmp7_n5      =  -1.75805e-06
p_f067_cmp6_p0      =  -8.56931e-06
p_f067_cmp6_n0      =  -8.59933e-06
p_f067_cmp6_p5      =  -2.05703e-06
p_f067_cmp6_n5      =  3.30000e+00
p_f067_cmp5_p0      =  -3.09663e-06
p_f067_cmp5_n0      =  -3.07131e-06
p_f067_cmp5_p5      =  -1.67841e-06
p_f067_cmp5_n5      =  3.30000e+00
p_f067_cmp4_p0      =  -3.60212e-06
p_f067_cmp4_n0      =  -3.57628e-06
p_f067_cmp4_p5      =  -1.70027e-06
p_f067_cmp4_n5      =  3.30000e+00
p_f067_cmp3_p0      =  -8.22346e-06
p_f067_cmp3_n0      =  -8.23541e-06
p_f067_cmp3_p5      =  -1.97564e-06
p_f067_cmp3_n5      =  3.30000e+00
p_f067_cmp2_p0      =  -8.52721e-06
p_f067_cmp2_n0      =  -8.54429e-06
p_f067_cmp2_p5      =  3.30000e+00
p_f067_cmp2_n5      =  -1.98432e-06
p_f067_cmp1_p0      =  -3.13778e-06
p_f067_cmp1_n0      =  -3.11276e-06
p_f067_cmp1_p5      =  -1.66900e-06
p_f067_cmp1_n5      =  3.30000e+00
p_f067_cmp0_p0      =  -8.22496e-06
p_f067_cmp0_n0      =  -8.23355e-06
p_f067_cmp0_p5      =  3.30000e+00
p_f067_cmp0_n5      =  -1.94753e-06
p_f067_dctrl7_p     =  3.30001e+00
p_f067_dctrl7_n     =  3.48592e-01
p_f067_dctrl6_p     =  3.04932e-05
p_f067_dctrl6_n     =  3.26635e+00
p_f067_dctrl5_p     =  -1.08672e-06
p_f067_dctrl5_n     =  3.29964e+00
p_f067_dctrl4_p     =  -1.18101e-07
p_f067_dctrl4_n     =  3.29999e+00
p_f067_dctrl3_p     =  -2.73734e-08
p_f067_dctrl3_n     =  3.30000e+00
p_f067_dctrl2_p     =  3.30000e+00
p_f067_dctrl2_n     =  -1.31013e-08
p_f067_dctrl1_p     =  -6.23919e-09
p_f067_dctrl1_n     =  3.30000e+00
p_f067_do7_drv_470  =  3.30000e+00
p_f067_do7_rx_470   =  3.30000e+00
p_f067_do6_drv_470  =  0.00000e+00
p_f067_do6_rx_470   =  1.48790e-268
p_f067_do5_drv_470  =  0.00000e+00
p_f067_do5_rx_470   =  4.08882e-312
p_f067_do4_drv_470  =  0.00000e+00
p_f067_do4_rx_470   =  4.08882e-312
p_f067_do3_drv_470  =  0.00000e+00
p_f067_do3_rx_470   =  1.48790e-268
p_f067_do2_drv_470  =  3.30000e+00
p_f067_do2_rx_470   =  3.30000e+00
p_f067_do1_drv_470  =  0.00000e+00
p_f067_do1_rx_470   =  1.48790e-268
p_f067_do0_drv_470  =  3.30000e+00
p_f067_do0_rx_470   =  3.30000e+00
p_f067_do7_drv_480  =  3.30000e+00
p_f067_do7_rx_480   =  3.30000e+00
p_f067_do6_drv_480  =  0.00000e+00
p_f067_do6_rx_480   =  5.22382e-297
p_f067_do5_drv_480  =  0.00000e+00
p_f067_do5_rx_480   =  4.08882e-312
p_f067_do4_drv_480  =  0.00000e+00
p_f067_do4_rx_480   =  4.08882e-312
p_f067_do3_drv_480  =  0.00000e+00
p_f067_do3_rx_480   =  5.22382e-297
p_f067_do2_drv_480  =  3.30000e+00
p_f067_do2_rx_480   =  3.30000e+00
p_f067_do1_drv_480  =  0.00000e+00
p_f067_do1_rx_480   =  5.22382e-297
p_f067_do0_drv_480  =  3.30000e+00
p_f067_do0_rx_480   =  3.30000e+00
ngspice-46 done
