
Note: Compatibility modes selected: hs a

Warning: m=xx on .subckt line will override multiplier m hierarchy!


Circuit: * a44 actual analog core with fixed tt timed behavioral sar control.

Reducing trtol to 1 for xspice 'A' devices
Doing analysis at TEMP = 27.000000 and TNOM = 27.000000

Using SPARSE 1.3 as Direct Linear Solver

Initial Transient Solution
--------------------------

Node                                   Voltage
----                                   -------
vdd                                        3.3
vrefp_src                                  2.5
vrefp                                      2.5
vrefp_cap                                  2.5
vrefn_src                                  0.8
vrefn                                      0.8
vrefn_cap                                  0.8
vinp_src                               2.29142
vinn_src                               1.00858
vinp                                   2.29142
vinn                                   1.00858
clks_src                                     0
clks                                         0
cmp_noise                          -0.00212703
xcore.xcdacp.vbot1                         2.5
dctrlp1                                      0
xcore.vresp_raw                     0.00122186
xcore.xcdacp.vbot2                         2.5
dctrlp2                                      0
xcore.xcdacp.vbot3                         2.5
dctrlp3                                      0
xcore.xcdacp.vbot4                         2.5
dctrlp4                                      0
xcore.xcdacp.vbot5                         2.5
dctrlp5                                      0
xcore.xcdacp.vbot6                         2.5
dctrlp6                                      0
xcore.xcdacp.vbot7                         2.5
dctrlp7                                      0
xcore.xcdacp.x1.clksb                      3.3
xcore.xcdacp.x1.net2               1.58025e-10
xcore.xcdacp.x1.net1                       3.3
xcore.xcdacp.x1.bottom_gate        6.14491e-09
xcore.xcdacp.x1.net4               3.06679e-09
xcore.xcdacp.x1.net3                       3.3
xcore.xcdacn.vbot1                         2.5
dctrln1                                      0
xcore.vresn_raw                    0.000256629
xcore.xcdacn.vbot2                         2.5
dctrln2                                      0
xcore.xcdacn.vbot3                         2.5
dctrln3                                      0
xcore.xcdacn.vbot4                         2.5
dctrln4                                      0
xcore.xcdacn.vbot5                         2.5
dctrln5                                      0
xcore.xcdacn.vbot6                         2.5
dctrln6                                      0
xcore.xcdacn.vbot7                         2.5
dctrln7                                      0
xcore.xcdacn.x1.clksb                      3.3
xcore.xcdacn.x1.net2               1.29059e-10
xcore.xcdacn.x1.net1                       3.3
xcore.xcdacn.x1.bottom_gate        6.14948e-09
xcore.xcdacn.x1.net4               3.07354e-09
xcore.xcdacn.x1.net3                       3.3
vresp                               0.00015834
vresn                               0.00132015
xcore.xcmp.net1                      0.0234126
cmpck                                        0
xcore.xcmp.xp                              3.3
xcore.xcmp.xn                              3.3
xcore.xcmp.ln                              3.3
xcore.xcmp.lp                              3.3
dcmpn                              3.67082e-09
dcmpp                              3.66607e-09
sampled_diff                       -0.00116181
input_diff                             1.28283
cmpck_drv                                    0
dctrlp7_drv                                  0
dctrlp6_drv                                  0
dctrlp5_drv                                  0
dctrlp4_drv                                  0
dctrlp3_drv                                  0
dctrlp2_drv                                  0
dctrlp1_drv                                  0
dctrln7_drv                                  0
dctrln6_drv                                  0
dctrln5_drv                                  0
dctrln4_drv                                  0
dctrln3_drv                                  0
dctrln2_drv                                  0
dctrln1_drv                                  0
dout7_drv                                    0
dout6_drv                                    0
dout5_drv                                    0
dout4_drv                                    0
dout3_drv                                    0
dout2_drv                                    0
dout1_drv                                    0
dout0_drv                                    0
eoc                                          0
invalid0                                     0
timeout0                                     0
complete                                     0
dout7_rx                                     0
dout6_rx                                     0
dout5_rx                                     0
dout4_rx                                     0
dout3_rx                                     0
dout2_rx                                     0
dout1_rx                                     0
dout0_rx                                     0
e_input_diff#branch               -1.28283e-10
e_sample_diff#branch               1.16181e-13
e.xcore.e_cmp_noise_n#branch      -1.32015e-13
e.xcore.e_cmp_noise_p#branch       -1.5834e-14
vcmp_noise#branch                  2.12703e-13
vclks_id#branch                              0
vvinn_id#branch                   -4.15741e-10
vvinp_id#branch                   -9.44373e-10
vvrefn_id#branch                  -1.76652e-09
vvrefp_id#branch                  -1.52076e-08
vvdd#branch                       -1.77535e-08
a_status#branch_1_0                          0
a_status#branch_1_1                          0
a_status#branch_1_2                          0
a_status#branch_1_3                          0
a_dout#branch_1_0                            0
a_dout#branch_1_1                            0
a_dout#branch_1_2                            0
a_dout#branch_1_3                            0
a_dout#branch_1_4                            0
a_dout#branch_1_5                            0
a_dout#branch_1_6                            0
a_dout#branch_1_7                            0
a_dctrln#branch_1_0                          0
a_dctrln#branch_1_1                          0
a_dctrln#branch_1_2                          0
a_dctrln#branch_1_3                          0
a_dctrln#branch_1_4                          0
a_dctrln#branch_1_5                          0
a_dctrln#branch_1_6                          0
a_dctrlp#branch_1_0                          0
a_dctrlp#branch_1_1                          0
a_dctrlp#branch_1_2                          0
a_dctrlp#branch_1_3                          0
a_dctrlp#branch_1_4                          0
a_dctrlp#branch_1_5                          0
a_dctrlp#branch_1_6                          0
a_cmpck#branch_1_0                           0


Instance: abeh   Message: WARNING: output scheduled with impossible delay (-4.01e-12) at 5.01e-12/0.

Instance: abeh   Message: XSPICE time is behind vtime:
XSPICE 2.005187318595413e-07
Cosim  2.00548e-07

Instance: abeh   Message: XSPICE time is behind vtime:
XSPICE 7.005174616989774e-07
Cosim  7.00551e-07

Instance: abeh   Message: XSPICE time is behind vtime:
XSPICE 1.200517856463264e-06
Cosim  1.200533e-06

Instance: abeh   Message: XSPICE time is behind vtime:
XSPICE 2.200539844140513e-06
Cosim  2.200548e-06

Instance: abeh   Message: XSPICE time is behind vtime:
XSPICE 2.70052055172862e-06
Cosim  2.700554e-06

Instance: abeh   Message: XSPICE time is behind vtime:
XSPICE 3.200524976752497e-06
Cosim  3.200558e-06

Instance: abeh   Message: XSPICE time is behind vtime:
XSPICE 4.70053204919645e-06
Cosim  4.700557e-06

Instance: abeh   Message: XSPICE time is behind vtime:
XSPICE 5.200517461703446e-06
Cosim  5.200551e-06

Instance: abeh   Message: XSPICE time is behind vtime:
XSPICE 5.700534440824137e-06
Cosim  5.700554999999999e-06

Instance: abeh   Message: XSPICE time is behind vtime:
XSPICE 7.200520551721705e-06
Cosim  7.200554e-06

Instance: abeh   Message: XSPICE time is behind vtime:
XSPICE 7.700497551721817e-06
Cosim  7.700531e-06

Instance: abeh   Message: XSPICE time is behind vtime:
XSPICE 9.200533964468138e-06
Cosim  9.200554e-06

Instance: abeh   Message: XSPICE time is behind vtime:
XSPICE 9.700517461702018e-06
Cosim  9.700550999999999e-06

Instance: abeh   Message: XSPICE time is behind vtime:
XSPICE 1.020053158755588e-05
Cosim  1.0200557e-05

Instance: abeh   Message: XSPICE time is behind vtime:
XSPICE 1.170049831282712e-05
Cosim  1.1700531e-05

Instance: abeh   Message: XSPICE time is behind vtime:
XSPICE 1.220051955172971e-05
Cosim  1.2200553e-05

Instance: abeh   Message: XSPICE time is behind vtime:
XSPICE 1.270053422553959e-05
Cosim  1.2700543e-05

Instance: abeh   Message: XSPICE time is behind vtime:
XSPICE 1.370054343157972e-05
Cosim  1.3700558e-05

Instance: abeh   Message: XSPICE time is behind vtime:
XSPICE 1.42005174616995e-05
Cosim  1.4200551e-05

Instance: abeh   Message: XSPICE time is behind vtime:
XSPICE 1.470051833807926e-05
Cosim  1.4700548e-05

Instance: abeh   Message: XSPICE time is behind vtime:
XSPICE 1.620051900724176e-05
Cosim  1.6200548e-05

Instance: abeh   Message: XSPICE time is behind vtime:
XSPICE 1.670051755173666e-05
Cosim  1.6700551e-05

Instance: abeh   Message: XSPICE time is behind vtime:
XSPICE 1.720054324845249e-05
Cosim  1.7200558e-05

Instance: abeh   Message: XSPICE time is behind vtime:
XSPICE 1.82005394081682e-05
Cosim  1.8200548e-05

Instance: abeh   Message: XSPICE time is behind vtime:
XSPICE 1.870049646169242e-05
Cosim  1.870053e-05

Instance: abeh   Message: XSPICE time is behind vtime:
XSPICE 1.920049874160673e-05
Cosim  1.9200532e-05

Instance: abeh   Message: XSPICE time is behind vtime:
XSPICE 2.070050635051116e-05
Cosim  2.0700531e-05

Instance: abeh   Message: XSPICE time is behind vtime:
XSPICE 2.120051955173963e-05
Cosim  2.1200553e-05

Instance: abeh   Message: XSPICE time is behind vtime:
XSPICE 2.170053478132916e-05
Cosim  2.1700555e-05

Instance: abeh   Message: XSPICE time is behind vtime:
XSPICE 2.320051946168524e-05
Cosim  2.3200553e-05

Instance: abeh   Message: XSPICE time is behind vtime:
XSPICE 2.370051946168617e-05
Cosim  2.3700553e-05

Instance: abeh   Message: XSPICE time is behind vtime:
XSPICE 2.520053531167056e-05
Cosim  2.5200555e-05

Instance: abeh   Message: XSPICE time is behind vtime:
XSPICE 2.57005195517399e-05
Cosim  2.5700553e-05

Instance: abeh   Message: XSPICE time is behind vtime:
XSPICE 2.620050689011802e-05
Cosim  2.6200532e-05

Instance: abeh   Message: XSPICE time is behind vtime:
XSPICE 2.770050107547712e-05
Cosim  2.7700534e-05

Instance: abeh   Message: XSPICE time is behind vtime:
XSPICE 2.820049746169288e-05
Cosim  2.8200531e-05

Instance: abeh   Message: XSPICE time is behind vtime:
XSPICE 2.870053578650362e-05
Cosim  2.8700545e-05

Instance: abeh   Message: XSPICE time is behind vtime:
XSPICE 2.970051682933847e-05
Cosim  2.9700531e-05

Instance: abeh   Message: XSPICE time is behind vtime:
XSPICE 3.020051755173423e-05
Cosim  3.0200551e-05

Instance: abeh   Message: XSPICE time is behind vtime:
XSPICE 3.070051760530006e-05
Cosim  3.0700547e-05

Instance: abeh   Message: XSPICE time is behind vtime:
XSPICE 3.220051873881819e-05
Cosim  3.2200548e-05

Instance: abeh   Message: XSPICE time is behind vtime:
XSPICE 3.270051746170032e-05
Cosim  3.2700551e-05

Instance: abeh   Message: XSPICE time is behind vtime:
XSPICE 3.320051785896952e-05
Cosim  3.3200533e-05

No. of Data Rows : 735282
f000_d7             =  3.30000e+00
f000_d6             =  3.30000e+00
f000_d5             =  3.30000e+00
f000_d4             =  0.00000e+00
f000_d3             =  0.00000e+00
f000_d2             =  0.00000e+00
f000_d1             =  0.00000e+00
f000_d0             =  0.00000e+00
f000_complete       =  3.30000e+00
f000_invalid        =  0.00000e+00
f000_timeout        =  0.00000e+00
f000_sampled        =  1.28070e+00
f000_input          =  1.28283e+00
f000_tcomplete      =  3.75498e-07
f001_d7             =  3.30000e+00
f001_d6             =  3.30000e+00
f001_d5             =  3.30000e+00
f001_d4             =  0.00000e+00
f001_d3             =  3.30000e+00
f001_d2             =  3.30000e+00
f001_d1             =  3.30000e+00
f001_d0             =  3.30000e+00
f001_complete       =  3.30000e+00
f001_invalid        =  0.00000e+00
f001_timeout        =  0.00000e+00
f001_sampled        =  1.48179e+00
f001_input          =  1.48489e+00
f001_tcomplete      =  8.75501e-07
f002_d7             =  3.30000e+00
f002_d6             =  3.30000e+00
f002_d5             =  4.72443e-297
f002_d4             =  0.00000e+00
f002_d3             =  3.30000e+00
f002_d2             =  4.72443e-297
f002_d1             =  3.30000e+00
f002_d0             =  3.30000e+00
f002_complete       =  3.30000e+00
f002_invalid        =  0.00000e+00
f002_timeout        =  0.00000e+00
f002_sampled        =  1.01356e+00
f002_input          =  1.01281e+00
f002_tcomplete      =  1.37548e-06
f003_d7             =  3.30000e+00
f003_d6             =  5.16792e-297
f003_d5             =  4.08882e-312
f003_d4             =  0.00000e+00
f003_d3             =  5.16792e-297
f003_d2             =  3.30000e+00
f003_d1             =  5.16792e-297
f003_d0             =  3.30000e+00
f003_complete       =  3.30000e+00
f003_invalid        =  0.00000e+00
f003_timeout        =  0.00000e+00
f003_sampled        =  8.06749e-02
f003_input          =  8.09899e-02
f003_tcomplete      =  1.87550e-06
f004_d7             =  5.04538e-297
f004_d6             =  4.08882e-312
f004_d5             =  3.30000e+00
f004_d4             =  3.30000e+00
f004_d3             =  3.30000e+00
f004_d2             =  3.30000e+00
f004_d1             =  4.08882e-312
f004_d0             =  5.04538e-297
f004_complete       =  3.30000e+00
f004_invalid        =  0.00000e+00
f004_timeout        =  0.00000e+00
f004_sampled        =  -8.88980e-01
f004_input          =  -8.87815e-01
f004_tcomplete      =  2.37550e-06
f005_d7             =  4.08882e-312
f005_d6             =  4.08882e-312
f005_d5             =  5.25142e-297
f005_d4             =  3.30000e+00
f005_d3             =  5.25142e-297
f005_d2             =  5.25142e-297
f005_d1             =  3.30000e+00
f005_d0             =  4.08882e-312
f005_complete       =  3.30000e+00
f005_invalid        =  0.00000e+00
f005_timeout        =  0.00000e+00
f005_sampled        =  -1.45342e+00
f005_input          =  -1.45317e+00
f005_tcomplete      =  2.87550e-06
f006_d7             =  4.08882e-312
f006_d6             =  4.08882e-312
f006_d5             =  4.08882e-312
f006_d4             =  3.30000e+00
f006_d3             =  3.30000e+00
f006_d2             =  4.08882e-312
f006_d1             =  5.33558e-297
f006_d0             =  3.30000e+00
f006_complete       =  3.30000e+00
f006_invalid        =  0.00000e+00
f006_timeout        =  0.00000e+00
f006_sampled        =  -1.35889e+00
f006_input          =  -1.35915e+00
f006_tcomplete      =  3.37551e-06
f007_d7             =  4.08882e-312
f007_d6             =  3.30000e+00
f007_d5             =  4.08882e-312
f007_d4             =  5.34793e-297
f007_d3             =  3.30000e+00
f007_d2             =  3.30000e+00
f007_d1             =  3.30000e+00
f007_d0             =  5.34793e-297
f007_complete       =  3.30000e+00
f007_invalid        =  0.00000e+00
f007_timeout        =  0.00000e+00
f007_sampled        =  -6.47856e-01
f007_input          =  -6.48024e-01
f007_tcomplete      =  3.87551e-06
f008_d7             =  3.30000e+00
f008_d6             =  4.45869e-297
f008_d5             =  4.08882e-312
f008_d4             =  3.30000e+00
f008_d3             =  3.30000e+00
f008_d2             =  4.45869e-297
f008_d1             =  3.30000e+00
f008_d0             =  4.08882e-312
f008_complete       =  3.30000e+00
f008_invalid        =  0.00000e+00
f008_timeout        =  0.00000e+00
f008_sampled        =  3.58551e-01
f008_input          =  3.57394e-01
f008_tcomplete      =  4.37548e-06
f009_d7             =  3.30000e+00
f009_d6             =  3.30000e+00
f009_d5             =  4.08882e-312
f009_d4             =  3.30000e+00
f009_d3             =  3.30000e+00
f009_d2             =  4.08882e-312
f009_d1             =  5.26729e-297
f009_d0             =  3.30000e+00
f009_complete       =  3.30000e+00
f009_invalid        =  0.00000e+00
f009_timeout        =  0.00000e+00
f009_sampled        =  1.20296e+00
f009_input          =  1.20033e+00
f009_tcomplete      =  4.87551e-06
f010_d7             =  3.30000e+00
f010_d6             =  3.30000e+00
f010_d5             =  3.30000e+00
f010_d4             =  3.30000e+00
f010_d3             =  5.13817e-297
f010_d2             =  4.08882e-312
f010_d1             =  4.08882e-312
f010_d0             =  5.13817e-297
f010_complete       =  3.30000e+00
f010_invalid        =  0.00000e+00
f010_timeout        =  0.00000e+00
f010_sampled        =  1.49978e+00
f010_input          =  1.49856e+00
f010_tcomplete      =  5.37550e-06
f011_d7             =  3.30000e+00
f011_d6             =  3.30000e+00
f011_d5             =  5.22452e-297
f011_d4             =  3.30000e+00
f011_d3             =  4.08882e-312
f011_d2             =  4.08882e-312
f011_d1             =  3.30000e+00
f011_d0             =  3.30000e+00
f011_complete       =  3.30000e+00
f011_invalid        =  0.00000e+00
f011_timeout        =  0.00000e+00
f011_sampled        =  1.11715e+00
f011_input          =  1.11635e+00
f011_tcomplete      =  5.87551e-06
f012_d7             =  3.30000e+00
f012_d6             =  5.54612e-297
f012_d5             =  4.08882e-312
f012_d4             =  3.30000e+00
f012_d3             =  4.08882e-312
f012_d2             =  4.08882e-312
f012_d1             =  5.54612e-297
f012_d0             =  5.54612e-297
f012_complete       =  3.30000e+00
f012_invalid        =  0.00000e+00
f012_timeout        =  0.00000e+00
f012_sampled        =  2.27821e-01
f012_input          =  2.27383e-01
f012_tcomplete      =  6.37551e-06
f013_d7             =  5.08392e-297
f013_d6             =  3.30000e+00
f013_d5             =  4.08882e-312
f013_d4             =  5.08392e-297
f013_d3             =  4.08882e-312
f013_d2             =  3.30000e+00
f013_d1             =  3.30000e+00
f013_d0             =  4.08882e-312
f013_complete       =  3.30000e+00
f013_invalid        =  0.00000e+00
f013_timeout        =  0.00000e+00
f013_sampled        =  -7.64085e-01
f013_input          =  -7.64845e-01
f013_tcomplete      =  6.87550e-06
f014_d7             =  4.08882e-312
f014_d6             =  5.17045e-297
f014_d5             =  4.08882e-312
f014_d4             =  3.30000e+00
f014_d3             =  4.08882e-312
f014_d2             =  3.30000e+00
f014_d1             =  5.17045e-297
f014_d0             =  3.30000e+00
f014_complete       =  3.30000e+00
f014_invalid        =  0.00000e+00
f014_timeout        =  0.00000e+00
f014_sampled        =  -1.40910e+00
f014_input          =  -1.40987e+00
f014_tcomplete      =  7.37550e-06
f015_d7             =  4.08882e-312
f015_d6             =  4.08882e-312
f015_d5             =  4.08882e-312
f015_d4             =  3.30000e+00
f015_d3             =  4.08882e-312
f015_d2             =  3.30000e+00
f015_d1             =  4.08882e-312
f015_d0             =  4.63454e-297
f015_complete       =  3.30000e+00
f015_invalid        =  0.00000e+00
f015_timeout        =  0.00000e+00
f015_sampled        =  -1.41406e+00
f015_input          =  -1.41477e+00
f015_tcomplete      =  7.87548e-06
f016_d7             =  4.08882e-312
f016_d6             =  3.30000e+00
f016_d5             =  4.08882e-312
f016_d4             =  5.09055e-297
f016_d3             =  4.08882e-312
f016_d2             =  3.30000e+00
f016_d1             =  4.08882e-312
f016_d0             =  4.08882e-312
f016_complete       =  3.30000e+00
f016_invalid        =  0.00000e+00
f016_timeout        =  0.00000e+00
f016_sampled        =  -7.76819e-01
f016_input          =  -7.77577e-01
f016_tcomplete      =  8.37550e-06
f017_d7             =  3.30000e+00
f017_d6             =  4.44184e-297
f017_d5             =  4.08882e-312
f017_d4             =  4.08882e-312
f017_d3             =  3.30000e+00
f017_d2             =  3.30000e+00
f017_d1             =  3.30000e+00
f017_d0             =  3.30000e+00
f017_complete       =  3.30000e+00
f017_invalid        =  0.00000e+00
f017_timeout        =  0.00000e+00
f017_sampled        =  2.13323e-01
f017_input          =  2.12972e-01
f017_tcomplete      =  8.87548e-06
f018_d7             =  3.30000e+00
f018_d6             =  3.30000e+00
f018_d5             =  4.08882e-312
f018_d4             =  3.30000e+00
f018_d3             =  5.18619e-297
f018_d2             =  5.18619e-297
f018_d1             =  3.30000e+00
f018_d0             =  5.18619e-297
f018_complete       =  3.30000e+00
f018_invalid        =  0.00000e+00
f018_timeout        =  0.00000e+00
f018_sampled        =  1.10861e+00
f018_input          =  1.10636e+00
f018_tcomplete      =  9.37550e-06
f019_d7             =  3.30000e+00
f019_d6             =  3.30000e+00
f019_d5             =  3.30000e+00
f019_d4             =  3.30000e+00
f019_d3             =  4.08882e-312
f019_d2             =  4.08882e-312
f019_d1             =  5.14739e-297
f019_d0             =  4.08882e-312
f019_complete       =  3.30000e+00
f019_invalid        =  0.00000e+00
f019_timeout        =  0.00000e+00
f019_sampled        =  1.49991e+00
f019_input          =  1.49785e+00
f019_tcomplete      =  9.87550e-06
f020_d7             =  3.30000e+00
f020_d6             =  3.30000e+00
f020_d5             =  5.31209e-297
f020_d4             =  3.30000e+00
f020_d3             =  3.30000e+00
f020_d2             =  4.08882e-312
f020_d1             =  3.30000e+00
f020_d0             =  4.08882e-312
f020_complete       =  3.30000e+00
f020_invalid        =  0.00000e+00
f020_timeout        =  0.00000e+00
f020_sampled        =  1.20744e+00
f020_input          =  1.20914e+00
f020_tcomplete      =  1.03755e-05
f021_d7             =  3.30000e+00
f021_d6             =  4.46975e-297
f021_d5             =  4.08882e-312
f021_d4             =  3.30000e+00
f021_d3             =  3.30000e+00
f021_d2             =  4.08882e-312
f021_d1             =  3.30000e+00
f021_d0             =  3.30000e+00
f021_complete       =  3.30000e+00
f021_invalid        =  0.00000e+00
f021_timeout        =  0.00000e+00
f021_sampled        =  3.74916e-01
f021_input          =  3.71686e-01
f021_tcomplete      =  1.08755e-05
f022_d7             =  4.50178e-297
f022_d6             =  3.30000e+00
f022_d5             =  4.08882e-312
f022_d4             =  4.50178e-297
f022_d3             =  3.30000e+00
f022_d2             =  3.30000e+00
f022_d1             =  3.30000e+00
f022_d0             =  3.30000e+00
f022_complete       =  3.30000e+00
f022_invalid        =  0.00000e+00
f022_timeout        =  0.00000e+00
f022_sampled        =  -6.34258e-01
f022_input          =  -6.34702e-01
f022_tcomplete      =  1.13755e-05
f023_d7             =  4.08882e-312
f023_d6             =  4.47370e-297
f023_d5             =  4.08882e-312
f023_d4             =  3.30000e+00
f023_d3             =  3.30000e+00
f023_d2             =  4.47370e-297
f023_d1             =  4.47370e-297
f023_d0             =  3.30000e+00
f023_complete       =  3.30000e+00
f023_invalid        =  0.00000e+00
f023_timeout        =  0.00000e+00
f023_sampled        =  -1.35519e+00
f023_input          =  -1.35280e+00
f023_tcomplete      =  1.18755e-05
f024_d7             =  4.08882e-312
f024_d6             =  4.08882e-312
f024_d5             =  4.08882e-312
f024_d4             =  3.30000e+00
f024_d3             =  5.34857e-297
f024_d2             =  4.08882e-312
f024_d1             =  4.08882e-312
f024_d0             =  3.30000e+00
f024_complete       =  3.30000e+00
f024_invalid        =  0.00000e+00
f024_timeout        =  0.00000e+00
f024_sampled        =  -1.45760e+00
f024_input          =  -1.45683e+00
f024_tcomplete      =  1.23755e-05
f025_d7             =  4.08882e-312
f025_d6             =  4.08882e-312
f025_d5             =  3.30000e+00
f025_d4             =  3.30000e+00
f025_d3             =  3.30000e+00
f025_d2             =  4.08882e-312
f025_d1             =  3.30000e+00
f025_d0             =  3.30000e+00
f025_complete       =  3.30000e+00
f025_invalid        =  0.00000e+00
f025_timeout        =  0.00000e+00
f025_sampled        =  -9.01553e-01
f025_input          =  -8.99521e-01
f025_tcomplete      =  1.28755e-05
f026_d7             =  3.30000e+00
f026_d6             =  4.08882e-312
f026_d5             =  5.18025e-297
f026_d4             =  5.18025e-297
f026_d3             =  5.18025e-297
f026_d2             =  3.30000e+00
f026_d1             =  5.18025e-297
f026_d0             =  5.18025e-297
f026_complete       =  3.30000e+00
f026_invalid        =  0.00000e+00
f026_timeout        =  0.00000e+00
f026_sampled        =  6.40628e-02
f026_input          =  6.62564e-02
f026_tcomplete      =  1.33755e-05
f027_d7             =  3.30000e+00
f027_d6             =  3.30000e+00
f027_d5             =  4.08882e-312
f027_d4             =  4.08882e-312
f027_d3             =  3.30000e+00
f027_d2             =  5.31333e-297
f027_d1             =  3.30000e+00
f027_d0             =  4.08882e-312
f027_complete       =  3.30000e+00
f027_invalid        =  0.00000e+00
f027_timeout        =  0.00000e+00
f027_sampled        =  1.00117e+00
f027_input          =  1.00185e+00
f027_tcomplete      =  1.38755e-05
f028_d7             =  3.30000e+00
f028_d6             =  3.30000e+00
f028_d5             =  3.30000e+00
f028_d4             =  4.08882e-312
f028_d3             =  3.30000e+00
f028_d2             =  3.30000e+00
f028_d1             =  3.30000e+00
f028_d0             =  3.30000e+00
f028_complete       =  3.30000e+00
f028_invalid        =  0.00000e+00
f028_timeout        =  0.00000e+00
f028_sampled        =  1.48185e+00
f028_input          =  1.48261e+00
f028_tcomplete      =  1.43755e-05
f029_d7             =  3.30000e+00
f029_d6             =  3.30000e+00
f029_d5             =  3.30000e+00
f029_d4             =  4.08882e-312
f029_d3             =  5.22883e-297
f029_d2             =  5.22883e-297
f029_d1             =  5.22883e-297
f029_d0             =  5.22883e-297
f029_complete       =  3.30000e+00
f029_invalid        =  0.00000e+00
f029_timeout        =  0.00000e+00
f029_sampled        =  1.29098e+00
f029_input          =  1.29038e+00
f029_tcomplete      =  1.48755e-05
f030_d7             =  3.30000e+00
f030_d6             =  4.58630e-297
f030_d5             =  3.30000e+00
f030_d4             =  4.08882e-312
f030_d3             =  4.08882e-312
f030_d2             =  3.30000e+00
f030_d1             =  4.08882e-312
f030_d0             =  3.30000e+00
f030_complete       =  3.30000e+00
f030_invalid        =  0.00000e+00
f030_timeout        =  0.00000e+00
f030_sampled        =  5.13233e-01
f030_input          =  5.12343e-01
f030_tcomplete      =  1.53755e-05
f031_d7             =  4.53784e-297
f031_d6             =  3.30000e+00
f031_d5             =  4.53784e-297
f031_d4             =  3.30000e+00
f031_d3             =  3.30000e+00
f031_d2             =  4.53784e-297
f031_d1             =  3.30000e+00
f031_d0             =  4.53784e-297
f031_complete       =  3.30000e+00
f031_invalid        =  0.00000e+00
f031_timeout        =  0.00000e+00
f031_sampled        =  -4.95577e-01
f031_input          =  -4.98420e-01
f031_tcomplete      =  1.58755e-05
f032_d7             =  4.08882e-312
f032_d6             =  5.04163e-297
f032_d5             =  4.08882e-312
f032_d4             =  3.30000e+00
f032_d3             =  3.30000e+00
f032_d2             =  3.30000e+00
f032_d1             =  3.30000e+00
f032_d0             =  4.08882e-312
f032_complete       =  3.30000e+00
f032_invalid        =  0.00000e+00
f032_timeout        =  0.00000e+00
f032_sampled        =  -1.28379e+00
f032_input          =  -1.28277e+00
f032_tcomplete      =  1.63755e-05
f033_d7             =  4.08882e-312
f033_d6             =  4.08882e-312
f033_d5             =  4.08882e-312
f033_d4             =  5.10163e-297
f033_d3             =  3.30000e+00
f033_d2             =  3.30000e+00
f033_d1             =  3.30000e+00
f033_d0             =  3.30000e+00
f033_complete       =  3.30000e+00
f033_invalid        =  0.00000e+00
f033_timeout        =  0.00000e+00
f033_sampled        =  -1.48732e+00
f033_input          =  -1.48488e+00
f033_tcomplete      =  1.68755e-05
f034_d7             =  4.08882e-312
f034_d6             =  4.08882e-312
f034_d5             =  3.30000e+00
f034_d4             =  3.30000e+00
f034_d3             =  5.29130e-297
f034_d2             =  5.29130e-297
f034_d1             =  3.30000e+00
f034_d0             =  3.30000e+00
f034_complete       =  3.30000e+00
f034_invalid        =  0.00000e+00
f034_timeout        =  0.00000e+00
f034_sampled        =  -1.01296e+00
f034_input          =  -1.01281e+00
f034_tcomplete      =  1.73755e-05
f035_d7             =  4.08882e-312
f035_d6             =  3.30000e+00
f035_d5             =  3.30000e+00
f035_d4             =  3.30000e+00
f035_d3             =  3.30000e+00
f035_d2             =  4.08882e-312
f035_d1             =  5.32073e-297
f035_d0             =  3.30000e+00
f035_complete       =  3.30000e+00
f035_invalid        =  0.00000e+00
f035_timeout        =  0.00000e+00
f035_sampled        =  -7.83244e-02
f035_input          =  -8.09812e-02
f035_tcomplete      =  1.78755e-05
f036_d7             =  3.30000e+00
f036_d6             =  3.30000e+00
f036_d5             =  5.04517e-297
f036_d4             =  5.04517e-297
f036_d3             =  5.04517e-297
f036_d2             =  4.08882e-312
f036_d1             =  3.30000e+00
f036_d0             =  5.04517e-297
f036_complete       =  3.30000e+00
f036_invalid        =  0.00000e+00
f036_timeout        =  0.00000e+00
f036_sampled        =  8.85314e-01
f036_input          =  8.87583e-01
f036_tcomplete      =  1.83755e-05
f037_d7             =  3.30000e+00
f037_d6             =  3.30000e+00
f037_d5             =  3.30000e+00
f037_d4             =  4.08882e-312
f037_d3             =  3.30000e+00
f037_d2             =  3.30000e+00
f037_d1             =  4.39701e-297
f037_d0             =  3.30000e+00
f037_complete       =  3.30000e+00
f037_invalid        =  0.00000e+00
f037_timeout        =  0.00000e+00
f037_sampled        =  1.45483e+00
f037_input          =  1.45325e+00
f037_tcomplete      =  1.88755e-05
f038_d7             =  3.30000e+00
f038_d6             =  3.30000e+00
f038_d5             =  3.30000e+00
f038_d4             =  4.08882e-312
f038_d3             =  4.69294e-297
f038_d2             =  3.30000e+00
f038_d1             =  4.08882e-312
f038_d0             =  3.30000e+00
f038_complete       =  3.30000e+00
f038_invalid        =  0.00000e+00
f038_timeout        =  0.00000e+00
f038_sampled        =  1.35633e+00
f038_input          =  1.35914e+00
f038_tcomplete      =  1.93755e-05
f039_d7             =  3.30000e+00
f039_d6             =  4.45763e-297
f039_d5             =  3.30000e+00
f039_d4             =  3.30000e+00
f039_d3             =  4.08882e-312
f039_d2             =  4.45763e-297
f039_d1             =  4.08882e-312
f039_d0             =  4.45763e-297
f039_complete       =  3.30000e+00
f039_invalid        =  0.00000e+00
f039_timeout        =  0.00000e+00
f039_sampled        =  6.45697e-01
f039_input          =  6.47997e-01
f039_tcomplete      =  1.98755e-05
f040_d7             =  4.43277e-297
f040_d6             =  3.30000e+00
f040_d5             =  3.30000e+00
f040_d4             =  4.43277e-297
f040_d3             =  4.08882e-312
f040_d2             =  3.30000e+00
f040_d1             =  4.08882e-312
f040_d0             =  4.08882e-312
f040_complete       =  3.30000e+00
f040_invalid        =  0.00000e+00
f040_timeout        =  0.00000e+00
f040_sampled        =  -3.58239e-01
f040_input          =  -3.57344e-01
f040_tcomplete      =  2.03755e-05
f041_d7             =  4.08882e-312
f041_d6             =  4.62358e-297
f041_d5             =  3.30000e+00
f041_d4             =  4.08882e-312
f041_d3             =  4.08882e-312
f041_d2             =  3.30000e+00
f041_d1             =  4.08882e-312
f041_d0             =  4.08882e-312
f041_complete       =  3.30000e+00
f041_invalid        =  0.00000e+00
f041_timeout        =  0.00000e+00
f041_sampled        =  -1.19950e+00
f041_input          =  -1.20045e+00
f041_tcomplete      =  2.08755e-05
f042_d7             =  4.08882e-312
f042_d6             =  4.08882e-312
f042_d5             =  5.21304e-297
f042_d4             =  4.08882e-312
f042_d3             =  3.30000e+00
f042_d2             =  3.30000e+00
f042_d1             =  3.30000e+00
f042_d0             =  4.08882e-312
f042_complete       =  3.30000e+00
f042_invalid        =  0.00000e+00
f042_timeout        =  0.00000e+00
f042_sampled        =  -1.50033e+00
f042_input          =  -1.49853e+00
f042_tcomplete      =  2.13755e-05
f043_d7             =  4.08882e-312
f043_d6             =  4.08882e-312
f043_d5             =  3.30000e+00
f043_d4             =  4.08882e-312
f043_d3             =  3.30000e+00
f043_d2             =  5.23590e-297
f043_d1             =  3.30000e+00
f043_d0             =  3.30000e+00
f043_complete       =  3.30000e+00
f043_invalid        =  0.00000e+00
f043_timeout        =  0.00000e+00
f043_sampled        =  -1.11498e+00
f043_input          =  -1.11644e+00
f043_tcomplete      =  2.18755e-05
f044_d7             =  4.08882e-312
f044_d6             =  3.30000e+00
f044_d5             =  3.30000e+00
f044_d4             =  4.08882e-312
f044_d3             =  3.30000e+00
f044_d2             =  3.30000e+00
f044_d1             =  3.30000e+00
f044_d0             =  5.25168e-297
f044_complete       =  3.30000e+00
f044_invalid        =  0.00000e+00
f044_timeout        =  0.00000e+00
f044_sampled        =  -2.25506e-01
f044_input          =  -2.27357e-01
f044_tcomplete      =  2.23755e-05
f045_d7             =  3.30000e+00
f045_d6             =  5.13973e-297
f045_d5             =  3.30000e+00
f045_d4             =  3.30000e+00
f045_d3             =  3.30000e+00
f045_d2             =  5.13973e-297
f045_d1             =  5.13973e-297
f045_d0             =  3.30000e+00
f045_complete       =  3.30000e+00
f045_invalid        =  0.00000e+00
f045_timeout        =  0.00000e+00
f045_sampled        =  7.64566e-01
f045_input          =  7.64945e-01
f045_tcomplete      =  2.28755e-05
f046_d7             =  3.30000e+00
f046_d6             =  3.30000e+00
f046_d5             =  3.30000e+00
f046_d4             =  5.17402e-297
f046_d3             =  3.30000e+00
f046_d2             =  4.08882e-312
f046_d1             =  4.08882e-312
f046_d0             =  3.30000e+00
f046_complete       =  3.30000e+00
f046_invalid        =  0.00000e+00
f046_timeout        =  0.00000e+00
f046_sampled        =  1.41128e+00
f046_input          =  1.40979e+00
f046_tcomplete      =  2.33755e-05
f047_d7             =  3.30000e+00
f047_d6             =  3.30000e+00
f047_d5             =  3.30000e+00
f047_d4             =  4.08882e-312
f047_d3             =  3.30000e+00
f047_d2             =  4.08882e-312
f047_d1             =  3.30000e+00
f047_d0             =  5.21664e-297
f047_complete       =  3.30000e+00
f047_invalid        =  0.00000e+00
f047_timeout        =  0.00000e+00
f047_sampled        =  1.41474e+00
f047_input          =  1.41481e+00
f047_tcomplete      =  2.38755e-05
f048_d7             =  3.30000e+00
f048_d6             =  5.00222e-297
f048_d5             =  3.30000e+00
f048_d4             =  3.30000e+00
f048_d3             =  3.30000e+00
f048_d2             =  4.08882e-312
f048_d1             =  5.00222e-297
f048_d0             =  3.30000e+00
f048_complete       =  3.30000e+00
f048_invalid        =  0.00000e+00
f048_timeout        =  0.00000e+00
f048_sampled        =  7.79022e-01
f048_input          =  7.77582e-01
f048_tcomplete      =  2.43755e-05
f049_d7             =  5.32223e-297
f049_d6             =  3.30000e+00
f049_d5             =  3.30000e+00
f049_d4             =  5.32223e-297
f049_d3             =  3.30000e+00
f049_d2             =  3.30000e+00
f049_d1             =  3.30000e+00
f049_d0             =  3.30000e+00
f049_complete       =  3.30000e+00
f049_invalid        =  0.00000e+00
f049_timeout        =  0.00000e+00
f049_sampled        =  -2.10879e-01
f049_input          =  -2.12761e-01
f049_tcomplete      =  2.48755e-05
f050_d7             =  4.08882e-312
f050_d6             =  5.31478e-297
f050_d5             =  3.30000e+00
f050_d4             =  4.08882e-312
f050_d3             =  3.30000e+00
f050_d2             =  5.31478e-297
f050_d1             =  3.30000e+00
f050_d0             =  3.30000e+00
f050_complete       =  3.30000e+00
f050_invalid        =  0.00000e+00
f050_timeout        =  0.00000e+00
f050_sampled        =  -1.10331e+00
f050_input          =  -1.10642e+00
f050_tcomplete      =  2.53755e-05
f051_d7             =  4.08882e-312
f051_d6             =  4.08882e-312
f051_d5             =  5.21327e-297
f051_d4             =  4.08882e-312
f051_d3             =  3.30000e+00
f051_d2             =  3.30000e+00
f051_d1             =  3.30000e+00
f051_d0             =  5.21327e-297
f051_complete       =  3.30000e+00
f051_invalid        =  0.00000e+00
f051_timeout        =  0.00000e+00
f051_sampled        =  -1.49912e+00
f051_input          =  -1.49784e+00
f051_tcomplete      =  2.58755e-05
f052_d7             =  4.08882e-312
f052_d6             =  4.08882e-312
f052_d5             =  3.30000e+00
f052_d4             =  4.08882e-312
f052_d3             =  4.49761e-297
f052_d2             =  3.30000e+00
f052_d1             =  4.49761e-297
f052_d0             =  4.08882e-312
f052_complete       =  3.30000e+00
f052_invalid        =  0.00000e+00
f052_timeout        =  0.00000e+00
f052_sampled        =  -1.21050e+00
f052_input          =  -1.20916e+00
f052_tcomplete      =  2.63755e-05
f053_d7             =  4.08882e-312
f053_d6             =  3.30000e+00
f053_d5             =  3.30000e+00
f053_d4             =  4.08882e-312
f053_d3             =  4.08882e-312
f053_d2             =  4.56297e-297
f053_d1             =  3.30000e+00
f053_d0             =  3.30000e+00
f053_complete       =  3.30000e+00
f053_invalid        =  0.00000e+00
f053_timeout        =  0.00000e+00
f053_sampled        =  -3.69119e-01
f053_input          =  -3.71478e-01
f053_tcomplete      =  2.68755e-05
f054_d7             =  3.30000e+00
f054_d6             =  5.33498e-297
f054_d5             =  3.30000e+00
f054_d4             =  4.08882e-312
f054_d3             =  3.30000e+00
f054_d2             =  3.30000e+00
f054_d1             =  3.30000e+00
f054_d0             =  3.30000e+00
f054_complete       =  3.30000e+00
f054_invalid        =  0.00000e+00
f054_timeout        =  0.00000e+00
f054_sampled        =  6.35983e-01
f054_input          =  6.34682e-01
f054_tcomplete      =  2.73755e-05
f055_d7             =  3.30000e+00
f055_d6             =  3.30000e+00
f055_d5             =  3.30000e+00
f055_d4             =  4.08882e-312
f055_d3             =  4.56334e-297
f055_d2             =  3.30000e+00
f055_d1             =  4.56334e-297
f055_d0             =  3.30000e+00
f055_complete       =  3.30000e+00
f055_invalid        =  0.00000e+00
f055_timeout        =  0.00000e+00
f055_sampled        =  1.35527e+00
f055_input          =  1.35276e+00
f055_tcomplete      =  2.78755e-05
f056_d7             =  3.30000e+00
f056_d6             =  3.30000e+00
f056_d5             =  3.30000e+00
f056_d4             =  4.08882e-312
f056_d3             =  3.30000e+00
f056_d2             =  3.30000e+00
f056_d1             =  4.08882e-312
f056_d0             =  3.30000e+00
f056_complete       =  3.30000e+00
f056_invalid        =  0.00000e+00
f056_timeout        =  0.00000e+00
f056_sampled        =  1.45701e+00
f056_input          =  1.45692e+00
f056_tcomplete      =  2.83755e-05
f057_d7             =  3.30000e+00
f057_d6             =  3.30000e+00
f057_d5             =  4.93311e-297
f057_d4             =  4.08882e-312
f057_d3             =  4.93311e-297
f057_d2             =  4.93311e-297
f057_d1             =  3.30000e+00
f057_d0             =  3.30000e+00
f057_complete       =  3.30000e+00
f057_invalid        =  0.00000e+00
f057_timeout        =  0.00000e+00
f057_sampled        =  9.00576e-01
f057_input          =  8.99445e-01
f057_tcomplete      =  2.88755e-05
f058_d7             =  5.18132e-297
f058_d6             =  3.30000e+00
f058_d5             =  3.30000e+00
f058_d4             =  3.30000e+00
f058_d3             =  3.30000e+00
f058_d2             =  4.08882e-312
f058_d1             =  3.30000e+00
f058_d0             =  5.18132e-297
f058_complete       =  3.30000e+00
f058_invalid        =  0.00000e+00
f058_timeout        =  0.00000e+00
f058_sampled        =  -6.82514e-02
f058_input          =  -6.62602e-02
f058_tcomplete      =  2.93755e-05
f059_d7             =  4.08882e-312
f059_d6             =  4.49657e-297
f059_d5             =  3.30000e+00
f059_d4             =  3.30000e+00
f059_d3             =  4.49657e-297
f059_d2             =  4.08882e-312
f059_d1             =  3.30000e+00
f059_d0             =  3.30000e+00
f059_complete       =  3.30000e+00
f059_invalid        =  0.00000e+00
f059_timeout        =  0.00000e+00
f059_sampled        =  -1.00210e+00
f059_input          =  -1.00184e+00
f059_tcomplete      =  2.98755e-05
f060_d7             =  4.08882e-312
f060_d6             =  4.08882e-312
f060_d5             =  5.10182e-297
f060_d4             =  5.10182e-297
f060_d3             =  3.30000e+00
f060_d2             =  3.30000e+00
f060_d1             =  3.30000e+00
f060_d0             =  3.30000e+00
f060_complete       =  3.30000e+00
f060_invalid        =  0.00000e+00
f060_timeout        =  0.00000e+00
f060_sampled        =  -1.48243e+00
f060_input          =  -1.48275e+00
f060_tcomplete      =  3.03755e-05
f061_d7             =  4.08882e-312
f061_d6             =  4.08882e-312
f061_d5             =  4.08882e-312
f061_d4             =  3.30000e+00
f061_d3             =  3.30000e+00
f061_d2             =  3.30000e+00
f061_d1             =  3.30000e+00
f061_d0             =  5.01137e-297
f061_complete       =  3.30000e+00
f061_invalid        =  0.00000e+00
f061_timeout        =  0.00000e+00
f061_sampled        =  -1.28938e+00
f061_input          =  -1.29037e+00
f061_tcomplete      =  3.08755e-05
f062_d7             =  4.08882e-312
f062_d6             =  3.30000e+00
f062_d5             =  4.08882e-312
f062_d4             =  3.30000e+00
f062_d3             =  3.30000e+00
f062_d2             =  4.56524e-297
f062_d1             =  4.56524e-297
f062_d0             =  4.08882e-312
f062_complete       =  3.30000e+00
f062_invalid        =  0.00000e+00
f062_timeout        =  0.00000e+00
f062_sampled        =  -5.12119e-01
f062_input          =  -5.12238e-01
f062_tcomplete      =  3.13755e-05
f063_d7             =  3.30000e+00
f063_d6             =  4.59487e-297
f063_d5             =  3.30000e+00
f063_d4             =  4.59487e-297
f063_d3             =  4.59487e-297
f063_d2             =  3.30000e+00
f063_d1             =  4.08882e-312
f063_d0             =  4.08882e-312
f063_complete       =  3.30000e+00
f063_invalid        =  0.00000e+00
f063_timeout        =  0.00000e+00
f063_sampled        =  4.97757e-01
f063_input          =  4.98445e-01
f063_tcomplete      =  3.18755e-05
f064_d7             =  3.30000e+00
f064_d6             =  3.30000e+00
f064_d5             =  3.30000e+00
f064_d4             =  4.08882e-312
f064_d3             =  4.08882e-312
f064_d2             =  5.04444e-297
f064_d1             =  4.08882e-312
f064_d0             =  4.08882e-312
f064_complete       =  3.30000e+00
f064_invalid        =  0.00000e+00
f064_timeout        =  0.00000e+00
f064_sampled        =  1.28254e+00
f064_input          =  1.28273e+00
f064_tcomplete      =  3.23755e-05
f065_d7             =  3.30000e+00
f065_d6             =  3.30000e+00
f065_d5             =  3.30000e+00
f065_d4             =  4.08882e-312
f065_d3             =  3.30000e+00
f065_d2             =  3.30000e+00
f065_d1             =  3.30000e+00
f065_d0             =  3.30000e+00
f065_complete       =  3.30000e+00
f065_invalid        =  0.00000e+00
f065_timeout        =  0.00000e+00
f065_sampled        =  1.48368e+00
f065_input          =  1.48488e+00
f065_tcomplete      =  3.28755e-05
f066_d7             =  3.30000e+00
f066_d6             =  3.30000e+00
f066_d5             =  4.72769e-297
f066_d4             =  4.08882e-312
f066_d3             =  3.30000e+00
f066_d2             =  3.30000e+00
f066_d1             =  4.72769e-297
f066_d0             =  4.72769e-297
f066_complete       =  3.30000e+00
f066_invalid        =  0.00000e+00
f066_timeout        =  0.00000e+00
f066_sampled        =  1.01378e+00
f066_input          =  1.01277e+00
f066_tcomplete      =  3.33755e-05
f067_d7             =  3.30000e+00
f067_d6             =  5.18148e-297
f067_d5             =  4.08882e-312
f067_d4             =  4.08882e-312
f067_d3             =  5.18148e-297
f067_d2             =  3.30000e+00
f067_d1             =  4.08882e-312
f067_d0             =  3.30000e+00
f067_complete       =  3.30000e+00
f067_invalid        =  0.00000e+00
f067_timeout        =  0.00000e+00
f067_sampled        =  8.12794e-02
f067_input          =  8.09682e-02
f067_tcomplete      =  3.38755e-05
p_f000_cmp7_p0      =  -2.89417e-06
p_f000_cmp7_n0      =  -2.89799e-06
p_f000_cmp7_p5      =  3.30000e+00
p_f000_cmp7_n5      =  -1.78241e-06
p_f000_cmp6_p0      =  -8.24839e-06
p_f000_cmp6_n0      =  -8.25534e-06
p_f000_cmp6_p5      =  3.30000e+00
p_f000_cmp6_n5      =  -2.03183e-06
p_f000_cmp5_p0      =  -2.97845e-06
p_f000_cmp5_n0      =  -2.98313e-06
p_f000_cmp5_p5      =  3.30000e+00
p_f000_cmp5_n5      =  -1.68356e-06
p_f000_cmp4_p0      =  -2.97713e-06
p_f000_cmp4_n0      =  -2.98030e-06
p_f000_cmp4_p5      =  -1.71854e-06
p_f000_cmp4_n5      =  3.30000e+00
p_f000_cmp3_p0      =  -8.19206e-06
p_f000_cmp3_n0      =  -8.21168e-06
p_f000_cmp3_p5      =  -2.03093e-06
p_f000_cmp3_n5      =  3.30000e+00
p_f000_cmp2_p0      =  -8.19217e-06
p_f000_cmp2_n0      =  -8.21028e-06
p_f000_cmp2_p5      =  -2.02901e-06
p_f000_cmp2_n5      =  3.30000e+00
p_f000_cmp1_p0      =  -2.96698e-06
p_f000_cmp1_n0      =  -2.97051e-06
p_f000_cmp1_p5      =  -1.70861e-06
p_f000_cmp1_n5      =  3.30000e+00
p_f000_cmp0_p0      =  -8.23334e-06
p_f000_cmp0_n0      =  -8.24943e-06
p_f000_cmp0_p5      =  -2.02701e-06
p_f000_cmp0_n5      =  3.30000e+00
p_f000_dctrl7_p     =  3.30001e+00
p_f000_dctrl7_n     =  3.47299e-01
p_f000_dctrl6_p     =  3.26648e+00
p_f000_dctrl6_n     =  3.06345e-06
p_f000_dctrl5_p     =  3.29964e+00
p_f000_dctrl5_n     =  -1.63852e-06
p_f000_dctrl4_p     =  -1.17709e-07
p_f000_dctrl4_n     =  3.29999e+00
p_f000_dctrl3_p     =  -2.59603e-08
p_f000_dctrl3_n     =  3.30000e+00
p_f000_dctrl2_p     =  -1.29624e-08
p_f000_dctrl2_n     =  3.30000e+00
p_f000_dctrl1_p     =  -6.27804e-09
p_f000_dctrl1_n     =  3.30000e+00
p_f000_do7_drv_470  =  3.30000e+00
p_f000_do7_rx_470   =  3.30000e+00
p_f000_do6_drv_470  =  3.30000e+00
p_f000_do6_rx_470   =  3.30000e+00
p_f000_do5_drv_470  =  3.30000e+00
p_f000_do5_rx_470   =  3.30000e+00
p_f000_do4_drv_470  =  0.00000e+00
p_f000_do4_rx_470   =  0.00000e+00
p_f000_do3_drv_470  =  0.00000e+00
p_f000_do3_rx_470   =  0.00000e+00
p_f000_do2_drv_470  =  0.00000e+00
p_f000_do2_rx_470   =  0.00000e+00
p_f000_do1_drv_470  =  0.00000e+00
p_f000_do1_rx_470   =  0.00000e+00
p_f000_do0_drv_470  =  0.00000e+00
p_f000_do0_rx_470   =  0.00000e+00
p_f000_do7_drv_480  =  3.30000e+00
p_f000_do7_rx_480   =  3.30000e+00
p_f000_do6_drv_480  =  3.30000e+00
p_f000_do6_rx_480   =  3.30000e+00
p_f000_do5_drv_480  =  3.30000e+00
p_f000_do5_rx_480   =  3.30000e+00
p_f000_do4_drv_480  =  0.00000e+00
p_f000_do4_rx_480   =  0.00000e+00
p_f000_do3_drv_480  =  0.00000e+00
p_f000_do3_rx_480   =  0.00000e+00
p_f000_do2_drv_480  =  0.00000e+00
p_f000_do2_rx_480   =  0.00000e+00
p_f000_do1_drv_480  =  0.00000e+00
p_f000_do1_rx_480   =  0.00000e+00
p_f000_do0_drv_480  =  0.00000e+00
p_f000_do0_rx_480   =  0.00000e+00
p_f001_cmp7_p0      =  -2.99727e-06
p_f001_cmp7_n0      =  -3.00185e-06
p_f001_cmp7_p5      =  3.30000e+00
p_f001_cmp7_n5      =  -1.80827e-06
p_f001_cmp6_p0      =  -8.37256e-06
p_f001_cmp6_n0      =  -8.37807e-06
p_f001_cmp6_p5      =  3.30000e+00
p_f001_cmp6_n5      =  -2.04870e-06
p_f001_cmp5_p0      =  -3.30563e-06
p_f001_cmp5_n0      =  -3.31190e-06
p_f001_cmp5_p5      =  3.30000e+00
p_f001_cmp5_n5      =  -1.71097e-06
p_f001_cmp4_p0      =  -3.06552e-06
p_f001_cmp4_n0      =  -3.06970e-06
p_f001_cmp4_p5      =  -1.71817e-06
p_f001_cmp4_n5      =  3.30000e+00
p_f001_cmp3_p0      =  -8.31880e-06
p_f001_cmp3_n0      =  -8.32880e-06
p_f001_cmp3_p5      =  3.30000e+00
p_f001_cmp3_n5      =  -2.00799e-06
p_f001_cmp2_p0      =  -8.31740e-06
p_f001_cmp2_n0      =  -8.32905e-06
p_f001_cmp2_p5      =  3.30000e+00
p_f001_cmp2_n5      =  -2.00408e-06
p_f001_cmp1_p0      =  -3.10079e-06
p_f001_cmp1_n0      =  -3.10618e-06
p_f001_cmp1_p5      =  3.30000e+00
p_f001_cmp1_n5      =  -1.68979e-06
p_f001_cmp0_p0      =  -8.35667e-06
p_f001_cmp0_n0      =  -8.37027e-06
p_f001_cmp0_p5      =  3.30000e+00
p_f001_cmp0_n5      =  -2.00143e-06
p_f001_dctrl7_p     =  3.30001e+00
p_f001_dctrl7_n     =  3.47463e-01
p_f001_dctrl6_p     =  3.26645e+00
p_f001_dctrl6_n     =  3.43089e-06
p_f001_dctrl5_p     =  3.29964e+00
p_f001_dctrl5_n     =  -1.45702e-06
p_f001_dctrl4_p     =  -1.36919e-07
p_f001_dctrl4_n     =  3.29999e+00
p_f001_dctrl3_p     =  3.30000e+00
p_f001_dctrl3_n     =  -2.46298e-08
p_f001_dctrl2_p     =  3.30000e+00
p_f001_dctrl2_n     =  -1.23832e-08
p_f001_dctrl1_p     =  3.30000e+00
p_f001_dctrl1_n     =  -6.08572e-09
p_f001_do7_drv_470  =  3.30000e+00
p_f001_do7_rx_470   =  3.30000e+00
p_f001_do6_drv_470  =  3.30000e+00
p_f001_do6_rx_470   =  3.30000e+00
p_f001_do5_drv_470  =  3.30000e+00
p_f001_do5_rx_470   =  3.30000e+00
p_f001_do4_drv_470  =  0.00000e+00
p_f001_do4_rx_470   =  0.00000e+00
p_f001_do3_drv_470  =  3.30000e+00
p_f001_do3_rx_470   =  3.30000e+00
p_f001_do2_drv_470  =  3.30000e+00
p_f001_do2_rx_470   =  3.30000e+00
p_f001_do1_drv_470  =  3.30000e+00
p_f001_do1_rx_470   =  3.30000e+00
p_f001_do0_drv_470  =  3.30000e+00
p_f001_do0_rx_470   =  3.30000e+00
p_f001_do7_drv_480  =  3.30000e+00
p_f001_do7_rx_480   =  3.30000e+00
p_f001_do6_drv_480  =  3.30000e+00
p_f001_do6_rx_480   =  3.30000e+00
p_f001_do5_drv_480  =  3.30000e+00
p_f001_do5_rx_480   =  3.30000e+00
p_f001_do4_drv_480  =  0.00000e+00
p_f001_do4_rx_480   =  0.00000e+00
p_f001_do3_drv_480  =  3.30000e+00
p_f001_do3_rx_480   =  3.30000e+00
p_f001_do2_drv_480  =  3.30000e+00
p_f001_do2_rx_480   =  3.30000e+00
p_f001_do1_drv_480  =  3.30000e+00
p_f001_do1_rx_480   =  3.30000e+00
p_f001_do0_drv_480  =  3.30000e+00
p_f001_do0_rx_480   =  3.30000e+00
p_f002_cmp7_p0      =  -2.42044e-06
p_f002_cmp7_n0      =  -2.42195e-06
p_f002_cmp7_p5      =  3.30000e+00
p_f002_cmp7_n5      =  -1.72476e-06
p_f002_cmp6_p0      =  -7.56506e-06
p_f002_cmp6_n0      =  -7.57884e-06
p_f002_cmp6_p5      =  3.30000e+00
p_f002_cmp6_n5      =  -1.97543e-06
p_f002_cmp5_p0      =  -2.42882e-06
p_f002_cmp5_n0      =  -2.42918e-06
p_f002_cmp5_p5      =  -1.66980e-06
p_f002_cmp5_n5      =  3.30000e+00
p_f002_cmp4_p0      =  -2.50441e-06
p_f002_cmp4_n0      =  -2.50485e-06
p_f002_cmp4_p5      =  -1.66470e-06
p_f002_cmp4_n5      =  3.30000e+00
p_f002_cmp3_p0      =  -8.14897e-06
p_f002_cmp3_n0      =  -8.16706e-06
p_f002_cmp3_p5      =  3.30000e+00
p_f002_cmp3_n5      =  -1.93790e-06
p_f002_cmp2_p0      =  -7.91267e-06
p_f002_cmp2_n0      =  -7.93219e-06
p_f002_cmp2_p5      =  -1.95060e-06
p_f002_cmp2_n5      =  3.30000e+00
p_f002_cmp1_p0      =  -2.49639e-06
p_f002_cmp1_n0      =  -2.49849e-06
p_f002_cmp1_p5      =  3.30000e+00
p_f002_cmp1_n5      =  -1.63231e-06
p_f002_cmp0_p0      =  -7.78563e-06
p_f002_cmp0_n0      =  -7.80282e-06
p_f002_cmp0_p5      =  3.30000e+00
p_f002_cmp0_n5      =  -1.93139e-06
p_f002_dctrl7_p     =  3.30001e+00
p_f002_dctrl7_n     =  3.46474e-01
p_f002_dctrl6_p     =  3.26662e+00
p_f002_dctrl6_n     =  2.39119e-06
p_f002_dctrl5_p     =  -1.00144e-06
p_f002_dctrl5_n     =  3.29965e+00
p_f002_dctrl4_p     =  -1.31040e-07
p_f002_dctrl4_n     =  3.29999e+00
p_f002_dctrl3_p     =  3.30000e+00
p_f002_dctrl3_n     =  -2.66891e-08
p_f002_dctrl2_p     =  -1.36223e-08
p_f002_dctrl2_n     =  3.30000e+00
p_f002_dctrl1_p     =  3.30000e+00
p_f002_dctrl1_n     =  -6.05202e-09
p_f002_do7_drv_470  =  3.30000e+00
p_f002_do7_rx_470   =  3.30000e+00
p_f002_do6_drv_470  =  3.30000e+00
p_f002_do6_rx_470   =  3.30000e+00
p_f002_do5_drv_470  =  0.00000e+00
p_f002_do5_rx_470   =  1.34566e-268
p_f002_do4_drv_470  =  0.00000e+00
p_f002_do4_rx_470   =  0.00000e+00
p_f002_do3_drv_470  =  3.30000e+00
p_f002_do3_rx_470   =  3.30000e+00
p_f002_do2_drv_470  =  0.00000e+00
p_f002_do2_rx_470   =  1.34566e-268
p_f002_do1_drv_470  =  3.30000e+00
p_f002_do1_rx_470   =  3.30000e+00
p_f002_do0_drv_470  =  3.30000e+00
p_f002_do0_rx_470   =  3.30000e+00
p_f002_do7_drv_480  =  3.30000e+00
p_f002_do7_rx_480   =  3.30000e+00
p_f002_do6_drv_480  =  3.30000e+00
p_f002_do6_rx_480   =  3.30000e+00
p_f002_do5_drv_480  =  0.00000e+00
p_f002_do5_rx_480   =  4.72443e-297
p_f002_do4_drv_480  =  0.00000e+00
p_f002_do4_rx_480   =  0.00000e+00
p_f002_do3_drv_480  =  3.30000e+00
p_f002_do3_rx_480   =  3.30000e+00
p_f002_do2_drv_480  =  0.00000e+00
p_f002_do2_rx_480   =  4.72443e-297
p_f002_do1_drv_480  =  3.30000e+00
p_f002_do1_rx_480   =  3.30000e+00
p_f002_do0_drv_480  =  3.30000e+00
p_f002_do0_rx_480   =  3.30000e+00
p_f003_cmp7_p0      =  -2.81870e-06
p_f003_cmp7_n0      =  -2.82246e-06
p_f003_cmp7_p5      =  3.30000e+00
p_f003_cmp7_n5      =  -1.77549e-06
p_f003_cmp6_p0      =  -8.44543e-06
p_f003_cmp6_n0      =  -8.46936e-06
p_f003_cmp6_p5      =  -2.09751e-06
p_f003_cmp6_n5      =  3.30000e+00
p_f003_cmp5_p0      =  -3.14632e-06
p_f003_cmp5_n0      =  -3.15055e-06
p_f003_cmp5_p5      =  -1.73866e-06
p_f003_cmp5_n5      =  3.30000e+00
p_f003_cmp4_p0      =  -3.13125e-06
p_f003_cmp4_n0      =  -3.13510e-06
p_f003_cmp4_p5      =  -1.73389e-06
p_f003_cmp4_n5      =  3.30000e+00
p_f003_cmp3_p0      =  -8.39591e-06
p_f003_cmp3_n0      =  -8.41221e-06
p_f003_cmp3_p5      =  -2.04783e-06
p_f003_cmp3_n5      =  3.30000e+00
p_f003_cmp2_p0      =  -7.99945e-06
p_f003_cmp2_n0      =  -8.00891e-06
p_f003_cmp2_p5      =  3.30000e+00
p_f003_cmp2_n5      =  -2.01789e-06
p_f003_cmp1_p0      =  -3.12349e-06
p_f003_cmp1_n0      =  -3.12799e-06
p_f003_cmp1_p5      =  -1.72198e-06
p_f003_cmp1_n5      =  3.30000e+00
p_f003_cmp0_p0      =  -8.43819e-06
p_f003_cmp0_n0      =  -8.45151e-06
p_f003_cmp0_p5      =  3.30000e+00
p_f003_cmp0_n5      =  -2.00719e-06
p_f003_dctrl7_p     =  3.30001e+00
p_f003_dctrl7_n     =  3.47568e-01
p_f003_dctrl6_p     =  3.11371e-05
p_f003_dctrl6_n     =  3.26641e+00
p_f003_dctrl5_p     =  -1.09915e-06
p_f003_dctrl5_n     =  3.29964e+00
p_f003_dctrl4_p     =  -1.21326e-07
p_f003_dctrl4_n     =  3.29999e+00
p_f003_dctrl3_p     =  -2.79680e-08
p_f003_dctrl3_n     =  3.30000e+00
p_f003_dctrl2_p     =  3.30000e+00
p_f003_dctrl2_n     =  -1.33333e-08
p_f003_dctrl1_p     =  -6.35790e-09
p_f003_dctrl1_n     =  3.30000e+00
p_f003_do7_drv_470  =  3.30000e+00
p_f003_do7_rx_470   =  3.30000e+00
p_f003_do6_drv_470  =  0.00000e+00
p_f003_do6_rx_470   =  1.47197e-268
p_f003_do5_drv_470  =  0.00000e+00
p_f003_do5_rx_470   =  4.08882e-312
p_f003_do4_drv_470  =  0.00000e+00
p_f003_do4_rx_470   =  0.00000e+00
p_f003_do3_drv_470  =  0.00000e+00
p_f003_do3_rx_470   =  1.47197e-268
p_f003_do2_drv_470  =  3.30000e+00
p_f003_do2_rx_470   =  3.30000e+00
p_f003_do1_drv_470  =  0.00000e+00
p_f003_do1_rx_470   =  1.47197e-268
p_f003_do0_drv_470  =  3.30000e+00
p_f003_do0_rx_470   =  3.30000e+00
p_f003_do7_drv_480  =  3.30000e+00
p_f003_do7_rx_480   =  3.30000e+00
p_f003_do6_drv_480  =  0.00000e+00
p_f003_do6_rx_480   =  5.16792e-297
p_f003_do5_drv_480  =  0.00000e+00
p_f003_do5_rx_480   =  4.08882e-312
p_f003_do4_drv_480  =  0.00000e+00
p_f003_do4_rx_480   =  0.00000e+00
p_f003_do3_drv_480  =  0.00000e+00
p_f003_do3_rx_480   =  5.16792e-297
p_f003_do2_drv_480  =  3.30000e+00
p_f003_do2_rx_480   =  3.30000e+00
p_f003_do1_drv_480  =  0.00000e+00
p_f003_do1_rx_480   =  5.16792e-297
p_f003_do0_drv_480  =  3.30000e+00
p_f003_do0_rx_480   =  3.30000e+00
p_f064_cmp7_p0      =  -3.01979e-06
p_f064_cmp7_n0      =  -3.02428e-06
p_f064_cmp7_p5      =  3.30000e+00
p_f064_cmp7_n5      =  -1.79610e-06
p_f064_cmp6_p0      =  -8.41061e-06
p_f064_cmp6_n0      =  -8.41610e-06
p_f064_cmp6_p5      =  3.30000e+00
p_f064_cmp6_n5      =  -2.04731e-06
p_f064_cmp5_p0      =  -2.88515e-06
p_f064_cmp5_n0      =  -2.88930e-06
p_f064_cmp5_p5      =  3.30000e+00
p_f064_cmp5_n5      =  -1.67019e-06
p_f064_cmp4_p0      =  -3.10166e-06
p_f064_cmp4_n0      =  -3.10554e-06
p_f064_cmp4_p5      =  -1.73167e-06
p_f064_cmp4_n5      =  3.30000e+00
p_f064_cmp3_p0      =  -8.02941e-06
p_f064_cmp3_n0      =  -8.04935e-06
p_f064_cmp3_p5      =  -2.01615e-06
p_f064_cmp3_n5      =  3.30000e+00
p_f064_cmp2_p0      =  -8.35499e-06
p_f064_cmp2_n0      =  -8.37281e-06
p_f064_cmp2_p5      =  -2.04505e-06
p_f064_cmp2_n5      =  3.30000e+00
p_f064_cmp1_p0      =  -2.93565e-06
p_f064_cmp1_n0      =  -2.93900e-06
p_f064_cmp1_p5      =  -1.70513e-06
p_f064_cmp1_n5      =  3.30000e+00
p_f064_cmp0_p0      =  -8.02943e-06
p_f064_cmp0_n0      =  -8.04637e-06
p_f064_cmp0_p5      =  -2.00713e-06
p_f064_cmp0_n5      =  3.30000e+00
p_f064_dctrl7_p     =  3.30001e+00
p_f064_dctrl7_n     =  3.47299e-01
p_f064_dctrl6_p     =  3.26645e+00
p_f064_dctrl6_n     =  3.06038e-06
p_f064_dctrl5_p     =  3.29964e+00
p_f064_dctrl5_n     =  -1.63807e-06
p_f064_dctrl4_p     =  -1.17502e-07
p_f064_dctrl4_n     =  3.29999e+00
p_f064_dctrl3_p     =  -2.58591e-08
p_f064_dctrl3_n     =  3.30000e+00
p_f064_dctrl2_p     =  -1.29820e-08
p_f064_dctrl2_n     =  3.30000e+00
p_f064_dctrl1_p     =  -6.29896e-09
p_f064_dctrl1_n     =  3.30000e+00
p_f064_do7_drv_470  =  3.30000e+00
p_f064_do7_rx_470   =  3.30000e+00
p_f064_do6_drv_470  =  3.30000e+00
p_f064_do6_rx_470   =  3.30000e+00
p_f064_do5_drv_470  =  3.30000e+00
p_f064_do5_rx_470   =  3.30000e+00
p_f064_do4_drv_470  =  0.00000e+00
p_f064_do4_rx_470   =  4.08882e-312
p_f064_do3_drv_470  =  0.00000e+00
p_f064_do3_rx_470   =  4.08882e-312
p_f064_do2_drv_470  =  0.00000e+00
p_f064_do2_rx_470   =  1.43680e-268
p_f064_do1_drv_470  =  0.00000e+00
p_f064_do1_rx_470   =  4.08882e-312
p_f064_do0_drv_470  =  0.00000e+00
p_f064_do0_rx_470   =  4.08882e-312
p_f064_do7_drv_480  =  3.30000e+00
p_f064_do7_rx_480   =  3.30000e+00
p_f064_do6_drv_480  =  3.30000e+00
p_f064_do6_rx_480   =  3.30000e+00
p_f064_do5_drv_480  =  3.30000e+00
p_f064_do5_rx_480   =  3.30000e+00
p_f064_do4_drv_480  =  0.00000e+00
p_f064_do4_rx_480   =  4.08882e-312
p_f064_do3_drv_480  =  0.00000e+00
p_f064_do3_rx_480   =  4.08882e-312
p_f064_do2_drv_480  =  0.00000e+00
p_f064_do2_rx_480   =  5.04444e-297
p_f064_do1_drv_480  =  0.00000e+00
p_f064_do1_rx_480   =  4.08882e-312
p_f064_do0_drv_480  =  0.00000e+00
p_f064_do0_rx_480   =  4.08882e-312
p_f065_cmp7_p0      =  -3.12208e-06
p_f065_cmp7_n0      =  -3.12732e-06
p_f065_cmp7_p5      =  3.30000e+00
p_f065_cmp7_n5      =  -1.82205e-06
p_f065_cmp6_p0      =  -8.53457e-06
p_f065_cmp6_n0      =  -8.53858e-06
p_f065_cmp6_p5      =  3.30000e+00
p_f065_cmp6_n5      =  -2.06466e-06
p_f065_cmp5_p0      =  -3.17957e-06
p_f065_cmp5_n0      =  -3.18524e-06
p_f065_cmp5_p5      =  3.30000e+00
p_f065_cmp5_n5      =  -1.70091e-06
p_f065_cmp4_p0      =  -3.19045e-06
p_f065_cmp4_n0      =  -3.19532e-06
p_f065_cmp4_p5      =  -1.73086e-06
p_f065_cmp4_n5      =  3.30000e+00
p_f065_cmp3_p0      =  -8.15569e-06
p_f065_cmp3_n0      =  -8.16684e-06
p_f065_cmp3_p5      =  3.30000e+00
p_f065_cmp3_n5      =  -1.99318e-06
p_f065_cmp2_p0      =  -8.48058e-06
p_f065_cmp2_n0      =  -8.49117e-06
p_f065_cmp2_p5      =  3.30000e+00
p_f065_cmp2_n5      =  -2.01862e-06
p_f065_cmp1_p0      =  -3.12406e-06
p_f065_cmp1_n0      =  -3.12947e-06
p_f065_cmp1_p5      =  3.30000e+00
p_f065_cmp1_n5      =  -1.68870e-06
p_f065_cmp0_p0      =  -8.15272e-06
p_f065_cmp0_n0      =  -8.16724e-06
p_f065_cmp0_p5      =  3.30000e+00
p_f065_cmp0_n5      =  -2.01769e-06
p_f065_dctrl7_p     =  3.30001e+00
p_f065_dctrl7_n     =  3.47463e-01
p_f065_dctrl6_p     =  3.26642e+00
p_f065_dctrl6_n     =  3.43410e-06
p_f065_dctrl5_p     =  3.29964e+00
p_f065_dctrl5_n     =  -1.45961e-06
p_f065_dctrl4_p     =  -1.37076e-07
p_f065_dctrl4_n     =  3.29999e+00
p_f065_dctrl3_p     =  3.30000e+00
p_f065_dctrl3_n     =  -2.45803e-08
p_f065_dctrl2_p     =  3.30000e+00
p_f065_dctrl2_n     =  -1.23398e-08
p_f065_dctrl1_p     =  3.30000e+00
p_f065_dctrl1_n     =  -6.12182e-09
p_f065_do7_drv_470  =  3.30000e+00
p_f065_do7_rx_470   =  3.30000e+00
p_f065_do6_drv_470  =  3.30000e+00
p_f065_do6_rx_470   =  3.30000e+00
p_f065_do5_drv_470  =  3.30000e+00
p_f065_do5_rx_470   =  3.30000e+00
p_f065_do4_drv_470  =  0.00000e+00
p_f065_do4_rx_470   =  4.08882e-312
p_f065_do3_drv_470  =  3.30000e+00
p_f065_do3_rx_470   =  3.30000e+00
p_f065_do2_drv_470  =  3.30000e+00
p_f065_do2_rx_470   =  3.30000e+00
p_f065_do1_drv_470  =  3.30000e+00
p_f065_do1_rx_470   =  3.30000e+00
p_f065_do0_drv_470  =  3.30000e+00
p_f065_do0_rx_470   =  3.30000e+00
p_f065_do7_drv_480  =  3.30000e+00
p_f065_do7_rx_480   =  3.30000e+00
p_f065_do6_drv_480  =  3.30000e+00
p_f065_do6_rx_480   =  3.30000e+00
p_f065_do5_drv_480  =  3.30000e+00
p_f065_do5_rx_480   =  3.30000e+00
p_f065_do4_drv_480  =  0.00000e+00
p_f065_do4_rx_480   =  4.08882e-312
p_f065_do3_drv_480  =  3.30000e+00
p_f065_do3_rx_480   =  3.30000e+00
p_f065_do2_drv_480  =  3.30000e+00
p_f065_do2_rx_480   =  3.30000e+00
p_f065_do1_drv_480  =  3.30000e+00
p_f065_do1_rx_480   =  3.30000e+00
p_f065_do0_drv_480  =  3.30000e+00
p_f065_do0_rx_480   =  3.30000e+00
p_f066_cmp7_p0      =  -2.54597e-06
p_f066_cmp7_n0      =  -2.54816e-06
p_f066_cmp7_p5      =  3.30000e+00
p_f066_cmp7_n5      =  -1.73820e-06
p_f066_cmp6_p0      =  -7.58537e-06
p_f066_cmp6_n0      =  -7.59680e-06
p_f066_cmp6_p5      =  3.30000e+00
p_f066_cmp6_n5      =  -1.99420e-06
p_f066_cmp5_p0      =  -2.54257e-06
p_f066_cmp5_n0      =  -2.54314e-06
p_f066_cmp5_p5      =  -1.67274e-06
p_f066_cmp5_n5      =  3.30000e+00
p_f066_cmp4_p0      =  -2.62940e-06
p_f066_cmp4_n0      =  -2.63050e-06
p_f066_cmp4_p5      =  -1.67729e-06
p_f066_cmp4_n5      =  3.30000e+00
p_f066_cmp3_p0      =  -7.60869e-06
p_f066_cmp3_n0      =  -7.62621e-06
p_f066_cmp3_p5      =  3.30000e+00
p_f066_cmp3_n5      =  -1.91424e-06
p_f066_cmp2_p0      =  -7.74475e-06
p_f066_cmp2_n0      =  -7.76184e-06
p_f066_cmp2_p5      =  3.30000e+00
p_f066_cmp2_n5      =  -1.93251e-06
p_f066_cmp1_p0      =  -2.46557e-06
p_f066_cmp1_n0      =  -2.46632e-06
p_f066_cmp1_p5      =  -1.65818e-06
p_f066_cmp1_n5      =  3.30000e+00
p_f066_cmp0_p0      =  -7.41769e-06
p_f066_cmp0_n0      =  -7.43752e-06
p_f066_cmp0_p5      =  -1.95246e-06
p_f066_cmp0_n5      =  3.30000e+00
p_f066_dctrl7_p     =  3.30001e+00
p_f066_dctrl7_n     =  3.46474e-01
p_f066_dctrl6_p     =  3.26660e+00
p_f066_dctrl6_n     =  2.38322e-06
p_f066_dctrl5_p     =  -9.99993e-07
p_f066_dctrl5_n     =  3.29965e+00
p_f066_dctrl4_p     =  -1.31029e-07
p_f066_dctrl4_n     =  3.29999e+00
p_f066_dctrl3_p     =  3.30000e+00
p_f066_dctrl3_n     =  -2.65868e-08
p_f066_dctrl2_p     =  3.30000e+00
p_f066_dctrl2_n     =  -1.34385e-08
p_f066_dctrl1_p     =  -6.19476e-09
p_f066_dctrl1_n     =  3.30000e+00
p_f066_do7_drv_470  =  3.30000e+00
p_f066_do7_rx_470   =  3.30000e+00
p_f066_do6_drv_470  =  3.30000e+00
p_f066_do6_rx_470   =  3.30000e+00
p_f066_do5_drv_470  =  0.00000e+00
p_f066_do5_rx_470   =  1.34658e-268
p_f066_do4_drv_470  =  0.00000e+00
p_f066_do4_rx_470   =  4.08882e-312
p_f066_do3_drv_470  =  3.30000e+00
p_f066_do3_rx_470   =  3.30000e+00
p_f066_do2_drv_470  =  3.30000e+00
p_f066_do2_rx_470   =  3.30000e+00
p_f066_do1_drv_470  =  0.00000e+00
p_f066_do1_rx_470   =  1.34658e-268
p_f066_do0_drv_470  =  0.00000e+00
p_f066_do0_rx_470   =  1.34658e-268
p_f066_do7_drv_480  =  3.30000e+00
p_f066_do7_rx_480   =  3.30000e+00
p_f066_do6_drv_480  =  3.30000e+00
p_f066_do6_rx_480   =  3.30000e+00
p_f066_do5_drv_480  =  0.00000e+00
p_f066_do5_rx_480   =  4.72769e-297
p_f066_do4_drv_480  =  0.00000e+00
p_f066_do4_rx_480   =  4.08882e-312
p_f066_do3_drv_480  =  3.30000e+00
p_f066_do3_rx_480   =  3.30000e+00
p_f066_do2_drv_480  =  3.30000e+00
p_f066_do2_rx_480   =  3.30000e+00
p_f066_do1_drv_480  =  0.00000e+00
p_f066_do1_rx_480   =  4.72769e-297
p_f066_do0_drv_480  =  0.00000e+00
p_f066_do0_rx_480   =  4.72769e-297
p_f067_cmp7_p0      =  -3.35294e-06
p_f067_cmp7_n0      =  -3.35885e-06
p_f067_cmp7_p5      =  3.30000e+00
p_f067_cmp7_n5      =  -1.80223e-06
p_f067_cmp6_p0      =  -8.60647e-06
p_f067_cmp6_n0      =  -8.63052e-06
p_f067_cmp6_p5      =  -2.11416e-06
p_f067_cmp6_n5      =  3.30000e+00
p_f067_cmp5_p0      =  -3.05372e-06
p_f067_cmp5_n0      =  -3.05743e-06
p_f067_cmp5_p5      =  -1.72950e-06
p_f067_cmp5_n5      =  3.30000e+00
p_f067_cmp4_p0      =  -3.25601e-06
p_f067_cmp4_n0      =  -3.26055e-06
p_f067_cmp4_p5      =  -1.74694e-06
p_f067_cmp4_n5      =  3.30000e+00
p_f067_cmp3_p0      =  -8.23303e-06
p_f067_cmp3_n0      =  -8.24998e-06
p_f067_cmp3_p5      =  -2.03219e-06
p_f067_cmp3_n5      =  3.30000e+00
p_f067_cmp2_p0      =  -8.55882e-06
p_f067_cmp2_n0      =  -8.57068e-06
p_f067_cmp2_p5      =  3.30000e+00
p_f067_cmp2_n5      =  -2.02428e-06
p_f067_cmp1_p0      =  -3.09193e-06
p_f067_cmp1_n0      =  -3.09673e-06
p_f067_cmp1_p5      =  -1.71583e-06
p_f067_cmp1_n5      =  3.30000e+00
p_f067_cmp0_p0      =  -8.23441e-06
p_f067_cmp0_n0      =  -8.24842e-06
p_f067_cmp0_p5      =  3.30000e+00
p_f067_cmp0_n5      =  -1.99079e-06
p_f067_dctrl7_p     =  3.30001e+00
p_f067_dctrl7_n     =  3.47568e-01
p_f067_dctrl6_p     =  3.11720e-05
p_f067_dctrl6_n     =  3.26638e+00
p_f067_dctrl5_p     =  -1.09877e-06
p_f067_dctrl5_n     =  3.29964e+00
p_f067_dctrl4_p     =  -1.21313e-07
p_f067_dctrl4_n     =  3.29999e+00
p_f067_dctrl3_p     =  -2.78697e-08
p_f067_dctrl3_n     =  3.30000e+00
p_f067_dctrl2_p     =  3.30000e+00
p_f067_dctrl2_n     =  -1.31984e-08
p_f067_dctrl1_p     =  -6.38792e-09
p_f067_dctrl1_n     =  3.30000e+00
p_f067_do7_drv_470  =  3.30000e+00
p_f067_do7_rx_470   =  3.30000e+00
p_f067_do6_drv_470  =  0.00000e+00
p_f067_do6_rx_470   =  1.47584e-268
p_f067_do5_drv_470  =  0.00000e+00
p_f067_do5_rx_470   =  4.08882e-312
p_f067_do4_drv_470  =  0.00000e+00
p_f067_do4_rx_470   =  4.08882e-312
p_f067_do3_drv_470  =  0.00000e+00
p_f067_do3_rx_470   =  1.47584e-268
p_f067_do2_drv_470  =  3.30000e+00
p_f067_do2_rx_470   =  3.30000e+00
p_f067_do1_drv_470  =  0.00000e+00
p_f067_do1_rx_470   =  4.08882e-312
p_f067_do0_drv_470  =  3.30000e+00
p_f067_do0_rx_470   =  3.30000e+00
p_f067_do7_drv_480  =  3.30000e+00
p_f067_do7_rx_480   =  3.30000e+00
p_f067_do6_drv_480  =  0.00000e+00
p_f067_do6_rx_480   =  5.18148e-297
p_f067_do5_drv_480  =  0.00000e+00
p_f067_do5_rx_480   =  4.08882e-312
p_f067_do4_drv_480  =  0.00000e+00
p_f067_do4_rx_480   =  4.08882e-312
p_f067_do3_drv_480  =  0.00000e+00
p_f067_do3_rx_480   =  5.18148e-297
p_f067_do2_drv_480  =  3.30000e+00
p_f067_do2_rx_480   =  3.30000e+00
p_f067_do1_drv_480  =  0.00000e+00
p_f067_do1_rx_480   =  4.08882e-312
p_f067_do0_drv_480  =  3.30000e+00
p_f067_do0_rx_480   =  3.30000e+00
ngspice-46 done
