
Note: Compatibility modes selected: hs a

Warning: m=xx on .subckt line will override multiplier m hierarchy!


Circuit: * a44 actual analog core with fixed tt timed behavioral sar control.

Reducing trtol to 1 for xspice 'A' devices
Doing analysis at TEMP = 27.000000 and TNOM = 27.000000

Using SPARSE 1.3 as Direct Linear Solver

Initial Transient Solution
--------------------------

Node                                   Voltage
----                                   -------
vdd                                        3.3
vrefp_src                                  2.5
vrefp                                      2.5
vrefp_cap                                  2.5
vrefn_src                                  0.8
vrefn                                      0.8
vrefn_cap                                  0.8
vinp_src                               2.29141
vinn_src                               1.00859
vinp                                   2.29141
vinn                                   1.00859
clks_src                                     0
clks                                         0
cmp_noise                          0.000580751
xcore.xcdacp.vbot1                         2.5
dctrlp1                                      0
xcore.vresp_raw                    0.000570325
xcore.xcdacp.vbot2                         2.5
dctrlp2                                      0
xcore.xcdacp.vbot3                         2.5
dctrlp3                                      0
xcore.xcdacp.vbot4                         2.5
dctrlp4                                      0
xcore.xcdacp.vbot5                         2.5
dctrlp5                                      0
xcore.xcdacp.vbot6                         2.5
dctrlp6                                      0
xcore.xcdacp.vbot7                         2.5
dctrlp7                                      0
xcore.xcdacp.x1.clksb                      3.3
xcore.xcdacp.x1.net2               1.35178e-10
xcore.xcdacp.x1.net1                       3.3
xcore.xcdacp.x1.bottom_gate        6.17643e-09
xcore.xcdacp.x1.net4               3.08538e-09
xcore.xcdacp.x1.net3                       3.3
xcore.xcdacn.vbot1                         2.5
dctrln1                                      0
xcore.vresn_raw                    0.000593549
xcore.xcdacn.vbot2                         2.5
dctrln2                                      0
xcore.xcdacn.vbot3                         2.5
dctrln3                                      0
xcore.xcdacn.vbot4                         2.5
dctrln4                                      0
xcore.xcdacn.vbot5                         2.5
dctrln5                                      0
xcore.xcdacn.vbot6                         2.5
dctrln6                                      0
xcore.xcdacn.vbot7                         2.5
dctrln7                                      0
xcore.xcdacn.x1.clksb                      3.3
xcore.xcdacn.x1.net2               1.32628e-10
xcore.xcdacn.x1.net1                       3.3
xcore.xcdacn.x1.bottom_gate        6.14034e-09
xcore.xcdacn.x1.net4               3.06262e-09
xcore.xcdacn.x1.net3                       3.3
vresp                                0.0008607
vresn                              0.000303174
xcore.xcmp.net1                      0.0257574
cmpck                                        0
xcore.xcmp.xp                              3.3
xcore.xcmp.xn                              3.3
xcore.xcmp.ln                              3.3
xcore.xcmp.lp                              3.3
dcmpn                              3.66371e-09
dcmpp                              3.67032e-09
sampled_diff                       0.000557526
input_diff                             1.28282
cmpck_drv                                    0
dctrlp7_drv                                  0
dctrlp6_drv                                  0
dctrlp5_drv                                  0
dctrlp4_drv                                  0
dctrlp3_drv                                  0
dctrlp2_drv                                  0
dctrlp1_drv                                  0
dctrln7_drv                                  0
dctrln6_drv                                  0
dctrln5_drv                                  0
dctrln4_drv                                  0
dctrln3_drv                                  0
dctrln2_drv                                  0
dctrln1_drv                                  0
dout7_drv                                    0
dout6_drv                                    0
dout5_drv                                    0
dout4_drv                                    0
dout3_drv                                    0
dout2_drv                                    0
dout1_drv                                    0
dout0_drv                                    0
eoc                                          0
invalid0                                     0
timeout0                                     0
complete                                     0
dout7_rx                                     0
dout6_rx                                     0
dout5_rx                                     0
dout4_rx                                     0
dout3_rx                                     0
dout2_rx                                     0
dout1_rx                                     0
dout0_rx                                     0
e_input_diff#branch               -1.28282e-10
e_sample_diff#branch              -5.57526e-14
e.xcore.e_cmp_noise_n#branch      -3.03174e-14
e.xcore.e_cmp_noise_p#branch        -8.607e-14
vcmp_noise#branch                 -5.80751e-14
vclks_id#branch                              0
vvinn_id#branch                   -4.15717e-10
vvinp_id#branch                   -9.44318e-10
vvrefn_id#branch                  -1.76652e-09
vvrefp_id#branch                  -1.52072e-08
vvdd#branch                       -1.77545e-08
a_status#branch_1_0                          0
a_status#branch_1_1                          0
a_status#branch_1_2                          0
a_status#branch_1_3                          0
a_dout#branch_1_0                            0
a_dout#branch_1_1                            0
a_dout#branch_1_2                            0
a_dout#branch_1_3                            0
a_dout#branch_1_4                            0
a_dout#branch_1_5                            0
a_dout#branch_1_6                            0
a_dout#branch_1_7                            0
a_dctrln#branch_1_0                          0
a_dctrln#branch_1_1                          0
a_dctrln#branch_1_2                          0
a_dctrln#branch_1_3                          0
a_dctrln#branch_1_4                          0
a_dctrln#branch_1_5                          0
a_dctrln#branch_1_6                          0
a_dctrlp#branch_1_0                          0
a_dctrlp#branch_1_1                          0
a_dctrlp#branch_1_2                          0
a_dctrlp#branch_1_3                          0
a_dctrlp#branch_1_4                          0
a_dctrlp#branch_1_5                          0
a_dctrlp#branch_1_6                          0
a_cmpck#branch_1_0                           0


Instance: abeh   Message: WARNING: output scheduled with impossible delay (-4.01e-12) at 5.01e-12/0.

Instance: abeh   Message: XSPICE time is behind vtime:
XSPICE 2.00517844287734e-07
Cosim  2.00546e-07

Instance: abeh   Message: XSPICE time is behind vtime:
XSPICE 7.005206677035055e-07
Cosim  7.00554e-07

Instance: abeh   Message: XSPICE time is behind vtime:
XSPICE 1.200540250432652e-06
Cosim  1.200554e-06

Instance: abeh   Message: XSPICE time is behind vtime:
XSPICE 2.200539400145824e-06
Cosim  2.200548e-06

Instance: abeh   Message: XSPICE time is behind vtime:
XSPICE 2.70052349521026e-06
Cosim  2.700557e-06

Instance: abeh   Message: XSPICE time is behind vtime:
XSPICE 3.200505661058551e-06
Cosim  3.200539e-06

Instance: abeh   Message: XSPICE time is behind vtime:
XSPICE 4.70053324716449e-06
Cosim  4.700557e-06

Instance: abeh   Message: XSPICE time is behind vtime:
XSPICE 5.20051766770869e-06
Cosim  5.200551e-06

Instance: abeh   Message: XSPICE time is behind vtime:
XSPICE 5.700533725008638e-06
Cosim  5.700553e-06

Instance: abeh   Message: XSPICE time is behind vtime:
XSPICE 7.20052049520518e-06
Cosim  7.200554e-06

Instance: abeh   Message: XSPICE time is behind vtime:
XSPICE 7.700519495208094e-06
Cosim  7.700553e-06

Instance: abeh   Message: XSPICE time is behind vtime:
XSPICE 9.200534251096094e-06
Cosim  9.200552999999999e-06

Instance: abeh   Message: XSPICE time is behind vtime:
XSPICE 9.700517667708652e-06
Cosim  9.700550999999999e-06

Instance: abeh   Message: XSPICE time is behind vtime:
XSPICE 1.020050677219814e-05
Cosim  1.0200531e-05

Instance: abeh   Message: XSPICE time is behind vtime:
XSPICE 1.170050899298503e-05
Cosim  1.1700542e-05

Instance: abeh   Message: XSPICE time is behind vtime:
XSPICE 1.220049649521153e-05
Cosim  1.220053e-05

Instance: abeh   Message: XSPICE time is behind vtime:
XSPICE 1.270053677798557e-05
Cosim  1.2700546e-05

Instance: abeh   Message: XSPICE time is behind vtime:
XSPICE 1.370051783363743e-05
Cosim  1.3700531e-05

Instance: abeh   Message: XSPICE time is behind vtime:
XSPICE 1.42005206677036e-05
Cosim  1.4200554e-05

Instance: abeh   Message: XSPICE time is behind vtime:
XSPICE 1.470051843732882e-05
Cosim  1.4700547e-05

Instance: abeh   Message: XSPICE time is behind vtime:
XSPICE 1.620051766994132e-05
Cosim  1.6200547e-05

Instance: abeh   Message: XSPICE time is behind vtime:
XSPICE 1.670051749522005e-05
Cosim  1.6700551e-05

Instance: abeh   Message: XSPICE time is behind vtime:
XSPICE 1.720051783315716e-05
Cosim  1.7200533e-05

Instance: abeh   Message: XSPICE time is behind vtime:
XSPICE 1.820054092730244e-05
Cosim  1.8200548e-05

Instance: abeh   Message: XSPICE time is behind vtime:
XSPICE 1.870049666769611e-05
Cosim  1.870053e-05

Instance: abeh   Message: XSPICE time is behind vtime:
XSPICE 1.920050277192538e-05
Cosim  1.9200535e-05

Instance: abeh   Message: XSPICE time is behind vtime:
XSPICE 2.07005289892396e-05
Cosim  2.0700554e-05

Instance: abeh   Message: XSPICE time is behind vtime:
XSPICE 2.120051649522012e-05
Cosim  2.120055e-05

Instance: abeh   Message: XSPICE time is behind vtime:
XSPICE 2.17005323997669e-05
Cosim  2.1700553e-05

Instance: abeh   Message: XSPICE time is behind vtime:
XSPICE 2.320052066768633e-05
Cosim  2.3200554e-05

Instance: abeh   Message: XSPICE time is behind vtime:
XSPICE 2.370051966768766e-05
Cosim  2.3700553e-05

Instance: abeh   Message: XSPICE time is behind vtime:
XSPICE 2.520053292105761e-05
Cosim  2.5200553e-05

Instance: abeh   Message: XSPICE time is behind vtime:
XSPICE 2.570051649522253e-05
Cosim  2.570055e-05

Instance: abeh   Message: XSPICE time is behind vtime:
XSPICE 2.62005315300096e-05
Cosim  2.6200557e-05

Instance: abeh   Message: XSPICE time is behind vtime:
XSPICE 2.770050610885755e-05
Cosim  2.7700538e-05

Instance: abeh   Message: XSPICE time is behind vtime:
XSPICE 2.820052366769523e-05
Cosim  2.8200557e-05

Instance: abeh   Message: XSPICE time is behind vtime:
XSPICE 2.87005392907663e-05
Cosim  2.8700547e-05

Instance: abeh   Message: XSPICE time is behind vtime:
XSPICE 2.97005424066809e-05
Cosim  2.9700557e-05

Instance: abeh   Message: XSPICE time is behind vtime:
XSPICE 3.020051849521899e-05
Cosim  3.0200552e-05

Instance: abeh   Message: XSPICE time is behind vtime:
XSPICE 3.070051727122518e-05
Cosim  3.0700547e-05

Instance: abeh   Message: XSPICE time is behind vtime:
XSPICE 3.220051784536392e-05
Cosim  3.2200546e-05

Instance: abeh   Message: XSPICE time is behind vtime:
XSPICE 3.270052066770107e-05
Cosim  3.2700554e-05

Instance: abeh   Message: XSPICE time is behind vtime:
XSPICE 3.320054024865481e-05
Cosim  3.3200554e-05

No. of Data Rows : 735321
f000_d7             =  3.30000e+00
f000_d6             =  3.30000e+00
f000_d5             =  3.30000e+00
f000_d4             =  0.00000e+00
f000_d3             =  0.00000e+00
f000_d2             =  0.00000e+00
f000_d1             =  3.30000e+00
f000_d0             =  0.00000e+00
f000_complete       =  3.30000e+00
f000_invalid        =  0.00000e+00
f000_timeout        =  0.00000e+00
f000_sampled        =  1.28340e+00
f000_input          =  1.28282e+00
f000_tcomplete      =  3.75496e-07
f001_d7             =  3.30000e+00
f001_d6             =  3.30000e+00
f001_d5             =  3.30000e+00
f001_d4             =  3.30000e+00
f001_d3             =  0.00000e+00
f001_d2             =  0.00000e+00
f001_d1             =  3.30000e+00
f001_d0             =  0.00000e+00
f001_complete       =  3.30000e+00
f001_invalid        =  0.00000e+00
f001_timeout        =  0.00000e+00
f001_sampled        =  1.48441e+00
f001_input          =  1.48482e+00
f001_tcomplete      =  8.75504e-07
f002_d7             =  3.30000e+00
f002_d6             =  3.30000e+00
f002_d5             =  5.24793e-297
f002_d4             =  5.24793e-297
f002_d3             =  3.30000e+00
f002_d2             =  3.30000e+00
f002_d1             =  3.30000e+00
f002_d0             =  0.00000e+00
f002_complete       =  3.30000e+00
f002_invalid        =  0.00000e+00
f002_timeout        =  0.00000e+00
f002_sampled        =  1.01358e+00
f002_input          =  1.01274e+00
f002_tcomplete      =  1.37550e-06
f003_d7             =  3.30000e+00
f003_d6             =  5.26457e-297
f003_d5             =  4.08882e-312
f003_d4             =  4.08882e-312
f003_d3             =  3.30000e+00
f003_d2             =  5.26457e-297
f003_d1             =  5.26457e-297
f003_d0             =  0.00000e+00
f003_complete       =  3.30000e+00
f003_invalid        =  0.00000e+00
f003_timeout        =  0.00000e+00
f003_sampled        =  8.38113e-02
f003_input          =  8.08789e-02
f003_tcomplete      =  1.87550e-06
f004_d7             =  5.05233e-297
f004_d6             =  4.08882e-312
f004_d5             =  3.30000e+00
f004_d4             =  3.30000e+00
f004_d3             =  3.30000e+00
f004_d2             =  3.30000e+00
f004_d1             =  3.30000e+00
f004_d0             =  0.00000e+00
f004_complete       =  3.30000e+00
f004_invalid        =  0.00000e+00
f004_timeout        =  0.00000e+00
f004_sampled        =  -8.86694e-01
f004_input          =  -8.87673e-01
f004_tcomplete      =  2.37550e-06
f005_d7             =  4.08882e-312
f005_d6             =  4.08882e-312
f005_d5             =  5.40444e-297
f005_d4             =  3.30000e+00
f005_d3             =  5.40444e-297
f005_d2             =  3.30000e+00
f005_d1             =  5.40444e-297
f005_d0             =  0.00000e+00
f005_complete       =  3.30000e+00
f005_invalid        =  0.00000e+00
f005_timeout        =  0.00000e+00
f005_sampled        =  -1.44996e+00
f005_input          =  -1.45317e+00
f005_tcomplete      =  2.87551e-06
f006_d7             =  4.08882e-312
f006_d6             =  4.08882e-312
f006_d5             =  4.08882e-312
f006_d4             =  3.30000e+00
f006_d3             =  3.30000e+00
f006_d2             =  4.74789e-297
f006_d1             =  3.30000e+00
f006_d0             =  3.30000e+00
f006_complete       =  3.30000e+00
f006_invalid        =  0.00000e+00
f006_timeout        =  0.00000e+00
f006_sampled        =  -1.35978e+00
f006_input          =  -1.35910e+00
f006_tcomplete      =  3.37549e-06
f007_d7             =  4.08882e-312
f007_d6             =  3.30000e+00
f007_d5             =  4.08882e-312
f007_d4             =  3.30000e+00
f007_d3             =  5.17309e-297
f007_d2             =  4.08882e-312
f007_d1             =  5.17309e-297
f007_d0             =  3.30000e+00
f007_complete       =  3.30000e+00
f007_invalid        =  0.00000e+00
f007_timeout        =  0.00000e+00
f007_sampled        =  -6.49213e-01
f007_input          =  -6.47923e-01
f007_tcomplete      =  3.87550e-06
f008_d7             =  3.30000e+00
f008_d6             =  5.30232e-297
f008_d5             =  4.08882e-312
f008_d4             =  3.30000e+00
f008_d3             =  3.30000e+00
f008_d2             =  3.30000e+00
f008_d1             =  4.08882e-312
f008_d0             =  3.30000e+00
f008_complete       =  3.30000e+00
f008_invalid        =  0.00000e+00
f008_timeout        =  0.00000e+00
f008_sampled        =  3.56844e-01
f008_input          =  3.57289e-01
f008_tcomplete      =  4.37551e-06
f009_d7             =  3.30000e+00
f009_d6             =  3.30000e+00
f009_d5             =  4.08882e-312
f009_d4             =  3.30000e+00
f009_d3             =  3.30000e+00
f009_d2             =  3.30000e+00
f009_d1             =  4.08882e-312
f009_d0             =  5.33792e-297
f009_complete       =  3.30000e+00
f009_invalid        =  0.00000e+00
f009_timeout        =  0.00000e+00
f009_sampled        =  1.19679e+00
f009_input          =  1.20032e+00
f009_tcomplete      =  4.87551e-06
f010_d7             =  3.30000e+00
f010_d6             =  3.30000e+00
f010_d5             =  3.30000e+00
f010_d4             =  3.30000e+00
f010_d3             =  5.11536e-297
f010_d2             =  5.11536e-297
f010_d1             =  3.30000e+00
f010_d0             =  3.30000e+00
f010_complete       =  3.30000e+00
f010_invalid        =  0.00000e+00
f010_timeout        =  0.00000e+00
f010_sampled        =  1.49768e+00
f010_input          =  1.49852e+00
f010_tcomplete      =  5.37550e-06
f011_d7             =  3.30000e+00
f011_d6             =  3.30000e+00
f011_d5             =  5.20741e-297
f011_d4             =  3.30000e+00
f011_d3             =  4.08882e-312
f011_d2             =  3.30000e+00
f011_d1             =  3.30000e+00
f011_d0             =  5.20741e-297
f011_complete       =  3.30000e+00
f011_invalid        =  0.00000e+00
f011_timeout        =  0.00000e+00
f011_sampled        =  1.11870e+00
f011_input          =  1.11633e+00
f011_tcomplete      =  5.87550e-06
f012_d7             =  3.30000e+00
f012_d6             =  4.48174e-297
f012_d5             =  4.08882e-312
f012_d4             =  3.30000e+00
f012_d3             =  4.08882e-312
f012_d2             =  4.48174e-297
f012_d1             =  3.30000e+00
f012_d0             =  3.30000e+00
f012_complete       =  3.30000e+00
f012_invalid        =  0.00000e+00
f012_timeout        =  0.00000e+00
f012_sampled        =  2.28536e-01
f012_input          =  2.27427e-01
f012_tcomplete      =  6.37548e-06
f013_d7             =  5.14705e-297
f013_d6             =  3.30000e+00
f013_d5             =  4.08882e-312
f013_d4             =  5.14705e-297
f013_d3             =  3.30000e+00
f013_d2             =  4.08882e-312
f013_d1             =  5.14705e-297
f013_d0             =  5.14705e-297
f013_complete       =  3.30000e+00
f013_invalid        =  0.00000e+00
f013_timeout        =  0.00000e+00
f013_sampled        =  -7.65557e-01
f013_input          =  -7.64670e-01
f013_tcomplete      =  6.87550e-06
f014_d7             =  4.08882e-312
f014_d6             =  5.22676e-297
f014_d5             =  4.08882e-312
f014_d4             =  3.30000e+00
f014_d3             =  3.30000e+00
f014_d2             =  4.08882e-312
f014_d1             =  4.08882e-312
f014_d0             =  4.08882e-312
f014_complete       =  3.30000e+00
f014_invalid        =  0.00000e+00
f014_timeout        =  0.00000e+00
f014_sampled        =  -1.41003e+00
f014_input          =  -1.40980e+00
f014_tcomplete      =  7.37550e-06
f015_d7             =  4.08882e-312
f015_d6             =  4.08882e-312
f015_d5             =  4.08882e-312
f015_d4             =  3.30000e+00
f015_d3             =  5.17056e-297
f015_d2             =  3.30000e+00
f015_d1             =  3.30000e+00
f015_d0             =  3.30000e+00
f015_complete       =  3.30000e+00
f015_invalid        =  0.00000e+00
f015_timeout        =  0.00000e+00
f015_sampled        =  -1.41690e+00
f015_input          =  -1.41471e+00
f015_tcomplete      =  7.87550e-06
f016_d7             =  4.08882e-312
f016_d6             =  3.30000e+00
f016_d5             =  4.08882e-312
f016_d4             =  5.10670e-297
f016_d3             =  4.08882e-312
f016_d2             =  3.30000e+00
f016_d1             =  3.30000e+00
f016_d0             =  3.30000e+00
f016_complete       =  3.30000e+00
f016_invalid        =  0.00000e+00
f016_timeout        =  0.00000e+00
f016_sampled        =  -7.77596e-01
f016_input          =  -7.77364e-01
f016_tcomplete      =  8.37550e-06
f017_d7             =  3.30000e+00
f017_d6             =  4.48261e-297
f017_d5             =  4.08882e-312
f017_d4             =  3.30000e+00
f017_d3             =  4.08882e-312
f017_d2             =  4.48261e-297
f017_d1             =  3.30000e+00
f017_d0             =  4.48261e-297
f017_complete       =  3.30000e+00
f017_invalid        =  0.00000e+00
f017_timeout        =  0.00000e+00
f017_sampled        =  2.11240e-01
f017_input          =  2.12825e-01
f017_tcomplete      =  8.87548e-06
f018_d7             =  3.30000e+00
f018_d6             =  3.30000e+00
f018_d5             =  4.08882e-312
f018_d4             =  3.30000e+00
f018_d3             =  4.08882e-312
f018_d2             =  3.30000e+00
f018_d1             =  5.16393e-297
f018_d0             =  3.30000e+00
f018_complete       =  3.30000e+00
f018_invalid        =  0.00000e+00
f018_timeout        =  0.00000e+00
f018_sampled        =  1.10549e+00
f018_input          =  1.10649e+00
f018_tcomplete      =  9.37550e-06
f019_d7             =  3.30000e+00
f019_d6             =  3.30000e+00
f019_d5             =  3.30000e+00
f019_d4             =  3.30000e+00
f019_d3             =  4.08882e-312
f019_d2             =  5.11740e-297
f019_d1             =  3.30000e+00
f019_d0             =  3.30000e+00
f019_complete       =  3.30000e+00
f019_invalid        =  0.00000e+00
f019_timeout        =  0.00000e+00
f019_sampled        =  1.49499e+00
f019_input          =  1.49782e+00
f019_tcomplete      =  9.87550e-06
f020_d7             =  3.30000e+00
f020_d6             =  3.30000e+00
f020_d5             =  4.51155e-297
f020_d4             =  3.30000e+00
f020_d3             =  3.30000e+00
f020_d2             =  3.30000e+00
f020_d1             =  4.51155e-297
f020_d0             =  3.30000e+00
f020_complete       =  3.30000e+00
f020_invalid        =  0.00000e+00
f020_timeout        =  0.00000e+00
f020_sampled        =  1.21012e+00
f020_input          =  1.20920e+00
f020_tcomplete      =  1.03755e-05
f021_d7             =  3.30000e+00
f021_d6             =  4.60887e-297
f021_d5             =  4.08882e-312
f021_d4             =  3.30000e+00
f021_d3             =  3.30000e+00
f021_d2             =  3.30000e+00
f021_d1             =  3.30000e+00
f021_d0             =  4.60887e-297
f021_complete       =  3.30000e+00
f021_invalid        =  0.00000e+00
f021_timeout        =  0.00000e+00
f021_sampled        =  3.70610e-01
f021_input          =  3.71570e-01
f021_tcomplete      =  1.08755e-05
f022_d7             =  4.47846e-297
f022_d6             =  3.30000e+00
f022_d5             =  4.08882e-312
f022_d4             =  3.30000e+00
f022_d3             =  4.47846e-297
f022_d2             =  4.47846e-297
f022_d1             =  3.30000e+00
f022_d0             =  4.08882e-312
f022_complete       =  3.30000e+00
f022_invalid        =  0.00000e+00
f022_timeout        =  0.00000e+00
f022_sampled        =  -6.34904e-01
f022_input          =  -6.34648e-01
f022_tcomplete      =  1.13755e-05
f023_d7             =  4.08882e-312
f023_d6             =  4.85836e-297
f023_d5             =  4.08882e-312
f023_d4             =  3.30000e+00
f023_d3             =  3.30000e+00
f023_d2             =  3.30000e+00
f023_d1             =  4.85836e-297
f023_d0             =  4.08882e-312
f023_complete       =  3.30000e+00
f023_invalid        =  0.00000e+00
f023_timeout        =  0.00000e+00
f023_sampled        =  -1.35347e+00
f023_input          =  -1.35278e+00
f023_tcomplete      =  1.18755e-05
f024_d7             =  4.08882e-312
f024_d6             =  4.08882e-312
f024_d5             =  4.08882e-312
f024_d4             =  3.30000e+00
f024_d3             =  4.64685e-297
f024_d2             =  3.30000e+00
f024_d1             =  4.08882e-312
f024_d0             =  4.08882e-312
f024_complete       =  3.30000e+00
f024_invalid        =  0.00000e+00
f024_timeout        =  0.00000e+00
f024_sampled        =  -1.45824e+00
f024_input          =  -1.45671e+00
f024_tcomplete      =  1.23755e-05
f025_d7             =  4.08882e-312
f025_d6             =  4.08882e-312
f025_d5             =  3.30000e+00
f025_d4             =  3.30000e+00
f025_d3             =  3.30000e+00
f025_d2             =  3.30000e+00
f025_d1             =  3.30000e+00
f025_d0             =  4.08882e-312
f025_complete       =  3.30000e+00
f025_invalid        =  0.00000e+00
f025_timeout        =  0.00000e+00
f025_sampled        =  -8.97851e-01
f025_input          =  -8.99506e-01
f025_tcomplete      =  1.28755e-05
f026_d7             =  3.30000e+00
f026_d6             =  4.08882e-312
f026_d5             =  5.08453e-297
f026_d4             =  5.08453e-297
f026_d3             =  5.08453e-297
f026_d2             =  3.30000e+00
f026_d1             =  3.30000e+00
f026_d0             =  4.08882e-312
f026_complete       =  3.30000e+00
f026_invalid        =  0.00000e+00
f026_timeout        =  0.00000e+00
f026_sampled        =  6.67958e-02
f026_input          =  6.61758e-02
f026_tcomplete      =  1.33755e-05
f027_d7             =  3.30000e+00
f027_d6             =  3.30000e+00
f027_d5             =  4.08882e-312
f027_d4             =  4.08882e-312
f027_d3             =  3.30000e+00
f027_d2             =  3.30000e+00
f027_d1             =  4.50765e-297
f027_d0             =  3.30000e+00
f027_complete       =  3.30000e+00
f027_invalid        =  0.00000e+00
f027_timeout        =  0.00000e+00
f027_sampled        =  1.00497e+00
f027_input          =  1.00183e+00
f027_tcomplete      =  1.38755e-05
f028_d7             =  3.30000e+00
f028_d6             =  3.30000e+00
f028_d5             =  3.30000e+00
f028_d4             =  3.30000e+00
f028_d3             =  5.19126e-297
f028_d2             =  5.19126e-297
f028_d1             =  4.08882e-312
f028_d0             =  3.30000e+00
f028_complete       =  3.30000e+00
f028_invalid        =  0.00000e+00
f028_timeout        =  0.00000e+00
f028_sampled        =  1.48336e+00
f028_input          =  1.48270e+00
f028_tcomplete      =  1.43755e-05
f029_d7             =  3.30000e+00
f029_d6             =  3.30000e+00
f029_d5             =  3.30000e+00
f029_d4             =  4.99200e-297
f029_d3             =  4.08882e-312
f029_d2             =  4.08882e-312
f029_d1             =  3.30000e+00
f029_d0             =  3.30000e+00
f029_complete       =  3.30000e+00
f029_invalid        =  0.00000e+00
f029_timeout        =  0.00000e+00
f029_sampled        =  1.29187e+00
f029_input          =  1.29047e+00
f029_tcomplete      =  1.48755e-05
f030_d7             =  3.30000e+00
f030_d6             =  4.50746e-297
f030_d5             =  3.30000e+00
f030_d4             =  4.08882e-312
f030_d3             =  3.30000e+00
f030_d2             =  4.08882e-312
f030_d1             =  4.50746e-297
f030_d0             =  4.50746e-297
f030_complete       =  3.30000e+00
f030_invalid        =  0.00000e+00
f030_timeout        =  0.00000e+00
f030_sampled        =  5.12196e-01
f030_input          =  5.12387e-01
f030_tcomplete      =  1.53755e-05
f031_d7             =  4.50258e-297
f031_d6             =  3.30000e+00
f031_d5             =  4.50258e-297
f031_d4             =  3.30000e+00
f031_d3             =  3.30000e+00
f031_d2             =  3.30000e+00
f031_d1             =  4.08882e-312
f031_d0             =  4.08882e-312
f031_complete       =  3.30000e+00
f031_invalid        =  0.00000e+00
f031_timeout        =  0.00000e+00
f031_sampled        =  -4.97514e-01
f031_input          =  -4.98423e-01
f031_tcomplete      =  1.58755e-05
f032_d7             =  4.08882e-312
f032_d6             =  4.99197e-297
f032_d5             =  3.30000e+00
f032_d4             =  4.99197e-297
f032_d3             =  4.99197e-297
f032_d2             =  4.99197e-297
f032_d1             =  4.08882e-312
f032_d0             =  3.30000e+00
f032_complete       =  3.30000e+00
f032_invalid        =  0.00000e+00
f032_timeout        =  0.00000e+00
f032_sampled        =  -1.28457e+00
f032_input          =  -1.28272e+00
f032_tcomplete      =  1.63755e-05
f033_d7             =  4.08882e-312
f033_d6             =  4.08882e-312
f033_d5             =  5.14242e-297
f033_d4             =  3.30000e+00
f033_d3             =  4.08882e-312
f033_d2             =  4.08882e-312
f033_d1             =  3.30000e+00
f033_d0             =  5.14242e-297
f033_complete       =  3.30000e+00
f033_invalid        =  0.00000e+00
f033_timeout        =  0.00000e+00
f033_sampled        =  -1.48592e+00
f033_input          =  -1.48476e+00
f033_tcomplete      =  1.68755e-05
f034_d7             =  4.08882e-312
f034_d6             =  4.08882e-312
f034_d5             =  3.30000e+00
f034_d4             =  3.30000e+00
f034_d3             =  4.08882e-312
f034_d2             =  3.30000e+00
f034_d1             =  4.59904e-297
f034_d0             =  3.30000e+00
f034_complete       =  3.30000e+00
f034_invalid        =  0.00000e+00
f034_timeout        =  0.00000e+00
f034_sampled        =  -1.01180e+00
f034_input          =  -1.01280e+00
f034_tcomplete      =  1.73755e-05
f035_d7             =  4.08882e-312
f035_d6             =  3.30000e+00
f035_d5             =  3.30000e+00
f035_d4             =  3.30000e+00
f035_d3             =  3.30000e+00
f035_d2             =  5.11192e-297
f035_d1             =  3.30000e+00
f035_d0             =  3.30000e+00
f035_complete       =  3.30000e+00
f035_invalid        =  0.00000e+00
f035_timeout        =  0.00000e+00
f035_sampled        =  -8.13075e-02
f035_input          =  -8.09892e-02
f035_tcomplete      =  1.78755e-05
f036_d7             =  3.30000e+00
f036_d6             =  3.30000e+00
f036_d5             =  5.05018e-297
f036_d4             =  5.05018e-297
f036_d3             =  5.05018e-297
f036_d2             =  3.30000e+00
f036_d1             =  5.05018e-297
f036_d0             =  5.05018e-297
f036_complete       =  3.30000e+00
f036_invalid        =  0.00000e+00
f036_timeout        =  0.00000e+00
f036_sampled        =  8.88747e-01
f036_input          =  8.87573e-01
f036_tcomplete      =  1.83755e-05
f037_d7             =  3.30000e+00
f037_d6             =  3.30000e+00
f037_d5             =  3.30000e+00
f037_d4             =  4.08882e-312
f037_d3             =  3.30000e+00
f037_d2             =  3.30000e+00
f037_d1             =  3.30000e+00
f037_d0             =  3.30000e+00
f037_complete       =  3.30000e+00
f037_invalid        =  0.00000e+00
f037_timeout        =  0.00000e+00
f037_sampled        =  1.45249e+00
f037_input          =  1.45318e+00
f037_tcomplete      =  1.88755e-05
f038_d7             =  3.30000e+00
f038_d6             =  3.30000e+00
f038_d5             =  3.30000e+00
f038_d4             =  4.08882e-312
f038_d3             =  3.30000e+00
f038_d2             =  4.80839e-297
f038_d1             =  4.80839e-297
f038_d0             =  4.80839e-297
f038_complete       =  3.30000e+00
f038_invalid        =  0.00000e+00
f038_timeout        =  0.00000e+00
f038_sampled        =  1.35851e+00
f038_input          =  1.35920e+00
f038_tcomplete      =  1.93755e-05
f039_d7             =  3.30000e+00
f039_d6             =  5.17793e-297
f039_d5             =  3.30000e+00
f039_d4             =  3.30000e+00
f039_d3             =  5.17793e-297
f039_d2             =  4.08882e-312
f039_d1             =  3.30000e+00
f039_d0             =  3.30000e+00
f039_complete       =  3.30000e+00
f039_invalid        =  0.00000e+00
f039_timeout        =  0.00000e+00
f039_sampled        =  6.49029e-01
f039_input          =  6.47914e-01
f039_tcomplete      =  1.98755e-05
f040_d7             =  4.48770e-297
f040_d6             =  3.30000e+00
f040_d5             =  3.30000e+00
f040_d4             =  4.48770e-297
f040_d3             =  4.08882e-312
f040_d2             =  3.30000e+00
f040_d1             =  3.30000e+00
f040_d0             =  4.48770e-297
f040_complete       =  3.30000e+00
f040_invalid        =  0.00000e+00
f040_timeout        =  0.00000e+00
f040_sampled        =  -3.57036e-01
f040_input          =  -3.57244e-01
f040_tcomplete      =  2.03755e-05
f041_d7             =  4.08882e-312
f041_d6             =  5.25258e-297
f041_d5             =  3.30000e+00
f041_d4             =  4.08882e-312
f041_d3             =  4.08882e-312
f041_d2             =  3.30000e+00
f041_d1             =  3.30000e+00
f041_d0             =  3.30000e+00
f041_complete       =  3.30000e+00
f041_invalid        =  0.00000e+00
f041_timeout        =  0.00000e+00
f041_sampled        =  -1.20132e+00
f041_input          =  -1.20041e+00
f041_tcomplete      =  2.08755e-05
f042_d7             =  4.08882e-312
f042_d6             =  4.08882e-312
f042_d5             =  5.11786e-297
f042_d4             =  3.30000e+00
f042_d3             =  4.08882e-312
f042_d2             =  5.11786e-297
f042_d1             =  5.11786e-297
f042_d0             =  5.11786e-297
f042_complete       =  3.30000e+00
f042_invalid        =  0.00000e+00
f042_timeout        =  0.00000e+00
f042_sampled        =  -1.49925e+00
f042_input          =  -1.49854e+00
f042_tcomplete      =  2.13755e-05
f043_d7             =  4.08882e-312
f043_d6             =  4.08882e-312
f043_d5             =  3.30000e+00
f043_d4             =  5.18815e-297
f043_d3             =  3.30000e+00
f043_d2             =  3.30000e+00
f043_d1             =  4.08882e-312
f043_d0             =  3.30000e+00
f043_complete       =  3.30000e+00
f043_invalid        =  0.00000e+00
f043_timeout        =  0.00000e+00
f043_sampled        =  -1.11702e+00
f043_input          =  -1.11634e+00
f043_tcomplete      =  2.18755e-05
f044_d7             =  4.08882e-312
f044_d6             =  3.30000e+00
f044_d5             =  3.30000e+00
f044_d4             =  3.30000e+00
f044_d3             =  5.21176e-297
f044_d2             =  5.21176e-297
f044_d1             =  4.08882e-312
f044_d0             =  3.30000e+00
f044_complete       =  3.30000e+00
f044_invalid        =  0.00000e+00
f044_timeout        =  0.00000e+00
f044_sampled        =  -2.25275e-01
f044_input          =  -2.27334e-01
f044_tcomplete      =  2.23755e-05
f045_d7             =  3.30000e+00
f045_d6             =  5.03655e-297
f045_d5             =  3.30000e+00
f045_d4             =  3.30000e+00
f045_d3             =  3.30000e+00
f045_d2             =  4.08882e-312
f045_d1             =  3.30000e+00
f045_d0             =  3.30000e+00
f045_complete       =  3.30000e+00
f045_invalid        =  0.00000e+00
f045_timeout        =  0.00000e+00
f045_sampled        =  7.63969e-01
f045_input          =  7.64744e-01
f045_tcomplete      =  2.28755e-05
f046_d7             =  3.30000e+00
f046_d6             =  3.30000e+00
f046_d5             =  3.30000e+00
f046_d4             =  5.24233e-297
f046_d3             =  3.30000e+00
f046_d2             =  3.30000e+00
f046_d1             =  5.24233e-297
f046_d0             =  5.24233e-297
f046_complete       =  3.30000e+00
f046_invalid        =  0.00000e+00
f046_timeout        =  0.00000e+00
f046_sampled        =  1.41016e+00
f046_input          =  1.40983e+00
f046_tcomplete      =  2.33755e-05
f047_d7             =  3.30000e+00
f047_d6             =  3.30000e+00
f047_d5             =  3.30000e+00
f047_d4             =  4.08882e-312
f047_d3             =  3.30000e+00
f047_d2             =  3.30000e+00
f047_d1             =  4.08882e-312
f047_d0             =  4.08882e-312
f047_complete       =  3.30000e+00
f047_invalid        =  0.00000e+00
f047_timeout        =  0.00000e+00
f047_sampled        =  1.41419e+00
f047_input          =  1.41484e+00
f047_tcomplete      =  2.38755e-05
f048_d7             =  3.30000e+00
f048_d6             =  5.12332e-297
f048_d5             =  3.30000e+00
f048_d4             =  3.30000e+00
f048_d3             =  3.30000e+00
f048_d2             =  3.30000e+00
f048_d1             =  4.08882e-312
f048_d0             =  4.08882e-312
f048_complete       =  3.30000e+00
f048_invalid        =  0.00000e+00
f048_timeout        =  0.00000e+00
f048_sampled        =  7.76676e-01
f048_input          =  7.77457e-01
f048_tcomplete      =  2.43755e-05
f049_d7             =  5.32767e-297
f049_d6             =  3.30000e+00
f049_d5             =  3.30000e+00
f049_d4             =  3.30000e+00
f049_d3             =  5.32767e-297
f049_d2             =  5.32767e-297
f049_d1             =  4.08882e-312
f049_d0             =  3.30000e+00
f049_complete       =  3.30000e+00
f049_invalid        =  0.00000e+00
f049_timeout        =  0.00000e+00
f049_sampled        =  -2.12970e-01
f049_input          =  -2.12847e-01
f049_tcomplete      =  2.48755e-05
f050_d7             =  4.08882e-312
f050_d6             =  5.20853e-297
f050_d5             =  3.30000e+00
f050_d4             =  5.20853e-297
f050_d3             =  3.30000e+00
f050_d2             =  3.30000e+00
f050_d1             =  3.30000e+00
f050_d0             =  5.20853e-297
f050_complete       =  3.30000e+00
f050_invalid        =  0.00000e+00
f050_timeout        =  0.00000e+00
f050_sampled        =  -1.10644e+00
f050_input          =  -1.10643e+00
f050_tcomplete      =  2.53755e-05
f051_d7             =  4.08882e-312
f051_d6             =  4.08882e-312
f051_d5             =  5.08698e-297
f051_d4             =  3.30000e+00
f051_d3             =  5.08698e-297
f051_d2             =  5.08698e-297
f051_d1             =  5.08698e-297
f051_d0             =  3.30000e+00
f051_complete       =  3.30000e+00
f051_invalid        =  0.00000e+00
f051_timeout        =  0.00000e+00
f051_sampled        =  -1.49568e+00
f051_input          =  -1.49796e+00
f051_tcomplete      =  2.58755e-05
f052_d7             =  4.08882e-312
f052_d6             =  4.08882e-312
f052_d5             =  3.30000e+00
f052_d4             =  5.34991e-297
f052_d3             =  4.08882e-312
f052_d2             =  3.30000e+00
f052_d1             =  3.30000e+00
f052_d0             =  5.34991e-297
f052_complete       =  3.30000e+00
f052_invalid        =  0.00000e+00
f052_timeout        =  0.00000e+00
f052_sampled        =  -1.20782e+00
f052_input          =  -1.20915e+00
f052_tcomplete      =  2.63755e-05
f053_d7             =  4.08882e-312
f053_d6             =  3.30000e+00
f053_d5             =  3.30000e+00
f053_d4             =  4.08882e-312
f053_d3             =  4.08882e-312
f053_d2             =  3.30000e+00
f053_d1             =  3.30000e+00
f053_d0             =  4.08882e-312
f053_complete       =  3.30000e+00
f053_invalid        =  0.00000e+00
f053_timeout        =  0.00000e+00
f053_sampled        =  -3.71443e-01
f053_input          =  -3.71586e-01
f053_tcomplete      =  2.68755e-05
f054_d7             =  3.30000e+00
f054_d6             =  4.54194e-297
f054_d5             =  3.30000e+00
f054_d4             =  3.30000e+00
f054_d3             =  4.08882e-312
f054_d2             =  4.54194e-297
f054_d1             =  4.54194e-297
f054_d0             =  3.30000e+00
f054_complete       =  3.30000e+00
f054_invalid        =  0.00000e+00
f054_timeout        =  0.00000e+00
f054_sampled        =  6.34693e-01
f054_input          =  6.34623e-01
f054_tcomplete      =  2.73755e-05
f055_d7             =  3.30000e+00
f055_d6             =  3.30000e+00
f055_d5             =  3.30000e+00
f055_d4             =  4.72172e-297
f055_d3             =  4.08882e-312
f055_d2             =  3.30000e+00
f055_d1             =  3.30000e+00
f055_d0             =  3.30000e+00
f055_complete       =  3.30000e+00
f055_invalid        =  0.00000e+00
f055_timeout        =  0.00000e+00
f055_sampled        =  1.35076e+00
f055_input          =  1.35289e+00
f055_tcomplete      =  2.78755e-05
f056_d7             =  3.30000e+00
f056_d6             =  3.30000e+00
f056_d5             =  3.30000e+00
f056_d4             =  4.08882e-312
f056_d3             =  3.30000e+00
f056_d2             =  3.30000e+00
f056_d1             =  3.30000e+00
f056_d0             =  3.30000e+00
f056_complete       =  3.30000e+00
f056_invalid        =  0.00000e+00
f056_timeout        =  0.00000e+00
f056_sampled        =  1.45602e+00
f056_input          =  1.45685e+00
f056_tcomplete      =  2.83755e-05
f057_d7             =  3.30000e+00
f057_d6             =  3.30000e+00
f057_d5             =  5.10711e-297
f057_d4             =  4.08882e-312
f057_d3             =  5.10711e-297
f057_d2             =  3.30000e+00
f057_d1             =  5.10711e-297
f057_d0             =  3.30000e+00
f057_complete       =  3.30000e+00
f057_invalid        =  0.00000e+00
f057_timeout        =  0.00000e+00
f057_sampled        =  8.98893e-01
f057_input          =  8.99491e-01
f057_tcomplete      =  2.88755e-05
f058_d7             =  5.08518e-297
f058_d6             =  3.30000e+00
f058_d5             =  3.30000e+00
f058_d4             =  3.30000e+00
f058_d3             =  3.30000e+00
f058_d2             =  3.30000e+00
f058_d1             =  4.08882e-312
f058_d0             =  5.08518e-297
f058_complete       =  3.30000e+00
f058_invalid        =  0.00000e+00
f058_timeout        =  0.00000e+00
f058_sampled        =  -6.51613e-02
f058_input          =  -6.62458e-02
f058_tcomplete      =  2.93755e-05
f059_d7             =  4.08882e-312
f059_d6             =  5.33425e-297
f059_d5             =  3.30000e+00
f059_d4             =  3.30000e+00
f059_d3             =  5.33425e-297
f059_d2             =  3.30000e+00
f059_d1             =  3.30000e+00
f059_d0             =  4.08882e-312
f059_complete       =  3.30000e+00
f059_invalid        =  0.00000e+00
f059_timeout        =  0.00000e+00
f059_sampled        =  -1.00137e+00
f059_input          =  -1.00189e+00
f059_tcomplete      =  2.98755e-05
f060_d7             =  4.08882e-312
f060_d6             =  4.08882e-312
f060_d5             =  5.36424e-297
f060_d4             =  3.30000e+00
f060_d3             =  4.08882e-312
f060_d2             =  5.36424e-297
f060_d1             =  3.30000e+00
f060_d0             =  4.08882e-312
f060_complete       =  3.30000e+00
f060_invalid        =  0.00000e+00
f060_timeout        =  0.00000e+00
f060_sampled        =  -1.48090e+00
f060_input          =  -1.48259e+00
f060_tcomplete      =  3.03755e-05
f061_d7             =  4.08882e-312
f061_d6             =  4.08882e-312
f061_d5             =  3.30000e+00
f061_d4             =  5.01946e-297
f061_d3             =  4.08882e-312
f061_d2             =  4.08882e-312
f061_d1             =  5.01946e-297
f061_d0             =  4.08882e-312
f061_complete       =  3.30000e+00
f061_invalid        =  0.00000e+00
f061_timeout        =  0.00000e+00
f061_sampled        =  -1.28744e+00
f061_input          =  -1.29030e+00
f061_tcomplete      =  3.08755e-05
f062_d7             =  4.08882e-312
f062_d6             =  3.30000e+00
f062_d5             =  4.48177e-297
f062_d4             =  3.30000e+00
f062_d3             =  3.30000e+00
f062_d2             =  4.08882e-312
f062_d1             =  3.30000e+00
f062_d0             =  3.30000e+00
f062_complete       =  3.30000e+00
f062_invalid        =  0.00000e+00
f062_timeout        =  0.00000e+00
f062_sampled        =  -5.11075e-01
f062_input          =  -5.12288e-01
f062_tcomplete      =  3.13755e-05
f063_d7             =  3.30000e+00
f063_d6             =  4.66236e-297
f063_d5             =  3.30000e+00
f063_d4             =  4.66236e-297
f063_d3             =  4.66236e-297
f063_d2             =  3.30000e+00
f063_d1             =  3.30000e+00
f063_d0             =  3.30000e+00
f063_complete       =  3.30000e+00
f063_invalid        =  0.00000e+00
f063_timeout        =  0.00000e+00
f063_sampled        =  4.97672e-01
f063_input          =  4.98446e-01
f063_tcomplete      =  3.18755e-05
f064_d7             =  3.30000e+00
f064_d6             =  3.30000e+00
f064_d5             =  3.30000e+00
f064_d4             =  4.08882e-312
f064_d3             =  4.08882e-312
f064_d2             =  5.25417e-297
f064_d1             =  3.30000e+00
f064_d0             =  5.25417e-297
f064_complete       =  3.30000e+00
f064_invalid        =  0.00000e+00
f064_timeout        =  0.00000e+00
f064_sampled        =  1.28076e+00
f064_input          =  1.28284e+00
f064_tcomplete      =  3.23755e-05
f065_d7             =  3.30000e+00
f065_d6             =  3.30000e+00
f065_d5             =  3.30000e+00
f065_d4             =  3.30000e+00
f065_d3             =  4.08882e-312
f065_d2             =  4.08882e-312
f065_d1             =  3.30000e+00
f065_d0             =  4.08882e-312
f065_complete       =  3.30000e+00
f065_invalid        =  0.00000e+00
f065_timeout        =  0.00000e+00
f065_sampled        =  1.48440e+00
f065_input          =  1.48489e+00
f065_tcomplete      =  3.28755e-05
f066_d7             =  3.30000e+00
f066_d6             =  3.30000e+00
f066_d5             =  5.24322e-297
f066_d4             =  5.24322e-297
f066_d3             =  3.30000e+00
f066_d2             =  3.30000e+00
f066_d1             =  3.30000e+00
f066_d0             =  4.08882e-312
f066_complete       =  3.30000e+00
f066_invalid        =  0.00000e+00
f066_timeout        =  0.00000e+00
f066_sampled        =  1.01158e+00
f066_input          =  1.01278e+00
f066_tcomplete      =  3.33755e-05
f067_d7             =  3.30000e+00
f067_d6             =  5.04638e-297
f067_d5             =  4.08882e-312
f067_d4             =  4.08882e-312
f067_d3             =  5.04638e-297
f067_d2             =  3.30000e+00
f067_d1             =  3.30000e+00
f067_d0             =  3.30000e+00
f067_complete       =  3.30000e+00
f067_invalid        =  0.00000e+00
f067_timeout        =  0.00000e+00
f067_sampled        =  8.16031e-02
f067_input          =  8.09761e-02
f067_tcomplete      =  3.38755e-05
p_f000_cmp7_p0      =  -2.87967e-06
p_f000_cmp7_n0      =  -2.88388e-06
p_f000_cmp7_p5      =  3.30000e+00
p_f000_cmp7_n5      =  -1.75224e-06
p_f000_cmp6_p0      =  -9.55009e-06
p_f000_cmp6_n0      =  -9.54445e-06
p_f000_cmp6_p5      =  3.30000e+00
p_f000_cmp6_n5      =  -1.99597e-06
p_f000_cmp5_p0      =  -2.97057e-06
p_f000_cmp5_n0      =  -2.97465e-06
p_f000_cmp5_p5      =  3.30000e+00
p_f000_cmp5_n5      =  -1.65877e-06
p_f000_cmp4_p0      =  -2.96747e-06
p_f000_cmp4_n0      =  -2.97057e-06
p_f000_cmp4_p5      =  -1.60867e-06
p_f000_cmp4_n5      =  3.30000e+00
p_f000_cmp3_p0      =  -8.13923e-06
p_f000_cmp3_n0      =  -8.14897e-06
p_f000_cmp3_p5      =  -1.90129e-06
p_f000_cmp3_n5      =  3.30000e+00
p_f000_cmp2_p0      =  -8.13937e-06
p_f000_cmp2_n0      =  -8.14710e-06
p_f000_cmp2_p5      =  -1.89545e-06
p_f000_cmp2_n5      =  3.30000e+00
p_f000_cmp1_p0      =  -2.95538e-06
p_f000_cmp1_n0      =  -2.95948e-06
p_f000_cmp1_p5      =  3.30000e+00
p_f000_cmp1_n5      =  -1.64638e-06
p_f000_cmp0_p0      =  -7.59558e-06
p_f000_cmp0_n0      =  -7.60479e-06
p_f000_cmp0_p5      =  -1.89928e-06
p_f000_cmp0_n5      =  3.30000e+00
p_f000_dctrl7_p     =  3.30001e+00
p_f000_dctrl7_n     =  3.47338e-01
p_f000_dctrl6_p     =  3.26650e+00
p_f000_dctrl6_n     =  3.19328e-06
p_f000_dctrl5_p     =  3.29965e+00
p_f000_dctrl5_n     =  -1.63667e-06
p_f000_dctrl4_p     =  -1.22544e-07
p_f000_dctrl4_n     =  3.29999e+00
p_f000_dctrl3_p     =  -2.73973e-08
p_f000_dctrl3_n     =  3.30000e+00
p_f000_dctrl2_p     =  -1.36972e-08
p_f000_dctrl2_n     =  3.30000e+00
p_f000_dctrl1_p     =  3.30000e+00
p_f000_dctrl1_n     =  -6.20566e-09
p_f000_do7_drv_470  =  3.30000e+00
p_f000_do7_rx_470   =  3.30000e+00
p_f000_do6_drv_470  =  3.30000e+00
p_f000_do6_rx_470   =  3.30000e+00
p_f000_do5_drv_470  =  3.30000e+00
p_f000_do5_rx_470   =  3.30000e+00
p_f000_do4_drv_470  =  0.00000e+00
p_f000_do4_rx_470   =  0.00000e+00
p_f000_do3_drv_470  =  0.00000e+00
p_f000_do3_rx_470   =  0.00000e+00
p_f000_do2_drv_470  =  0.00000e+00
p_f000_do2_rx_470   =  0.00000e+00
p_f000_do1_drv_470  =  3.30000e+00
p_f000_do1_rx_470   =  3.30000e+00
p_f000_do0_drv_470  =  0.00000e+00
p_f000_do0_rx_470   =  0.00000e+00
p_f000_do7_drv_480  =  3.30000e+00
p_f000_do7_rx_480   =  3.30000e+00
p_f000_do6_drv_480  =  3.30000e+00
p_f000_do6_rx_480   =  3.30000e+00
p_f000_do5_drv_480  =  3.30000e+00
p_f000_do5_rx_480   =  3.30000e+00
p_f000_do4_drv_480  =  0.00000e+00
p_f000_do4_rx_480   =  0.00000e+00
p_f000_do3_drv_480  =  0.00000e+00
p_f000_do3_rx_480   =  0.00000e+00
p_f000_do2_drv_480  =  0.00000e+00
p_f000_do2_rx_480   =  0.00000e+00
p_f000_do1_drv_480  =  3.30000e+00
p_f000_do1_rx_480   =  3.30000e+00
p_f000_do0_drv_480  =  0.00000e+00
p_f000_do0_rx_480   =  0.00000e+00
p_f001_cmp7_p0      =  -3.13723e-06
p_f001_cmp7_n0      =  -3.14082e-06
p_f001_cmp7_p5      =  3.30000e+00
p_f001_cmp7_n5      =  -1.79529e-06
p_f001_cmp6_p0      =  -8.51934e-06
p_f001_cmp6_n0      =  -8.51850e-06
p_f001_cmp6_p5      =  3.30000e+00
p_f001_cmp6_n5      =  -2.03669e-06
p_f001_cmp5_p0      =  -3.22336e-06
p_f001_cmp5_n0      =  -3.22744e-06
p_f001_cmp5_p5      =  3.30000e+00
p_f001_cmp5_n5      =  -1.68906e-06
p_f001_cmp4_p0      =  -3.20847e-06
p_f001_cmp4_n0      =  -3.21225e-06
p_f001_cmp4_p5      =  3.30000e+00
p_f001_cmp4_n5      =  -1.67927e-06
p_f001_cmp3_p0      =  -8.45931e-06
p_f001_cmp3_n0      =  -8.47273e-06
p_f001_cmp3_p5      =  -1.93199e-06
p_f001_cmp3_n5      =  3.30000e+00
p_f001_cmp2_p0      =  -8.45959e-06
p_f001_cmp2_n0      =  -8.47118e-06
p_f001_cmp2_p5      =  -1.92706e-06
p_f001_cmp2_n5      =  3.30000e+00
p_f001_cmp1_p0      =  -3.20343e-06
p_f001_cmp1_n0      =  -3.20618e-06
p_f001_cmp1_p5      =  3.30000e+00
p_f001_cmp1_n5      =  -1.66923e-06
p_f001_cmp0_p0      =  -8.50022e-06
p_f001_cmp0_n0      =  -8.51071e-06
p_f001_cmp0_p5      =  -1.92796e-06
p_f001_cmp0_n5      =  3.30000e+00
p_f001_dctrl7_p     =  3.30001e+00
p_f001_dctrl7_n     =  3.47778e-01
p_f001_dctrl6_p     =  3.26643e+00
p_f001_dctrl6_n     =  3.57803e-06
p_f001_dctrl5_p     =  3.29964e+00
p_f001_dctrl5_n     =  -1.45025e-06
p_f001_dctrl4_p     =  3.29999e+00
p_f001_dctrl4_n     =  -1.39353e-07
p_f001_dctrl3_p     =  -2.73569e-08
p_f001_dctrl3_n     =  3.30000e+00
p_f001_dctrl2_p     =  -1.36475e-08
p_f001_dctrl2_n     =  3.30000e+00
p_f001_dctrl1_p     =  3.30000e+00
p_f001_dctrl1_n     =  -6.32439e-09
p_f001_do7_drv_470  =  3.30000e+00
p_f001_do7_rx_470   =  3.30000e+00
p_f001_do6_drv_470  =  3.30000e+00
p_f001_do6_rx_470   =  3.30000e+00
p_f001_do5_drv_470  =  3.30000e+00
p_f001_do5_rx_470   =  3.30000e+00
p_f001_do4_drv_470  =  3.30000e+00
p_f001_do4_rx_470   =  3.30000e+00
p_f001_do3_drv_470  =  0.00000e+00
p_f001_do3_rx_470   =  0.00000e+00
p_f001_do2_drv_470  =  0.00000e+00
p_f001_do2_rx_470   =  0.00000e+00
p_f001_do1_drv_470  =  3.30000e+00
p_f001_do1_rx_470   =  3.30000e+00
p_f001_do0_drv_470  =  0.00000e+00
p_f001_do0_rx_470   =  0.00000e+00
p_f001_do7_drv_480  =  3.30000e+00
p_f001_do7_rx_480   =  3.30000e+00
p_f001_do6_drv_480  =  3.30000e+00
p_f001_do6_rx_480   =  3.30000e+00
p_f001_do5_drv_480  =  3.30000e+00
p_f001_do5_rx_480   =  3.30000e+00
p_f001_do4_drv_480  =  3.30000e+00
p_f001_do4_rx_480   =  3.30000e+00
p_f001_do3_drv_480  =  0.00000e+00
p_f001_do3_rx_480   =  0.00000e+00
p_f001_do2_drv_480  =  0.00000e+00
p_f001_do2_rx_480   =  0.00000e+00
p_f001_do1_drv_480  =  3.30000e+00
p_f001_do1_rx_480   =  3.30000e+00
p_f001_do0_drv_480  =  0.00000e+00
p_f001_do0_rx_480   =  0.00000e+00
p_f002_cmp7_p0      =  -3.13715e-06
p_f002_cmp7_n0      =  -3.14079e-06
p_f002_cmp7_p5      =  3.30000e+00
p_f002_cmp7_n5      =  -1.77233e-06
p_f002_cmp6_p0      =  -7.55696e-06
p_f002_cmp6_n0      =  -7.56128e-06
p_f002_cmp6_p5      =  3.30000e+00
p_f002_cmp6_n5      =  -2.03713e-06
p_f002_cmp5_p0      =  -3.22423e-06
p_f002_cmp5_n0      =  -3.22663e-06
p_f002_cmp5_p5      =  -1.63791e-06
p_f002_cmp5_n5      =  3.30000e+00
p_f002_cmp4_p0      =  -3.20900e-06
p_f002_cmp4_n0      =  -3.21205e-06
p_f002_cmp4_p5      =  -1.62502e-06
p_f002_cmp4_n5      =  3.30000e+00
p_f002_cmp3_p0      =  -8.46373e-06
p_f002_cmp3_n0      =  -8.46799e-06
p_f002_cmp3_p5      =  3.30000e+00
p_f002_cmp3_n5      =  -1.99515e-06
p_f002_cmp2_p0      =  -8.46165e-06
p_f002_cmp2_n0      =  -8.46876e-06
p_f002_cmp2_p5      =  3.30000e+00
p_f002_cmp2_n5      =  -1.99061e-06
p_f002_cmp1_p0      =  -3.18235e-06
p_f002_cmp1_n0      =  -3.18509e-06
p_f002_cmp1_p5      =  3.30000e+00
p_f002_cmp1_n5      =  -1.66741e-06
p_f002_cmp0_p0      =  -8.50037e-06
p_f002_cmp0_n0      =  -8.51042e-06
p_f002_cmp0_p5      =  -1.92441e-06
p_f002_cmp0_n5      =  3.30000e+00
p_f002_dctrl7_p     =  3.30001e+00
p_f002_dctrl7_n     =  3.47779e-01
p_f002_dctrl6_p     =  3.26643e+00
p_f002_dctrl6_n     =  2.54175e-06
p_f002_dctrl5_p     =  -1.04325e-06
p_f002_dctrl5_n     =  3.29964e+00
p_f002_dctrl4_p     =  -1.39259e-07
p_f002_dctrl4_n     =  3.29999e+00
p_f002_dctrl3_p     =  3.30000e+00
p_f002_dctrl3_n     =  -2.66449e-08
p_f002_dctrl2_p     =  3.30000e+00
p_f002_dctrl2_n     =  -1.33830e-08
p_f002_dctrl1_p     =  3.30000e+00
p_f002_dctrl1_n     =  -6.28294e-09
p_f002_do7_drv_470  =  3.30000e+00
p_f002_do7_rx_470   =  3.30000e+00
p_f002_do6_drv_470  =  3.30000e+00
p_f002_do6_rx_470   =  3.30000e+00
p_f002_do5_drv_470  =  0.00000e+00
p_f002_do5_rx_470   =  1.49476e-268
p_f002_do4_drv_470  =  0.00000e+00
p_f002_do4_rx_470   =  1.49476e-268
p_f002_do3_drv_470  =  3.30000e+00
p_f002_do3_rx_470   =  3.30000e+00
p_f002_do2_drv_470  =  3.30000e+00
p_f002_do2_rx_470   =  3.30000e+00
p_f002_do1_drv_470  =  3.30000e+00
p_f002_do1_rx_470   =  3.30000e+00
p_f002_do0_drv_470  =  0.00000e+00
p_f002_do0_rx_470   =  0.00000e+00
p_f002_do7_drv_480  =  3.30000e+00
p_f002_do7_rx_480   =  3.30000e+00
p_f002_do6_drv_480  =  3.30000e+00
p_f002_do6_rx_480   =  3.30000e+00
p_f002_do5_drv_480  =  0.00000e+00
p_f002_do5_rx_480   =  5.24793e-297
p_f002_do4_drv_480  =  0.00000e+00
p_f002_do4_rx_480   =  5.24793e-297
p_f002_do3_drv_480  =  3.30000e+00
p_f002_do3_rx_480   =  3.30000e+00
p_f002_do2_drv_480  =  3.30000e+00
p_f002_do2_rx_480   =  3.30000e+00
p_f002_do1_drv_480  =  3.30000e+00
p_f002_do1_rx_480   =  3.30000e+00
p_f002_do0_drv_480  =  0.00000e+00
p_f002_do0_rx_480   =  0.00000e+00
p_f003_cmp7_p0      =  -3.01340e-06
p_f003_cmp7_n0      =  -3.01729e-06
p_f003_cmp7_p5      =  3.30000e+00
p_f003_cmp7_n5      =  -1.74985e-06
p_f003_cmp6_p0      =  -8.31275e-06
p_f003_cmp6_n0      =  -8.32897e-06
p_f003_cmp6_p5      =  -1.95799e-06
p_f003_cmp6_n5      =  3.30000e+00
p_f003_cmp5_p0      =  -3.07600e-06
p_f003_cmp5_n0      =  -3.07899e-06
p_f003_cmp5_p5      =  -1.62300e-06
p_f003_cmp5_n5      =  3.30000e+00
p_f003_cmp4_p0      =  -3.05764e-06
p_f003_cmp4_n0      =  -3.06015e-06
p_f003_cmp4_p5      =  -1.61484e-06
p_f003_cmp4_n5      =  3.30000e+00
p_f003_cmp3_p0      =  -8.25972e-06
p_f003_cmp3_n0      =  -8.26764e-06
p_f003_cmp3_p5      =  3.30000e+00
p_f003_cmp3_n5      =  -1.96209e-06
p_f003_cmp2_p0      =  -8.25931e-06
p_f003_cmp2_n0      =  -8.26972e-06
p_f003_cmp2_p5      =  -1.90995e-06
p_f003_cmp2_n5      =  3.30000e+00
p_f003_cmp1_p0      =  -3.25328e-06
p_f003_cmp1_n0      =  -3.25651e-06
p_f003_cmp1_p5      =  -1.61364e-06
p_f003_cmp1_n5      =  3.30000e+00
p_f003_cmp0_p0      =  -8.29968e-06
p_f003_cmp0_n0      =  -8.30842e-06
p_f003_cmp0_p5      =  -1.90824e-06
p_f003_cmp0_n5      =  3.30000e+00
p_f003_dctrl7_p     =  3.30001e+00
p_f003_dctrl7_n     =  3.47497e-01
p_f003_dctrl6_p     =  3.07814e-05
p_f003_dctrl6_n     =  3.26643e+00
p_f003_dctrl5_p     =  -1.13251e-06
p_f003_dctrl5_n     =  3.29964e+00
p_f003_dctrl4_p     =  -1.27124e-07
p_f003_dctrl4_n     =  3.29999e+00
p_f003_dctrl3_p     =  3.30000e+00
p_f003_dctrl3_n     =  -3.01733e-08
p_f003_dctrl2_p     =  -1.29581e-08
p_f003_dctrl2_n     =  3.30000e+00
p_f003_dctrl1_p     =  -6.17952e-09
p_f003_dctrl1_n     =  3.30000e+00
p_f003_do7_drv_470  =  3.30000e+00
p_f003_do7_rx_470   =  3.30000e+00
p_f003_do6_drv_470  =  0.00000e+00
p_f003_do6_rx_470   =  1.49950e-268
p_f003_do5_drv_470  =  0.00000e+00
p_f003_do5_rx_470   =  4.08882e-312
p_f003_do4_drv_470  =  0.00000e+00
p_f003_do4_rx_470   =  4.08882e-312
p_f003_do3_drv_470  =  3.30000e+00
p_f003_do3_rx_470   =  3.30000e+00
p_f003_do2_drv_470  =  0.00000e+00
p_f003_do2_rx_470   =  1.49950e-268
p_f003_do1_drv_470  =  0.00000e+00
p_f003_do1_rx_470   =  1.49950e-268
p_f003_do0_drv_470  =  0.00000e+00
p_f003_do0_rx_470   =  0.00000e+00
p_f003_do7_drv_480  =  3.30000e+00
p_f003_do7_rx_480   =  3.30000e+00
p_f003_do6_drv_480  =  0.00000e+00
p_f003_do6_rx_480   =  5.26457e-297
p_f003_do5_drv_480  =  0.00000e+00
p_f003_do5_rx_480   =  4.08882e-312
p_f003_do4_drv_480  =  0.00000e+00
p_f003_do4_rx_480   =  4.08882e-312
p_f003_do3_drv_480  =  3.30000e+00
p_f003_do3_rx_480   =  3.30000e+00
p_f003_do2_drv_480  =  0.00000e+00
p_f003_do2_rx_480   =  5.26457e-297
p_f003_do1_drv_480  =  0.00000e+00
p_f003_do1_rx_480   =  5.26457e-297
p_f003_do0_drv_480  =  0.00000e+00
p_f003_do0_rx_480   =  0.00000e+00
p_f064_cmp7_p0      =  -3.00369e-06
p_f064_cmp7_n0      =  -3.00747e-06
p_f064_cmp7_p5      =  3.30000e+00
p_f064_cmp7_n5      =  -1.76528e-06
p_f064_cmp6_p0      =  -8.71920e-06
p_f064_cmp6_n0      =  -8.71691e-06
p_f064_cmp6_p5      =  3.30000e+00
p_f064_cmp6_n5      =  -2.01516e-06
p_f064_cmp5_p0      =  -2.87845e-06
p_f064_cmp5_n0      =  -2.88293e-06
p_f064_cmp5_p5      =  3.30000e+00
p_f064_cmp5_n5      =  -1.64979e-06
p_f064_cmp4_p0      =  -3.09060e-06
p_f064_cmp4_n0      =  -3.09329e-06
p_f064_cmp4_p5      =  -1.61974e-06
p_f064_cmp4_n5      =  3.30000e+00
p_f064_cmp3_p0      =  -7.97917e-06
p_f064_cmp3_n0      =  -7.98722e-06
p_f064_cmp3_p5      =  -1.88688e-06
p_f064_cmp3_n5      =  3.30000e+00
p_f064_cmp2_p0      =  -8.29973e-06
p_f064_cmp2_n0      =  -8.30871e-06
p_f064_cmp2_p5      =  -1.90930e-06
p_f064_cmp2_n5      =  3.30000e+00
p_f064_cmp1_p0      =  -2.92441e-06
p_f064_cmp1_n0      =  -2.92861e-06
p_f064_cmp1_p5      =  3.30000e+00
p_f064_cmp1_n5      =  -1.64373e-06
p_f064_cmp0_p0      =  -7.70932e-06
p_f064_cmp0_n0      =  -7.71640e-06
p_f064_cmp0_p5      =  -1.87483e-06
p_f064_cmp0_n5      =  3.30000e+00
p_f064_dctrl7_p     =  3.30001e+00
p_f064_dctrl7_n     =  3.47337e-01
p_f064_dctrl6_p     =  3.26648e+00
p_f064_dctrl6_n     =  3.20105e-06
p_f064_dctrl5_p     =  3.29965e+00
p_f064_dctrl5_n     =  -1.63772e-06
p_f064_dctrl4_p     =  -1.22781e-07
p_f064_dctrl4_n     =  3.29999e+00
p_f064_dctrl3_p     =  -2.74129e-08
p_f064_dctrl3_n     =  3.30000e+00
p_f064_dctrl2_p     =  -1.37250e-08
p_f064_dctrl2_n     =  3.30000e+00
p_f064_dctrl1_p     =  3.30000e+00
p_f064_dctrl1_n     =  -6.19438e-09
p_f064_do7_drv_470  =  3.30000e+00
p_f064_do7_rx_470   =  3.30000e+00
p_f064_do6_drv_470  =  3.30000e+00
p_f064_do6_rx_470   =  3.30000e+00
p_f064_do5_drv_470  =  3.30000e+00
p_f064_do5_rx_470   =  3.30000e+00
p_f064_do4_drv_470  =  0.00000e+00
p_f064_do4_rx_470   =  4.08882e-312
p_f064_do3_drv_470  =  0.00000e+00
p_f064_do3_rx_470   =  4.08882e-312
p_f064_do2_drv_470  =  0.00000e+00
p_f064_do2_rx_470   =  1.49654e-268
p_f064_do1_drv_470  =  3.30000e+00
p_f064_do1_rx_470   =  3.30000e+00
p_f064_do0_drv_470  =  0.00000e+00
p_f064_do0_rx_470   =  1.49654e-268
p_f064_do7_drv_480  =  3.30000e+00
p_f064_do7_rx_480   =  3.30000e+00
p_f064_do6_drv_480  =  3.30000e+00
p_f064_do6_rx_480   =  3.30000e+00
p_f064_do5_drv_480  =  3.30000e+00
p_f064_do5_rx_480   =  3.30000e+00
p_f064_do4_drv_480  =  0.00000e+00
p_f064_do4_rx_480   =  4.08882e-312
p_f064_do3_drv_480  =  0.00000e+00
p_f064_do3_rx_480   =  4.08882e-312
p_f064_do2_drv_480  =  0.00000e+00
p_f064_do2_rx_480   =  5.25417e-297
p_f064_do1_drv_480  =  3.30000e+00
p_f064_do1_rx_480   =  3.30000e+00
p_f064_do0_drv_480  =  0.00000e+00
p_f064_do0_rx_480   =  5.25417e-297
p_f065_cmp7_p0      =  -3.26045e-06
p_f065_cmp7_n0      =  -3.26361e-06
p_f065_cmp7_p5      =  3.30000e+00
p_f065_cmp7_n5      =  -1.80870e-06
p_f065_cmp6_p0      =  -8.67847e-06
p_f065_cmp6_n0      =  -8.67809e-06
p_f065_cmp6_p5      =  3.30000e+00
p_f065_cmp6_n5      =  -2.05244e-06
p_f065_cmp5_p0      =  -3.13173e-06
p_f065_cmp5_n0      =  -3.13611e-06
p_f065_cmp5_p5      =  3.30000e+00
p_f065_cmp5_n5      =  -1.67920e-06
p_f065_cmp4_p0      =  -3.33189e-06
p_f065_cmp4_n0      =  -3.33525e-06
p_f065_cmp4_p5      =  3.30000e+00
p_f065_cmp4_n5      =  -1.69127e-06
p_f065_cmp3_p0      =  -8.29927e-06
p_f065_cmp3_n0      =  -8.31093e-06
p_f065_cmp3_p5      =  -1.91685e-06
p_f065_cmp3_n5      =  3.30000e+00
p_f065_cmp2_p0      =  -8.61982e-06
p_f065_cmp2_n0      =  -8.63295e-06
p_f065_cmp2_p5      =  -1.94208e-06
p_f065_cmp2_n5      =  3.30000e+00
p_f065_cmp1_p0      =  -3.17247e-06
p_f065_cmp1_n0      =  -3.17531e-06
p_f065_cmp1_p5      =  3.30000e+00
p_f065_cmp1_n5      =  -1.66474e-06
p_f065_cmp0_p0      =  -8.29962e-06
p_f065_cmp0_n0      =  -8.30855e-06
p_f065_cmp0_p5      =  -1.94734e-06
p_f065_cmp0_n5      =  3.30000e+00
p_f065_dctrl7_p     =  3.30001e+00
p_f065_dctrl7_n     =  3.47778e-01
p_f065_dctrl6_p     =  3.26640e+00
p_f065_dctrl6_n     =  3.58471e-06
p_f065_dctrl5_p     =  3.29964e+00
p_f065_dctrl5_n     =  -1.44978e-06
p_f065_dctrl4_p     =  3.29999e+00
p_f065_dctrl4_n     =  -1.39117e-07
p_f065_dctrl3_p     =  -2.73343e-08
p_f065_dctrl3_n     =  3.30000e+00
p_f065_dctrl2_p     =  -1.36049e-08
p_f065_dctrl2_n     =  3.30000e+00
p_f065_dctrl1_p     =  3.30000e+00
p_f065_dctrl1_n     =  -6.33480e-09
p_f065_do7_drv_470  =  3.30000e+00
p_f065_do7_rx_470   =  3.30000e+00
p_f065_do6_drv_470  =  3.30000e+00
p_f065_do6_rx_470   =  3.30000e+00
p_f065_do5_drv_470  =  3.30000e+00
p_f065_do5_rx_470   =  3.30000e+00
p_f065_do4_drv_470  =  3.30000e+00
p_f065_do4_rx_470   =  3.30000e+00
p_f065_do3_drv_470  =  0.00000e+00
p_f065_do3_rx_470   =  4.08882e-312
p_f065_do2_drv_470  =  0.00000e+00
p_f065_do2_rx_470   =  4.08882e-312
p_f065_do1_drv_470  =  3.30000e+00
p_f065_do1_rx_470   =  3.30000e+00
p_f065_do0_drv_470  =  0.00000e+00
p_f065_do0_rx_470   =  4.08882e-312
p_f065_do7_drv_480  =  3.30000e+00
p_f065_do7_rx_480   =  3.30000e+00
p_f065_do6_drv_480  =  3.30000e+00
p_f065_do6_rx_480   =  3.30000e+00
p_f065_do5_drv_480  =  3.30000e+00
p_f065_do5_rx_480   =  3.30000e+00
p_f065_do4_drv_480  =  3.30000e+00
p_f065_do4_rx_480   =  3.30000e+00
p_f065_do3_drv_480  =  0.00000e+00
p_f065_do3_rx_480   =  4.08882e-312
p_f065_do2_drv_480  =  0.00000e+00
p_f065_do2_rx_480   =  4.08882e-312
p_f065_do1_drv_480  =  3.30000e+00
p_f065_do1_rx_480   =  3.30000e+00
p_f065_do0_drv_480  =  0.00000e+00
p_f065_do0_rx_480   =  4.08882e-312
p_f066_cmp7_p0      =  -3.24850e-06
p_f066_cmp7_n0      =  -3.25173e-06
p_f066_cmp7_p5      =  3.30000e+00
p_f066_cmp7_n5      =  -1.78537e-06
p_f066_cmp6_p0      =  -7.49261e-06
p_f066_cmp6_n0      =  -7.49815e-06
p_f066_cmp6_p5      =  3.30000e+00
p_f066_cmp6_n5      =  -2.05241e-06
p_f066_cmp5_p0      =  -3.13231e-06
p_f066_cmp5_n0      =  -3.13502e-06
p_f066_cmp5_p5      =  -1.62809e-06
p_f066_cmp5_n5      =  3.30000e+00
p_f066_cmp4_p0      =  -3.33232e-06
p_f066_cmp4_n0      =  -3.33507e-06
p_f066_cmp4_p5      =  -1.63740e-06
p_f066_cmp4_n5      =  3.30000e+00
p_f066_cmp3_p0      =  -8.30324e-06
p_f066_cmp3_n0      =  -8.30668e-06
p_f066_cmp3_p5      =  3.30000e+00
p_f066_cmp3_n5      =  -1.97982e-06
p_f066_cmp2_p0      =  -8.62200e-06
p_f066_cmp2_n0      =  -8.63040e-06
p_f066_cmp2_p5      =  3.30000e+00
p_f066_cmp2_n5      =  -2.00580e-06
p_f066_cmp1_p0      =  -3.23011e-06
p_f066_cmp1_n0      =  -3.23340e-06
p_f066_cmp1_p5      =  3.30000e+00
p_f066_cmp1_n5      =  -1.67012e-06
p_f066_cmp0_p0      =  -8.29971e-06
p_f066_cmp0_n0      =  -8.30833e-06
p_f066_cmp0_p5      =  -1.90560e-06
p_f066_cmp0_n5      =  3.30000e+00
p_f066_dctrl7_p     =  3.30001e+00
p_f066_dctrl7_n     =  3.47779e-01
p_f066_dctrl6_p     =  3.26640e+00
p_f066_dctrl6_n     =  2.55370e-06
p_f066_dctrl5_p     =  -1.04458e-06
p_f066_dctrl5_n     =  3.29964e+00
p_f066_dctrl4_p     =  -1.39274e-07
p_f066_dctrl4_n     =  3.29999e+00
p_f066_dctrl3_p     =  3.30000e+00
p_f066_dctrl3_n     =  -2.66925e-08
p_f066_dctrl2_p     =  3.30000e+00
p_f066_dctrl2_n     =  -1.33020e-08
p_f066_dctrl1_p     =  3.30000e+00
p_f066_dctrl1_n     =  -6.31170e-09
p_f066_do7_drv_470  =  3.30000e+00
p_f066_do7_rx_470   =  3.30000e+00
p_f066_do6_drv_470  =  3.30000e+00
p_f066_do6_rx_470   =  3.30000e+00
p_f066_do5_drv_470  =  0.00000e+00
p_f066_do5_rx_470   =  1.49342e-268
p_f066_do4_drv_470  =  0.00000e+00
p_f066_do4_rx_470   =  1.49342e-268
p_f066_do3_drv_470  =  3.30000e+00
p_f066_do3_rx_470   =  3.30000e+00
p_f066_do2_drv_470  =  3.30000e+00
p_f066_do2_rx_470   =  3.30000e+00
p_f066_do1_drv_470  =  3.30000e+00
p_f066_do1_rx_470   =  3.30000e+00
p_f066_do0_drv_470  =  0.00000e+00
p_f066_do0_rx_470   =  4.08882e-312
p_f066_do7_drv_480  =  3.30000e+00
p_f066_do7_rx_480   =  3.30000e+00
p_f066_do6_drv_480  =  3.30000e+00
p_f066_do6_rx_480   =  3.30000e+00
p_f066_do5_drv_480  =  0.00000e+00
p_f066_do5_rx_480   =  5.24322e-297
p_f066_do4_drv_480  =  0.00000e+00
p_f066_do4_rx_480   =  5.24322e-297
p_f066_do3_drv_480  =  3.30000e+00
p_f066_do3_rx_480   =  3.30000e+00
p_f066_do2_drv_480  =  3.30000e+00
p_f066_do2_rx_480   =  3.30000e+00
p_f066_do1_drv_480  =  3.30000e+00
p_f066_do1_rx_480   =  3.30000e+00
p_f066_do0_drv_480  =  0.00000e+00
p_f066_do0_rx_480   =  4.08882e-312
p_f067_cmp7_p0      =  -3.15207e-06
p_f067_cmp7_n0      =  -3.15553e-06
p_f067_cmp7_p5      =  3.30000e+00
p_f067_cmp7_n5      =  -1.76289e-06
p_f067_cmp6_p0      =  -8.47100e-06
p_f067_cmp6_n0      =  -8.48930e-06
p_f067_cmp6_p5      =  -1.97316e-06
p_f067_cmp6_n5      =  3.30000e+00
p_f067_cmp5_p0      =  -2.98441e-06
p_f067_cmp5_n0      =  -2.98771e-06
p_f067_cmp5_p5      =  -1.61405e-06
p_f067_cmp5_n5      =  3.30000e+00
p_f067_cmp4_p0      =  -3.18093e-06
p_f067_cmp4_n0      =  -3.18300e-06
p_f067_cmp4_p5      =  -1.62648e-06
p_f067_cmp4_n5      =  3.30000e+00
p_f067_cmp3_p0      =  -8.09932e-06
p_f067_cmp3_n0      =  -8.10621e-06
p_f067_cmp3_p5      =  -1.88290e-06
p_f067_cmp3_n5      =  3.30000e+00
p_f067_cmp2_p0      =  -8.42282e-06
p_f067_cmp2_n0      =  -8.42782e-06
p_f067_cmp2_p5      =  3.30000e+00
p_f067_cmp2_n5      =  -1.98928e-06
p_f067_cmp1_p0      =  -3.17089e-06
p_f067_cmp1_n0      =  -3.17533e-06
p_f067_cmp1_p5      =  3.30000e+00
p_f067_cmp1_n5      =  -1.66033e-06
p_f067_cmp0_p0      =  -8.10013e-06
p_f067_cmp0_n0      =  -8.10496e-06
p_f067_cmp0_p5      =  3.30000e+00
p_f067_cmp0_n5      =  -1.95241e-06
p_f067_dctrl7_p     =  3.30001e+00
p_f067_dctrl7_n     =  3.47497e-01
p_f067_dctrl6_p     =  3.08094e-05
p_f067_dctrl6_n     =  3.26640e+00
p_f067_dctrl5_p     =  -1.13252e-06
p_f067_dctrl5_n     =  3.29964e+00
p_f067_dctrl4_p     =  -1.26671e-07
p_f067_dctrl4_n     =  3.29999e+00
p_f067_dctrl3_p     =  -2.97756e-08
p_f067_dctrl3_n     =  3.30000e+00
p_f067_dctrl2_p     =  3.30000e+00
p_f067_dctrl2_n     =  -1.29774e-08
p_f067_dctrl1_p     =  3.30000e+00
p_f067_dctrl1_n     =  -6.16325e-09
p_f067_do7_drv_470  =  3.30000e+00
p_f067_do7_rx_470   =  3.30000e+00
p_f067_do6_drv_470  =  0.00000e+00
p_f067_do6_rx_470   =  1.43735e-268
p_f067_do5_drv_470  =  0.00000e+00
p_f067_do5_rx_470   =  4.08882e-312
p_f067_do4_drv_470  =  0.00000e+00
p_f067_do4_rx_470   =  4.08882e-312
p_f067_do3_drv_470  =  0.00000e+00
p_f067_do3_rx_470   =  1.43735e-268
p_f067_do2_drv_470  =  3.30000e+00
p_f067_do2_rx_470   =  3.30000e+00
p_f067_do1_drv_470  =  3.30000e+00
p_f067_do1_rx_470   =  3.30000e+00
p_f067_do0_drv_470  =  3.30000e+00
p_f067_do0_rx_470   =  3.30000e+00
p_f067_do7_drv_480  =  3.30000e+00
p_f067_do7_rx_480   =  3.30000e+00
p_f067_do6_drv_480  =  0.00000e+00
p_f067_do6_rx_480   =  5.04638e-297
p_f067_do5_drv_480  =  0.00000e+00
p_f067_do5_rx_480   =  4.08882e-312
p_f067_do4_drv_480  =  0.00000e+00
p_f067_do4_rx_480   =  4.08882e-312
p_f067_do3_drv_480  =  0.00000e+00
p_f067_do3_rx_480   =  5.04638e-297
p_f067_do2_drv_480  =  3.30000e+00
p_f067_do2_rx_480   =  3.30000e+00
p_f067_do1_drv_480  =  3.30000e+00
p_f067_do1_rx_480   =  3.30000e+00
p_f067_do0_drv_480  =  3.30000e+00
p_f067_do0_rx_480   =  3.30000e+00
ngspice-46 done
