
Note: Compatibility modes selected: hs a

Warning: m=xx on .subckt line will override multiplier m hierarchy!


Circuit: * a44 actual analog core with fixed tt timed behavioral sar control.

Reducing trtol to 1 for xspice 'A' devices
Doing analysis at TEMP = 27.000000 and TNOM = 27.000000

Using SPARSE 1.3 as Direct Linear Solver

Initial Transient Solution
--------------------------

Node                                   Voltage
----                                   -------
vdd                                        3.3
vrefp_src                                  2.5
vrefp                                      2.5
vrefp_cap                                  2.5
vrefn_src                                  0.8
vrefn                                      0.8
vrefn_cap                                  0.8
vinp_src                               2.29135
vinn_src                               1.00865
vinp                                   2.29135
vinn                                   1.00865
clks_src                                     0
clks                                         0
cmp_noise                           0.00291117
xcore.xcdacp.vbot1                         2.5
dctrlp1                                      0
xcore.vresp_raw                    0.000545309
xcore.xcdacp.vbot2                         2.5
dctrlp2                                      0
xcore.xcdacp.vbot3                         2.5
dctrlp3                                      0
xcore.xcdacp.vbot4                         2.5
dctrlp4                                      0
xcore.xcdacp.vbot5                         2.5
dctrlp5                                      0
xcore.xcdacp.vbot6                         2.5
dctrlp6                                      0
xcore.xcdacp.vbot7                         2.5
dctrlp7                                      0
xcore.xcdacp.x1.clksb                      3.3
xcore.xcdacp.x1.net2               1.37393e-10
xcore.xcdacp.x1.net1                       3.3
xcore.xcdacp.x1.bottom_gate        6.14908e-09
xcore.xcdacp.x1.net4               3.07076e-09
xcore.xcdacp.x1.net3                       3.3
xcore.xcdacn.vbot1                         2.5
dctrln1                                      0
xcore.vresn_raw                     0.00100845
xcore.xcdacn.vbot2                         2.5
dctrln2                                      0
xcore.xcdacn.vbot3                         2.5
dctrln3                                      0
xcore.xcdacn.vbot4                         2.5
dctrln4                                      0
xcore.xcdacn.vbot5                         2.5
dctrln5                                      0
xcore.xcdacn.vbot6                         2.5
dctrln6                                      0
xcore.xcdacn.vbot7                         2.5
dctrln7                                      0
xcore.xcdacn.x1.clksb                      3.3
xcore.xcdacn.x1.net2               1.28569e-10
xcore.xcdacn.x1.net1                       3.3
xcore.xcdacn.x1.bottom_gate        6.14405e-09
xcore.xcdacn.x1.net4               3.07679e-09
xcore.xcdacn.x1.net3                       3.3
vresp                               0.00200089
vresn                              -0.00044714
xcore.xcmp.net1                      0.0229035
cmpck                                        0
xcore.xcmp.xp                              3.3
xcore.xcmp.xn                              3.3
xcore.xcmp.ln                              3.3
xcore.xcmp.lp                              3.3
dcmpn                              3.69822e-09
dcmpp                               3.6503e-09
sampled_diff                        0.00244803
input_diff                             1.28271
cmpck_drv                                    0
dctrlp7_drv                                  0
dctrlp6_drv                                  0
dctrlp5_drv                                  0
dctrlp4_drv                                  0
dctrlp3_drv                                  0
dctrlp2_drv                                  0
dctrlp1_drv                                  0
dctrln7_drv                                  0
dctrln6_drv                                  0
dctrln5_drv                                  0
dctrln4_drv                                  0
dctrln3_drv                                  0
dctrln2_drv                                  0
dctrln1_drv                                  0
dout7_drv                                    0
dout6_drv                                    0
dout5_drv                                    0
dout4_drv                                    0
dout3_drv                                    0
dout2_drv                                    0
dout1_drv                                    0
dout0_drv                                    0
eoc                                          0
invalid0                                     0
timeout0                                     0
complete                                     0
dout7_rx                                     0
dout6_rx                                     0
dout5_rx                                     0
dout4_rx                                     0
dout3_rx                                     0
dout2_rx                                     0
dout1_rx                                     0
dout0_rx                                     0
e_input_diff#branch               -1.28271e-10
e_sample_diff#branch              -2.44803e-13
e.xcore.e_cmp_noise_n#branch        4.4714e-14
e.xcore.e_cmp_noise_p#branch      -2.00089e-13
vcmp_noise#branch                 -2.91117e-13
vclks_id#branch                              0
vvinn_id#branch                   -4.15754e-10
vvinp_id#branch                   -9.44412e-10
vvrefn_id#branch                  -1.76652e-09
vvrefp_id#branch                  -1.52075e-08
vvdd#branch                       -1.77531e-08
a_status#branch_1_0                          0
a_status#branch_1_1                          0
a_status#branch_1_2                          0
a_status#branch_1_3                          0
a_dout#branch_1_0                            0
a_dout#branch_1_1                            0
a_dout#branch_1_2                            0
a_dout#branch_1_3                            0
a_dout#branch_1_4                            0
a_dout#branch_1_5                            0
a_dout#branch_1_6                            0
a_dout#branch_1_7                            0
a_dctrln#branch_1_0                          0
a_dctrln#branch_1_1                          0
a_dctrln#branch_1_2                          0
a_dctrln#branch_1_3                          0
a_dctrln#branch_1_4                          0
a_dctrln#branch_1_5                          0
a_dctrln#branch_1_6                          0
a_dctrlp#branch_1_0                          0
a_dctrlp#branch_1_1                          0
a_dctrlp#branch_1_2                          0
a_dctrlp#branch_1_3                          0
a_dctrlp#branch_1_4                          0
a_dctrlp#branch_1_5                          0
a_dctrlp#branch_1_6                          0
a_cmpck#branch_1_0                           0


Instance: abeh   Message: WARNING: output scheduled with impossible delay (-4.01e-12) at 5.01e-12/0.

Instance: abeh   Message: XSPICE time is behind vtime:
XSPICE 2.005185749158387e-07
Cosim  2.00548e-07

Instance: abeh   Message: XSPICE time is behind vtime:
XSPICE 7.005004842303212e-07
Cosim  7.00534e-07

Instance: abeh   Message: XSPICE time is behind vtime:
XSPICE 1.200535729328992e-06
Cosim  1.200551e-06

Instance: abeh   Message: XSPICE time is behind vtime:
XSPICE 2.200534222275691e-06
Cosim  2.200543e-06

Instance: abeh   Message: XSPICE time is behind vtime:
XSPICE 2.700522474824393e-06
Cosim  2.700556e-06

Instance: abeh   Message: XSPICE time is behind vtime:
XSPICE 3.200515522947191e-06
Cosim  3.200549e-06

Instance: abeh   Message: XSPICE time is behind vtime:
XSPICE 4.700530887438259e-06
Cosim  4.700556e-06

Instance: abeh   Message: XSPICE time is behind vtime:
XSPICE 5.200523484232792e-06
Cosim  5.200557e-06

Instance: abeh   Message: XSPICE time is behind vtime:
XSPICE 5.700529294680154e-06
Cosim  5.70055e-06

Instance: abeh   Message: XSPICE time is behind vtime:
XSPICE 7.200516474816237e-06
Cosim  7.20055e-06

Instance: abeh   Message: XSPICE time is behind vtime:
XSPICE 7.700518474818416e-06
Cosim  7.700551999999999e-06

Instance: abeh   Message: XSPICE time is behind vtime:
XSPICE 9.200529818469193e-06
Cosim  9.20055e-06

Instance: abeh   Message: XSPICE time is behind vtime:
XSPICE 9.700523484234066e-06
Cosim  9.700557000000001e-06

Instance: abeh   Message: XSPICE time is behind vtime:
XSPICE 1.020050542618694e-05
Cosim  1.0200531e-05

Instance: abeh   Message: XSPICE time is behind vtime:
XSPICE 1.170051685017319e-05
Cosim  1.170055e-05

Instance: abeh   Message: XSPICE time is behind vtime:
XSPICE 1.220052347482581e-05
Cosim  1.2200557e-05

Instance: abeh   Message: XSPICE time is behind vtime:
XSPICE 1.270053059932742e-05
Cosim  1.270054e-05

Instance: abeh   Message: XSPICE time is behind vtime:
XSPICE 1.370053629981542e-05
Cosim  1.3700551e-05

Instance: abeh   Message: XSPICE time is behind vtime:
XSPICE 1.420050048423156e-05
Cosim  1.4200534e-05

Instance: abeh   Message: XSPICE time is behind vtime:
XSPICE 1.470051817170396e-05
Cosim  1.4700548e-05

Instance: abeh   Message: XSPICE time is behind vtime:
XSPICE 1.62005185244465e-05
Cosim  1.6200548e-05

Instance: abeh   Message: XSPICE time is behind vtime:
XSPICE 1.670052347483349e-05
Cosim  1.6700557e-05

Instance: abeh   Message: XSPICE time is behind vtime:
XSPICE 1.720053565955036e-05
Cosim  1.7200551e-05

Instance: abeh   Message: XSPICE time is behind vtime:
XSPICE 1.82005322874223e-05
Cosim  1.8200541e-05

Instance: abeh   Message: XSPICE time is behind vtime:
XSPICE 1.870052248422419e-05
Cosim  1.8700556e-05

Instance: abeh   Message: XSPICE time is behind vtime:
XSPICE 1.920051557730998e-05
Cosim  1.9200549e-05

Instance: abeh   Message: XSPICE time is behind vtime:
XSPICE 2.070053083523057e-05
Cosim  2.0700556e-05

Instance: abeh   Message: XSPICE time is behind vtime:
XSPICE 2.120052247483711e-05
Cosim  2.1200556e-05

Instance: abeh   Message: XSPICE time is behind vtime:
XSPICE 2.170052823836247e-05
Cosim  2.1700549e-05

Instance: abeh   Message: XSPICE time is behind vtime:
XSPICE 2.320051548421889e-05
Cosim  2.3200549e-05

Instance: abeh   Message: XSPICE time is behind vtime:
XSPICE 2.370051648421802e-05
Cosim  2.370055e-05

Instance: abeh   Message: XSPICE time is behind vtime:
XSPICE 2.520052875300491e-05
Cosim  2.5200549e-05

Instance: abeh   Message: XSPICE time is behind vtime:
XSPICE 2.570052247483701e-05
Cosim  2.5700556e-05

Instance: abeh   Message: XSPICE time is behind vtime:
XSPICE 2.620053037696099e-05
Cosim  2.6200556e-05

Instance: abeh   Message: XSPICE time is behind vtime:
XSPICE 2.770051590003935e-05
Cosim  2.7700549e-05

Instance: abeh   Message: XSPICE time is behind vtime:
XSPICE 2.820052348422487e-05
Cosim  2.8200557e-05

Instance: abeh   Message: XSPICE time is behind vtime:
XSPICE 2.870052966596955e-05
Cosim  2.8700539e-05

Instance: abeh   Message: XSPICE time is behind vtime:
XSPICE 2.970053623733124e-05
Cosim  2.9700551e-05

Instance: abeh   Message: XSPICE time is behind vtime:
XSPICE 3.020052347483325e-05
Cosim  3.0200557e-05

Instance: abeh   Message: XSPICE time is behind vtime:
XSPICE 3.070051812694581e-05
Cosim  3.0700548e-05

Instance: abeh   Message: XSPICE time is behind vtime:
XSPICE 3.220051857098615e-05
Cosim  3.2200548e-05

Instance: abeh   Message: XSPICE time is behind vtime:
XSPICE 3.270050048423009e-05
Cosim  3.2700534e-05

Instance: abeh   Message: XSPICE time is behind vtime:
XSPICE 3.320053573179839e-05
Cosim  3.3200551e-05

No. of Data Rows : 735325
f000_d7             =  3.30000e+00
f000_d6             =  3.30000e+00
f000_d5             =  0.00000e+00
f000_d4             =  3.30000e+00
f000_d3             =  3.30000e+00
f000_d2             =  3.30000e+00
f000_d1             =  3.30000e+00
f000_d0             =  3.30000e+00
f000_complete       =  3.30000e+00
f000_invalid        =  0.00000e+00
f000_timeout        =  0.00000e+00
f000_sampled        =  1.28562e+00
f000_input          =  1.28271e+00
f000_tcomplete      =  3.75498e-07
f001_d7             =  3.30000e+00
f001_d6             =  3.30000e+00
f001_d5             =  3.30000e+00
f001_d4             =  4.52518e-297
f001_d3             =  3.30000e+00
f001_d2             =  3.30000e+00
f001_d1             =  3.30000e+00
f001_d0             =  3.30000e+00
f001_complete       =  3.30000e+00
f001_invalid        =  0.00000e+00
f001_timeout        =  0.00000e+00
f001_sampled        =  1.48967e+00
f001_input          =  1.48482e+00
f001_tcomplete      =  8.75484e-07
f002_d7             =  3.30000e+00
f002_d6             =  3.30000e+00
f002_d5             =  5.28862e-297
f002_d4             =  4.08882e-312
f002_d3             =  3.30000e+00
f002_d2             =  5.28862e-297
f002_d1             =  3.30000e+00
f002_d0             =  3.30000e+00
f002_complete       =  3.30000e+00
f002_invalid        =  0.00000e+00
f002_timeout        =  0.00000e+00
f002_sampled        =  1.01104e+00
f002_input          =  1.01270e+00
f002_tcomplete      =  1.37550e-06
f003_d7             =  3.30000e+00
f003_d6             =  5.10508e-297
f003_d5             =  4.08882e-312
f003_d4             =  4.08882e-312
f003_d3             =  5.10508e-297
f003_d2             =  3.30000e+00
f003_d1             =  5.10508e-297
f003_d0             =  5.10508e-297
f003_complete       =  3.30000e+00
f003_invalid        =  0.00000e+00
f003_timeout        =  0.00000e+00
f003_sampled        =  7.91026e-02
f003_input          =  8.10947e-02
f003_tcomplete      =  1.87550e-06
f004_d7             =  4.85351e-297
f004_d6             =  4.08882e-312
f004_d5             =  3.30000e+00
f004_d4             =  3.30000e+00
f004_d3             =  3.30000e+00
f004_d2             =  4.85351e-297
f004_d1             =  3.30000e+00
f004_d0             =  3.30000e+00
f004_complete       =  3.30000e+00
f004_invalid        =  0.00000e+00
f004_timeout        =  0.00000e+00
f004_sampled        =  -8.86708e-01
f004_input          =  -8.87546e-01
f004_tcomplete      =  2.37549e-06
f005_d7             =  4.08882e-312
f005_d6             =  4.08882e-312
f005_d5             =  5.44588e-297
f005_d4             =  3.30000e+00
f005_d3             =  5.44588e-297
f005_d2             =  4.08882e-312
f005_d1             =  5.44588e-297
f005_d0             =  3.30000e+00
f005_complete       =  3.30000e+00
f005_invalid        =  0.00000e+00
f005_timeout        =  0.00000e+00
f005_sampled        =  -1.45156e+00
f005_input          =  -1.45317e+00
f005_tcomplete      =  2.87551e-06
f006_d7             =  4.08882e-312
f006_d6             =  4.08882e-312
f006_d5             =  4.08882e-312
f006_d4             =  3.30000e+00
f006_d3             =  3.30000e+00
f006_d2             =  4.08882e-312
f006_d1             =  4.08882e-312
f006_d0             =  5.06829e-297
f006_complete       =  3.30000e+00
f006_invalid        =  0.00000e+00
f006_timeout        =  0.00000e+00
f006_sampled        =  -1.36012e+00
f006_input          =  -1.35914e+00
f006_tcomplete      =  3.37550e-06
f007_d7             =  4.08882e-312
f007_d6             =  3.30000e+00
f007_d5             =  4.08882e-312
f007_d4             =  5.28102e-297
f007_d3             =  3.30000e+00
f007_d2             =  3.30000e+00
f007_d1             =  3.30000e+00
f007_d0             =  4.08882e-312
f007_complete       =  3.30000e+00
f007_invalid        =  0.00000e+00
f007_timeout        =  0.00000e+00
f007_sampled        =  -6.49180e-01
f007_input          =  -6.47999e-01
f007_tcomplete      =  3.87550e-06
f008_d7             =  3.30000e+00
f008_d6             =  5.28746e-297
f008_d5             =  4.08882e-312
f008_d4             =  3.30000e+00
f008_d3             =  3.30000e+00
f008_d2             =  5.28746e-297
f008_d1             =  3.30000e+00
f008_d0             =  4.08882e-312
f008_complete       =  3.30000e+00
f008_invalid        =  0.00000e+00
f008_timeout        =  0.00000e+00
f008_sampled        =  3.58643e-01
f008_input          =  3.57363e-01
f008_tcomplete      =  4.37551e-06
f009_d7             =  3.30000e+00
f009_d6             =  3.30000e+00
f009_d5             =  4.08882e-312
f009_d4             =  3.30000e+00
f009_d3             =  3.30000e+00
f009_d2             =  4.08882e-312
f009_d1             =  5.24397e-297
f009_d0             =  3.30000e+00
f009_complete       =  3.30000e+00
f009_invalid        =  0.00000e+00
f009_timeout        =  0.00000e+00
f009_sampled        =  1.19998e+00
f009_input          =  1.20048e+00
f009_tcomplete      =  4.87551e-06
f010_d7             =  3.30000e+00
f010_d6             =  3.30000e+00
f010_d5             =  3.30000e+00
f010_d4             =  5.27394e-297
f010_d3             =  3.30000e+00
f010_d2             =  3.30000e+00
f010_d1             =  3.30000e+00
f010_d0             =  3.30000e+00
f010_complete       =  3.30000e+00
f010_invalid        =  0.00000e+00
f010_timeout        =  0.00000e+00
f010_sampled        =  1.49936e+00
f010_input          =  1.49846e+00
f010_tcomplete      =  5.37551e-06
f011_d7             =  3.30000e+00
f011_d6             =  3.30000e+00
f011_d5             =  5.06524e-297
f011_d4             =  3.30000e+00
f011_d3             =  5.06524e-297
f011_d2             =  5.06524e-297
f011_d1             =  3.30000e+00
f011_d0             =  3.30000e+00
f011_complete       =  3.30000e+00
f011_invalid        =  0.00000e+00
f011_timeout        =  0.00000e+00
f011_sampled        =  1.11787e+00
f011_input          =  1.11637e+00
f011_tcomplete      =  5.87550e-06
f012_d7             =  3.30000e+00
f012_d6             =  5.44797e-297
f012_d5             =  4.08882e-312
f012_d4             =  3.30000e+00
f012_d3             =  4.08882e-312
f012_d2             =  4.08882e-312
f012_d1             =  5.44797e-297
f012_d0             =  5.44797e-297
f012_complete       =  3.30000e+00
f012_invalid        =  0.00000e+00
f012_timeout        =  0.00000e+00
f012_sampled        =  2.26956e-01
f012_input          =  2.27366e-01
f012_tcomplete      =  6.37551e-06
f013_d7             =  5.03480e-297
f013_d6             =  3.30000e+00
f013_d5             =  4.08882e-312
f013_d4             =  5.03480e-297
f013_d3             =  4.08882e-312
f013_d2             =  3.30000e+00
f013_d1             =  4.08882e-312
f013_d0             =  3.30000e+00
f013_complete       =  3.30000e+00
f013_invalid        =  0.00000e+00
f013_timeout        =  0.00000e+00
f013_sampled        =  -7.65883e-01
f013_input          =  -7.64829e-01
f013_tcomplete      =  6.87550e-06
f014_d7             =  4.08882e-312
f014_d6             =  5.05426e-297
f014_d5             =  4.08882e-312
f014_d4             =  3.30000e+00
f014_d3             =  4.08882e-312
f014_d2             =  3.30000e+00
f014_d1             =  4.08882e-312
f014_d0             =  5.05426e-297
f014_complete       =  3.30000e+00
f014_invalid        =  0.00000e+00
f014_timeout        =  0.00000e+00
f014_sampled        =  -1.40812e+00
f014_input          =  -1.40978e+00
f014_tcomplete      =  7.37550e-06
f015_d7             =  4.08882e-312
f015_d6             =  4.08882e-312
f015_d5             =  4.08882e-312
f015_d4             =  3.30000e+00
f015_d3             =  4.08882e-312
f015_d2             =  3.30000e+00
f015_d1             =  4.08882e-312
f015_d0             =  4.08882e-312
f015_complete       =  3.30000e+00
f015_invalid        =  0.00000e+00
f015_timeout        =  0.00000e+00
f015_sampled        =  -1.41541e+00
f015_input          =  -1.41471e+00
f015_tcomplete      =  7.87550e-06
f016_d7             =  4.08882e-312
f016_d6             =  3.30000e+00
f016_d5             =  4.08882e-312
f016_d4             =  5.15091e-297
f016_d3             =  4.08882e-312
f016_d2             =  3.30000e+00
f016_d1             =  4.08882e-312
f016_d0             =  4.08882e-312
f016_complete       =  3.30000e+00
f016_invalid        =  0.00000e+00
f016_timeout        =  0.00000e+00
f016_sampled        =  -7.78647e-01
f016_input          =  -7.77318e-01
f016_tcomplete      =  8.37550e-06
f017_d7             =  3.30000e+00
f017_d6             =  5.26404e-297
f017_d5             =  4.08882e-312
f017_d4             =  4.08882e-312
f017_d3             =  3.30000e+00
f017_d2             =  3.30000e+00
f017_d1             =  3.30000e+00
f017_d0             =  4.08882e-312
f017_complete       =  3.30000e+00
f017_invalid        =  0.00000e+00
f017_timeout        =  0.00000e+00
f017_sampled        =  2.12146e-01
f017_input          =  2.12836e-01
f017_tcomplete      =  8.87550e-06
f018_d7             =  3.30000e+00
f018_d6             =  3.30000e+00
f018_d5             =  4.08882e-312
f018_d4             =  3.30000e+00
f018_d3             =  5.10236e-297
f018_d2             =  5.10236e-297
f018_d1             =  3.30000e+00
f018_d0             =  4.08882e-312
f018_complete       =  3.30000e+00
f018_invalid        =  0.00000e+00
f018_timeout        =  0.00000e+00
f018_sampled        =  1.10450e+00
f018_input          =  1.10641e+00
f018_tcomplete      =  9.37550e-06
f019_d7             =  3.30000e+00
f019_d6             =  3.30000e+00
f019_d5             =  3.30000e+00
f019_d4             =  3.30000e+00
f019_d3             =  4.08882e-312
f019_d2             =  4.08882e-312
f019_d1             =  5.35297e-297
f019_d0             =  4.08882e-312
f019_complete       =  3.30000e+00
f019_invalid        =  0.00000e+00
f019_timeout        =  0.00000e+00
f019_sampled        =  1.49727e+00
f019_input          =  1.49779e+00
f019_tcomplete      =  9.87551e-06
f020_d7             =  3.30000e+00
f020_d6             =  3.30000e+00
f020_d5             =  4.47790e-297
f020_d4             =  3.30000e+00
f020_d3             =  3.30000e+00
f020_d2             =  4.08882e-312
f020_d1             =  3.30000e+00
f020_d0             =  4.08882e-312
f020_complete       =  3.30000e+00
f020_invalid        =  0.00000e+00
f020_timeout        =  0.00000e+00
f020_sampled        =  1.20905e+00
f020_input          =  1.20926e+00
f020_tcomplete      =  1.03755e-05
f021_d7             =  3.30000e+00
f021_d6             =  4.55040e-297
f021_d5             =  4.08882e-312
f021_d4             =  3.30000e+00
f021_d3             =  3.30000e+00
f021_d2             =  4.08882e-312
f021_d1             =  3.30000e+00
f021_d0             =  3.30000e+00
f021_complete       =  3.30000e+00
f021_invalid        =  0.00000e+00
f021_timeout        =  0.00000e+00
f021_sampled        =  3.72549e-01
f021_input          =  3.71645e-01
f021_tcomplete      =  1.08755e-05
f022_d7             =  5.21851e-297
f022_d6             =  3.30000e+00
f022_d5             =  4.08882e-312
f022_d4             =  5.21851e-297
f022_d3             =  3.30000e+00
f022_d2             =  3.30000e+00
f022_d1             =  3.30000e+00
f022_d0             =  3.30000e+00
f022_complete       =  3.30000e+00
f022_invalid        =  0.00000e+00
f022_timeout        =  0.00000e+00
f022_sampled        =  -6.37997e-01
f022_input          =  -6.34678e-01
f022_tcomplete      =  1.13755e-05
f023_d7             =  4.08882e-312
f023_d6             =  5.04900e-297
f023_d5             =  4.08882e-312
f023_d4             =  3.30000e+00
f023_d3             =  3.30000e+00
f023_d2             =  5.04900e-297
f023_d1             =  5.04900e-297
f023_d0             =  3.30000e+00
f023_complete       =  3.30000e+00
f023_invalid        =  0.00000e+00
f023_timeout        =  0.00000e+00
f023_sampled        =  -1.35291e+00
f023_input          =  -1.35290e+00
f023_tcomplete      =  1.18755e-05
f024_d7             =  4.08882e-312
f024_d6             =  4.08882e-312
f024_d5             =  4.08882e-312
f024_d4             =  3.30000e+00
f024_d3             =  5.47649e-297
f024_d2             =  4.08882e-312
f024_d1             =  4.08882e-312
f024_d0             =  3.30000e+00
f024_complete       =  3.30000e+00
f024_invalid        =  0.00000e+00
f024_timeout        =  0.00000e+00
f024_sampled        =  -1.45624e+00
f024_input          =  -1.45673e+00
f024_tcomplete      =  1.23755e-05
f025_d7             =  4.08882e-312
f025_d6             =  4.08882e-312
f025_d5             =  3.30000e+00
f025_d4             =  3.30000e+00
f025_d3             =  3.30000e+00
f025_d2             =  4.08882e-312
f025_d1             =  3.30000e+00
f025_d0             =  3.30000e+00
f025_complete       =  3.30000e+00
f025_invalid        =  0.00000e+00
f025_timeout        =  0.00000e+00
f025_sampled        =  -8.97275e-01
f025_input          =  -8.99421e-01
f025_tcomplete      =  1.28755e-05
f026_d7             =  3.30000e+00
f026_d6             =  4.08882e-312
f026_d5             =  5.08249e-297
f026_d4             =  5.08249e-297
f026_d3             =  5.08249e-297
f026_d2             =  3.30000e+00
f026_d1             =  5.08249e-297
f026_d0             =  5.08249e-297
f026_complete       =  3.30000e+00
f026_invalid        =  0.00000e+00
f026_timeout        =  0.00000e+00
f026_sampled        =  6.83721e-02
f026_input          =  6.61697e-02
f026_tcomplete      =  1.33755e-05
f027_d7             =  3.30000e+00
f027_d6             =  3.30000e+00
f027_d5             =  4.08882e-312
f027_d4             =  4.08882e-312
f027_d3             =  3.30000e+00
f027_d2             =  5.11476e-297
f027_d1             =  3.30000e+00
f027_d0             =  4.08882e-312
f027_complete       =  3.30000e+00
f027_invalid        =  0.00000e+00
f027_timeout        =  0.00000e+00
f027_sampled        =  9.99408e-01
f027_input          =  1.00185e+00
f027_tcomplete      =  1.38755e-05
f028_d7             =  3.30000e+00
f028_d6             =  3.30000e+00
f028_d5             =  3.30000e+00
f028_d4             =  4.08882e-312
f028_d3             =  3.30000e+00
f028_d2             =  3.30000e+00
f028_d1             =  3.30000e+00
f028_d0             =  4.08882e-312
f028_complete       =  3.30000e+00
f028_invalid        =  0.00000e+00
f028_timeout        =  0.00000e+00
f028_sampled        =  1.48201e+00
f028_input          =  1.48276e+00
f028_tcomplete      =  1.43755e-05
f029_d7             =  3.30000e+00
f029_d6             =  3.30000e+00
f029_d5             =  3.30000e+00
f029_d4             =  4.08882e-312
f029_d3             =  5.23257e-297
f029_d2             =  5.23257e-297
f029_d1             =  5.23257e-297
f029_d0             =  4.08882e-312
f029_complete       =  3.30000e+00
f029_invalid        =  0.00000e+00
f029_timeout        =  0.00000e+00
f029_sampled        =  1.29220e+00
f029_input          =  1.29042e+00
f029_tcomplete      =  1.48755e-05
f030_d7             =  3.30000e+00
f030_d6             =  4.49303e-297
f030_d5             =  3.30000e+00
f030_d4             =  4.08882e-312
f030_d3             =  4.08882e-312
f030_d2             =  3.30000e+00
f030_d1             =  4.08882e-312
f030_d0             =  3.30000e+00
f030_complete       =  3.30000e+00
f030_invalid        =  0.00000e+00
f030_timeout        =  0.00000e+00
f030_sampled        =  5.12033e-01
f030_input          =  5.12271e-01
f030_tcomplete      =  1.53755e-05
f031_d7             =  4.67313e-297
f031_d6             =  3.30000e+00
f031_d5             =  4.67313e-297
f031_d4             =  3.30000e+00
f031_d3             =  3.30000e+00
f031_d2             =  4.67313e-297
f031_d1             =  4.08882e-312
f031_d0             =  3.30000e+00
f031_complete       =  3.30000e+00
f031_invalid        =  0.00000e+00
f031_timeout        =  0.00000e+00
f031_sampled        =  -4.98241e-01
f031_input          =  -4.98411e-01
f031_tcomplete      =  1.58755e-05
f032_d7             =  4.08882e-312
f032_d6             =  5.08342e-297
f032_d5             =  4.08882e-312
f032_d4             =  3.30000e+00
f032_d3             =  3.30000e+00
f032_d2             =  3.30000e+00
f032_d1             =  3.30000e+00
f032_d0             =  5.08342e-297
f032_complete       =  3.30000e+00
f032_invalid        =  0.00000e+00
f032_timeout        =  0.00000e+00
f032_sampled        =  -1.28339e+00
f032_input          =  -1.28275e+00
f032_tcomplete      =  1.63755e-05
f033_d7             =  4.08882e-312
f033_d6             =  4.08882e-312
f033_d5             =  4.08882e-312
f033_d4             =  5.31456e-297
f033_d3             =  3.30000e+00
f033_d2             =  3.30000e+00
f033_d1             =  3.30000e+00
f033_d0             =  3.30000e+00
f033_complete       =  3.30000e+00
f033_invalid        =  0.00000e+00
f033_timeout        =  0.00000e+00
f033_sampled        =  -1.48260e+00
f033_input          =  -1.48478e+00
f033_tcomplete      =  1.68755e-05
f034_d7             =  4.08882e-312
f034_d6             =  4.08882e-312
f034_d5             =  3.30000e+00
f034_d4             =  3.30000e+00
f034_d3             =  5.09340e-297
f034_d2             =  5.09340e-297
f034_d1             =  3.30000e+00
f034_d0             =  5.09340e-297
f034_complete       =  3.30000e+00
f034_invalid        =  0.00000e+00
f034_timeout        =  0.00000e+00
f034_sampled        =  -1.01032e+00
f034_input          =  -1.01284e+00
f034_tcomplete      =  1.73755e-05
f035_d7             =  4.08882e-312
f035_d6             =  3.30000e+00
f035_d5             =  3.30000e+00
f035_d4             =  3.30000e+00
f035_d3             =  3.30000e+00
f035_d2             =  4.08882e-312
f035_d1             =  5.09965e-297
f035_d0             =  4.08882e-312
f035_complete       =  3.30000e+00
f035_invalid        =  0.00000e+00
f035_timeout        =  0.00000e+00
f035_sampled        =  -7.95987e-02
f035_input          =  -8.10407e-02
f035_tcomplete      =  1.78755e-05
f036_d7             =  3.30000e+00
f036_d6             =  3.30000e+00
f036_d5             =  4.80971e-297
f036_d4             =  4.80971e-297
f036_d3             =  4.80971e-297
f036_d2             =  4.08882e-312
f036_d1             =  3.30000e+00
f036_d0             =  4.08882e-312
f036_complete       =  3.30000e+00
f036_invalid        =  0.00000e+00
f036_timeout        =  0.00000e+00
f036_sampled        =  8.86302e-01
f036_input          =  8.87604e-01
f036_tcomplete      =  1.83755e-05
f037_d7             =  3.30000e+00
f037_d6             =  3.30000e+00
f037_d5             =  3.30000e+00
f037_d4             =  4.08882e-312
f037_d3             =  3.30000e+00
f037_d2             =  3.30000e+00
f037_d1             =  5.27131e-297
f037_d0             =  4.08882e-312
f037_complete       =  3.30000e+00
f037_invalid        =  0.00000e+00
f037_timeout        =  0.00000e+00
f037_sampled        =  1.45319e+00
f037_input          =  1.45329e+00
f037_tcomplete      =  1.88755e-05
f038_d7             =  3.30000e+00
f038_d6             =  3.30000e+00
f038_d5             =  3.30000e+00
f038_d4             =  4.08882e-312
f038_d3             =  5.03545e-297
f038_d2             =  3.30000e+00
f038_d1             =  4.08882e-312
f038_d0             =  3.30000e+00
f038_complete       =  3.30000e+00
f038_invalid        =  0.00000e+00
f038_timeout        =  0.00000e+00
f038_sampled        =  1.35782e+00
f038_input          =  1.35899e+00
f038_tcomplete      =  1.93755e-05
f039_d7             =  3.30000e+00
f039_d6             =  5.12426e-297
f039_d5             =  3.30000e+00
f039_d4             =  4.08882e-312
f039_d3             =  3.30000e+00
f039_d2             =  3.30000e+00
f039_d1             =  3.30000e+00
f039_d0             =  3.30000e+00
f039_complete       =  3.30000e+00
f039_invalid        =  0.00000e+00
f039_timeout        =  0.00000e+00
f039_sampled        =  6.45981e-01
f039_input          =  6.48091e-01
f039_tcomplete      =  1.98755e-05
f040_d7             =  4.45155e-297
f040_d6             =  3.30000e+00
f040_d5             =  3.30000e+00
f040_d4             =  4.08882e-312
f040_d3             =  4.45155e-297
f040_d2             =  3.30000e+00
f040_d1             =  4.45155e-297
f040_d0             =  4.45155e-297
f040_complete       =  3.30000e+00
f040_invalid        =  0.00000e+00
f040_timeout        =  0.00000e+00
f040_sampled        =  -3.56976e-01
f040_input          =  -3.57366e-01
f040_tcomplete      =  2.03755e-05
f041_d7             =  4.08882e-312
f041_d6             =  5.37251e-297
f041_d5             =  3.30000e+00
f041_d4             =  4.08882e-312
f041_d3             =  4.08882e-312
f041_d2             =  3.30000e+00
f041_d1             =  4.08882e-312
f041_d0             =  4.08882e-312
f041_complete       =  3.30000e+00
f041_invalid        =  0.00000e+00
f041_timeout        =  0.00000e+00
f041_sampled        =  -1.20295e+00
f041_input          =  -1.20044e+00
f041_tcomplete      =  2.08755e-05
f042_d7             =  4.08882e-312
f042_d6             =  4.08882e-312
f042_d5             =  5.48793e-297
f042_d4             =  4.08882e-312
f042_d3             =  3.30000e+00
f042_d2             =  3.30000e+00
f042_d1             =  4.08882e-312
f042_d0             =  3.30000e+00
f042_complete       =  3.30000e+00
f042_invalid        =  0.00000e+00
f042_timeout        =  0.00000e+00
f042_sampled        =  -1.49876e+00
f042_input          =  -1.49856e+00
f042_tcomplete      =  2.13755e-05
f043_d7             =  4.08882e-312
f043_d6             =  4.08882e-312
f043_d5             =  3.30000e+00
f043_d4             =  4.08882e-312
f043_d3             =  3.30000e+00
f043_d2             =  5.35846e-297
f043_d1             =  3.30000e+00
f043_d0             =  5.35846e-297
f043_complete       =  3.30000e+00
f043_invalid        =  0.00000e+00
f043_timeout        =  0.00000e+00
f043_sampled        =  -1.11761e+00
f043_input          =  -1.11635e+00
f043_tcomplete      =  2.18755e-05
f044_d7             =  4.08882e-312
f044_d6             =  3.30000e+00
f044_d5             =  3.30000e+00
f044_d4             =  4.08882e-312
f044_d3             =  3.30000e+00
f044_d2             =  3.30000e+00
f044_d1             =  5.24762e-297
f044_d0             =  3.30000e+00
f044_complete       =  3.30000e+00
f044_invalid        =  0.00000e+00
f044_timeout        =  0.00000e+00
f044_sampled        =  -2.25831e-01
f044_input          =  -2.27361e-01
f044_tcomplete      =  2.23755e-05
f045_d7             =  3.30000e+00
f045_d6             =  5.03894e-297
f045_d5             =  3.30000e+00
f045_d4             =  3.30000e+00
f045_d3             =  3.30000e+00
f045_d2             =  5.03894e-297
f045_d1             =  4.08882e-312
f045_d0             =  5.03894e-297
f045_complete       =  3.30000e+00
f045_invalid        =  0.00000e+00
f045_timeout        =  0.00000e+00
f045_sampled        =  7.63387e-01
f045_input          =  7.64873e-01
f045_tcomplete      =  2.28755e-05
f046_d7             =  3.30000e+00
f046_d6             =  3.30000e+00
f046_d5             =  3.30000e+00
f046_d4             =  5.03612e-297
f046_d3             =  3.30000e+00
f046_d2             =  4.08882e-312
f046_d1             =  4.08882e-312
f046_d0             =  3.30000e+00
f046_complete       =  3.30000e+00
f046_invalid        =  0.00000e+00
f046_timeout        =  0.00000e+00
f046_sampled        =  1.40856e+00
f046_input          =  1.40978e+00
f046_tcomplete      =  2.33755e-05
f047_d7             =  3.30000e+00
f047_d6             =  3.30000e+00
f047_d5             =  3.30000e+00
f047_d4             =  4.08882e-312
f047_d3             =  3.30000e+00
f047_d2             =  4.08882e-312
f047_d1             =  4.08882e-312
f047_d0             =  3.30000e+00
f047_complete       =  3.30000e+00
f047_invalid        =  0.00000e+00
f047_timeout        =  0.00000e+00
f047_sampled        =  1.41973e+00
f047_input          =  1.41483e+00
f047_tcomplete      =  2.38755e-05
f048_d7             =  3.30000e+00
f048_d6             =  5.03360e-297
f048_d5             =  3.30000e+00
f048_d4             =  3.30000e+00
f048_d3             =  3.30000e+00
f048_d2             =  4.08882e-312
f048_d1             =  4.08882e-312
f048_d0             =  3.30000e+00
f048_complete       =  3.30000e+00
f048_invalid        =  0.00000e+00
f048_timeout        =  0.00000e+00
f048_sampled        =  7.77719e-01
f048_input          =  7.77460e-01
f048_tcomplete      =  2.43755e-05
f049_d7             =  5.27333e-297
f049_d6             =  3.30000e+00
f049_d5             =  3.30000e+00
f049_d4             =  5.27333e-297
f049_d3             =  3.30000e+00
f049_d2             =  3.30000e+00
f049_d1             =  3.30000e+00
f049_d0             =  5.27333e-297
f049_complete       =  3.30000e+00
f049_invalid        =  0.00000e+00
f049_timeout        =  0.00000e+00
f049_sampled        =  -2.11633e-01
f049_input          =  -2.12864e-01
f049_tcomplete      =  2.48755e-05
f050_d7             =  4.08882e-312
f050_d6             =  5.03523e-297
f050_d5             =  3.30000e+00
f050_d4             =  4.08882e-312
f050_d3             =  3.30000e+00
f050_d2             =  5.03523e-297
f050_d1             =  3.30000e+00
f050_d0             =  3.30000e+00
f050_complete       =  3.30000e+00
f050_invalid        =  0.00000e+00
f050_timeout        =  0.00000e+00
f050_sampled        =  -1.10904e+00
f050_input          =  -1.10654e+00
f050_tcomplete      =  2.53755e-05
f051_d7             =  4.08882e-312
f051_d6             =  4.08882e-312
f051_d5             =  5.31660e-297
f051_d4             =  4.08882e-312
f051_d3             =  3.30000e+00
f051_d2             =  3.30000e+00
f051_d1             =  3.30000e+00
f051_d0             =  5.31660e-297
f051_complete       =  3.30000e+00
f051_invalid        =  0.00000e+00
f051_timeout        =  0.00000e+00
f051_sampled        =  -1.49560e+00
f051_input          =  -1.49783e+00
f051_tcomplete      =  2.58755e-05
f052_d7             =  4.08882e-312
f052_d6             =  4.08882e-312
f052_d5             =  3.30000e+00
f052_d4             =  4.08882e-312
f052_d3             =  5.24196e-297
f052_d2             =  5.24196e-297
f052_d1             =  3.30000e+00
f052_d0             =  3.30000e+00
f052_complete       =  3.30000e+00
f052_invalid        =  0.00000e+00
f052_timeout        =  0.00000e+00
f052_sampled        =  -1.20920e+00
f052_input          =  -1.20918e+00
f052_tcomplete      =  2.63755e-05
f053_d7             =  4.08882e-312
f053_d6             =  3.30000e+00
f053_d5             =  3.30000e+00
f053_d4             =  4.08882e-312
f053_d3             =  4.08882e-312
f053_d2             =  4.08882e-312
f053_d1             =  3.30000e+00
f053_d0             =  5.23760e-297
f053_complete       =  3.30000e+00
f053_invalid        =  0.00000e+00
f053_timeout        =  0.00000e+00
f053_sampled        =  -3.69601e-01
f053_input          =  -3.71504e-01
f053_tcomplete      =  2.68755e-05
f054_d7             =  3.30000e+00
f054_d6             =  4.72300e-297
f054_d5             =  3.30000e+00
f054_d4             =  4.08882e-312
f054_d3             =  3.30000e+00
f054_d2             =  3.30000e+00
f054_d1             =  3.30000e+00
f054_d0             =  4.08882e-312
f054_complete       =  3.30000e+00
f054_invalid        =  0.00000e+00
f054_timeout        =  0.00000e+00
f054_sampled        =  6.36152e-01
f054_input          =  6.34739e-01
f054_tcomplete      =  2.73755e-05
f055_d7             =  3.30000e+00
f055_d6             =  3.30000e+00
f055_d5             =  3.30000e+00
f055_d4             =  4.08882e-312
f055_d3             =  5.01282e-297
f055_d2             =  3.30000e+00
f055_d1             =  5.01282e-297
f055_d0             =  3.30000e+00
f055_complete       =  3.30000e+00
f055_invalid        =  0.00000e+00
f055_timeout        =  0.00000e+00
f055_sampled        =  1.35254e+00
f055_input          =  1.35285e+00
f055_tcomplete      =  2.78755e-05
f056_d7             =  3.30000e+00
f056_d6             =  3.30000e+00
f056_d5             =  3.30000e+00
f056_d4             =  4.08882e-312
f056_d3             =  3.30000e+00
f056_d2             =  3.30000e+00
f056_d1             =  4.08882e-312
f056_d0             =  5.34121e-297
f056_complete       =  3.30000e+00
f056_invalid        =  0.00000e+00
f056_timeout        =  0.00000e+00
f056_sampled        =  1.45600e+00
f056_input          =  1.45683e+00
f056_tcomplete      =  2.83755e-05
f057_d7             =  3.30000e+00
f057_d6             =  3.30000e+00
f057_d5             =  4.73084e-297
f057_d4             =  4.08882e-312
f057_d3             =  4.73084e-297
f057_d2             =  4.73084e-297
f057_d1             =  3.30000e+00
f057_d0             =  4.08882e-312
f057_complete       =  3.30000e+00
f057_invalid        =  0.00000e+00
f057_timeout        =  0.00000e+00
f057_sampled        =  8.98024e-01
f057_input          =  8.99444e-01
f057_tcomplete      =  2.88755e-05
f058_d7             =  5.02975e-297
f058_d6             =  3.30000e+00
f058_d5             =  3.30000e+00
f058_d4             =  3.30000e+00
f058_d3             =  3.30000e+00
f058_d2             =  4.08882e-312
f058_d1             =  5.02975e-297
f058_d0             =  3.30000e+00
f058_complete       =  3.30000e+00
f058_invalid        =  0.00000e+00
f058_timeout        =  0.00000e+00
f058_sampled        =  -6.85052e-02
f058_input          =  -6.63013e-02
f058_tcomplete      =  2.93755e-05
f059_d7             =  4.08882e-312
f059_d6             =  5.09747e-297
f059_d5             =  3.30000e+00
f059_d4             =  3.30000e+00
f059_d3             =  5.09747e-297
f059_d2             =  4.08882e-312
f059_d1             =  3.30000e+00
f059_d0             =  3.30000e+00
f059_complete       =  3.30000e+00
f059_invalid        =  0.00000e+00
f059_timeout        =  0.00000e+00
f059_sampled        =  -1.00165e+00
f059_input          =  -1.00184e+00
f059_tcomplete      =  2.98755e-05
f060_d7             =  4.08882e-312
f060_d6             =  4.08882e-312
f060_d5             =  5.27911e-297
f060_d4             =  5.27911e-297
f060_d3             =  3.30000e+00
f060_d2             =  3.30000e+00
f060_d1             =  3.30000e+00
f060_d0             =  3.30000e+00
f060_complete       =  3.30000e+00
f060_invalid        =  0.00000e+00
f060_timeout        =  0.00000e+00
f060_sampled        =  -1.48322e+00
f060_input          =  -1.48270e+00
f060_tcomplete      =  3.03755e-05
f061_d7             =  4.08882e-312
f061_d6             =  4.08882e-312
f061_d5             =  4.08882e-312
f061_d4             =  3.30000e+00
f061_d3             =  3.30000e+00
f061_d2             =  3.30000e+00
f061_d1             =  5.04202e-297
f061_d0             =  3.30000e+00
f061_complete       =  3.30000e+00
f061_invalid        =  0.00000e+00
f061_timeout        =  0.00000e+00
f061_sampled        =  -1.29134e+00
f061_input          =  -1.29032e+00
f061_tcomplete      =  3.08755e-05
f062_d7             =  4.08882e-312
f062_d6             =  3.30000e+00
f062_d5             =  4.08882e-312
f062_d4             =  3.30000e+00
f062_d3             =  3.30000e+00
f062_d2             =  4.45506e-297
f062_d1             =  4.08882e-312
f062_d0             =  4.45506e-297
f062_complete       =  3.30000e+00
f062_invalid        =  0.00000e+00
f062_timeout        =  0.00000e+00
f062_sampled        =  -5.10544e-01
f062_input          =  -5.12293e-01
f062_tcomplete      =  3.13755e-05
f063_d7             =  3.30000e+00
f063_d6             =  4.57001e-297
f063_d5             =  3.30000e+00
f063_d4             =  4.57001e-297
f063_d3             =  4.57001e-297
f063_d2             =  3.30000e+00
f063_d1             =  4.08882e-312
f063_d0             =  4.08882e-312
f063_complete       =  3.30000e+00
f063_invalid        =  0.00000e+00
f063_timeout        =  0.00000e+00
f063_sampled        =  4.99011e-01
f063_input          =  4.98418e-01
f063_tcomplete      =  3.18755e-05
f064_d7             =  3.30000e+00
f064_d6             =  3.30000e+00
f064_d5             =  5.00507e-297
f064_d4             =  3.30000e+00
f064_d3             =  3.30000e+00
f064_d2             =  3.30000e+00
f064_d1             =  3.30000e+00
f064_d0             =  3.30000e+00
f064_complete       =  3.30000e+00
f064_invalid        =  0.00000e+00
f064_timeout        =  0.00000e+00
f064_sampled        =  1.28623e+00
f064_input          =  1.28281e+00
f064_tcomplete      =  3.23755e-05
f065_d7             =  3.30000e+00
f065_d6             =  3.30000e+00
f065_d5             =  3.30000e+00
f065_d4             =  4.63556e-297
f065_d3             =  3.30000e+00
f065_d2             =  3.30000e+00
f065_d1             =  3.30000e+00
f065_d0             =  4.63556e-297
f065_complete       =  3.30000e+00
f065_invalid        =  0.00000e+00
f065_timeout        =  0.00000e+00
f065_sampled        =  1.48479e+00
f065_input          =  1.48488e+00
f065_tcomplete      =  3.28755e-05
f066_d7             =  3.30000e+00
f066_d6             =  3.30000e+00
f066_d5             =  5.12907e-297
f066_d4             =  4.08882e-312
f066_d3             =  3.30000e+00
f066_d2             =  5.12907e-297
f066_d1             =  3.30000e+00
f066_d0             =  3.30000e+00
f066_complete       =  3.30000e+00
f066_invalid        =  0.00000e+00
f066_timeout        =  0.00000e+00
f066_sampled        =  1.01228e+00
f066_input          =  1.01265e+00
f066_tcomplete      =  3.33755e-05
f067_d7             =  3.30000e+00
f067_d6             =  5.06804e-297
f067_d5             =  4.08882e-312
f067_d4             =  4.08882e-312
f067_d3             =  5.06804e-297
f067_d2             =  3.30000e+00
f067_d1             =  5.06804e-297
f067_d0             =  3.30000e+00
f067_complete       =  3.30000e+00
f067_invalid        =  0.00000e+00
f067_timeout        =  0.00000e+00
f067_sampled        =  8.12463e-02
f067_input          =  8.08772e-02
f067_tcomplete      =  3.38755e-05
p_f000_cmp7_p0      =  -2.85764e-06
p_f000_cmp7_n0      =  -2.93778e-06
p_f000_cmp7_p5      =  3.30000e+00
p_f000_cmp7_n5      =  -1.78515e-06
p_f000_cmp6_p0      =  -8.23818e-06
p_f000_cmp6_n0      =  -8.22099e-06
p_f000_cmp6_p5      =  3.30000e+00
p_f000_cmp6_n5      =  -2.03512e-06
p_f000_cmp5_p0      =  -2.94258e-06
p_f000_cmp5_n0      =  -3.02390e-06
p_f000_cmp5_p5      =  -1.68024e-06
p_f000_cmp5_n5      =  3.30000e+00
p_f000_cmp4_p0      =  -2.94020e-06
p_f000_cmp4_n0      =  -3.02232e-06
p_f000_cmp4_p5      =  3.30000e+00
p_f000_cmp4_n5      =  -1.69076e-06
p_f000_cmp3_p0      =  -8.18455e-06
p_f000_cmp3_n0      =  -8.17469e-06
p_f000_cmp3_p5      =  3.30000e+00
p_f000_cmp3_n5      =  -2.00122e-06
p_f000_cmp2_p0      =  -8.18310e-06
p_f000_cmp2_n0      =  -8.17478e-06
p_f000_cmp2_p5      =  3.30000e+00
p_f000_cmp2_n5      =  -1.99690e-06
p_f000_cmp1_p0      =  -2.92986e-06
p_f000_cmp1_n0      =  -3.01204e-06
p_f000_cmp1_p5      =  3.30000e+00
p_f000_cmp1_n5      =  -1.68083e-06
p_f000_cmp0_p0      =  -9.31114e-06
p_f000_cmp0_n0      =  -9.33537e-06
p_f000_cmp0_p5      =  3.30000e+00
p_f000_cmp0_n5      =  -1.98889e-06
p_f000_dctrl7_p     =  3.30001e+00
p_f000_dctrl7_n     =  3.46743e-01
p_f000_dctrl6_p     =  3.26650e+00
p_f000_dctrl6_n     =  3.14712e-06
p_f000_dctrl5_p     =  -1.17525e-06
p_f000_dctrl5_n     =  3.29964e+00
p_f000_dctrl4_p     =  3.29999e+00
p_f000_dctrl4_n     =  -1.05723e-07
p_f000_dctrl3_p     =  3.30000e+00
p_f000_dctrl3_n     =  -2.46001e-08
p_f000_dctrl2_p     =  3.30000e+00
p_f000_dctrl2_n     =  -1.22805e-08
p_f000_dctrl1_p     =  3.30000e+00
p_f000_dctrl1_n     =  -6.04607e-09
p_f000_do7_drv_470  =  3.30000e+00
p_f000_do7_rx_470   =  3.30000e+00
p_f000_do6_drv_470  =  3.30000e+00
p_f000_do6_rx_470   =  3.30000e+00
p_f000_do5_drv_470  =  0.00000e+00
p_f000_do5_rx_470   =  0.00000e+00
p_f000_do4_drv_470  =  3.30000e+00
p_f000_do4_rx_470   =  3.30000e+00
p_f000_do3_drv_470  =  3.30000e+00
p_f000_do3_rx_470   =  3.30000e+00
p_f000_do2_drv_470  =  3.30000e+00
p_f000_do2_rx_470   =  3.30000e+00
p_f000_do1_drv_470  =  3.30000e+00
p_f000_do1_rx_470   =  3.30000e+00
p_f000_do0_drv_470  =  3.30000e+00
p_f000_do0_rx_470   =  3.30000e+00
p_f000_do7_drv_480  =  3.30000e+00
p_f000_do7_rx_480   =  3.30000e+00
p_f000_do6_drv_480  =  3.30000e+00
p_f000_do6_rx_480   =  3.30000e+00
p_f000_do5_drv_480  =  0.00000e+00
p_f000_do5_rx_480   =  0.00000e+00
p_f000_do4_drv_480  =  3.30000e+00
p_f000_do4_rx_480   =  3.30000e+00
p_f000_do3_drv_480  =  3.30000e+00
p_f000_do3_rx_480   =  3.30000e+00
p_f000_do2_drv_480  =  3.30000e+00
p_f000_do2_rx_480   =  3.30000e+00
p_f000_do1_drv_480  =  3.30000e+00
p_f000_do1_rx_480   =  3.30000e+00
p_f000_do0_drv_480  =  3.30000e+00
p_f000_do0_rx_480   =  3.30000e+00
p_f001_cmp7_p0      =  -2.43832e-06
p_f001_cmp7_n0      =  -2.50801e-06
p_f001_cmp7_p5      =  3.30000e+00
p_f001_cmp7_n5      =  -1.75282e-06
p_f001_cmp6_p0      =  -7.64951e-06
p_f001_cmp6_n0      =  -7.68816e-06
p_f001_cmp6_p5      =  3.30000e+00
p_f001_cmp6_n5      =  -1.98627e-06
p_f001_cmp5_p0      =  -2.52024e-06
p_f001_cmp5_n0      =  -2.59177e-06
p_f001_cmp5_p5      =  3.30000e+00
p_f001_cmp5_n5      =  -1.65126e-06
p_f001_cmp4_p0      =  -2.50634e-06
p_f001_cmp4_n0      =  -2.57620e-06
p_f001_cmp4_p5      =  -1.63307e-06
p_f001_cmp4_n5      =  3.30000e+00
p_f001_cmp3_p0      =  -7.58884e-06
p_f001_cmp3_n0      =  -7.63401e-06
p_f001_cmp3_p5      =  3.30000e+00
p_f001_cmp3_n5      =  -1.94767e-06
p_f001_cmp2_p0      =  -7.58729e-06
p_f001_cmp2_n0      =  -7.63347e-06
p_f001_cmp2_p5      =  3.30000e+00
p_f001_cmp2_n5      =  -1.94163e-06
p_f001_cmp1_p0      =  -2.49863e-06
p_f001_cmp1_n0      =  -2.56959e-06
p_f001_cmp1_p5      =  3.30000e+00
p_f001_cmp1_n5      =  -1.63524e-06
p_f001_cmp0_p0      =  -7.62856e-06
p_f001_cmp0_n0      =  -7.67151e-06
p_f001_cmp0_p5      =  3.30000e+00
p_f001_cmp0_n5      =  -1.93440e-06
p_f001_dctrl7_p     =  3.30001e+00
p_f001_dctrl7_n     =  3.45975e-01
p_f001_dctrl6_p     =  3.26663e+00
p_f001_dctrl6_n     =  3.50024e-06
p_f001_dctrl5_p     =  3.29965e+00
p_f001_dctrl5_n     =  -1.43794e-06
p_f001_dctrl4_p     =  -1.34050e-07
p_f001_dctrl4_n     =  3.29999e+00
p_f001_dctrl3_p     =  3.30000e+00
p_f001_dctrl3_n     =  -2.47048e-08
p_f001_dctrl2_p     =  3.30000e+00
p_f001_dctrl2_n     =  -1.23646e-08
p_f001_dctrl1_p     =  3.30000e+00
p_f001_dctrl1_n     =  -6.07082e-09
p_f001_do7_drv_470  =  3.30000e+00
p_f001_do7_rx_470   =  3.30000e+00
p_f001_do6_drv_470  =  3.30000e+00
p_f001_do6_rx_470   =  3.30000e+00
p_f001_do5_drv_470  =  3.30000e+00
p_f001_do5_rx_470   =  3.30000e+00
p_f001_do4_drv_470  =  0.00000e+00
p_f001_do4_rx_470   =  1.28890e-268
p_f001_do3_drv_470  =  3.30000e+00
p_f001_do3_rx_470   =  3.30000e+00
p_f001_do2_drv_470  =  3.30000e+00
p_f001_do2_rx_470   =  3.30000e+00
p_f001_do1_drv_470  =  3.30000e+00
p_f001_do1_rx_470   =  3.30000e+00
p_f001_do0_drv_470  =  3.30000e+00
p_f001_do0_rx_470   =  3.30000e+00
p_f001_do7_drv_480  =  3.30000e+00
p_f001_do7_rx_480   =  3.30000e+00
p_f001_do6_drv_480  =  3.30000e+00
p_f001_do6_rx_480   =  3.30000e+00
p_f001_do5_drv_480  =  3.30000e+00
p_f001_do5_rx_480   =  3.30000e+00
p_f001_do4_drv_480  =  0.00000e+00
p_f001_do4_rx_480   =  4.52518e-297
p_f001_do3_drv_480  =  3.30000e+00
p_f001_do3_rx_480   =  3.30000e+00
p_f001_do2_drv_480  =  3.30000e+00
p_f001_do2_rx_480   =  3.30000e+00
p_f001_do1_drv_480  =  3.30000e+00
p_f001_do1_rx_480   =  3.30000e+00
p_f001_do0_drv_480  =  3.30000e+00
p_f001_do0_rx_480   =  3.30000e+00
p_f002_cmp7_p0      =  -2.94673e-06
p_f002_cmp7_n0      =  -3.02942e-06
p_f002_cmp7_p5      =  3.30000e+00
p_f002_cmp7_n5      =  -1.78574e-06
p_f002_cmp6_p0      =  -8.35896e-06
p_f002_cmp6_n0      =  -8.33215e-06
p_f002_cmp6_p5      =  3.30000e+00
p_f002_cmp6_n5      =  -2.04345e-06
p_f002_cmp5_p0      =  -3.04274e-06
p_f002_cmp5_n0      =  -3.12575e-06
p_f002_cmp5_p5      =  -1.70044e-06
p_f002_cmp5_n5      =  3.30000e+00
p_f002_cmp4_p0      =  -3.02873e-06
p_f002_cmp4_n0      =  -3.11116e-06
p_f002_cmp4_p5      =  -1.69146e-06
p_f002_cmp4_n5      =  3.30000e+00
p_f002_cmp3_p0      =  -8.31037e-06
p_f002_cmp3_n0      =  -8.29053e-06
p_f002_cmp3_p5      =  3.30000e+00
p_f002_cmp3_n5      =  -2.00760e-06
p_f002_cmp2_p0      =  -8.30852e-06
p_f002_cmp2_n0      =  -8.29184e-06
p_f002_cmp2_p5      =  -1.99405e-06
p_f002_cmp2_n5      =  3.30000e+00
p_f002_cmp1_p0      =  -3.02252e-06
p_f002_cmp1_n0      =  -3.10627e-06
p_f002_cmp1_p5      =  3.30000e+00
p_f002_cmp1_n5      =  -1.69193e-06
p_f002_cmp0_p0      =  -7.95099e-06
p_f002_cmp0_n0      =  -7.91949e-06
p_f002_cmp0_p5      =  3.30000e+00
p_f002_cmp0_n5      =  -2.00637e-06
p_f002_dctrl7_p     =  3.30001e+00
p_f002_dctrl7_n     =  3.46906e-01
p_f002_dctrl6_p     =  3.26647e+00
p_f002_dctrl6_n     =  2.49794e-06
p_f002_dctrl5_p     =  -1.01192e-06
p_f002_dctrl5_n     =  3.29964e+00
p_f002_dctrl4_p     =  -1.31487e-07
p_f002_dctrl4_n     =  3.29999e+00
p_f002_dctrl3_p     =  3.30000e+00
p_f002_dctrl3_n     =  -2.71092e-08
p_f002_dctrl2_p     =  -1.35876e-08
p_f002_dctrl2_n     =  3.30000e+00
p_f002_dctrl1_p     =  3.30000e+00
p_f002_dctrl1_n     =  -6.13890e-09
p_f002_do7_drv_470  =  3.30000e+00
p_f002_do7_rx_470   =  3.30000e+00
p_f002_do6_drv_470  =  3.30000e+00
p_f002_do6_rx_470   =  3.30000e+00
p_f002_do5_drv_470  =  0.00000e+00
p_f002_do5_rx_470   =  1.50635e-268
p_f002_do4_drv_470  =  0.00000e+00
p_f002_do4_rx_470   =  4.08882e-312
p_f002_do3_drv_470  =  3.30000e+00
p_f002_do3_rx_470   =  3.30000e+00
p_f002_do2_drv_470  =  0.00000e+00
p_f002_do2_rx_470   =  1.50635e-268
p_f002_do1_drv_470  =  3.30000e+00
p_f002_do1_rx_470   =  3.30000e+00
p_f002_do0_drv_470  =  3.30000e+00
p_f002_do0_rx_470   =  3.30000e+00
p_f002_do7_drv_480  =  3.30000e+00
p_f002_do7_rx_480   =  3.30000e+00
p_f002_do6_drv_480  =  3.30000e+00
p_f002_do6_rx_480   =  3.30000e+00
p_f002_do5_drv_480  =  0.00000e+00
p_f002_do5_rx_480   =  5.28862e-297
p_f002_do4_drv_480  =  0.00000e+00
p_f002_do4_rx_480   =  4.08882e-312
p_f002_do3_drv_480  =  3.30000e+00
p_f002_do3_rx_480   =  3.30000e+00
p_f002_do2_drv_480  =  0.00000e+00
p_f002_do2_rx_480   =  5.28862e-297
p_f002_do1_drv_480  =  3.30000e+00
p_f002_do1_rx_480   =  3.30000e+00
p_f002_do0_drv_480  =  3.30000e+00
p_f002_do0_rx_480   =  3.30000e+00
p_f003_cmp7_p0      =  -2.88998e-06
p_f003_cmp7_n0      =  -2.97136e-06
p_f003_cmp7_p5      =  3.30000e+00
p_f003_cmp7_n5      =  -1.77374e-06
p_f003_cmp6_p0      =  -8.31838e-06
p_f003_cmp6_n0      =  -8.31052e-06
p_f003_cmp6_p5      =  -2.04591e-06
p_f003_cmp6_n5      =  3.30000e+00
p_f003_cmp5_p0      =  -3.01673e-06
p_f003_cmp5_n0      =  -3.09904e-06
p_f003_cmp5_p5      =  -1.69642e-06
p_f003_cmp5_n5      =  3.30000e+00
p_f003_cmp4_p0      =  -3.00058e-06
p_f003_cmp4_n0      =  -3.08238e-06
p_f003_cmp4_p5      =  -1.69103e-06
p_f003_cmp4_n5      =  3.30000e+00
p_f003_cmp3_p0      =  -8.26498e-06
p_f003_cmp3_n0      =  -8.25449e-06
p_f003_cmp3_p5      =  -1.99797e-06
p_f003_cmp3_n5      =  3.30000e+00
p_f003_cmp2_p0      =  -8.26682e-06
p_f003_cmp2_n0      =  -8.25250e-06
p_f003_cmp2_p5      =  3.30000e+00
p_f003_cmp2_n5      =  -2.00060e-06
p_f003_cmp1_p0      =  -2.99199e-06
p_f003_cmp1_n0      =  -3.07425e-06
p_f003_cmp1_p5      =  -1.68018e-06
p_f003_cmp1_n5      =  3.30000e+00
p_f003_cmp0_p0      =  -8.30891e-06
p_f003_cmp0_n0      =  -8.29142e-06
p_f003_cmp0_p5      =  -1.98348e-06
p_f003_cmp0_n5      =  3.30000e+00
p_f003_dctrl7_p     =  3.30001e+00
p_f003_dctrl7_n     =  3.46846e-01
p_f003_dctrl6_p     =  3.07761e-05
p_f003_dctrl6_n     =  3.26645e+00
p_f003_dctrl5_p     =  -1.09733e-06
p_f003_dctrl5_n     =  3.29964e+00
p_f003_dctrl4_p     =  -1.20053e-07
p_f003_dctrl4_n     =  3.29999e+00
p_f003_dctrl3_p     =  -2.77958e-08
p_f003_dctrl3_n     =  3.30000e+00
p_f003_dctrl2_p     =  3.30000e+00
p_f003_dctrl2_n     =  -1.32133e-08
p_f003_dctrl1_p     =  -6.20413e-09
p_f003_dctrl1_n     =  3.30000e+00
p_f003_do7_drv_470  =  3.30000e+00
p_f003_do7_rx_470   =  3.30000e+00
p_f003_do6_drv_470  =  0.00000e+00
p_f003_do6_rx_470   =  1.45407e-268
p_f003_do5_drv_470  =  0.00000e+00
p_f003_do5_rx_470   =  4.08882e-312
p_f003_do4_drv_470  =  0.00000e+00
p_f003_do4_rx_470   =  4.08882e-312
p_f003_do3_drv_470  =  0.00000e+00
p_f003_do3_rx_470   =  1.45407e-268
p_f003_do2_drv_470  =  3.30000e+00
p_f003_do2_rx_470   =  3.30000e+00
p_f003_do1_drv_470  =  0.00000e+00
p_f003_do1_rx_470   =  1.45407e-268
p_f003_do0_drv_470  =  0.00000e+00
p_f003_do0_rx_470   =  1.45407e-268
p_f003_do7_drv_480  =  3.30000e+00
p_f003_do7_rx_480   =  3.30000e+00
p_f003_do6_drv_480  =  0.00000e+00
p_f003_do6_rx_480   =  5.10508e-297
p_f003_do5_drv_480  =  0.00000e+00
p_f003_do5_rx_480   =  4.08882e-312
p_f003_do4_drv_480  =  0.00000e+00
p_f003_do4_rx_480   =  4.08882e-312
p_f003_do3_drv_480  =  0.00000e+00
p_f003_do3_rx_480   =  5.10508e-297
p_f003_do2_drv_480  =  3.30000e+00
p_f003_do2_rx_480   =  3.30000e+00
p_f003_do1_drv_480  =  0.00000e+00
p_f003_do1_rx_480   =  5.10508e-297
p_f003_do0_drv_480  =  0.00000e+00
p_f003_do0_rx_480   =  5.10508e-297
p_f064_cmp7_p0      =  -2.98097e-06
p_f064_cmp7_n0      =  -3.06421e-06
p_f064_cmp7_p5      =  3.30000e+00
p_f064_cmp7_n5      =  -1.79919e-06
p_f064_cmp6_p0      =  -8.40735e-06
p_f064_cmp6_n0      =  -8.37418e-06
p_f064_cmp6_p5      =  3.30000e+00
p_f064_cmp6_n5      =  -2.05073e-06
p_f064_cmp5_p0      =  -2.85100e-06
p_f064_cmp5_n0      =  -2.92999e-06
p_f064_cmp5_p5      =  -1.66913e-06
p_f064_cmp5_n5      =  3.30000e+00
p_f064_cmp4_p0      =  -3.06258e-06
p_f064_cmp4_n0      =  -3.14777e-06
p_f064_cmp4_p5      =  3.30000e+00
p_f064_cmp4_n5      =  -1.70439e-06
p_f064_cmp3_p0      =  -8.01451e-06
p_f064_cmp3_n0      =  -8.02026e-06
p_f064_cmp3_p5      =  3.30000e+00
p_f064_cmp3_n5      =  -1.98602e-06
p_f064_cmp2_p0      =  -8.35315e-06
p_f064_cmp2_n0      =  -8.32940e-06
p_f064_cmp2_p5      =  3.30000e+00
p_f064_cmp2_n5      =  -2.01180e-06
p_f064_cmp1_p0      =  -2.89909e-06
p_f064_cmp1_n0      =  -2.98050e-06
p_f064_cmp1_p5      =  3.30000e+00
p_f064_cmp1_n5      =  -1.67952e-06
p_f064_cmp0_p0      =  -8.04894e-06
p_f064_cmp0_n0      =  -8.05844e-06
p_f064_cmp0_p5      =  3.30000e+00
p_f064_cmp0_n5      =  -1.97589e-06
p_f064_dctrl7_p     =  3.30001e+00
p_f064_dctrl7_n     =  3.46743e-01
p_f064_dctrl6_p     =  3.26647e+00
p_f064_dctrl6_n     =  3.15214e-06
p_f064_dctrl5_p     =  -1.17600e-06
p_f064_dctrl5_n     =  3.29964e+00
p_f064_dctrl4_p     =  3.29999e+00
p_f064_dctrl4_n     =  -1.05344e-07
p_f064_dctrl3_p     =  3.30000e+00
p_f064_dctrl3_n     =  -2.46982e-08
p_f064_dctrl2_p     =  3.30000e+00
p_f064_dctrl2_n     =  -1.22889e-08
p_f064_dctrl1_p     =  3.30000e+00
p_f064_dctrl1_n     =  -6.03639e-09
p_f064_do7_drv_470  =  3.30000e+00
p_f064_do7_rx_470   =  3.30000e+00
p_f064_do6_drv_470  =  3.30000e+00
p_f064_do6_rx_470   =  3.30000e+00
p_f064_do5_drv_470  =  0.00000e+00
p_f064_do5_rx_470   =  1.42559e-268
p_f064_do4_drv_470  =  3.30000e+00
p_f064_do4_rx_470   =  3.30000e+00
p_f064_do3_drv_470  =  3.30000e+00
p_f064_do3_rx_470   =  3.30000e+00
p_f064_do2_drv_470  =  3.30000e+00
p_f064_do2_rx_470   =  3.30000e+00
p_f064_do1_drv_470  =  3.30000e+00
p_f064_do1_rx_470   =  3.30000e+00
p_f064_do0_drv_470  =  3.30000e+00
p_f064_do0_rx_470   =  3.30000e+00
p_f064_do7_drv_480  =  3.30000e+00
p_f064_do7_rx_480   =  3.30000e+00
p_f064_do6_drv_480  =  3.30000e+00
p_f064_do6_rx_480   =  3.30000e+00
p_f064_do5_drv_480  =  0.00000e+00
p_f064_do5_rx_480   =  5.00507e-297
p_f064_do4_drv_480  =  3.30000e+00
p_f064_do4_rx_480   =  3.30000e+00
p_f064_do3_drv_480  =  3.30000e+00
p_f064_do3_rx_480   =  3.30000e+00
p_f064_do2_drv_480  =  3.30000e+00
p_f064_do2_rx_480   =  3.30000e+00
p_f064_do1_drv_480  =  3.30000e+00
p_f064_do1_rx_480   =  3.30000e+00
p_f064_do0_drv_480  =  3.30000e+00
p_f064_do0_rx_480   =  3.30000e+00
p_f065_cmp7_p0      =  -2.56060e-06
p_f065_cmp7_n0      =  -2.63337e-06
p_f065_cmp7_p5      =  3.30000e+00
p_f065_cmp7_n5      =  -1.76559e-06
p_f065_cmp6_p0      =  -7.81850e-06
p_f065_cmp6_n0      =  -7.84110e-06
p_f065_cmp6_p5      =  3.30000e+00
p_f065_cmp6_n5      =  -2.00131e-06
p_f065_cmp5_p0      =  -2.44744e-06
p_f065_cmp5_n0      =  -2.51641e-06
p_f065_cmp5_p5      =  3.30000e+00
p_f065_cmp5_n5      =  -1.64433e-06
p_f065_cmp4_p0      =  -2.62903e-06
p_f065_cmp4_n0      =  -2.70198e-06
p_f065_cmp4_p5      =  -1.64639e-06
p_f065_cmp4_n5      =  3.30000e+00
p_f065_cmp3_p0      =  -7.41867e-06
p_f065_cmp3_n0      =  -7.47953e-06
p_f065_cmp3_p5      =  3.30000e+00
p_f065_cmp3_n5      =  -1.93273e-06
p_f065_cmp2_p0      =  -7.75744e-06
p_f065_cmp2_n0      =  -7.78813e-06
p_f065_cmp2_p5      =  3.30000e+00
p_f065_cmp2_n5      =  -1.95834e-06
p_f065_cmp1_p0      =  -2.44750e-06
p_f065_cmp1_n0      =  -2.51838e-06
p_f065_cmp1_p5      =  3.30000e+00
p_f065_cmp1_n5      =  -1.63052e-06
p_f065_cmp0_p0      =  -7.41543e-06
p_f065_cmp0_n0      =  -7.47840e-06
p_f065_cmp0_p5      =  -1.94763e-06
p_f065_cmp0_n5      =  3.30000e+00
p_f065_dctrl7_p     =  3.30001e+00
p_f065_dctrl7_n     =  3.45975e-01
p_f065_dctrl6_p     =  3.26660e+00
p_f065_dctrl6_n     =  3.50647e-06
p_f065_dctrl5_p     =  3.29965e+00
p_f065_dctrl5_n     =  -1.44345e-06
p_f065_dctrl4_p     =  -1.34031e-07
p_f065_dctrl4_n     =  3.29999e+00
p_f065_dctrl3_p     =  3.30000e+00
p_f065_dctrl3_n     =  -2.46647e-08
p_f065_dctrl2_p     =  3.30000e+00
p_f065_dctrl2_n     =  -1.22799e-08
p_f065_dctrl1_p     =  3.30000e+00
p_f065_dctrl1_n     =  -6.10698e-09
p_f065_do7_drv_470  =  3.30000e+00
p_f065_do7_rx_470   =  3.30000e+00
p_f065_do6_drv_470  =  3.30000e+00
p_f065_do6_rx_470   =  3.30000e+00
p_f065_do5_drv_470  =  3.30000e+00
p_f065_do5_rx_470   =  3.30000e+00
p_f065_do4_drv_470  =  0.00000e+00
p_f065_do4_rx_470   =  1.32034e-268
p_f065_do3_drv_470  =  3.30000e+00
p_f065_do3_rx_470   =  3.30000e+00
p_f065_do2_drv_470  =  3.30000e+00
p_f065_do2_rx_470   =  3.30000e+00
p_f065_do1_drv_470  =  3.30000e+00
p_f065_do1_rx_470   =  3.30000e+00
p_f065_do0_drv_470  =  0.00000e+00
p_f065_do0_rx_470   =  1.32034e-268
p_f065_do7_drv_480  =  3.30000e+00
p_f065_do7_rx_480   =  3.30000e+00
p_f065_do6_drv_480  =  3.30000e+00
p_f065_do6_rx_480   =  3.30000e+00
p_f065_do5_drv_480  =  3.30000e+00
p_f065_do5_rx_480   =  3.30000e+00
p_f065_do4_drv_480  =  0.00000e+00
p_f065_do4_rx_480   =  4.63556e-297
p_f065_do3_drv_480  =  3.30000e+00
p_f065_do3_rx_480   =  3.30000e+00
p_f065_do2_drv_480  =  3.30000e+00
p_f065_do2_rx_480   =  3.30000e+00
p_f065_do1_drv_480  =  3.30000e+00
p_f065_do1_rx_480   =  3.30000e+00
p_f065_do0_drv_480  =  0.00000e+00
p_f065_do0_rx_480   =  4.63556e-297
p_f066_cmp7_p0      =  -3.07008e-06
p_f066_cmp7_n0      =  -3.15588e-06
p_f066_cmp7_p5      =  3.30000e+00
p_f066_cmp7_n5      =  -1.80011e-06
p_f066_cmp6_p0      =  -8.52827e-06
p_f066_cmp6_n0      =  -8.48561e-06
p_f066_cmp6_p5      =  3.30000e+00
p_f066_cmp6_n5      =  -2.05867e-06
p_f066_cmp5_p0      =  -2.95171e-06
p_f066_cmp5_n0      =  -3.03240e-06
p_f066_cmp5_p5      =  -1.69088e-06
p_f066_cmp5_n5      =  3.30000e+00
p_f066_cmp4_p0      =  -3.15141e-06
p_f066_cmp4_n0      =  -3.23693e-06
p_f066_cmp4_p5      =  -1.70439e-06
p_f066_cmp4_n5      =  3.30000e+00
p_f066_cmp3_p0      =  -8.14033e-06
p_f066_cmp3_n0      =  -8.13597e-06
p_f066_cmp3_p5      =  3.30000e+00
p_f066_cmp3_n5      =  -1.99372e-06
p_f066_cmp2_p0      =  -8.47820e-06
p_f066_cmp2_n0      =  -8.44702e-06
p_f066_cmp2_p5      =  -2.01142e-06
p_f066_cmp2_n5      =  3.30000e+00
p_f066_cmp1_p0      =  -2.99175e-06
p_f066_cmp1_n0      =  -3.07474e-06
p_f066_cmp1_p5      =  3.30000e+00
p_f066_cmp1_n5      =  -1.68851e-06
p_f066_cmp0_p0      =  -7.69412e-06
p_f066_cmp0_n0      =  -7.67830e-06
p_f066_cmp0_p5      =  3.30000e+00
p_f066_cmp0_n5      =  -1.99265e-06
p_f066_dctrl7_p     =  3.30001e+00
p_f066_dctrl7_n     =  3.46906e-01
p_f066_dctrl6_p     =  3.26644e+00
p_f066_dctrl6_n     =  2.49348e-06
p_f066_dctrl5_p     =  -1.01085e-06
p_f066_dctrl5_n     =  3.29964e+00
p_f066_dctrl4_p     =  -1.31674e-07
p_f066_dctrl4_n     =  3.29999e+00
p_f066_dctrl3_p     =  3.30000e+00
p_f066_dctrl3_n     =  -2.73139e-08
p_f066_dctrl2_p     =  -1.35546e-08
p_f066_dctrl2_n     =  3.30000e+00
p_f066_dctrl1_p     =  3.30000e+00
p_f066_dctrl1_n     =  -6.11243e-09
p_f066_do7_drv_470  =  3.30000e+00
p_f066_do7_rx_470   =  3.30000e+00
p_f066_do6_drv_470  =  3.30000e+00
p_f066_do6_rx_470   =  3.30000e+00
p_f066_do5_drv_470  =  0.00000e+00
p_f066_do5_rx_470   =  1.46091e-268
p_f066_do4_drv_470  =  0.00000e+00
p_f066_do4_rx_470   =  4.08882e-312
p_f066_do3_drv_470  =  3.30000e+00
p_f066_do3_rx_470   =  3.30000e+00
p_f066_do2_drv_470  =  0.00000e+00
p_f066_do2_rx_470   =  1.46091e-268
p_f066_do1_drv_470  =  3.30000e+00
p_f066_do1_rx_470   =  3.30000e+00
p_f066_do0_drv_470  =  3.30000e+00
p_f066_do0_rx_470   =  3.30000e+00
p_f066_do7_drv_480  =  3.30000e+00
p_f066_do7_rx_480   =  3.30000e+00
p_f066_do6_drv_480  =  3.30000e+00
p_f066_do6_rx_480   =  3.30000e+00
p_f066_do5_drv_480  =  0.00000e+00
p_f066_do5_rx_480   =  5.12907e-297
p_f066_do4_drv_480  =  0.00000e+00
p_f066_do4_rx_480   =  4.08882e-312
p_f066_do3_drv_480  =  3.30000e+00
p_f066_do3_rx_480   =  3.30000e+00
p_f066_do2_drv_480  =  0.00000e+00
p_f066_do2_rx_480   =  5.12907e-297
p_f066_do1_drv_480  =  3.30000e+00
p_f066_do1_rx_480   =  3.30000e+00
p_f066_do0_drv_480  =  3.30000e+00
p_f066_do0_rx_480   =  3.30000e+00
p_f067_cmp7_p0      =  -3.01523e-06
p_f067_cmp7_n0      =  -3.09974e-06
p_f067_cmp7_p5      =  3.30000e+00
p_f067_cmp7_n5      =  -1.78830e-06
p_f067_cmp6_p0      =  -8.48643e-06
p_f067_cmp6_n0      =  -8.46415e-06
p_f067_cmp6_p5      =  -2.06180e-06
p_f067_cmp6_n5      =  3.30000e+00
p_f067_cmp5_p0      =  -2.92579e-06
p_f067_cmp5_n0      =  -3.00578e-06
p_f067_cmp5_p5      =  -1.68648e-06
p_f067_cmp5_n5      =  3.30000e+00
p_f067_cmp4_p0      =  -3.12303e-06
p_f067_cmp4_n0      =  -3.20793e-06
p_f067_cmp4_p5      =  -1.70418e-06
p_f067_cmp4_n5      =  3.30000e+00
p_f067_cmp3_p0      =  -8.09520e-06
p_f067_cmp3_n0      =  -8.09961e-06
p_f067_cmp3_p5      =  -1.98203e-06
p_f067_cmp3_n5      =  3.30000e+00
p_f067_cmp2_p0      =  -8.43687e-06
p_f067_cmp2_n0      =  -8.40728e-06
p_f067_cmp2_p5      =  3.30000e+00
p_f067_cmp2_n5      =  -2.01606e-06
p_f067_cmp1_p0      =  -2.96121e-06
p_f067_cmp1_n0      =  -3.04270e-06
p_f067_cmp1_p5      =  -1.67687e-06
p_f067_cmp1_n5      =  3.30000e+00
p_f067_cmp0_p0      =  -8.70835e-06
p_f067_cmp0_n0      =  -8.72883e-06
p_f067_cmp0_p5      =  3.30000e+00
p_f067_cmp0_n5      =  -1.96824e-06
p_f067_dctrl7_p     =  3.30001e+00
p_f067_dctrl7_n     =  3.46846e-01
p_f067_dctrl6_p     =  3.08081e-05
p_f067_dctrl6_n     =  3.26642e+00
p_f067_dctrl5_p     =  -1.09740e-06
p_f067_dctrl5_n     =  3.29964e+00
p_f067_dctrl4_p     =  -1.20240e-07
p_f067_dctrl4_n     =  3.29999e+00
p_f067_dctrl3_p     =  -2.78279e-08
p_f067_dctrl3_n     =  3.30000e+00
p_f067_dctrl2_p     =  3.30000e+00
p_f067_dctrl2_n     =  -1.31840e-08
p_f067_dctrl1_p     =  -6.21637e-09
p_f067_dctrl1_n     =  3.30000e+00
p_f067_do7_drv_470  =  3.30000e+00
p_f067_do7_rx_470   =  3.30000e+00
p_f067_do6_drv_470  =  0.00000e+00
p_f067_do6_rx_470   =  1.44352e-268
p_f067_do5_drv_470  =  0.00000e+00
p_f067_do5_rx_470   =  4.08882e-312
p_f067_do4_drv_470  =  0.00000e+00
p_f067_do4_rx_470   =  4.08882e-312
p_f067_do3_drv_470  =  0.00000e+00
p_f067_do3_rx_470   =  1.44352e-268
p_f067_do2_drv_470  =  3.30000e+00
p_f067_do2_rx_470   =  3.30000e+00
p_f067_do1_drv_470  =  0.00000e+00
p_f067_do1_rx_470   =  1.44352e-268
p_f067_do0_drv_470  =  3.30000e+00
p_f067_do0_rx_470   =  3.30000e+00
p_f067_do7_drv_480  =  3.30000e+00
p_f067_do7_rx_480   =  3.30000e+00
p_f067_do6_drv_480  =  0.00000e+00
p_f067_do6_rx_480   =  5.06804e-297
p_f067_do5_drv_480  =  0.00000e+00
p_f067_do5_rx_480   =  4.08882e-312
p_f067_do4_drv_480  =  0.00000e+00
p_f067_do4_rx_480   =  4.08882e-312
p_f067_do3_drv_480  =  0.00000e+00
p_f067_do3_rx_480   =  5.06804e-297
p_f067_do2_drv_480  =  3.30000e+00
p_f067_do2_rx_480   =  3.30000e+00
p_f067_do1_drv_480  =  0.00000e+00
p_f067_do1_rx_480   =  5.06804e-297
p_f067_do0_drv_480  =  3.30000e+00
p_f067_do0_rx_480   =  3.30000e+00
ngspice-46 done
