
Note: Compatibility modes selected: hs a

Warning: m=xx on .subckt line will override multiplier m hierarchy!


Circuit: * a44 actual analog core with fixed tt timed behavioral sar control.

Reducing trtol to 1 for xspice 'A' devices
Doing analysis at TEMP = -40.000000 and TNOM = 27.000000

Using SPARSE 1.3 as Direct Linear Solver

Initial Transient Solution
--------------------------

Node                                   Voltage
----                                   -------
legacy_rng_burn_01                           0
legacy_rng_burn_02                           0
legacy_rng_burn_03                           0
legacy_rng_burn_04                           0
legacy_rng_burn_05                           0
legacy_rng_burn_06                           0
legacy_rng_burn_07                           0
legacy_rng_burn_08                           0
legacy_rng_burn_09                           0
legacy_rng_burn_10                           0
legacy_rng_burn_11                           0
legacy_rng_burn_12                           0
legacy_rng_burn_13                           0
legacy_rng_burn_14                           0
legacy_rng_burn_15                           0
legacy_rng_burn_16                           0
legacy_rng_burn_17                           0
legacy_rng_burn_18                           0
legacy_rng_burn_19                           0
vdd                                        3.6
vrefp_src                                  2.5
vrefp                                      2.5
vrefp_cap                                  2.5
vrefn_src                                  0.8
vrefn                                      0.8
vrefn_cap                                  0.8
vinp_src                               2.29144
vinn_src                               1.00856
vinp                                   2.29144
vinn                                   1.00856
clks_src                                     0
clks                                         0
cmp_noise                          -0.00222064
xcore.xcdacp.vbot1                         2.5
dctrlp1                                      0
xcore.vresp_raw                    0.000482134
xcore.xcdacp.vbot2                         2.5
dctrlp2                                      0
xcore.xcdacp.vbot3                         2.5
dctrlp3                                      0
xcore.xcdacp.vbot4                         2.5
dctrlp4                                      0
xcore.xcdacp.vbot5                         2.5
dctrlp5                                      0
xcore.xcdacp.vbot6                         2.5
dctrlp6                                      0
xcore.xcdacp.vbot7                         2.5
dctrlp7                                      0
xcore.xcdacp.x1.clksb                      3.6
xcore.xcdacp.x1.net2               5.47213e-12
xcore.xcdacp.x1.net1                       3.6
xcore.xcdacp.x1.bottom_gate        4.61719e-09
xcore.xcdacp.x1.net4               2.30543e-09
xcore.xcdacp.x1.net3                       3.6
xcore.xcdacn.vbot1                         2.5
dctrln1                                      0
xcore.vresn_raw                   -0.000253921
xcore.xcdacn.vbot2                         2.5
dctrln2                                      0
xcore.xcdacn.vbot3                         2.5
dctrln3                                      0
xcore.xcdacn.vbot4                         2.5
dctrln4                                      0
xcore.xcdacn.vbot5                         2.5
dctrln5                                      0
xcore.xcdacn.vbot6                         2.5
dctrln6                                      0
xcore.xcdacn.vbot7                         2.5
dctrln7                                      0
xcore.xcdacn.x1.clksb                      3.6
xcore.xcdacn.x1.net2               5.13659e-12
xcore.xcdacn.x1.net1                       3.6
xcore.xcdacn.x1.bottom_gate        4.62755e-09
xcore.xcdacn.x1.net4               2.31453e-09
xcore.xcdacn.x1.net3                       3.6
vresp                             -0.000628188
vresn                              0.000856401
xcore.xcmp.net1                     0.00455167
cmpck                                        0
xcore.xcmp.xp                              3.6
xcore.xcmp.xn                              3.6
xcore.xcmp.ln                              3.6
xcore.xcmp.lp                              3.6
dcmpn                              3.69879e-09
dcmpp                              3.75886e-09
sampled_diff                       -0.00148459
input_diff                             1.28288
cmpck_drv                                    0
dctrlp7_drv                                  0
dctrlp6_drv                                  0
dctrlp5_drv                                  0
dctrlp4_drv                                  0
dctrlp3_drv                                  0
dctrlp2_drv                                  0
dctrlp1_drv                                  0
dctrln7_drv                                  0
dctrln6_drv                                  0
dctrln5_drv                                  0
dctrln4_drv                                  0
dctrln3_drv                                  0
dctrln2_drv                                  0
dctrln1_drv                                  0
dout7_drv                                    0
dout6_drv                                    0
dout5_drv                                    0
dout4_drv                                    0
dout3_drv                                    0
dout2_drv                                    0
dout1_drv                                    0
dout0_drv                                    0
eoc                                          0
invalid0                                     0
timeout0                                     0
complete                                     0
dout7_rx                                     0
dout6_rx                                     0
dout5_rx                                     0
dout4_rx                                     0
dout3_rx                                     0
dout2_rx                                     0
dout1_rx                                     0
dout0_rx                                     0
e_input_diff#branch               -1.28288e-10
e_sample_diff#branch               1.48459e-13
e.xcore.e_cmp_noise_n#branch        -8.564e-14
e.xcore.e_cmp_noise_p#branch       6.28204e-14
vcmp_noise#branch                  2.22064e-13
vclks_id#branch                              0
vvinn_id#branch                   -4.15529e-10
vvinp_id#branch                   -9.44086e-10
vvrefn_id#branch                  -1.76661e-09
vvrefp_id#branch                  -1.49021e-08
vvdd#branch                       -1.95918e-08
a_status#branch_1_0                          0
a_status#branch_1_1                          0
a_status#branch_1_2                          0
a_status#branch_1_3                          0
a_dout#branch_1_0                            0
a_dout#branch_1_1                            0
a_dout#branch_1_2                            0
a_dout#branch_1_3                            0
a_dout#branch_1_4                            0
a_dout#branch_1_5                            0
a_dout#branch_1_6                            0
a_dout#branch_1_7                            0
a_dctrln#branch_1_0                          0
a_dctrln#branch_1_1                          0
a_dctrln#branch_1_2                          0
a_dctrln#branch_1_3                          0
a_dctrln#branch_1_4                          0
a_dctrln#branch_1_5                          0
a_dctrln#branch_1_6                          0
a_dctrlp#branch_1_0                          0
a_dctrlp#branch_1_1                          0
a_dctrlp#branch_1_2                          0
a_dctrlp#branch_1_3                          0
a_dctrlp#branch_1_4                          0
a_dctrlp#branch_1_5                          0
a_dctrlp#branch_1_6                          0
a_cmpck#branch_1_0                           0


Instance: abeh   Message: WARNING: output scheduled with impossible delay (-4.01e-12) at 5.01e-12/0.

Instance: abeh   Message: XSPICE time is behind vtime:
XSPICE 2.005106777026807e-07
Cosim  2.00543e-07

Instance: abeh   Message: XSPICE time is behind vtime:
XSPICE 7.004948729921722e-07
Cosim  7.00531e-07

Instance: abeh   Message: XSPICE time is behind vtime:
XSPICE 1.200518235474536e-06
Cosim  1.200541e-06

Instance: abeh   Message: XSPICE time is behind vtime:
XSPICE 2.20052643879157e-06
Cosim  2.200544e-06

Instance: abeh   Message: XSPICE time is behind vtime:
XSPICE 2.700507992741729e-06
Cosim  2.700544e-06

Instance: abeh   Message: XSPICE time is behind vtime:
XSPICE 3.200507495337514e-06
Cosim  3.200542e-06

Instance: abeh   Message: XSPICE time is behind vtime:
XSPICE 3.70053305050342e-06
Cosim  3.700542e-06

No. of Data Rows : 98205
f000_d7             =  3.60000e+00
f000_d6             =  3.60000e+00
f000_d5             =  3.60000e+00
f000_d4             =  0.00000e+00
f000_d3             =  0.00000e+00
f000_d2             =  0.00000e+00
f000_d1             =  0.00000e+00
f000_d0             =  0.00000e+00
f000_complete       =  3.60000e+00
f000_invalid        =  0.00000e+00
f000_timeout        =  0.00000e+00
f000_sampled        =  1.28066e+00
f000_input          =  1.28288e+00
f000_tcomplete      =  3.75491e-07
f001_d7             =  3.60000e+00
f001_d6             =  3.60000e+00
f001_d5             =  3.60000e+00
f001_d4             =  0.00000e+00
f001_d3             =  3.60000e+00
f001_d2             =  3.60000e+00
f001_d1             =  3.60000e+00
f001_d0             =  0.00000e+00
f001_complete       =  3.60000e+00
f001_invalid        =  0.00000e+00
f001_timeout        =  0.00000e+00
f001_sampled        =  1.48440e+00
f001_input          =  1.48499e+00
f001_tcomplete      =  8.75479e-07
f002_d7             =  3.60000e+00
f002_d6             =  3.60000e+00
f002_d5             =  5.31816e-297
f002_d4             =  0.00000e+00
f002_d3             =  3.60000e+00
f002_d2             =  5.31816e-297
f002_d1             =  3.60000e+00
f002_d0             =  3.60000e+00
f002_complete       =  3.60000e+00
f002_invalid        =  0.00000e+00
f002_timeout        =  0.00000e+00
f002_sampled        =  1.01343e+00
f002_input          =  1.01284e+00
f002_tcomplete      =  1.37549e-06
f003_d7             =  3.60000e+00
f003_d6             =  5.41854e-297
f003_d5             =  4.08882e-312
f003_d4             =  0.00000e+00
f003_d3             =  5.41854e-297
f003_d2             =  3.60000e+00
f003_d1             =  5.41854e-297
f003_d0             =  3.60000e+00
f003_complete       =  3.60000e+00
f003_invalid        =  0.00000e+00
f003_timeout        =  0.00000e+00
f003_sampled        =  8.29014e-02
f003_input          =  8.09403e-02
f003_tcomplete      =  1.87549e-06
f004_d7             =  5.41117e-297
f004_d6             =  4.08882e-312
f004_d5             =  3.60000e+00
f004_d4             =  3.60000e+00
f004_d3             =  3.60000e+00
f004_d2             =  3.60000e+00
f004_d1             =  4.08882e-312
f004_d0             =  5.41117e-297
f004_complete       =  3.60000e+00
f004_invalid        =  0.00000e+00
f004_timeout        =  0.00000e+00
f004_sampled        =  -8.87554e-01
f004_input          =  -8.87495e-01
f004_tcomplete      =  2.37549e-06
f005_d7             =  4.08882e-312
f005_d6             =  4.08882e-312
f005_d5             =  5.45516e-297
f005_d4             =  3.60000e+00
f005_d3             =  5.45516e-297
f005_d2             =  5.45516e-297
f005_d1             =  4.08882e-312
f005_d0             =  3.60000e+00
f005_complete       =  3.60000e+00
f005_invalid        =  0.00000e+00
f005_timeout        =  0.00000e+00
f005_sampled        =  -1.45295e+00
f005_input          =  -1.45318e+00
f005_tcomplete      =  2.87549e-06
f006_d7             =  4.08882e-312
f006_d6             =  4.08882e-312
f006_d5             =  4.08882e-312
f006_d4             =  3.60000e+00
f006_d3             =  3.60000e+00
f006_d2             =  4.08882e-312
f006_d1             =  4.08882e-312
f006_d0             =  5.35471e-297
f006_complete       =  3.60000e+00
f006_invalid        =  0.00000e+00
f006_timeout        =  0.00000e+00
f006_sampled        =  -1.35871e+00
f006_input          =  -1.35907e+00
f006_tcomplete      =  3.37549e-06
f007_d7             =  4.08882e-312
f007_d6             =  3.60000e+00
f007_d5             =  4.08882e-312
f007_d4             =  5.29273e-297
f007_d3             =  3.60000e+00
f007_d2             =  3.60000e+00
f007_d1             =  3.60000e+00
f007_d0             =  4.08882e-312
f007_complete       =  3.60000e+00
f007_invalid        =  0.00000e+00
f007_timeout        =  0.00000e+00
f007_sampled        =  -6.45163e-01
f007_input          =  -6.47768e-01
f007_tcomplete      =  3.87549e-06
f008_d7             =  3.60000e+00
f008_d6             =  5.41380e-297
f008_d5             =  4.08882e-312
f008_d4             =  3.60000e+00
f008_d3             =  3.60000e+00
f008_d2             =  5.41380e-297
f008_d1             =  3.60000e+00
f008_d0             =  4.08882e-312
f008_complete       =  3.60000e+00
f008_invalid        =  0.00000e+00
f008_timeout        =  0.00000e+00
f008_sampled        =  3.56972e-01
f008_input          =  3.57207e-01
f008_tcomplete      =  4.37549e-06
ngspice-46 done
