
Note: Compatibility modes selected: hs a

Warning: m=xx on .subckt line will override multiplier m hierarchy!


Circuit: * a44 actual analog core with fixed tt timed behavioral sar control.

Reducing trtol to 1 for xspice 'A' devices
Doing analysis at TEMP = 125.000000 and TNOM = 27.000000

Using SPARSE 1.3 as Direct Linear Solver

Initial Transient Solution
--------------------------

Node                                   Voltage
----                                   -------
legacy_rng_burn_01                           0
legacy_rng_burn_02                           0
legacy_rng_burn_03                           0
legacy_rng_burn_04                           0
legacy_rng_burn_05                           0
legacy_rng_burn_06                           0
legacy_rng_burn_07                           0
legacy_rng_burn_08                           0
legacy_rng_burn_09                           0
legacy_rng_burn_10                           0
legacy_rng_burn_11                           0
legacy_rng_burn_12                           0
legacy_rng_burn_13                           0
legacy_rng_burn_14                           0
legacy_rng_burn_15                           0
legacy_rng_burn_16                           0
legacy_rng_burn_17                           0
legacy_rng_burn_18                           0
legacy_rng_burn_19                           0
vdd                                          3
vrefp_src                                  2.5
vrefp                                      2.5
vrefp_cap                                  2.5
vrefn_src                                  0.8
vrefn                                      0.8
vrefn_cap                                  0.8
vinp_src                               2.29144
vinn_src                               1.00856
vinp                                   2.29144
vinn                                   1.00856
clks_src                                     0
clks                                         0
cmp_noise                          -0.00135702
xcore.xcdacp.vbot1                         2.5
dctrlp1                                      0
xcore.vresp_raw                      0.0201261
xcore.xcdacp.vbot2                         2.5
dctrlp2                                      0
xcore.xcdacp.vbot3                         2.5
dctrlp3                                      0
xcore.xcdacp.vbot4                         2.5
dctrlp4                                      0
xcore.xcdacp.vbot5                         2.5
dctrlp5                                      0
xcore.xcdacp.vbot6                         2.5
dctrlp6                                      0
xcore.xcdacp.vbot7                         2.5
dctrlp7                                      0
xcore.xcdacp.x1.clksb                        3
xcore.xcdacp.x1.net2               1.29471e-08
xcore.xcdacp.x1.net1                         3
xcore.xcdacp.x1.bottom_gate        1.19848e-08
xcore.xcdacp.x1.net4               6.01464e-09
xcore.xcdacp.x1.net3                         3
xcore.xcdacn.vbot1                         2.5
dctrln1                                      0
xcore.vresn_raw                      0.0151159
xcore.xcdacn.vbot2                         2.5
dctrln2                                      0
xcore.xcdacn.vbot3                         2.5
dctrln3                                      0
xcore.xcdacn.vbot4                         2.5
dctrln4                                      0
xcore.xcdacn.vbot5                         2.5
dctrln5                                      0
xcore.xcdacn.vbot6                         2.5
dctrln6                                      0
xcore.xcdacn.vbot7                         2.5
dctrln7                                      0
xcore.xcdacn.x1.clksb                        3
xcore.xcdacn.x1.net2               1.31791e-08
xcore.xcdacn.x1.net1                         3
xcore.xcdacn.x1.bottom_gate        1.19254e-08
xcore.xcdacn.x1.net4               5.97838e-09
xcore.xcdacn.x1.net3                         3
vresp                                0.0194476
vresn                                0.0157944
xcore.xcmp.net1                      0.0928667
cmpck                                        0
xcore.xcmp.xp                          2.99999
xcore.xcmp.xn                          2.99999
xcore.xcmp.ln                                3
xcore.xcmp.lp                                3
dcmpn                              1.04127e-08
dcmpp                              1.00894e-08
sampled_diff                        0.00365315
input_diff                             1.28287
cmpck_drv                                    0
dctrlp7_drv                                  0
dctrlp6_drv                                  0
dctrlp5_drv                                  0
dctrlp4_drv                                  0
dctrlp3_drv                                  0
dctrlp2_drv                                  0
dctrlp1_drv                                  0
dctrln7_drv                                  0
dctrln6_drv                                  0
dctrln5_drv                                  0
dctrln4_drv                                  0
dctrln3_drv                                  0
dctrln2_drv                                  0
dctrln1_drv                                  0
dout7_drv                                    0
dout6_drv                                    0
dout5_drv                                    0
dout4_drv                                    0
dout3_drv                                    0
dout2_drv                                    0
dout1_drv                                    0
dout0_drv                                    0
eoc                                          0
invalid0                                     0
timeout0                                     0
complete                                     0
dout7_rx                                     0
dout6_rx                                     0
dout5_rx                                     0
dout4_rx                                     0
dout3_rx                                     0
dout2_rx                                     0
dout1_rx                                     0
dout0_rx                                     0
e_input_diff#branch               -1.28287e-10
e_sample_diff#branch              -3.65315e-13
e.xcore.e_cmp_noise_n#branch      -1.57938e-12
e.xcore.e_cmp_noise_p#branch      -1.94476e-12
vcmp_noise#branch                  1.35702e-13
vclks_id#branch                              0
vvinn_id#branch                   -4.28094e-10
vvinp_id#branch                   -9.58886e-10
vvrefn_id#branch                  -1.83177e-09
vvrefp_id#branch                  -1.54351e-08
vvdd#branch                       -1.61633e-08
a_status#branch_1_0                          0
a_status#branch_1_1                          0
a_status#branch_1_2                          0
a_status#branch_1_3                          0
a_dout#branch_1_0                            0
a_dout#branch_1_1                            0
a_dout#branch_1_2                            0
a_dout#branch_1_3                            0
a_dout#branch_1_4                            0
a_dout#branch_1_5                            0
a_dout#branch_1_6                            0
a_dout#branch_1_7                            0
a_dctrln#branch_1_0                          0
a_dctrln#branch_1_1                          0
a_dctrln#branch_1_2                          0
a_dctrln#branch_1_3                          0
a_dctrln#branch_1_4                          0
a_dctrln#branch_1_5                          0
a_dctrln#branch_1_6                          0
a_dctrlp#branch_1_0                          0
a_dctrlp#branch_1_1                          0
a_dctrlp#branch_1_2                          0
a_dctrlp#branch_1_3                          0
a_dctrlp#branch_1_4                          0
a_dctrlp#branch_1_5                          0
a_dctrlp#branch_1_6                          0
a_cmpck#branch_1_0                           0


Instance: abeh   Message: WARNING: output scheduled with impossible delay (-4.01e-12) at 5.01e-12/0.

Instance: abeh   Message: XSPICE time is behind vtime:
XSPICE 2.005119865962218e-07
Cosim  2.0054e-07

Instance: abeh   Message: XSPICE time is behind vtime:
XSPICE 7.005286687971708e-07
Cosim  7.00558e-07

Instance: abeh   Message: XSPICE time is behind vtime:
XSPICE 1.20053379074372e-06
Cosim  1.20054e-06

Instance: abeh   Message: XSPICE time is behind vtime:
XSPICE 2.700526737152178e-06
Cosim  2.700556e-06

Instance: abeh   Message: XSPICE time is behind vtime:
XSPICE 3.200509737134686e-06
Cosim  3.200539e-06

Instance: abeh   Message: XSPICE time is behind vtime:
XSPICE 4.700517640540725e-06
Cosim  4.700539e-06

Instance: abeh   Message: XSPICE time is behind vtime:
XSPICE 5.200527668804063e-06
Cosim  5.200557e-06

Instance: abeh   Message: XSPICE time is behind vtime:
XSPICE 5.700526433489363e-06
Cosim  5.700541e-06

Instance: abeh   Message: XSPICE time is behind vtime:
XSPICE 7.200507737143939e-06
Cosim  7.200536999999999e-06

Instance: abeh   Message: XSPICE time is behind vtime:
XSPICE 7.700505737142803e-06
Cosim  7.700534999999999e-06

Instance: abeh   Message: XSPICE time is behind vtime:
XSPICE 9.200525241220388e-06
Cosim  9.200538999999999e-06

Instance: abeh   Message: XSPICE time is behind vtime:
XSPICE 9.700527668803399e-06
Cosim  9.700557000000001e-06

Instance: abeh   Message: XSPICE time is behind vtime:
XSPICE 1.020051693684662e-05
Cosim  1.0200539e-05

Instance: abeh   Message: XSPICE time is behind vtime:
XSPICE 1.170050973713334e-05
Cosim  1.1700539e-05

Instance: abeh   Message: XSPICE time is behind vtime:
XSPICE 1.220052673715222e-05
Cosim  1.2200556e-05

Instance: abeh   Message: XSPICE time is behind vtime:
XSPICE 1.370053568330584e-05
Cosim  1.3700541e-05

Instance: abeh   Message: XSPICE time is behind vtime:
XSPICE 1.420052866879579e-05
Cosim  1.4200558e-05

Instance: abeh   Message: XSPICE time is behind vtime:
XSPICE 1.470051137432723e-05
Cosim  1.470054e-05

Instance: abeh   Message: XSPICE time is behind vtime:
XSPICE 1.620050973712775e-05
Cosim  1.6200539e-05

Instance: abeh   Message: XSPICE time is behind vtime:
XSPICE 1.670052773715906e-05
Cosim  1.6700557e-05

Instance: abeh   Message: XSPICE time is behind vtime:
XSPICE 1.720053239756775e-05
Cosim  1.720054e-05

Instance: abeh   Message: XSPICE time is behind vtime:
XSPICE 1.870050166878729e-05
Cosim  1.8700531e-05

Instance: abeh   Message: XSPICE time is behind vtime:
XSPICE 1.920050966876156e-05
Cosim  1.9200539e-05

Instance: abeh   Message: XSPICE time is behind vtime:
XSPICE 2.070051617447984e-05
Cosim  2.0700539e-05

Instance: abeh   Message: XSPICE time is behind vtime:
XSPICE 2.12005267371652e-05
Cosim  2.1200556e-05

Instance: abeh   Message: XSPICE time is behind vtime:
XSPICE 2.170052498910222e-05
Cosim  2.1700541e-05

Instance: abeh   Message: XSPICE time is behind vtime:
XSPICE 2.320050366877463e-05
Cosim  2.3200533e-05

Instance: abeh   Message: XSPICE time is behind vtime:
XSPICE 2.370050766877549e-05
Cosim  2.3700537e-05

Instance: abeh   Message: XSPICE time is behind vtime:
XSPICE 2.52005247988897e-05
Cosim  2.520054e-05

Instance: abeh   Message: XSPICE time is behind vtime:
XSPICE 2.570052673716402e-05
Cosim  2.5700556e-05

Instance: abeh   Message: XSPICE time is behind vtime:
XSPICE 2.620051645523399e-05
Cosim  2.620054e-05

Instance: abeh   Message: XSPICE time is behind vtime:
XSPICE 2.770050966876222e-05
Cosim  2.7700539e-05

Instance: abeh   Message: XSPICE time is behind vtime:
XSPICE 2.820050066878975e-05
Cosim  2.820053e-05

Instance: abeh   Message: XSPICE time is behind vtime:
XSPICE 2.970053427692708e-05
Cosim  2.9700541e-05

Instance: abeh   Message: XSPICE time is behind vtime:
XSPICE 3.0200527737161e-05
Cosim  3.0200557e-05

Instance: abeh   Message: XSPICE time is behind vtime:
XSPICE 3.070050973712854e-05
Cosim  3.0700539e-05

Instance: abeh   Message: XSPICE time is behind vtime:
XSPICE 3.220051199057368e-05
Cosim  3.220054e-05

Instance: abeh   Message: XSPICE time is behind vtime:
XSPICE 3.270052866879744e-05
Cosim  3.2700558e-05

Instance: abeh   Message: XSPICE time is behind vtime:
XSPICE 3.320053379199401e-05
Cosim  3.320054e-05

No. of Data Rows : 725285
f000_d7             =  3.00000e+00
f000_d6             =  3.00000e+00
f000_d5             =  3.00000e+00
f000_d4             =  0.00000e+00
f000_d3             =  0.00000e+00
f000_d2             =  0.00000e+00
f000_d1             =  0.00000e+00
f000_d0             =  3.00000e+00
f000_complete       =  3.00000e+00
f000_invalid        =  0.00000e+00
f000_timeout        =  0.00000e+00
f000_sampled        =  1.28151e+00
f000_input          =  1.28287e+00
f000_tcomplete      =  3.75492e-07
f001_d7             =  3.00000e+00
f001_d6             =  3.00000e+00
f001_d5             =  3.00000e+00
f001_d4             =  3.00000e+00
f001_d3             =  0.00000e+00
f001_d2             =  0.00000e+00
f001_d1             =  0.00000e+00
f001_d0             =  4.88002e-297
f001_complete       =  3.00000e+00
f001_invalid        =  0.00000e+00
f001_timeout        =  0.00000e+00
f001_sampled        =  1.48334e+00
f001_input          =  1.48486e+00
f001_tcomplete      =  8.75510e-07
f002_d7             =  3.00000e+00
f002_d6             =  3.00000e+00
f002_d5             =  4.39868e-297
f002_d4             =  4.39868e-297
f002_d3             =  3.00000e+00
f002_d2             =  3.00000e+00
f002_d1             =  0.00000e+00
f002_d0             =  3.00000e+00
f002_complete       =  3.00000e+00
f002_invalid        =  0.00000e+00
f002_timeout        =  0.00000e+00
f002_sampled        =  1.01539e+00
f002_input          =  1.01283e+00
f002_tcomplete      =  1.37549e-06
f003_d7             =  3.00000e+00
f003_d6             =  4.48550e-297
f003_d5             =  4.08882e-312
f003_d4             =  4.08882e-312
f003_d3             =  4.48550e-297
f003_d2             =  3.00000e+00
f003_d1             =  3.00000e+00
f003_d0             =  4.48550e-297
f003_complete       =  3.00000e+00
f003_invalid        =  0.00000e+00
f003_timeout        =  0.00000e+00
f003_sampled        =  8.01356e-02
f003_input          =  8.09415e-02
f003_tcomplete      =  1.87550e-06
f004_d7             =  4.40037e-297
f004_d6             =  4.08882e-312
f004_d5             =  3.00000e+00
f004_d4             =  3.00000e+00
f004_d3             =  3.00000e+00
f004_d2             =  3.00000e+00
f004_d1             =  4.40037e-297
f004_d0             =  3.00000e+00
f004_complete       =  3.00000e+00
f004_invalid        =  0.00000e+00
f004_timeout        =  0.00000e+00
f004_sampled        =  -8.85867e-01
f004_input          =  -8.87654e-01
f004_tcomplete      =  2.37549e-06
f005_d7             =  4.08882e-312
f005_d6             =  4.08882e-312
f005_d5             =  4.86949e-297
f005_d4             =  3.00000e+00
f005_d3             =  4.86949e-297
f005_d2             =  4.86949e-297
f005_d1             =  3.00000e+00
f005_d0             =  3.00000e+00
f005_complete       =  3.00000e+00
f005_invalid        =  0.00000e+00
f005_timeout        =  0.00000e+00
f005_sampled        =  -1.45779e+00
f005_input          =  -1.45323e+00
f005_tcomplete      =  2.87551e-06
f006_d7             =  4.08882e-312
f006_d6             =  4.08882e-312
f006_d5             =  4.08882e-312
f006_d4             =  3.00000e+00
f006_d3             =  3.00000e+00
f006_d2             =  4.08882e-312
f006_d1             =  3.00000e+00
f006_d0             =  4.36280e-297
f006_complete       =  3.00000e+00
f006_invalid        =  0.00000e+00
f006_timeout        =  0.00000e+00
f006_sampled        =  -1.35948e+00
f006_input          =  -1.35918e+00
f006_tcomplete      =  3.37549e-06
f007_d7             =  4.08882e-312
f007_d6             =  3.00000e+00
f007_d5             =  4.08882e-312
f007_d4             =  4.42923e-297
f007_d3             =  3.00000e+00
f007_d2             =  3.00000e+00
f007_d1             =  3.00000e+00
f007_d0             =  3.00000e+00
f007_complete       =  3.00000e+00
f007_invalid        =  0.00000e+00
f007_timeout        =  0.00000e+00
f007_sampled        =  -6.46189e-01
f007_input          =  -6.48020e-01
f007_tcomplete      =  3.87549e-06
f008_d7             =  3.00000e+00
f008_d6             =  4.48731e-297
f008_d5             =  4.08882e-312
f008_d4             =  3.00000e+00
f008_d3             =  3.00000e+00
f008_d2             =  4.48731e-297
f008_d1             =  3.00000e+00
f008_d0             =  3.00000e+00
f008_complete       =  3.00000e+00
f008_invalid        =  0.00000e+00
f008_timeout        =  0.00000e+00
f008_sampled        =  3.58590e-01
f008_input          =  3.57335e-01
f008_tcomplete      =  4.37550e-06
f009_d7             =  3.00000e+00
f009_d6             =  3.00000e+00
f009_d5             =  4.08882e-312
f009_d4             =  3.00000e+00
f009_d3             =  3.00000e+00
f009_d2             =  4.08882e-312
f009_d1             =  3.00000e+00
f009_d0             =  3.00000e+00
f009_complete       =  3.00000e+00
f009_invalid        =  0.00000e+00
f009_timeout        =  0.00000e+00
f009_sampled        =  1.19993e+00
f009_input          =  1.20049e+00
f009_tcomplete      =  4.87549e-06
f010_d7             =  3.00000e+00
f010_d6             =  3.00000e+00
f010_d5             =  3.00000e+00
f010_d4             =  3.00000e+00
f010_d3             =  4.82686e-297
f010_d2             =  4.08882e-312
f010_d1             =  4.82686e-297
f010_d0             =  3.00000e+00
f010_complete       =  3.00000e+00
f010_invalid        =  0.00000e+00
f010_timeout        =  0.00000e+00
f010_sampled        =  1.49684e+00
f010_input          =  1.49848e+00
f010_tcomplete      =  5.37551e-06
f011_d7             =  3.00000e+00
f011_d6             =  3.00000e+00
f011_d5             =  4.40395e-297
f011_d4             =  3.00000e+00
f011_d3             =  4.08882e-312
f011_d2             =  3.00000e+00
f011_d1             =  4.08882e-312
f011_d0             =  4.40395e-297
f011_complete       =  3.00000e+00
f011_invalid        =  0.00000e+00
f011_timeout        =  0.00000e+00
f011_sampled        =  1.11431e+00
f011_input          =  1.11634e+00
f011_tcomplete      =  5.87549e-06
f012_d7             =  3.00000e+00
f012_d6             =  4.36055e-297
f012_d5             =  4.08882e-312
f012_d4             =  3.00000e+00
f012_d3             =  4.08882e-312
f012_d2             =  4.36055e-297
f012_d1             =  4.08882e-312
f012_d0             =  3.00000e+00
f012_complete       =  3.00000e+00
f012_invalid        =  0.00000e+00
f012_timeout        =  0.00000e+00
f012_sampled        =  2.25712e-01
f012_input          =  2.27300e-01
f012_tcomplete      =  6.37549e-06
f013_d7             =  4.41981e-297
f013_d6             =  3.00000e+00
f013_d5             =  4.08882e-312
f013_d4             =  4.41981e-297
f013_d3             =  4.08882e-312
f013_d2             =  3.00000e+00
f013_d1             =  3.00000e+00
f013_d0             =  4.41981e-297
f013_complete       =  3.00000e+00
f013_invalid        =  0.00000e+00
f013_timeout        =  0.00000e+00
f013_sampled        =  -7.66509e-01
f013_input          =  -7.64728e-01
f013_tcomplete      =  6.87549e-06
f014_d7             =  4.08882e-312
f014_d6             =  4.30584e-297
f014_d5             =  4.08882e-312
f014_d4             =  3.00000e+00
f014_d3             =  4.08882e-312
f014_d2             =  3.00000e+00
f014_d1             =  3.00000e+00
f014_d0             =  4.08882e-312
f014_complete       =  3.00000e+00
f014_invalid        =  0.00000e+00
f014_timeout        =  0.00000e+00
f014_sampled        =  -1.40652e+00
f014_input          =  -1.40981e+00
f014_tcomplete      =  7.37549e-06
f015_d7             =  4.08882e-312
f015_d6             =  4.08882e-312
f015_d5             =  4.08882e-312
f015_d4             =  3.00000e+00
f015_d3             =  4.08882e-312
f015_d2             =  3.00000e+00
f015_d1             =  4.25737e-297
f015_d0             =  3.00000e+00
f015_complete       =  3.00000e+00
f015_invalid        =  0.00000e+00
f015_timeout        =  0.00000e+00
f015_sampled        =  -1.41438e+00
f015_input          =  -1.41472e+00
f015_tcomplete      =  7.87549e-06
f016_d7             =  4.08882e-312
f016_d6             =  3.00000e+00
f016_d5             =  4.08882e-312
f016_d4             =  4.42908e-297
f016_d3             =  4.08882e-312
f016_d2             =  3.00000e+00
f016_d1             =  4.08882e-312
f016_d0             =  3.00000e+00
f016_complete       =  3.00000e+00
f016_invalid        =  0.00000e+00
f016_timeout        =  0.00000e+00
f016_sampled        =  -7.76660e-01
f016_input          =  -7.77513e-01
f016_tcomplete      =  8.37549e-06
f017_d7             =  3.00000e+00
f017_d6             =  4.37846e-297
f017_d5             =  4.08882e-312
f017_d4             =  3.00000e+00
f017_d3             =  4.08882e-312
f017_d2             =  4.37846e-297
f017_d1             =  4.08882e-312
f017_d0             =  4.37846e-297
f017_complete       =  3.00000e+00
f017_invalid        =  0.00000e+00
f017_timeout        =  0.00000e+00
f017_sampled        =  2.15953e-01
f017_input          =  2.12827e-01
f017_tcomplete      =  8.87549e-06
f018_d7             =  3.00000e+00
f018_d6             =  3.00000e+00
f018_d5             =  4.08882e-312
f018_d4             =  3.00000e+00
f018_d3             =  4.08882e-312
f018_d2             =  3.00000e+00
f018_d1             =  4.08882e-312
f018_d0             =  4.08882e-312
f018_complete       =  3.00000e+00
f018_invalid        =  0.00000e+00
f018_timeout        =  0.00000e+00
f018_sampled        =  1.10275e+00
f018_input          =  1.10636e+00
f018_tcomplete      =  9.37549e-06
f019_d7             =  3.00000e+00
f019_d6             =  3.00000e+00
f019_d5             =  3.00000e+00
f019_d4             =  3.00000e+00
f019_d3             =  4.08882e-312
f019_d2             =  4.83269e-297
f019_d1             =  4.08882e-312
f019_d0             =  3.00000e+00
f019_complete       =  3.00000e+00
f019_invalid        =  0.00000e+00
f019_timeout        =  0.00000e+00
f019_sampled        =  1.49900e+00
f019_input          =  1.49783e+00
f019_tcomplete      =  9.87551e-06
f020_d7             =  3.00000e+00
f020_d6             =  3.00000e+00
f020_d5             =  4.31281e-297
f020_d4             =  3.00000e+00
f020_d3             =  3.00000e+00
f020_d2             =  3.00000e+00
f020_d1             =  4.08882e-312
f020_d0             =  4.31281e-297
f020_complete       =  3.00000e+00
f020_invalid        =  0.00000e+00
f020_timeout        =  0.00000e+00
f020_sampled        =  1.20680e+00
f020_input          =  1.20919e+00
f020_tcomplete      =  1.03755e-05
f021_d7             =  3.00000e+00
f021_d6             =  4.45772e-297
f021_d5             =  4.08882e-312
f021_d4             =  3.00000e+00
f021_d3             =  3.00000e+00
f021_d2             =  3.00000e+00
f021_d1             =  4.08882e-312
f021_d0             =  4.08882e-312
f021_complete       =  3.00000e+00
f021_invalid        =  0.00000e+00
f021_timeout        =  0.00000e+00
f021_sampled        =  3.68915e-01
f021_input          =  3.71732e-01
f021_tcomplete      =  1.08755e-05
f022_d7             =  4.39770e-297
f022_d6             =  3.00000e+00
f022_d5             =  4.08882e-312
f022_d4             =  3.00000e+00
f022_d3             =  4.39770e-297
f022_d2             =  4.39770e-297
f022_d1             =  4.08882e-312
f022_d0             =  3.00000e+00
f022_complete       =  3.00000e+00
f022_invalid        =  0.00000e+00
f022_timeout        =  0.00000e+00
f022_sampled        =  -6.33831e-01
f022_input          =  -6.34718e-01
f022_tcomplete      =  1.13755e-05
f023_d7             =  4.08882e-312
f023_d6             =  4.35169e-297
f023_d5             =  4.08882e-312
f023_d4             =  3.00000e+00
f023_d3             =  3.00000e+00
f023_d2             =  4.08882e-312
f023_d1             =  3.00000e+00
f023_d0             =  4.35169e-297
f023_complete       =  3.00000e+00
f023_invalid        =  0.00000e+00
f023_timeout        =  0.00000e+00
f023_sampled        =  -1.35368e+00
f023_input          =  -1.35285e+00
f023_tcomplete      =  1.18755e-05
f024_d7             =  4.08882e-312
f024_d6             =  4.08882e-312
f024_d5             =  4.08882e-312
f024_d4             =  3.00000e+00
f024_d3             =  4.87060e-297
f024_d2             =  4.08882e-312
f024_d1             =  3.00000e+00
f024_d0             =  3.00000e+00
f024_complete       =  3.00000e+00
f024_invalid        =  0.00000e+00
f024_timeout        =  0.00000e+00
f024_sampled        =  -1.45584e+00
f024_input          =  -1.45677e+00
f024_tcomplete      =  1.23755e-05
f025_d7             =  4.08882e-312
f025_d6             =  4.08882e-312
f025_d5             =  3.00000e+00
f025_d4             =  3.00000e+00
f025_d3             =  3.00000e+00
f025_d2             =  3.00000e+00
f025_d1             =  4.39111e-297
f025_d0             =  4.39111e-297
f025_complete       =  3.00000e+00
f025_invalid        =  0.00000e+00
f025_timeout        =  0.00000e+00
f025_sampled        =  -9.01001e-01
f025_input          =  -8.99458e-01
f025_tcomplete      =  1.28755e-05
f026_d7             =  3.00000e+00
f026_d6             =  4.08882e-312
f026_d5             =  4.39981e-297
f026_d4             =  4.39981e-297
f026_d3             =  4.39981e-297
f026_d2             =  3.00000e+00
f026_d1             =  4.08882e-312
f026_d0             =  3.00000e+00
f026_complete       =  3.00000e+00
f026_invalid        =  0.00000e+00
f026_timeout        =  0.00000e+00
f026_sampled        =  6.50456e-02
f026_input          =  6.62555e-02
f026_tcomplete      =  1.33755e-05
f027_d7             =  3.00000e+00
f027_d6             =  3.00000e+00
f027_d5             =  4.08882e-312
f027_d4             =  4.08882e-312
f027_d3             =  3.00000e+00
f027_d2             =  3.00000e+00
f027_d1             =  4.08882e-312
f027_d0             =  4.41764e-297
f027_complete       =  3.00000e+00
f027_invalid        =  0.00000e+00
f027_timeout        =  0.00000e+00
f027_sampled        =  1.00499e+00
f027_input          =  1.00179e+00
f027_tcomplete      =  1.38755e-05
f028_d7             =  3.00000e+00
f028_d6             =  3.00000e+00
f028_d5             =  3.00000e+00
f028_d4             =  3.00000e+00
f028_d3             =  4.88086e-297
f028_d2             =  4.88086e-297
f028_d1             =  4.08882e-312
f028_d0             =  4.08882e-312
f028_complete       =  3.00000e+00
f028_invalid        =  0.00000e+00
f028_timeout        =  0.00000e+00
f028_sampled        =  1.48295e+00
f028_input          =  1.48265e+00
f028_tcomplete      =  1.43755e-05
f029_d7             =  3.00000e+00
f029_d6             =  3.00000e+00
f029_d5             =  3.00000e+00
f029_d4             =  4.40063e-297
f029_d3             =  4.08882e-312
f029_d2             =  4.08882e-312
f029_d1             =  4.08882e-312
f029_d0             =  3.00000e+00
f029_complete       =  3.00000e+00
f029_invalid        =  0.00000e+00
f029_timeout        =  0.00000e+00
f029_sampled        =  1.29135e+00
f029_input          =  1.29047e+00
f029_tcomplete      =  1.48755e-05
f030_d7             =  3.00000e+00
f030_d6             =  4.36968e-297
f030_d5             =  3.00000e+00
f030_d4             =  4.08882e-312
f030_d3             =  4.08882e-312
f030_d2             =  3.00000e+00
f030_d1             =  3.00000e+00
f030_d0             =  3.00000e+00
f030_complete       =  3.00000e+00
f030_invalid        =  0.00000e+00
f030_timeout        =  0.00000e+00
f030_sampled        =  5.14568e-01
f030_input          =  5.12263e-01
f030_tcomplete      =  1.53755e-05
f031_d7             =  4.36914e-297
f031_d6             =  3.00000e+00
f031_d5             =  4.36914e-297
f031_d4             =  3.00000e+00
f031_d3             =  3.00000e+00
f031_d2             =  4.36914e-297
f031_d1             =  3.00000e+00
f031_d0             =  3.00000e+00
f031_complete       =  3.00000e+00
f031_invalid        =  0.00000e+00
f031_timeout        =  0.00000e+00
f031_sampled        =  -4.95741e-01
f031_input          =  -4.98431e-01
f031_tcomplete      =  1.58755e-05
f032_d7             =  4.08882e-312
f032_d6             =  4.34349e-297
f032_d5             =  3.00000e+00
f032_d4             =  4.34349e-297
f032_d3             =  4.34349e-297
f032_d2             =  4.08882e-312
f032_d1             =  4.34349e-297
f032_d0             =  4.34349e-297
f032_complete       =  3.00000e+00
f032_invalid        =  0.00000e+00
f032_timeout        =  0.00000e+00
f032_sampled        =  -1.28213e+00
f032_input          =  -1.28275e+00
f032_tcomplete      =  1.63755e-05
f033_d7             =  4.08882e-312
f033_d6             =  4.08882e-312
f033_d5             =  5.01434e-297
f033_d4             =  3.00000e+00
f033_d3             =  4.08882e-312
f033_d2             =  4.08882e-312
f033_d1             =  4.08882e-312
f033_d0             =  4.08882e-312
f033_complete       =  3.00000e+00
f033_invalid        =  0.00000e+00
f033_timeout        =  0.00000e+00
f033_sampled        =  -1.48515e+00
f033_input          =  -1.48480e+00
f033_tcomplete      =  1.68755e-05
f034_d7             =  4.08882e-312
f034_d6             =  4.08882e-312
f034_d5             =  3.00000e+00
f034_d4             =  3.00000e+00
f034_d3             =  4.08882e-312
f034_d2             =  3.00000e+00
f034_d1             =  4.08882e-312
f034_d0             =  4.08882e-312
f034_complete       =  3.00000e+00
f034_invalid        =  0.00000e+00
f034_timeout        =  0.00000e+00
f034_sampled        =  -1.01368e+00
f034_input          =  -1.01272e+00
f034_tcomplete      =  1.73755e-05
f035_d7             =  4.08882e-312
f035_d6             =  3.00000e+00
f035_d5             =  3.00000e+00
f035_d4             =  3.00000e+00
f035_d3             =  3.00000e+00
f035_d2             =  4.37893e-297
f035_d1             =  3.00000e+00
f035_d0             =  4.08882e-312
f035_complete       =  3.00000e+00
f035_invalid        =  0.00000e+00
f035_timeout        =  0.00000e+00
f035_sampled        =  -8.18636e-02
f035_input          =  -8.08758e-02
f035_tcomplete      =  1.78755e-05
f036_d7             =  3.00000e+00
f036_d6             =  3.00000e+00
f036_d5             =  4.42869e-297
f036_d4             =  4.42869e-297
f036_d3             =  4.42869e-297
f036_d2             =  4.08882e-312
f036_d1             =  3.00000e+00
f036_d0             =  3.00000e+00
f036_complete       =  3.00000e+00
f036_invalid        =  0.00000e+00
f036_timeout        =  0.00000e+00
f036_sampled        =  8.85194e-01
f036_input          =  8.87666e-01
f036_tcomplete      =  1.83755e-05
f037_d7             =  3.00000e+00
f037_d6             =  3.00000e+00
f037_d5             =  3.00000e+00
f037_d4             =  4.08882e-312
f037_d3             =  3.00000e+00
f037_d2             =  3.00000e+00
f037_d1             =  3.00000e+00
f037_d0             =  4.14131e-297
f037_complete       =  3.00000e+00
f037_invalid        =  0.00000e+00
f037_timeout        =  0.00000e+00
f037_sampled        =  1.45261e+00
f037_input          =  1.45335e+00
f037_tcomplete      =  1.88755e-05
f038_d7             =  3.00000e+00
f038_d6             =  3.00000e+00
f038_d5             =  3.00000e+00
f038_d4             =  4.08882e-312
f038_d3             =  4.36946e-297
f038_d2             =  3.00000e+00
f038_d1             =  3.00000e+00
f038_d0             =  3.00000e+00
f038_complete       =  3.00000e+00
f038_invalid        =  0.00000e+00
f038_timeout        =  0.00000e+00
f038_sampled        =  1.35826e+00
f038_input          =  1.35909e+00
f038_tcomplete      =  1.93755e-05
f039_d7             =  3.00000e+00
f039_d6             =  4.42923e-297
f039_d5             =  3.00000e+00
f039_d4             =  3.00000e+00
f039_d3             =  4.08882e-312
f039_d2             =  4.42923e-297
f039_d1             =  4.42923e-297
f039_d0             =  3.00000e+00
f039_complete       =  3.00000e+00
f039_invalid        =  0.00000e+00
f039_timeout        =  0.00000e+00
f039_sampled        =  6.51584e-01
f039_input          =  6.48068e-01
f039_tcomplete      =  1.98755e-05
f040_d7             =  4.40871e-297
f040_d6             =  3.00000e+00
f040_d5             =  3.00000e+00
f040_d4             =  4.40871e-297
f040_d3             =  4.08882e-312
f040_d2             =  3.00000e+00
f040_d1             =  4.08882e-312
f040_d0             =  3.00000e+00
f040_complete       =  3.00000e+00
f040_invalid        =  0.00000e+00
f040_timeout        =  0.00000e+00
f040_sampled        =  -3.57954e-01
f040_input          =  -3.57308e-01
f040_tcomplete      =  2.03755e-05
f041_d7             =  4.08882e-312
f041_d6             =  4.31033e-297
f041_d5             =  3.00000e+00
f041_d4             =  4.08882e-312
f041_d3             =  4.08882e-312
f041_d2             =  3.00000e+00
f041_d1             =  3.00000e+00
f041_d0             =  4.31033e-297
f041_complete       =  3.00000e+00
f041_invalid        =  0.00000e+00
f041_timeout        =  0.00000e+00
f041_sampled        =  -1.19683e+00
f041_input          =  -1.20041e+00
f041_tcomplete      =  2.08755e-05
f042_d7             =  4.08882e-312
f042_d6             =  4.08882e-312
f042_d5             =  4.81766e-297
f042_d4             =  4.08882e-312
f042_d3             =  3.00000e+00
f042_d2             =  3.00000e+00
f042_d1             =  3.00000e+00
f042_d0             =  3.00000e+00
f042_complete       =  3.00000e+00
f042_invalid        =  0.00000e+00
f042_timeout        =  0.00000e+00
f042_sampled        =  -1.49842e+00
f042_input          =  -1.49848e+00
f042_tcomplete      =  2.13755e-05
f043_d7             =  4.08882e-312
f043_d6             =  4.08882e-312
f043_d5             =  3.00000e+00
f043_d4             =  4.08882e-312
f043_d3             =  3.00000e+00
f043_d2             =  3.00000e+00
f043_d1             =  4.35027e-297
f043_d0             =  4.35027e-297
f043_complete       =  3.00000e+00
f043_invalid        =  0.00000e+00
f043_timeout        =  0.00000e+00
f043_sampled        =  -1.11623e+00
f043_input          =  -1.11638e+00
f043_tcomplete      =  2.18755e-05
f044_d7             =  4.08882e-312
f044_d6             =  3.00000e+00
f044_d5             =  3.00000e+00
f044_d4             =  4.08882e-312
f044_d3             =  3.00000e+00
f044_d2             =  3.00000e+00
f044_d1             =  3.00000e+00
f044_d0             =  3.00000e+00
f044_complete       =  3.00000e+00
f044_invalid        =  0.00000e+00
f044_timeout        =  0.00000e+00
f044_sampled        =  -2.27582e-01
f044_input          =  -2.27338e-01
f044_tcomplete      =  2.23755e-05
f045_d7             =  3.00000e+00
f045_d6             =  4.34181e-297
f045_d5             =  3.00000e+00
f045_d4             =  3.00000e+00
f045_d3             =  3.00000e+00
f045_d2             =  4.34181e-297
f045_d1             =  3.00000e+00
f045_d0             =  4.34181e-297
f045_complete       =  3.00000e+00
f045_invalid        =  0.00000e+00
f045_timeout        =  0.00000e+00
f045_sampled        =  7.65336e-01
f045_input          =  7.64834e-01
f045_tcomplete      =  2.28755e-05
f046_d7             =  3.00000e+00
f046_d6             =  3.00000e+00
f046_d5             =  3.00000e+00
f046_d4             =  4.18983e-297
f046_d3             =  3.00000e+00
f046_d2             =  4.08882e-312
f046_d1             =  3.00000e+00
f046_d0             =  4.08882e-312
f046_complete       =  3.00000e+00
f046_invalid        =  0.00000e+00
f046_timeout        =  0.00000e+00
f046_sampled        =  1.40907e+00
f046_input          =  1.40985e+00
f046_tcomplete      =  2.33755e-05
f047_d7             =  3.00000e+00
f047_d6             =  3.00000e+00
f047_d5             =  3.00000e+00
f047_d4             =  4.08882e-312
f047_d3             =  3.00000e+00
f047_d2             =  4.08882e-312
f047_d1             =  3.00000e+00
f047_d0             =  3.00000e+00
f047_complete       =  3.00000e+00
f047_invalid        =  0.00000e+00
f047_timeout        =  0.00000e+00
f047_sampled        =  1.41665e+00
f047_input          =  1.41491e+00
f047_tcomplete      =  2.38755e-05
f048_d7             =  3.00000e+00
f048_d6             =  4.42852e-297
f048_d5             =  3.00000e+00
f048_d4             =  3.00000e+00
f048_d3             =  3.00000e+00
f048_d2             =  4.08882e-312
f048_d1             =  3.00000e+00
f048_d0             =  3.00000e+00
f048_complete       =  3.00000e+00
f048_invalid        =  0.00000e+00
f048_timeout        =  0.00000e+00
f048_sampled        =  7.79609e-01
f048_input          =  7.77504e-01
f048_tcomplete      =  2.43755e-05
f049_d7             =  4.43221e-297
f049_d6             =  3.00000e+00
f049_d5             =  3.00000e+00
f049_d4             =  3.00000e+00
f049_d3             =  4.43221e-297
f049_d2             =  4.08882e-312
f049_d1             =  4.43221e-297
f049_d0             =  4.43221e-297
f049_complete       =  3.00000e+00
f049_invalid        =  0.00000e+00
f049_timeout        =  0.00000e+00
f049_sampled        =  -2.12056e-01
f049_input          =  -2.12737e-01
f049_tcomplete      =  2.48755e-05
f050_d7             =  4.08882e-312
f050_d6             =  4.39939e-297
f050_d5             =  3.00000e+00
f050_d4             =  4.39939e-297
f050_d3             =  3.00000e+00
f050_d2             =  3.00000e+00
f050_d1             =  4.08882e-312
f050_d0             =  3.00000e+00
f050_complete       =  3.00000e+00
f050_invalid        =  0.00000e+00
f050_timeout        =  0.00000e+00
f050_sampled        =  -1.10688e+00
f050_input          =  -1.10641e+00
f050_tcomplete      =  2.53755e-05
f051_d7             =  4.08882e-312
f051_d6             =  4.08882e-312
f051_d5             =  4.79155e-297
f051_d4             =  4.08882e-312
f051_d3             =  3.00000e+00
f051_d2             =  3.00000e+00
f051_d1             =  3.00000e+00
f051_d0             =  3.00000e+00
f051_complete       =  3.00000e+00
f051_invalid        =  0.00000e+00
f051_timeout        =  0.00000e+00
f051_sampled        =  -1.49903e+00
f051_input          =  -1.49786e+00
f051_tcomplete      =  2.58755e-05
f052_d7             =  4.08882e-312
f052_d6             =  4.08882e-312
f052_d5             =  3.00000e+00
f052_d4             =  4.08882e-312
f052_d3             =  4.39915e-297
f052_d2             =  3.00000e+00
f052_d1             =  4.39915e-297
f052_d0             =  3.00000e+00
f052_complete       =  3.00000e+00
f052_invalid        =  0.00000e+00
f052_timeout        =  0.00000e+00
f052_sampled        =  -1.20916e+00
f052_input          =  -1.20926e+00
f052_tcomplete      =  2.63755e-05
f053_d7             =  4.08882e-312
f053_d6             =  3.00000e+00
f053_d5             =  3.00000e+00
f053_d4             =  4.08882e-312
f053_d3             =  4.08882e-312
f053_d2             =  3.00000e+00
f053_d1             =  4.08882e-312
f053_d0             =  4.43141e-297
f053_complete       =  3.00000e+00
f053_invalid        =  0.00000e+00
f053_timeout        =  0.00000e+00
f053_sampled        =  -3.72238e-01
f053_input          =  -3.71565e-01
f053_tcomplete      =  2.68755e-05
f054_d7             =  3.00000e+00
f054_d6             =  4.45871e-297
f054_d5             =  3.00000e+00
f054_d4             =  3.00000e+00
f054_d3             =  4.08882e-312
f054_d2             =  4.45871e-297
f054_d1             =  4.08882e-312
f054_d0             =  4.08882e-312
f054_complete       =  3.00000e+00
f054_invalid        =  0.00000e+00
f054_timeout        =  0.00000e+00
f054_sampled        =  6.36088e-01
f054_input          =  6.34734e-01
f054_tcomplete      =  2.73755e-05
f055_d7             =  3.00000e+00
f055_d6             =  3.00000e+00
f055_d5             =  3.00000e+00
f055_d4             =  4.35258e-297
f055_d3             =  4.08882e-312
f055_d2             =  3.00000e+00
f055_d1             =  3.00000e+00
f055_d0             =  4.08882e-312
f055_complete       =  3.00000e+00
f055_invalid        =  0.00000e+00
f055_timeout        =  0.00000e+00
f055_sampled        =  1.35360e+00
f055_input          =  1.35280e+00
f055_tcomplete      =  2.78755e-05
f056_d7             =  3.00000e+00
f056_d6             =  3.00000e+00
f056_d5             =  3.00000e+00
f056_d4             =  4.08882e-312
f056_d3             =  3.00000e+00
f056_d2             =  3.00000e+00
f056_d1             =  3.00000e+00
f056_d0             =  4.08882e-312
f056_complete       =  3.00000e+00
f056_invalid        =  0.00000e+00
f056_timeout        =  0.00000e+00
f056_sampled        =  1.45606e+00
f056_input          =  1.45686e+00
f056_tcomplete      =  2.83755e-05
f057_d7             =  3.00000e+00
f057_d6             =  3.00000e+00
f057_d5             =  4.41549e-297
f057_d4             =  4.08882e-312
f057_d3             =  4.41549e-297
f057_d2             =  3.00000e+00
f057_d1             =  4.41549e-297
f057_d0             =  4.08882e-312
f057_complete       =  3.00000e+00
f057_invalid        =  0.00000e+00
f057_timeout        =  0.00000e+00
f057_sampled        =  9.01708e-01
f057_input          =  8.99442e-01
f057_tcomplete      =  2.88755e-05
f058_d7             =  4.40027e-297
f058_d6             =  3.00000e+00
f058_d5             =  3.00000e+00
f058_d4             =  3.00000e+00
f058_d3             =  3.00000e+00
f058_d2             =  4.40027e-297
f058_d1             =  3.00000e+00
f058_d0             =  3.00000e+00
f058_complete       =  3.00000e+00
f058_invalid        =  0.00000e+00
f058_timeout        =  0.00000e+00
f058_sampled        =  -6.62618e-02
f058_input          =  -6.63089e-02
f058_tcomplete      =  2.93755e-05
f059_d7             =  4.08882e-312
f059_d6             =  4.42758e-297
f059_d5             =  3.00000e+00
f059_d4             =  3.00000e+00
f059_d3             =  4.42758e-297
f059_d2             =  3.00000e+00
f059_d1             =  4.42758e-297
f059_d0             =  3.00000e+00
f059_complete       =  3.00000e+00
f059_invalid        =  0.00000e+00
f059_timeout        =  0.00000e+00
f059_sampled        =  -1.00103e+00
f059_input          =  -1.00190e+00
f059_tcomplete      =  2.98755e-05
f060_d7             =  4.08882e-312
f060_d6             =  4.08882e-312
f060_d5             =  5.01953e-297
f060_d4             =  3.00000e+00
f060_d3             =  4.08882e-312
f060_d2             =  5.01953e-297
f060_d1             =  4.08882e-312
f060_d0             =  5.01953e-297
f060_complete       =  3.00000e+00
f060_invalid        =  0.00000e+00
f060_timeout        =  0.00000e+00
f060_sampled        =  -1.48359e+00
f060_input          =  -1.48261e+00
f060_tcomplete      =  3.03755e-05
f061_d7             =  4.08882e-312
f061_d6             =  4.08882e-312
f061_d5             =  4.08882e-312
f061_d4             =  3.00000e+00
f061_d3             =  3.00000e+00
f061_d2             =  3.00000e+00
f061_d1             =  3.00000e+00
f061_d0             =  3.00000e+00
f061_complete       =  3.00000e+00
f061_invalid        =  0.00000e+00
f061_timeout        =  0.00000e+00
f061_sampled        =  -1.29076e+00
f061_input          =  -1.29038e+00
f061_tcomplete      =  3.08755e-05
f062_d7             =  4.08882e-312
f062_d6             =  3.00000e+00
f062_d5             =  4.08882e-312
f062_d4             =  3.00000e+00
f062_d3             =  3.00000e+00
f062_d2             =  4.29592e-297
f062_d1             =  3.00000e+00
f062_d0             =  4.29592e-297
f062_complete       =  3.00000e+00
f062_invalid        =  0.00000e+00
f062_timeout        =  0.00000e+00
f062_sampled        =  -5.12381e-01
f062_input          =  -5.12243e-01
f062_tcomplete      =  3.13755e-05
f063_d7             =  3.00000e+00
f063_d6             =  4.21692e-297
f063_d5             =  3.00000e+00
f063_d4             =  4.21692e-297
f063_d3             =  4.21692e-297
f063_d2             =  3.00000e+00
f063_d1             =  3.00000e+00
f063_d0             =  4.08882e-312
f063_complete       =  3.00000e+00
f063_invalid        =  0.00000e+00
f063_timeout        =  0.00000e+00
f063_sampled        =  4.98739e-01
f063_input          =  4.98387e-01
f063_tcomplete      =  3.18755e-05
f064_d7             =  3.00000e+00
f064_d6             =  3.00000e+00
f064_d5             =  3.00000e+00
f064_d4             =  4.08882e-312
f064_d3             =  4.08882e-312
f064_d2             =  4.39919e-297
f064_d1             =  4.39919e-297
f064_d0             =  3.00000e+00
f064_complete       =  3.00000e+00
f064_invalid        =  0.00000e+00
f064_timeout        =  0.00000e+00
f064_sampled        =  1.28465e+00
f064_input          =  1.28285e+00
f064_tcomplete      =  3.23755e-05
f065_d7             =  3.00000e+00
f065_d6             =  3.00000e+00
f065_d5             =  3.00000e+00
f065_d4             =  3.00000e+00
f065_d3             =  4.08882e-312
f065_d2             =  4.08882e-312
f065_d1             =  4.08882e-312
f065_d0             =  4.85485e-297
f065_complete       =  3.00000e+00
f065_invalid        =  0.00000e+00
f065_timeout        =  0.00000e+00
f065_sampled        =  1.48633e+00
f065_input          =  1.48505e+00
f065_tcomplete      =  3.28755e-05
f066_d7             =  3.00000e+00
f066_d6             =  3.00000e+00
f066_d5             =  4.39789e-297
f066_d4             =  4.39789e-297
f066_d3             =  3.00000e+00
f066_d2             =  3.00000e+00
f066_d1             =  4.08882e-312
f066_d0             =  3.00000e+00
f066_complete       =  3.00000e+00
f066_invalid        =  0.00000e+00
f066_timeout        =  0.00000e+00
f066_sampled        =  1.01228e+00
f066_input          =  1.01282e+00
f066_tcomplete      =  3.33755e-05
f067_d7             =  3.00000e+00
f067_d6             =  4.48548e-297
f067_d5             =  4.08882e-312
f067_d4             =  4.08882e-312
f067_d3             =  4.48548e-297
f067_d2             =  3.00000e+00
f067_d1             =  3.00000e+00
f067_d0             =  4.48548e-297
f067_complete       =  3.00000e+00
f067_invalid        =  0.00000e+00
f067_timeout        =  0.00000e+00
f067_sampled        =  7.84240e-02
f067_input          =  8.10165e-02
f067_tcomplete      =  3.38755e-05
p_f000_cmp7_p0      =  -6.61140e-06
p_f000_cmp7_n0      =  -6.59694e-06
p_f000_cmp7_p5      =  2.99999e+00
p_f000_cmp7_n5      =  -3.59960e-06
p_f000_cmp6_p0      =  -1.55676e-06
p_f000_cmp6_n0      =  -1.65623e-06
p_f000_cmp6_p5      =  2.99999e+00
p_f000_cmp6_n5      =  -3.90921e-06
p_f000_cmp5_p0      =  -6.85851e-06
p_f000_cmp5_n0      =  -6.84177e-06
p_f000_cmp5_p5      =  2.99999e+00
p_f000_cmp5_n5      =  -3.40781e-06
p_f000_cmp4_p0      =  -6.85049e-06
p_f000_cmp4_n0      =  -6.84794e-06
p_f000_cmp4_p5      =  -3.41970e-06
p_f000_cmp4_n5      =  2.99999e+00
p_f000_cmp3_p0      =  -1.84454e-06
p_f000_cmp3_n0      =  -1.99863e-06
p_f000_cmp3_p5      =  -3.84012e-06
p_f000_cmp3_n5      =  2.99999e+00
p_f000_cmp2_p0      =  -1.84603e-06
p_f000_cmp2_n0      =  -1.99284e-06
p_f000_cmp2_p5      =  -3.83097e-06
p_f000_cmp2_n5      =  2.99999e+00
p_f000_cmp1_p0      =  -6.84343e-06
p_f000_cmp1_n0      =  -6.82755e-06
p_f000_cmp1_p5      =  -3.38679e-06
p_f000_cmp1_n5      =  2.99999e+00
p_f000_cmp0_p0      =  -1.50972e-06
p_f000_cmp0_n0      =  -1.65186e-06
p_f000_cmp0_p5      =  2.99999e+00
p_f000_cmp0_n5      =  -3.80261e-06
p_f000_dctrl7_p     =  3.00001e+00
p_f000_dctrl7_n     =  3.58543e-01
p_f000_dctrl6_p     =  2.95924e+00
p_f000_dctrl6_n     =  7.24267e-06
p_f000_dctrl5_p     =  2.99946e+00
p_f000_dctrl5_n     =  -2.43848e-06
p_f000_dctrl4_p     =  -2.16761e-07
p_f000_dctrl4_n     =  3.00000e+00
p_f000_dctrl3_p     =  -5.16959e-08
p_f000_dctrl3_n     =  3.00000e+00
p_f000_dctrl2_p     =  -2.32180e-08
p_f000_dctrl2_n     =  3.00000e+00
p_f000_dctrl1_p     =  -1.25794e-08
p_f000_dctrl1_n     =  3.00000e+00
p_f000_do7_drv_470  =  3.00000e+00
p_f000_do7_rx_470   =  3.00000e+00
p_f000_do6_drv_470  =  3.00000e+00
p_f000_do6_rx_470   =  3.00000e+00
p_f000_do5_drv_470  =  3.00000e+00
p_f000_do5_rx_470   =  3.00000e+00
p_f000_do4_drv_470  =  0.00000e+00
p_f000_do4_rx_470   =  0.00000e+00
p_f000_do3_drv_470  =  0.00000e+00
p_f000_do3_rx_470   =  0.00000e+00
p_f000_do2_drv_470  =  0.00000e+00
p_f000_do2_rx_470   =  0.00000e+00
p_f000_do1_drv_470  =  0.00000e+00
p_f000_do1_rx_470   =  0.00000e+00
p_f000_do0_drv_470  =  3.00000e+00
p_f000_do0_rx_470   =  3.00000e+00
p_f000_do7_drv_480  =  3.00000e+00
p_f000_do7_rx_480   =  3.00000e+00
p_f000_do6_drv_480  =  3.00000e+00
p_f000_do6_rx_480   =  3.00000e+00
p_f000_do5_drv_480  =  3.00000e+00
p_f000_do5_rx_480   =  3.00000e+00
p_f000_do4_drv_480  =  0.00000e+00
p_f000_do4_rx_480   =  0.00000e+00
p_f000_do3_drv_480  =  0.00000e+00
p_f000_do3_rx_480   =  0.00000e+00
p_f000_do2_drv_480  =  0.00000e+00
p_f000_do2_rx_480   =  0.00000e+00
p_f000_do1_drv_480  =  0.00000e+00
p_f000_do1_rx_480   =  0.00000e+00
p_f000_do0_drv_480  =  3.00000e+00
p_f000_do0_rx_480   =  3.00000e+00
p_f001_cmp7_p0      =  -7.74557e-06
p_f001_cmp7_n0      =  -7.73494e-06
p_f001_cmp7_p5      =  2.99999e+00
p_f001_cmp7_n5      =  -3.70494e-06
p_f001_cmp6_p0      =  4.58743e-06
p_f001_cmp6_n0      =  4.42963e-06
p_f001_cmp6_p5      =  2.99999e+00
p_f001_cmp6_n5      =  -4.02004e-06
p_f001_cmp5_p0      =  -7.88626e-06
p_f001_cmp5_n0      =  -7.86540e-06
p_f001_cmp5_p5      =  2.99999e+00
p_f001_cmp5_n5      =  -3.50226e-06
p_f001_cmp4_p0      =  -7.86343e-06
p_f001_cmp4_n0      =  -7.85683e-06
p_f001_cmp4_p5      =  2.99999e+00
p_f001_cmp4_n5      =  -3.46654e-06
p_f001_cmp3_p0      =  4.28112e-06
p_f001_cmp3_n0      =  4.06227e-06
p_f001_cmp3_p5      =  -3.93454e-06
p_f001_cmp3_n5      =  2.99999e+00
p_f001_cmp2_p0      =  4.27614e-06
p_f001_cmp2_n0      =  4.06662e-06
p_f001_cmp2_p5      =  -3.92559e-06
p_f001_cmp2_n5      =  2.99999e+00
p_f001_cmp1_p0      =  -7.85854e-06
p_f001_cmp1_n0      =  -7.85300e-06
p_f001_cmp1_p5      =  -3.47559e-06
p_f001_cmp1_n5      =  2.99999e+00
p_f001_cmp0_p0      =  1.45659e-06
p_f001_cmp0_n0      =  1.26010e-06
p_f001_cmp0_p5      =  -3.90612e-06
p_f001_cmp0_n5      =  2.99999e+00
p_f001_dctrl7_p     =  3.00001e+00
p_f001_dctrl7_n     =  3.59535e-01
p_f001_dctrl6_p     =  2.95903e+00
p_f001_dctrl6_n     =  7.75673e-06
p_f001_dctrl5_p     =  2.99946e+00
p_f001_dctrl5_n     =  -2.18682e-06
p_f001_dctrl4_p     =  3.00000e+00
p_f001_dctrl4_n     =  -2.29931e-07
p_f001_dctrl3_p     =  -5.22009e-08
p_f001_dctrl3_n     =  3.00000e+00
p_f001_dctrl2_p     =  -2.32769e-08
p_f001_dctrl2_n     =  3.00000e+00
p_f001_dctrl1_p     =  -1.25561e-08
p_f001_dctrl1_n     =  3.00000e+00
p_f001_do7_drv_470  =  3.00000e+00
p_f001_do7_rx_470   =  3.00000e+00
p_f001_do6_drv_470  =  3.00000e+00
p_f001_do6_rx_470   =  3.00000e+00
p_f001_do5_drv_470  =  3.00000e+00
p_f001_do5_rx_470   =  3.00000e+00
p_f001_do4_drv_470  =  3.00000e+00
p_f001_do4_rx_470   =  3.00000e+00
p_f001_do3_drv_470  =  0.00000e+00
p_f001_do3_rx_470   =  0.00000e+00
p_f001_do2_drv_470  =  0.00000e+00
p_f001_do2_rx_470   =  0.00000e+00
p_f001_do1_drv_470  =  0.00000e+00
p_f001_do1_rx_470   =  0.00000e+00
p_f001_do0_drv_470  =  0.00000e+00
p_f001_do0_rx_470   =  1.38997e-268
p_f001_do7_drv_480  =  3.00000e+00
p_f001_do7_rx_480   =  3.00000e+00
p_f001_do6_drv_480  =  3.00000e+00
p_f001_do6_rx_480   =  3.00000e+00
p_f001_do5_drv_480  =  3.00000e+00
p_f001_do5_rx_480   =  3.00000e+00
p_f001_do4_drv_480  =  3.00000e+00
p_f001_do4_rx_480   =  3.00000e+00
p_f001_do3_drv_480  =  0.00000e+00
p_f001_do3_rx_480   =  0.00000e+00
p_f001_do2_drv_480  =  0.00000e+00
p_f001_do2_rx_480   =  0.00000e+00
p_f001_do1_drv_480  =  0.00000e+00
p_f001_do1_rx_480   =  0.00000e+00
p_f001_do0_drv_480  =  0.00000e+00
p_f001_do0_rx_480   =  4.88002e-297
p_f002_cmp7_p0      =  -6.69969e-06
p_f002_cmp7_n0      =  -6.69394e-06
p_f002_cmp7_p5      =  2.99999e+00
p_f002_cmp7_n5      =  -3.56864e-06
p_f002_cmp6_p0      =  -1.53474e-06
p_f002_cmp6_n0      =  -1.65522e-06
p_f002_cmp6_p5      =  2.99999e+00
p_f002_cmp6_n5      =  -3.89861e-06
p_f002_cmp5_p0      =  -6.86432e-06
p_f002_cmp5_n0      =  -6.86036e-06
p_f002_cmp5_p5      =  -3.43681e-06
p_f002_cmp5_n5      =  2.99999e+00
p_f002_cmp4_p0      =  -6.84926e-06
p_f002_cmp4_n0      =  -6.83420e-06
p_f002_cmp4_p5      =  -3.40847e-06
p_f002_cmp4_n5      =  2.99999e+00
p_f002_cmp3_p0      =  -1.85548e-06
p_f002_cmp3_n0      =  -1.98439e-06
p_f002_cmp3_p5      =  2.99999e+00
p_f002_cmp3_n5      =  -3.82016e-06
p_f002_cmp2_p0      =  -1.85065e-06
p_f002_cmp2_n0      =  -1.98769e-06
p_f002_cmp2_p5      =  2.99999e+00
p_f002_cmp2_n5      =  -3.80494e-06
p_f002_cmp1_p0      =  -6.84331e-06
p_f002_cmp1_n0      =  -6.82759e-06
p_f002_cmp1_p5      =  -3.39254e-06
p_f002_cmp1_n5      =  2.99999e+00
p_f002_cmp0_p0      =  -1.50936e-06
p_f002_cmp0_n0      =  -1.65220e-06
p_f002_cmp0_p5      =  2.99999e+00
p_f002_cmp0_n5      =  -3.79616e-06
p_f002_dctrl7_p     =  3.00001e+00
p_f002_dctrl7_n     =  3.58542e-01
p_f002_dctrl6_p     =  2.95924e+00
p_f002_dctrl6_n     =  6.34746e-06
p_f002_dctrl5_p     =  -1.23275e-06
p_f002_dctrl5_n     =  2.99946e+00
p_f002_dctrl4_p     =  -2.40969e-07
p_f002_dctrl4_n     =  3.00000e+00
p_f002_dctrl3_p     =  3.00000e+00
p_f002_dctrl3_n     =  -5.05022e-08
p_f002_dctrl2_p     =  3.00000e+00
p_f002_dctrl2_n     =  -2.26407e-08
p_f002_dctrl1_p     =  -1.24774e-08
p_f002_dctrl1_n     =  3.00000e+00
p_f002_do7_drv_470  =  3.00000e+00
p_f002_do7_rx_470   =  3.00000e+00
p_f002_do6_drv_470  =  3.00000e+00
p_f002_do6_rx_470   =  3.00000e+00
p_f002_do5_drv_470  =  0.00000e+00
p_f002_do5_rx_470   =  1.25287e-268
p_f002_do4_drv_470  =  0.00000e+00
p_f002_do4_rx_470   =  1.25287e-268
p_f002_do3_drv_470  =  3.00000e+00
p_f002_do3_rx_470   =  3.00000e+00
p_f002_do2_drv_470  =  3.00000e+00
p_f002_do2_rx_470   =  3.00000e+00
p_f002_do1_drv_470  =  0.00000e+00
p_f002_do1_rx_470   =  0.00000e+00
p_f002_do0_drv_470  =  3.00000e+00
p_f002_do0_rx_470   =  3.00000e+00
p_f002_do7_drv_480  =  3.00000e+00
p_f002_do7_rx_480   =  3.00000e+00
p_f002_do6_drv_480  =  3.00000e+00
p_f002_do6_rx_480   =  3.00000e+00
p_f002_do5_drv_480  =  0.00000e+00
p_f002_do5_rx_480   =  4.39868e-297
p_f002_do4_drv_480  =  0.00000e+00
p_f002_do4_rx_480   =  4.39868e-297
p_f002_do3_drv_480  =  3.00000e+00
p_f002_do3_rx_480   =  3.00000e+00
p_f002_do2_drv_480  =  3.00000e+00
p_f002_do2_rx_480   =  3.00000e+00
p_f002_do1_drv_480  =  0.00000e+00
p_f002_do1_rx_480   =  0.00000e+00
p_f002_do0_drv_480  =  3.00000e+00
p_f002_do0_rx_480   =  3.00000e+00
p_f003_cmp7_p0      =  -6.89520e-06
p_f003_cmp7_n0      =  -6.88851e-06
p_f003_cmp7_p5      =  2.99999e+00
p_f003_cmp7_n5      =  -3.55077e-06
p_f003_cmp6_p0      =  -1.56924e-07
p_f003_cmp6_n0      =  -3.51254e-07
p_f003_cmp6_p5      =  -3.97332e-06
p_f003_cmp6_n5      =  2.99999e+00
p_f003_cmp5_p0      =  -7.08709e-06
p_f003_cmp5_n0      =  -7.08536e-06
p_f003_cmp5_p5      =  -3.45687e-06
p_f003_cmp5_n5      =  2.99999e+00
p_f003_cmp4_p0      =  -7.18036e-06
p_f003_cmp4_n0      =  -7.16843e-06
p_f003_cmp4_p5      =  -3.43129e-06
p_f003_cmp4_n5      =  2.99999e+00
p_f003_cmp3_p0      =  -4.86984e-07
p_f003_cmp3_n0      =  -6.43629e-07
p_f003_cmp3_p5      =  -3.84805e-06
p_f003_cmp3_n5      =  2.99999e+00
p_f003_cmp2_p0      =  -4.92556e-07
p_f003_cmp2_n0      =  -6.39321e-07
p_f003_cmp2_p5      =  2.99999e+00
p_f003_cmp2_n5      =  -3.83304e-06
p_f003_cmp1_p0      =  -7.06940e-06
p_f003_cmp1_n0      =  -7.05508e-06
p_f003_cmp1_p5      =  2.99999e+00
p_f003_cmp1_n5      =  -3.39278e-06
p_f003_cmp0_p0      =  -1.49210e-07
p_f003_cmp0_n0      =  -3.06721e-07
p_f003_cmp0_p5      =  -3.83560e-06
p_f003_cmp0_n5      =  2.99999e+00
p_f003_dctrl7_p     =  3.00001e+00
p_f003_dctrl7_n     =  3.58754e-01
p_f003_dctrl6_p     =  5.26098e-05
p_f003_dctrl6_n     =  2.95919e+00
p_f003_dctrl5_p     =  -1.47611e-06
p_f003_dctrl5_n     =  2.99946e+00
p_f003_dctrl4_p     =  -2.20134e-07
p_f003_dctrl4_n     =  3.00000e+00
p_f003_dctrl3_p     =  -5.43570e-08
p_f003_dctrl3_n     =  3.00000e+00
p_f003_dctrl2_p     =  3.00000e+00
p_f003_dctrl2_n     =  -2.25361e-08
p_f003_dctrl1_p     =  3.00000e+00
p_f003_dctrl1_n     =  -1.24443e-08
p_f003_do7_drv_470  =  3.00000e+00
p_f003_do7_rx_470   =  3.00000e+00
p_f003_do6_drv_470  =  0.00000e+00
p_f003_do6_rx_470   =  1.27760e-268
p_f003_do5_drv_470  =  0.00000e+00
p_f003_do5_rx_470   =  4.08882e-312
p_f003_do4_drv_470  =  0.00000e+00
p_f003_do4_rx_470   =  4.08882e-312
p_f003_do3_drv_470  =  0.00000e+00
p_f003_do3_rx_470   =  1.27760e-268
p_f003_do2_drv_470  =  3.00000e+00
p_f003_do2_rx_470   =  3.00000e+00
p_f003_do1_drv_470  =  3.00000e+00
p_f003_do1_rx_470   =  3.00000e+00
p_f003_do0_drv_470  =  0.00000e+00
p_f003_do0_rx_470   =  1.27760e-268
p_f003_do7_drv_480  =  3.00000e+00
p_f003_do7_rx_480   =  3.00000e+00
p_f003_do6_drv_480  =  0.00000e+00
p_f003_do6_rx_480   =  4.48550e-297
p_f003_do5_drv_480  =  0.00000e+00
p_f003_do5_rx_480   =  4.08882e-312
p_f003_do4_drv_480  =  0.00000e+00
p_f003_do4_rx_480   =  4.08882e-312
p_f003_do3_drv_480  =  0.00000e+00
p_f003_do3_rx_480   =  4.48550e-297
p_f003_do2_drv_480  =  3.00000e+00
p_f003_do2_rx_480   =  3.00000e+00
p_f003_do1_drv_480  =  3.00000e+00
p_f003_do1_rx_480   =  3.00000e+00
p_f003_do0_drv_480  =  0.00000e+00
p_f003_do0_rx_480   =  4.48550e-297
p_f064_cmp7_p0      =  -6.93812e-06
p_f064_cmp7_n0      =  -6.92437e-06
p_f064_cmp7_p5      =  2.99999e+00
p_f064_cmp7_n5      =  -3.60826e-06
p_f064_cmp6_p0      =  -1.90675e-07
p_f064_cmp6_n0      =  -3.03687e-07
p_f064_cmp6_p5      =  2.99999e+00
p_f064_cmp6_n5      =  -3.93031e-06
p_f064_cmp5_p0      =  -6.68977e-06
p_f064_cmp5_n0      =  -6.67146e-06
p_f064_cmp5_p5      =  2.99999e+00
p_f064_cmp5_n5      =  -3.39303e-06
p_f064_cmp4_p0      =  -7.07510e-06
p_f064_cmp4_n0      =  -7.07588e-06
p_f064_cmp4_p5      =  -3.43690e-06
p_f064_cmp4_n5      =  2.99999e+00
p_f064_cmp3_p0      =  -3.20565e-06
p_f064_cmp3_n0      =  -3.34550e-06
p_f064_cmp3_p5      =  -3.81947e-06
p_f064_cmp3_n5      =  2.99999e+00
p_f064_cmp2_p0      =  -4.85799e-07
p_f064_cmp2_n0      =  -6.46107e-07
p_f064_cmp2_p5      =  -3.85170e-06
p_f064_cmp2_n5      =  2.99999e+00
p_f064_cmp1_p0      =  -6.78702e-06
p_f064_cmp1_n0      =  -6.77060e-06
p_f064_cmp1_p5      =  -3.38380e-06
p_f064_cmp1_n5      =  2.99999e+00
p_f064_cmp0_p0      =  -3.20904e-06
p_f064_cmp0_n0      =  -3.33494e-06
p_f064_cmp0_p5      =  2.99999e+00
p_f064_cmp0_n5      =  -3.77314e-06
p_f064_dctrl7_p     =  3.00001e+00
p_f064_dctrl7_n     =  3.58543e-01
p_f064_dctrl6_p     =  2.95921e+00
p_f064_dctrl6_n     =  7.24867e-06
p_f064_dctrl5_p     =  2.99946e+00
p_f064_dctrl5_n     =  -2.43781e-06
p_f064_dctrl4_p     =  -2.17130e-07
p_f064_dctrl4_n     =  3.00000e+00
p_f064_dctrl3_p     =  -5.17269e-08
p_f064_dctrl3_n     =  3.00000e+00
p_f064_dctrl2_p     =  -2.32549e-08
p_f064_dctrl2_n     =  3.00000e+00
p_f064_dctrl1_p     =  -1.25597e-08
p_f064_dctrl1_n     =  3.00000e+00
p_f064_do7_drv_470  =  3.00000e+00
p_f064_do7_rx_470   =  3.00000e+00
p_f064_do6_drv_470  =  3.00000e+00
p_f064_do6_rx_470   =  3.00000e+00
p_f064_do5_drv_470  =  3.00000e+00
p_f064_do5_rx_470   =  3.00000e+00
p_f064_do4_drv_470  =  0.00000e+00
p_f064_do4_rx_470   =  4.08882e-312
p_f064_do3_drv_470  =  0.00000e+00
p_f064_do3_rx_470   =  4.08882e-312
p_f064_do2_drv_470  =  0.00000e+00
p_f064_do2_rx_470   =  1.25302e-268
p_f064_do1_drv_470  =  0.00000e+00
p_f064_do1_rx_470   =  1.25302e-268
p_f064_do0_drv_470  =  3.00000e+00
p_f064_do0_rx_470   =  3.00000e+00
p_f064_do7_drv_480  =  3.00000e+00
p_f064_do7_rx_480   =  3.00000e+00
p_f064_do6_drv_480  =  3.00000e+00
p_f064_do6_rx_480   =  3.00000e+00
p_f064_do5_drv_480  =  3.00000e+00
p_f064_do5_rx_480   =  3.00000e+00
p_f064_do4_drv_480  =  0.00000e+00
p_f064_do4_rx_480   =  4.08882e-312
p_f064_do3_drv_480  =  0.00000e+00
p_f064_do3_rx_480   =  4.08882e-312
p_f064_do2_drv_480  =  0.00000e+00
p_f064_do2_rx_480   =  4.39919e-297
p_f064_do1_drv_480  =  0.00000e+00
p_f064_do1_rx_480   =  4.39919e-297
p_f064_do0_drv_480  =  3.00000e+00
p_f064_do0_rx_480   =  3.00000e+00
p_f065_cmp7_p0      =  -7.93863e-06
p_f065_cmp7_n0      =  -7.92881e-06
p_f065_cmp7_p5      =  2.99999e+00
p_f065_cmp7_n5      =  -3.72478e-06
p_f065_cmp6_p0      =  5.95428e-06
p_f065_cmp6_n0      =  5.78310e-06
p_f065_cmp6_p5      =  2.99999e+00
p_f065_cmp6_n5      =  -4.04241e-06
p_f065_cmp5_p0      =  -7.71754e-06
p_f065_cmp5_n0      =  -7.69603e-06
p_f065_cmp5_p5      =  2.99999e+00
p_f065_cmp5_n5      =  -3.48758e-06
p_f065_cmp4_p0      =  -8.08552e-06
p_f065_cmp4_n0      =  -8.08119e-06
p_f065_cmp4_p5      =  2.99999e+00
p_f065_cmp4_n5      =  -3.48428e-06
p_f065_cmp3_p0      =  2.91989e-06
p_f065_cmp3_n0      =  2.71520e-06
p_f065_cmp3_p5      =  -3.91331e-06
p_f065_cmp3_n5      =  2.99999e+00
p_f065_cmp2_p0      =  5.63661e-06
p_f065_cmp2_n0      =  5.41316e-06
p_f065_cmp2_p5      =  -3.94661e-06
p_f065_cmp2_n5      =  2.99999e+00
p_f065_cmp1_p0      =  -7.80215e-06
p_f065_cmp1_n0      =  -7.79602e-06
p_f065_cmp1_p5      =  -3.47037e-06
p_f065_cmp1_n5      =  2.99999e+00
p_f065_cmp0_p0      =  2.91029e-06
p_f065_cmp0_n0      =  2.72243e-06
p_f065_cmp0_p5      =  -3.93631e-06
p_f065_cmp0_n5      =  2.99999e+00
p_f065_dctrl7_p     =  3.00001e+00
p_f065_dctrl7_n     =  3.59535e-01
p_f065_dctrl6_p     =  2.95899e+00
p_f065_dctrl6_n     =  7.77788e-06
p_f065_dctrl5_p     =  2.99946e+00
p_f065_dctrl5_n     =  -2.18851e-06
p_f065_dctrl4_p     =  3.00000e+00
p_f065_dctrl4_n     =  -2.30084e-07
p_f065_dctrl3_p     =  -5.21418e-08
p_f065_dctrl3_n     =  3.00000e+00
p_f065_dctrl2_p     =  -2.32399e-08
p_f065_dctrl2_n     =  3.00000e+00
p_f065_dctrl1_p     =  -1.25826e-08
p_f065_dctrl1_n     =  3.00000e+00
p_f065_do7_drv_470  =  3.00000e+00
p_f065_do7_rx_470   =  3.00000e+00
p_f065_do6_drv_470  =  3.00000e+00
p_f065_do6_rx_470   =  3.00000e+00
p_f065_do5_drv_470  =  3.00000e+00
p_f065_do5_rx_470   =  3.00000e+00
p_f065_do4_drv_470  =  3.00000e+00
p_f065_do4_rx_470   =  3.00000e+00
p_f065_do3_drv_470  =  0.00000e+00
p_f065_do3_rx_470   =  4.08882e-312
p_f065_do2_drv_470  =  0.00000e+00
p_f065_do2_rx_470   =  4.08882e-312
p_f065_do1_drv_470  =  0.00000e+00
p_f065_do1_rx_470   =  4.08882e-312
p_f065_do0_drv_470  =  0.00000e+00
p_f065_do0_rx_470   =  1.38280e-268
p_f065_do7_drv_480  =  3.00000e+00
p_f065_do7_rx_480   =  3.00000e+00
p_f065_do6_drv_480  =  3.00000e+00
p_f065_do6_rx_480   =  3.00000e+00
p_f065_do5_drv_480  =  3.00000e+00
p_f065_do5_rx_480   =  3.00000e+00
p_f065_do4_drv_480  =  3.00000e+00
p_f065_do4_rx_480   =  3.00000e+00
p_f065_do3_drv_480  =  0.00000e+00
p_f065_do3_rx_480   =  4.08882e-312
p_f065_do2_drv_480  =  0.00000e+00
p_f065_do2_rx_480   =  4.08882e-312
p_f065_do1_drv_480  =  0.00000e+00
p_f065_do1_rx_480   =  4.08882e-312
p_f065_do0_drv_480  =  0.00000e+00
p_f065_do0_rx_480   =  4.85485e-297
p_f066_cmp7_p0      =  -6.92728e-06
p_f066_cmp7_n0      =  -6.92298e-06
p_f066_cmp7_p5      =  2.99999e+00
p_f066_cmp7_n5      =  -3.58776e-06
p_f066_cmp6_p0      =  -1.70489e-07
p_f066_cmp6_n0      =  -3.03267e-07
p_f066_cmp6_p5      =  2.99999e+00
p_f066_cmp6_n5      =  -3.91970e-06
p_f066_cmp5_p0      =  -6.69628e-06
p_f066_cmp5_n0      =  -6.68980e-06
p_f066_cmp5_p5      =  -3.42270e-06
p_f066_cmp5_n5      =  2.99999e+00
p_f066_cmp4_p0      =  -7.07454e-06
p_f066_cmp4_n0      =  -7.06190e-06
p_f066_cmp4_p5      =  -3.42908e-06
p_f066_cmp4_n5      =  2.99999e+00
p_f066_cmp3_p0      =  -3.21607e-06
p_f066_cmp3_n0      =  -3.33183e-06
p_f066_cmp3_p5      =  2.99999e+00
p_f066_cmp3_n5      =  -3.80033e-06
p_f066_cmp2_p0      =  -4.90488e-07
p_f066_cmp2_n0      =  -6.40985e-07
p_f066_cmp2_p5      =  2.99999e+00
p_f066_cmp2_n5      =  -3.82617e-06
p_f066_cmp1_p0      =  -6.78693e-06
p_f066_cmp1_n0      =  -6.77058e-06
p_f066_cmp1_p5      =  -3.38589e-06
p_f066_cmp1_n5      =  2.99999e+00
p_f066_cmp0_p0      =  -3.20867e-06
p_f066_cmp0_n0      =  -3.33529e-06
p_f066_cmp0_p5      =  2.99999e+00
p_f066_cmp0_n5      =  -3.75816e-06
p_f066_dctrl7_p     =  3.00001e+00
p_f066_dctrl7_n     =  3.58542e-01
p_f066_dctrl6_p     =  2.95921e+00
p_f066_dctrl6_n     =  6.35101e-06
p_f066_dctrl5_p     =  -1.22934e-06
p_f066_dctrl5_n     =  2.99946e+00
p_f066_dctrl4_p     =  -2.41694e-07
p_f066_dctrl4_n     =  3.00000e+00
p_f066_dctrl3_p     =  3.00000e+00
p_f066_dctrl3_n     =  -5.05642e-08
p_f066_dctrl2_p     =  3.00000e+00
p_f066_dctrl2_n     =  -2.25122e-08
p_f066_dctrl1_p     =  -1.24527e-08
p_f066_dctrl1_n     =  3.00000e+00
p_f066_do7_drv_470  =  3.00000e+00
p_f066_do7_rx_470   =  3.00000e+00
p_f066_do6_drv_470  =  3.00000e+00
p_f066_do6_rx_470   =  3.00000e+00
p_f066_do5_drv_470  =  0.00000e+00
p_f066_do5_rx_470   =  1.25265e-268
p_f066_do4_drv_470  =  0.00000e+00
p_f066_do4_rx_470   =  1.25265e-268
p_f066_do3_drv_470  =  3.00000e+00
p_f066_do3_rx_470   =  3.00000e+00
p_f066_do2_drv_470  =  3.00000e+00
p_f066_do2_rx_470   =  3.00000e+00
p_f066_do1_drv_470  =  0.00000e+00
p_f066_do1_rx_470   =  4.08882e-312
p_f066_do0_drv_470  =  3.00000e+00
p_f066_do0_rx_470   =  3.00000e+00
p_f066_do7_drv_480  =  3.00000e+00
p_f066_do7_rx_480   =  3.00000e+00
p_f066_do6_drv_480  =  3.00000e+00
p_f066_do6_rx_480   =  3.00000e+00
p_f066_do5_drv_480  =  0.00000e+00
p_f066_do5_rx_480   =  4.39789e-297
p_f066_do4_drv_480  =  0.00000e+00
p_f066_do4_rx_480   =  4.39789e-297
p_f066_do3_drv_480  =  3.00000e+00
p_f066_do3_rx_480   =  3.00000e+00
p_f066_do2_drv_480  =  3.00000e+00
p_f066_do2_rx_480   =  3.00000e+00
p_f066_do1_drv_480  =  0.00000e+00
p_f066_do1_rx_480   =  4.08882e-312
p_f066_do0_drv_480  =  3.00000e+00
p_f066_do0_rx_480   =  3.00000e+00
p_f067_cmp7_p0      =  -7.12425e-06
p_f067_cmp7_n0      =  -7.11906e-06
p_f067_cmp7_p5      =  2.99999e+00
p_f067_cmp7_n5      =  -3.56973e-06
p_f067_cmp6_p0      =  1.21080e-06
p_f067_cmp6_n0      =  1.00169e-06
p_f067_cmp6_p5      =  -3.99461e-06
p_f067_cmp6_n5      =  2.99999e+00
p_f067_cmp5_p0      =  -6.91959e-06
p_f067_cmp5_n0      =  -6.91531e-06
p_f067_cmp5_p5      =  -3.44304e-06
p_f067_cmp5_n5      =  2.99999e+00
p_f067_cmp4_p0      =  -7.53574e-06
p_f067_cmp4_n0      =  -7.52351e-06
p_f067_cmp4_p5      =  -3.44708e-06
p_f067_cmp4_n5      =  2.99999e+00
p_f067_cmp3_p0      =  -1.84739e-06
p_f067_cmp3_n0      =  -1.99063e-06
p_f067_cmp3_p5      =  -3.82676e-06
p_f067_cmp3_n5      =  2.99999e+00
p_f067_cmp2_p0      =  8.66985e-07
p_f067_cmp2_n0      =  7.07934e-07
p_f067_cmp2_p5      =  2.99999e+00
p_f067_cmp2_n5      =  -3.85408e-06
p_f067_cmp1_p0      =  -7.01301e-06
p_f067_cmp1_n0      =  -6.99812e-06
p_f067_cmp1_p5      =  2.99999e+00
p_f067_cmp1_n5      =  -3.38873e-06
p_f067_cmp0_p0      =  -1.84877e-06
p_f067_cmp0_n0      =  -1.98948e-06
p_f067_cmp0_p5      =  -3.80900e-06
p_f067_cmp0_n5      =  2.99999e+00
p_f067_dctrl7_p     =  3.00001e+00
p_f067_dctrl7_n     =  3.58754e-01
p_f067_dctrl6_p     =  5.26575e-05
p_f067_dctrl6_n     =  2.95915e+00
p_f067_dctrl5_p     =  -1.47583e-06
p_f067_dctrl5_n     =  2.99946e+00
p_f067_dctrl4_p     =  -2.20147e-07
p_f067_dctrl4_n     =  3.00000e+00
p_f067_dctrl3_p     =  -5.45459e-08
p_f067_dctrl3_n     =  3.00000e+00
p_f067_dctrl2_p     =  3.00000e+00
p_f067_dctrl2_n     =  -2.24544e-08
p_f067_dctrl1_p     =  3.00000e+00
p_f067_dctrl1_n     =  -1.24456e-08
p_f067_do7_drv_470  =  3.00000e+00
p_f067_do7_rx_470   =  3.00000e+00
p_f067_do6_drv_470  =  0.00000e+00
p_f067_do6_rx_470   =  1.27760e-268
p_f067_do5_drv_470  =  0.00000e+00
p_f067_do5_rx_470   =  4.08882e-312
p_f067_do4_drv_470  =  0.00000e+00
p_f067_do4_rx_470   =  4.08882e-312
p_f067_do3_drv_470  =  0.00000e+00
p_f067_do3_rx_470   =  1.27760e-268
p_f067_do2_drv_470  =  3.00000e+00
p_f067_do2_rx_470   =  3.00000e+00
p_f067_do1_drv_470  =  3.00000e+00
p_f067_do1_rx_470   =  3.00000e+00
p_f067_do0_drv_470  =  0.00000e+00
p_f067_do0_rx_470   =  1.27760e-268
p_f067_do7_drv_480  =  3.00000e+00
p_f067_do7_rx_480   =  3.00000e+00
p_f067_do6_drv_480  =  0.00000e+00
p_f067_do6_rx_480   =  4.48548e-297
p_f067_do5_drv_480  =  0.00000e+00
p_f067_do5_rx_480   =  4.08882e-312
p_f067_do4_drv_480  =  0.00000e+00
p_f067_do4_rx_480   =  4.08882e-312
p_f067_do3_drv_480  =  0.00000e+00
p_f067_do3_rx_480   =  4.48548e-297
p_f067_do2_drv_480  =  3.00000e+00
p_f067_do2_rx_480   =  3.00000e+00
p_f067_do1_drv_480  =  3.00000e+00
p_f067_do1_rx_480   =  3.00000e+00
p_f067_do0_drv_480  =  0.00000e+00
p_f067_do0_rx_480   =  4.48548e-297
ngspice-46 done
