
Note: Compatibility modes selected: hs a

Warning: m=xx on .subckt line will override multiplier m hierarchy!


Circuit: * a44 actual analog core with fixed tt timed behavioral sar control.

Reducing trtol to 1 for xspice 'A' devices
Doing analysis at TEMP = 125.000000 and TNOM = 27.000000

Using SPARSE 1.3 as Direct Linear Solver

Initial Transient Solution
--------------------------

Node                                   Voltage
----                                   -------
vdd                                          3
vrefp_src                                  2.5
vrefp                                      2.5
vrefp_cap                                  2.5
vrefn_src                                  0.8
vrefn                                      0.8
vrefn_cap                                  0.8
vinp_src                               1.28347
vinn_src                               2.01653
vinp                                   1.28347
vinn                                   2.01653
clks_src                                     0
clks                                         0
xcore.xcdacp.vbot1                         2.5
dctrlp1                                      0
vresp                                 0.118151
xcore.xcdacp.vbot2                         2.5
dctrlp2                                      0
xcore.xcdacp.vbot3                         2.5
dctrlp3                                      0
xcore.xcdacp.vbot4                         2.5
dctrlp4                                      0
xcore.xcdacp.vbot5                         2.5
dctrlp5                                      0
xcore.xcdacp.vbot6                         2.5
dctrlp6                                      0
xcore.xcdacp.vbot7                         2.5
dctrlp7                                      0
xcore.xcdacp.x1.clksb                        3
xcore.xcdacp.x1.net2               1.00854e-07
xcore.xcdacp.x1.net1                         3
xcore.xcdacp.x1.bottom_gate        1.00562e-08
xcore.xcdacp.x1.net4               5.01903e-09
xcore.xcdacp.x1.net3                         3
xcore.xcdacn.vbot1                         2.5
dctrln1                                      0
vresn                                 0.117888
xcore.xcdacn.vbot2                         2.5
dctrln2                                      0
xcore.xcdacn.vbot3                         2.5
dctrln3                                      0
xcore.xcdacn.vbot4                         2.5
dctrln4                                      0
xcore.xcdacn.vbot5                         2.5
dctrln5                                      0
xcore.xcdacn.vbot6                         2.5
dctrln6                                      0
xcore.xcdacn.vbot7                         2.5
dctrln7                                      0
xcore.xcdacn.x1.clksb                        3
xcore.xcdacn.x1.net2               1.13604e-07
xcore.xcdacn.x1.net1                         3
xcore.xcdacn.x1.bottom_gate        1.00312e-08
xcore.xcdacn.x1.net4               5.06052e-09
xcore.xcdacn.x1.net3                         3
xcore.xcmp.net1                       0.204778
cmpck                                        0
xcore.xcmp.xp                                3
xcore.xcmp.xn                                3
xcore.xcmp.ln                                3
xcore.xcmp.lp                                3
dcmpn                              5.41794e-08
dcmpp                              5.96521e-08
sampled_diff                       0.000263477
input_diff                           -0.733051
cmpck_drv                                    0
dctrlp7_drv                                  0
dctrlp6_drv                                  0
dctrlp5_drv                                  0
dctrlp4_drv                                  0
dctrlp3_drv                                  0
dctrlp2_drv                                  0
dctrlp1_drv                                  0
dctrln7_drv                                  0
dctrln6_drv                                  0
dctrln5_drv                                  0
dctrln4_drv                                  0
dctrln3_drv                                  0
dctrln2_drv                                  0
dctrln1_drv                                  0
dout7_drv                                    0
dout6_drv                                    0
dout5_drv                                    0
dout4_drv                                    0
dout3_drv                                    0
dout2_drv                                    0
dout1_drv                                    0
dout0_drv                                    0
eoc                                          0
invalid0                                     0
timeout0                                     0
complete                                     0
dout7_rx                                     0
dout6_rx                                     0
dout5_rx                                     0
dout4_rx                                     0
dout3_rx                                     0
dout2_rx                                     0
dout1_rx                                     0
dout0_rx                                     0
e_input_diff#branch                7.33051e-13
e_sample_diff#branch              -2.63477e-16
vclks_id#branch                              0
vvinn_id#branch                   -8.33756e-11
vvinp_id#branch                   -5.82807e-11
vvrefn_id#branch                  -4.85019e-10
vvrefp_id#branch                  -8.33309e-10
vvdd#branch                       -1.61166e-09
a_status#branch_1_0                          0
a_status#branch_1_1                          0
a_status#branch_1_2                          0
a_status#branch_1_3                          0
a_dout#branch_1_0                            0
a_dout#branch_1_1                            0
a_dout#branch_1_2                            0
a_dout#branch_1_3                            0
a_dout#branch_1_4                            0
a_dout#branch_1_5                            0
a_dout#branch_1_6                            0
a_dout#branch_1_7                            0
a_dctrln#branch_1_0                          0
a_dctrln#branch_1_1                          0
a_dctrln#branch_1_2                          0
a_dctrln#branch_1_3                          0
a_dctrln#branch_1_4                          0
a_dctrln#branch_1_5                          0
a_dctrln#branch_1_6                          0
a_dctrlp#branch_1_0                          0
a_dctrlp#branch_1_1                          0
a_dctrlp#branch_1_2                          0
a_dctrlp#branch_1_3                          0
a_dctrlp#branch_1_4                          0
a_dctrlp#branch_1_5                          0
a_dctrlp#branch_1_6                          0
a_cmpck#branch_1_0                           0


Instance: abeh   Message: WARNING: output scheduled with impossible delay (-4.01e-12) at 5.01e-12/0.

Instance: abeh   Message: XSPICE time is behind vtime:
XSPICE 2.004974219297701e-07
Cosim  2.00535e-07

Instance: abeh   Message: XSPICE time is behind vtime:
XSPICE 7.004964224493938e-07
Cosim  7.00534e-07

Instance: abeh   Message: XSPICE time is behind vtime:
XSPICE 2.200496696204401e-06
Cosim  2.200534e-06

Instance: abeh   Message: XSPICE time is behind vtime:
XSPICE 2.700495696204211e-06
Cosim  2.700533e-06

Instance: abeh   Message: XSPICE time is behind vtime:
XSPICE 3.20049610779414e-06
Cosim  3.200533e-06

Instance: abeh   Message: XSPICE time is behind vtime:
XSPICE 3.700498107793018e-06
Cosim  3.700535e-06

Instance: abeh   Message: XSPICE time is behind vtime:
XSPICE 4.200496970470322e-06
Cosim  4.200534e-06

Instance: abeh   Message: XSPICE time is behind vtime:
XSPICE 4.700495970471186e-06
Cosim  4.700533e-06

Instance: abeh   Message: XSPICE time is behind vtime:
XSPICE 6.200497244657024e-06
Cosim  6.200534e-06

Instance: abeh   Message: XSPICE time is behind vtime:
XSPICE 6.700499244656183e-06
Cosim  6.700536e-06

Instance: abeh   Message: XSPICE time is behind vtime:
XSPICE 7.200499655952772e-06
Cosim  7.200536e-06

Instance: abeh   Message: XSPICE time is behind vtime:
XSPICE 7.700493656097649e-06
Cosim  7.700530000000001e-06

Instance: abeh   Message: XSPICE time is behind vtime:
XSPICE 8.200493518722372e-06
Cosim  8.200529999999999e-06

Instance: abeh   Message: XSPICE time is behind vtime:
XSPICE 8.700493518557434e-06
Cosim  8.70053e-06

Instance: abeh   Message: XSPICE time is behind vtime:
XSPICE 9.200499930192372e-06
Cosim  9.200536e-06

Instance: abeh   Message: XSPICE time is behind vtime:
XSPICE 9.700498930191151e-06
Cosim  9.700535e-06

Instance: abeh   Message: XSPICE time is behind vtime:
XSPICE 1.020049906654625e-05
Cosim  1.0200535e-05

Instance: abeh   Message: XSPICE time is behind vtime:
XSPICE 1.070049806654567e-05
Cosim  1.0700534e-05

Instance: abeh   Message: XSPICE time is behind vtime:
XSPICE 1.120050047809939e-05
Cosim  1.1200536e-05

Instance: abeh   Message: XSPICE time is behind vtime:
XSPICE 1.170049847811407e-05
Cosim  1.1700534e-05

Instance: abeh   Message: XSPICE time is behind vtime:
XSPICE 1.220049734063277e-05
Cosim  1.2200533e-05

Instance: abeh   Message: XSPICE time is behind vtime:
XSPICE 1.270049834071737e-05
Cosim  1.2700534e-05

Instance: abeh   Message: XSPICE time is behind vtime:
XSPICE 1.320049775224909e-05
Cosim  1.3200533e-05

Instance: abeh   Message: XSPICE time is behind vtime:
XSPICE 1.520049802572695e-05
Cosim  1.5200533e-05

Instance: abeh   Message: XSPICE time is behind vtime:
XSPICE 1.620049888831693e-05
Cosim  1.6200534e-05

Instance: abeh   Message: XSPICE time is behind vtime:
XSPICE 1.670049888831728e-05
Cosim  1.6700534e-05

Instance: abeh   Message: XSPICE time is behind vtime:
XSPICE 1.720049829977866e-05
Cosim  1.7200533e-05

Instance: abeh   Message: XSPICE time is behind vtime:
XSPICE 1.77005002997453e-05
Cosim  1.7700535e-05

Instance: abeh   Message: XSPICE time is behind vtime:
XSPICE 1.820049916257566e-05
Cosim  1.8200534e-05

Instance: abeh   Message: XSPICE time is behind vtime:
XSPICE 1.870049816257636e-05
Cosim  1.8700533e-05

Instance: abeh   Message: XSPICE time is behind vtime:
XSPICE 1.920049957454232e-05
Cosim  1.9200534e-05

Instance: abeh   Message: XSPICE time is behind vtime:
XSPICE 1.970049757421112e-05
Cosim  1.9700532e-05

Instance: abeh   Message: XSPICE time is behind vtime:
XSPICE 2.020049843614885e-05
Cosim  2.0200533e-05

Instance: abeh   Message: XSPICE time is behind vtime:
XSPICE 2.070049843618139e-05
Cosim  2.0700533e-05

Instance: abeh   Message: XSPICE time is behind vtime:
XSPICE 2.120049784548909e-05
Cosim  2.1200532e-05

Instance: abeh   Message: XSPICE time is behind vtime:
XSPICE 2.170049984548434e-05
Cosim  2.1700534e-05

Instance: abeh   Message: XSPICE time is behind vtime:
XSPICE 2.220049771076779e-05
Cosim  2.2200532e-05

Instance: abeh   Message: XSPICE time is behind vtime:
XSPICE 2.270049871051963e-05
Cosim  2.2700533e-05

Instance: abeh   Message: XSPICE time is behind vtime:
XSPICE 2.320049810263474e-05
Cosim  2.3200532e-05

Instance: abeh   Message: XSPICE time is behind vtime:
XSPICE 2.370049810263955e-05
Cosim  2.3700532e-05

Instance: abeh   Message: XSPICE time is behind vtime:
XSPICE 2.420049897340711e-05
Cosim  2.4200533e-05

Instance: abeh   Message: XSPICE time is behind vtime:
XSPICE 2.470050097340347e-05
Cosim  2.4700535e-05

Instance: abeh   Message: XSPICE time is behind vtime:
XSPICE 2.520049836071579e-05
Cosim  2.5200532e-05

Instance: abeh   Message: XSPICE time is behind vtime:
XSPICE 2.570049836071998e-05
Cosim  2.5700532e-05

Instance: abeh   Message: XSPICE time is behind vtime:
XSPICE 2.670049823081183e-05
Cosim  2.6700532e-05

Instance: abeh   Message: XSPICE time is behind vtime:
XSPICE 2.720049861735694e-05
Cosim  2.7200532e-05

Instance: abeh   Message: XSPICE time is behind vtime:
XSPICE 2.770050061735571e-05
Cosim  2.7700534e-05

Instance: abeh   Message: XSPICE time is behind vtime:
XSPICE 2.9200500874501e-05
Cosim  2.9200534e-05

Instance: abeh   Message: XSPICE time is behind vtime:
XSPICE 2.970049987475029e-05
Cosim  2.9700533e-05

Instance: abeh   Message: XSPICE time is behind vtime:
XSPICE 3.020050174543356e-05
Cosim  3.0200535e-05

Instance: abeh   Message: XSPICE time is behind vtime:
XSPICE 3.070049974542838e-05
Cosim  3.0700533e-05

Instance: abeh   Message: XSPICE time is behind vtime:
XSPICE 3.170050013279583e-05
Cosim  3.1700533e-05

No. of Data Rows : 761509
f000_d7             =  0.00000e+00
f000_d6             =  3.00000e+00
f000_d5             =  0.00000e+00
f000_d4             =  0.00000e+00
f000_d3             =  3.00000e+00
f000_d2             =  0.00000e+00
f000_d1             =  3.00000e+00
f000_d0             =  0.00000e+00
f000_complete       =  3.00000e+00
f000_invalid        =  0.00000e+00
f000_timeout        =  0.00000e+00
f000_sampled        =  -7.33051e-01
f000_input          =  -7.33051e-01
f000_tcomplete      =  3.75487e-07
f001_d7             =  0.00000e+00
f001_d6             =  3.00000e+00
f001_d5             =  0.00000e+00
f001_d4             =  0.00000e+00
f001_d3             =  3.00000e+00
f001_d2             =  0.00000e+00
f001_d1             =  3.00000e+00
f001_d0             =  0.00000e+00
f001_complete       =  3.00000e+00
f001_invalid        =  0.00000e+00
f001_timeout        =  0.00000e+00
f001_sampled        =  -7.33051e-01
f001_input          =  -7.33051e-01
f001_tcomplete      =  8.75487e-07
f002_d7             =  0.00000e+00
f002_d6             =  3.00000e+00
f002_d5             =  0.00000e+00
f002_d4             =  0.00000e+00
f002_d3             =  3.00000e+00
f002_d2             =  0.00000e+00
f002_d1             =  3.00000e+00
f002_d0             =  3.00000e+00
f002_complete       =  3.00000e+00
f002_invalid        =  0.00000e+00
f002_timeout        =  0.00000e+00
f002_sampled        =  -7.13130e-01
f002_input          =  -7.13129e-01
f002_tcomplete      =  1.37549e-06
f003_d7             =  0.00000e+00
f003_d6             =  3.00000e+00
f003_d5             =  0.00000e+00
f003_d4             =  0.00000e+00
f003_d3             =  3.00000e+00
f003_d2             =  0.00000e+00
f003_d1             =  3.00000e+00
f003_d0             =  3.00000e+00
f003_complete       =  3.00000e+00
f003_invalid        =  0.00000e+00
f003_timeout        =  0.00000e+00
f003_sampled        =  -7.13130e-01
f003_input          =  -7.13129e-01
f003_tcomplete      =  1.87549e-06
f004_d7             =  0.00000e+00
f004_d6             =  3.00000e+00
f004_d5             =  0.00000e+00
f004_d4             =  0.00000e+00
f004_d3             =  3.00000e+00
f004_d2             =  0.00000e+00
f004_d1             =  3.00000e+00
f004_d0             =  3.00000e+00
f004_complete       =  3.00000e+00
f004_invalid        =  0.00000e+00
f004_timeout        =  0.00000e+00
f004_sampled        =  -7.19790e-01
f004_input          =  -7.19790e-01
f004_tcomplete      =  2.37549e-06
f005_d7             =  0.00000e+00
f005_d6             =  3.00000e+00
f005_d5             =  0.00000e+00
f005_d4             =  0.00000e+00
f005_d3             =  3.00000e+00
f005_d2             =  0.00000e+00
f005_d1             =  3.00000e+00
f005_d0             =  3.00000e+00
f005_complete       =  3.00000e+00
f005_invalid        =  0.00000e+00
f005_timeout        =  0.00000e+00
f005_sampled        =  -7.19790e-01
f005_input          =  -7.19790e-01
f005_tcomplete      =  2.87549e-06
f006_d7             =  0.00000e+00
f006_d6             =  3.00000e+00
f006_d5             =  0.00000e+00
f006_d4             =  0.00000e+00
f006_d3             =  3.00000e+00
f006_d2             =  3.00000e+00
f006_d1             =  5.88461e-297
f006_d0             =  5.88461e-297
f006_complete       =  3.00000e+00
f006_invalid        =  0.00000e+00
f006_timeout        =  0.00000e+00
f006_sampled        =  -6.99868e-01
f006_input          =  -6.99868e-01
f006_tcomplete      =  3.37549e-06
f007_d7             =  0.00000e+00
f007_d6             =  3.00000e+00
f007_d5             =  0.00000e+00
f007_d4             =  0.00000e+00
f007_d3             =  3.00000e+00
f007_d2             =  3.00000e+00
f007_d1             =  4.08882e-312
f007_d0             =  4.08882e-312
f007_complete       =  3.00000e+00
f007_invalid        =  0.00000e+00
f007_timeout        =  0.00000e+00
f007_sampled        =  -6.99868e-01
f007_input          =  -6.99868e-01
f007_tcomplete      =  3.87549e-06
f008_d7             =  0.00000e+00
f008_d6             =  3.00000e+00
f008_d5             =  0.00000e+00
f008_d4             =  0.00000e+00
f008_d3             =  3.00000e+00
f008_d2             =  3.00000e+00
f008_d1             =  4.08882e-312
f008_d0             =  4.08882e-312
f008_complete       =  3.00000e+00
f008_invalid        =  0.00000e+00
f008_timeout        =  0.00000e+00
f008_sampled        =  -7.06528e-01
f008_input          =  -7.06528e-01
f008_tcomplete      =  4.37549e-06
f009_d7             =  0.00000e+00
f009_d6             =  3.00000e+00
f009_d5             =  0.00000e+00
f009_d4             =  0.00000e+00
f009_d3             =  3.00000e+00
f009_d2             =  3.00000e+00
f009_d1             =  4.08882e-312
f009_d0             =  4.08882e-312
f009_complete       =  3.00000e+00
f009_invalid        =  0.00000e+00
f009_timeout        =  0.00000e+00
f009_sampled        =  -7.06528e-01
f009_input          =  -7.06528e-01
f009_tcomplete      =  4.87549e-06
f010_d7             =  0.00000e+00
f010_d6             =  3.00000e+00
f010_d5             =  0.00000e+00
f010_d4             =  0.00000e+00
f010_d3             =  3.00000e+00
f010_d2             =  3.00000e+00
f010_d1             =  4.08882e-312
f010_d0             =  3.00000e+00
f010_complete       =  3.00000e+00
f010_invalid        =  0.00000e+00
f010_timeout        =  0.00000e+00
f010_sampled        =  -6.86606e-01
f010_input          =  -6.86606e-01
f010_tcomplete      =  5.37549e-06
f011_d7             =  0.00000e+00
f011_d6             =  3.00000e+00
f011_d5             =  0.00000e+00
f011_d4             =  0.00000e+00
f011_d3             =  3.00000e+00
f011_d2             =  3.00000e+00
f011_d1             =  4.08882e-312
f011_d0             =  3.00000e+00
f011_complete       =  3.00000e+00
f011_invalid        =  0.00000e+00
f011_timeout        =  0.00000e+00
f011_sampled        =  -6.86606e-01
f011_input          =  -6.86606e-01
f011_tcomplete      =  5.87549e-06
f012_d7             =  0.00000e+00
f012_d6             =  3.00000e+00
f012_d5             =  0.00000e+00
f012_d4             =  0.00000e+00
f012_d3             =  3.00000e+00
f012_d2             =  3.00000e+00
f012_d1             =  4.08882e-312
f012_d0             =  3.00000e+00
f012_complete       =  3.00000e+00
f012_invalid        =  0.00000e+00
f012_timeout        =  0.00000e+00
f012_sampled        =  -6.93267e-01
f012_input          =  -6.93266e-01
f012_tcomplete      =  6.37549e-06
f013_d7             =  0.00000e+00
f013_d6             =  3.00000e+00
f013_d5             =  0.00000e+00
f013_d4             =  0.00000e+00
f013_d3             =  3.00000e+00
f013_d2             =  3.00000e+00
f013_d1             =  4.08882e-312
f013_d0             =  3.00000e+00
f013_complete       =  3.00000e+00
f013_invalid        =  0.00000e+00
f013_timeout        =  0.00000e+00
f013_sampled        =  -6.93267e-01
f013_input          =  -6.93266e-01
f013_tcomplete      =  6.87549e-06
f014_d7             =  0.00000e+00
f014_d6             =  3.00000e+00
f014_d5             =  0.00000e+00
f014_d4             =  0.00000e+00
f014_d3             =  3.00000e+00
f014_d2             =  3.00000e+00
f014_d1             =  3.00000e+00
f014_d0             =  5.96130e-297
f014_complete       =  3.00000e+00
f014_invalid        =  0.00000e+00
f014_timeout        =  0.00000e+00
f014_sampled        =  -6.73345e-01
f014_input          =  -6.73344e-01
f014_tcomplete      =  7.37549e-06
f015_d7             =  0.00000e+00
f015_d6             =  3.00000e+00
f015_d5             =  0.00000e+00
f015_d4             =  0.00000e+00
f015_d3             =  3.00000e+00
f015_d2             =  3.00000e+00
f015_d1             =  3.00000e+00
f015_d0             =  4.08882e-312
f015_complete       =  3.00000e+00
f015_invalid        =  0.00000e+00
f015_timeout        =  0.00000e+00
f015_sampled        =  -6.73345e-01
f015_input          =  -6.73344e-01
f015_tcomplete      =  7.87548e-06
f016_d7             =  0.00000e+00
f016_d6             =  3.00000e+00
f016_d5             =  0.00000e+00
f016_d4             =  0.00000e+00
f016_d3             =  3.00000e+00
f016_d2             =  3.00000e+00
f016_d1             =  3.00000e+00
f016_d0             =  4.08882e-312
f016_complete       =  3.00000e+00
f016_invalid        =  0.00000e+00
f016_timeout        =  0.00000e+00
f016_sampled        =  -6.80005e-01
f016_input          =  -6.80005e-01
f016_tcomplete      =  8.37548e-06
f017_d7             =  0.00000e+00
f017_d6             =  3.00000e+00
f017_d5             =  0.00000e+00
f017_d4             =  0.00000e+00
f017_d3             =  3.00000e+00
f017_d2             =  3.00000e+00
f017_d1             =  3.00000e+00
f017_d0             =  4.08882e-312
f017_complete       =  3.00000e+00
f017_invalid        =  0.00000e+00
f017_timeout        =  0.00000e+00
f017_sampled        =  -6.80005e-01
f017_input          =  -6.80005e-01
f017_tcomplete      =  8.87548e-06
f018_d7             =  0.00000e+00
f018_d6             =  3.00000e+00
f018_d5             =  0.00000e+00
f018_d4             =  0.00000e+00
f018_d3             =  3.00000e+00
f018_d2             =  3.00000e+00
f018_d1             =  3.00000e+00
f018_d0             =  3.00000e+00
f018_complete       =  3.00000e+00
f018_invalid        =  0.00000e+00
f018_timeout        =  0.00000e+00
f018_sampled        =  -6.60083e-01
f018_input          =  -6.60083e-01
f018_tcomplete      =  9.37549e-06
f019_d7             =  0.00000e+00
f019_d6             =  3.00000e+00
f019_d5             =  0.00000e+00
f019_d4             =  0.00000e+00
f019_d3             =  3.00000e+00
f019_d2             =  3.00000e+00
f019_d1             =  3.00000e+00
f019_d0             =  3.00000e+00
f019_complete       =  3.00000e+00
f019_invalid        =  0.00000e+00
f019_timeout        =  0.00000e+00
f019_sampled        =  -6.60083e-01
f019_input          =  -6.60083e-01
f019_tcomplete      =  9.87549e-06
f020_d7             =  0.00000e+00
f020_d6             =  3.00000e+00
f020_d5             =  0.00000e+00
f020_d4             =  3.00000e+00
f020_d3             =  5.93999e-297
f020_d2             =  5.93999e-297
f020_d1             =  5.93999e-297
f020_d0             =  5.93999e-297
f020_complete       =  3.00000e+00
f020_invalid        =  0.00000e+00
f020_timeout        =  0.00000e+00
f020_sampled        =  -6.53482e-01
f020_input          =  -6.53481e-01
f020_tcomplete      =  1.03755e-05
f021_d7             =  0.00000e+00
f021_d6             =  3.00000e+00
f021_d5             =  0.00000e+00
f021_d4             =  3.00000e+00
f021_d3             =  4.08882e-312
f021_d2             =  4.08882e-312
f021_d1             =  4.08882e-312
f021_d0             =  4.08882e-312
f021_complete       =  3.00000e+00
f021_invalid        =  0.00000e+00
f021_timeout        =  0.00000e+00
f021_sampled        =  -6.53482e-01
f021_input          =  -6.53481e-01
f021_tcomplete      =  1.08755e-05
f022_d7             =  0.00000e+00
f022_d6             =  3.00000e+00
f022_d5             =  0.00000e+00
f022_d4             =  3.00000e+00
f022_d3             =  4.08882e-312
f022_d2             =  4.08882e-312
f022_d1             =  4.08882e-312
f022_d0             =  3.00000e+00
f022_complete       =  3.00000e+00
f022_invalid        =  0.00000e+00
f022_timeout        =  0.00000e+00
f022_sampled        =  -6.33560e-01
f022_input          =  -6.33559e-01
f022_tcomplete      =  1.13755e-05
f023_d7             =  0.00000e+00
f023_d6             =  3.00000e+00
f023_d5             =  0.00000e+00
f023_d4             =  3.00000e+00
f023_d3             =  4.08882e-312
f023_d2             =  4.08882e-312
f023_d1             =  4.08882e-312
f023_d0             =  3.00000e+00
f023_complete       =  3.00000e+00
f023_invalid        =  0.00000e+00
f023_timeout        =  0.00000e+00
f023_sampled        =  -6.33560e-01
f023_input          =  -6.33559e-01
f023_tcomplete      =  1.18755e-05
f024_d7             =  0.00000e+00
f024_d6             =  3.00000e+00
f024_d5             =  0.00000e+00
f024_d4             =  3.00000e+00
f024_d3             =  4.08882e-312
f024_d2             =  4.08882e-312
f024_d1             =  4.08882e-312
f024_d0             =  3.00000e+00
f024_complete       =  3.00000e+00
f024_invalid        =  0.00000e+00
f024_timeout        =  0.00000e+00
f024_sampled        =  -6.40220e-01
f024_input          =  -6.40220e-01
f024_tcomplete      =  1.23755e-05
f025_d7             =  0.00000e+00
f025_d6             =  3.00000e+00
f025_d5             =  0.00000e+00
f025_d4             =  3.00000e+00
f025_d3             =  4.08882e-312
f025_d2             =  4.08882e-312
f025_d1             =  4.08882e-312
f025_d0             =  3.00000e+00
f025_complete       =  3.00000e+00
f025_invalid        =  0.00000e+00
f025_timeout        =  0.00000e+00
f025_sampled        =  -6.40220e-01
f025_input          =  -6.40220e-01
f025_tcomplete      =  1.28755e-05
f026_d7             =  0.00000e+00
f026_d6             =  3.00000e+00
f026_d5             =  0.00000e+00
f026_d4             =  3.00000e+00
f026_d3             =  4.08882e-312
f026_d2             =  4.08882e-312
f026_d1             =  3.00000e+00
f026_d0             =  5.84996e-297
f026_complete       =  3.00000e+00
f026_invalid        =  0.00000e+00
f026_timeout        =  0.00000e+00
f026_sampled        =  -6.20298e-01
f026_input          =  -6.20298e-01
f026_tcomplete      =  1.33755e-05
f027_d7             =  0.00000e+00
f027_d6             =  3.00000e+00
f027_d5             =  0.00000e+00
f027_d4             =  3.00000e+00
f027_d3             =  4.08882e-312
f027_d2             =  4.08882e-312
f027_d1             =  3.00000e+00
f027_d0             =  4.08882e-312
f027_complete       =  3.00000e+00
f027_invalid        =  0.00000e+00
f027_timeout        =  0.00000e+00
f027_sampled        =  -6.20298e-01
f027_input          =  -6.20298e-01
f027_tcomplete      =  1.38755e-05
f028_d7             =  0.00000e+00
f028_d6             =  3.00000e+00
f028_d5             =  0.00000e+00
f028_d4             =  3.00000e+00
f028_d3             =  4.08882e-312
f028_d2             =  4.08882e-312
f028_d1             =  3.00000e+00
f028_d0             =  4.08882e-312
f028_complete       =  3.00000e+00
f028_invalid        =  0.00000e+00
f028_timeout        =  0.00000e+00
f028_sampled        =  -6.26958e-01
f028_input          =  -6.26958e-01
f028_tcomplete      =  1.43755e-05
f029_d7             =  0.00000e+00
f029_d6             =  3.00000e+00
f029_d5             =  0.00000e+00
f029_d4             =  3.00000e+00
f029_d3             =  4.08882e-312
f029_d2             =  4.08882e-312
f029_d1             =  3.00000e+00
f029_d0             =  4.08882e-312
f029_complete       =  3.00000e+00
f029_invalid        =  0.00000e+00
f029_timeout        =  0.00000e+00
f029_sampled        =  -6.26958e-01
f029_input          =  -6.26958e-01
f029_tcomplete      =  1.48755e-05
f030_d7             =  0.00000e+00
f030_d6             =  3.00000e+00
f030_d5             =  0.00000e+00
f030_d4             =  3.00000e+00
f030_d3             =  4.08882e-312
f030_d2             =  4.08882e-312
f030_d1             =  3.00000e+00
f030_d0             =  3.00000e+00
f030_complete       =  3.00000e+00
f030_invalid        =  0.00000e+00
f030_timeout        =  0.00000e+00
f030_sampled        =  -6.07036e-01
f030_input          =  -6.07036e-01
f030_tcomplete      =  1.53755e-05
f031_d7             =  0.00000e+00
f031_d6             =  3.00000e+00
f031_d5             =  0.00000e+00
f031_d4             =  3.00000e+00
f031_d3             =  4.08882e-312
f031_d2             =  4.08882e-312
f031_d1             =  3.00000e+00
f031_d0             =  3.00000e+00
f031_complete       =  3.00000e+00
f031_invalid        =  0.00000e+00
f031_timeout        =  0.00000e+00
f031_sampled        =  -6.07036e-01
f031_input          =  -6.07036e-01
f031_tcomplete      =  1.58755e-05
f032_d7             =  0.00000e+00
f032_d6             =  3.00000e+00
f032_d5             =  0.00000e+00
f032_d4             =  3.00000e+00
f032_d3             =  4.08882e-312
f032_d2             =  4.08882e-312
f032_d1             =  3.00000e+00
f032_d0             =  3.00000e+00
f032_complete       =  3.00000e+00
f032_invalid        =  0.00000e+00
f032_timeout        =  0.00000e+00
f032_sampled        =  -6.13697e-01
f032_input          =  -6.13696e-01
f032_tcomplete      =  1.63755e-05
f033_d7             =  0.00000e+00
f033_d6             =  3.00000e+00
f033_d5             =  0.00000e+00
f033_d4             =  3.00000e+00
f033_d3             =  4.08882e-312
f033_d2             =  4.08882e-312
f033_d1             =  3.00000e+00
f033_d0             =  3.00000e+00
f033_complete       =  3.00000e+00
f033_invalid        =  0.00000e+00
f033_timeout        =  0.00000e+00
f033_sampled        =  -6.13697e-01
f033_input          =  -6.13696e-01
f033_tcomplete      =  1.68755e-05
f034_d7             =  0.00000e+00
f034_d6             =  3.00000e+00
f034_d5             =  0.00000e+00
f034_d4             =  3.00000e+00
f034_d3             =  4.08882e-312
f034_d2             =  3.00000e+00
f034_d1             =  5.88061e-297
f034_d0             =  5.88061e-297
f034_complete       =  3.00000e+00
f034_invalid        =  0.00000e+00
f034_timeout        =  0.00000e+00
f034_sampled        =  -5.93775e-01
f034_input          =  -5.93775e-01
f034_tcomplete      =  1.73755e-05
f035_d7             =  0.00000e+00
f035_d6             =  3.00000e+00
f035_d5             =  0.00000e+00
f035_d4             =  3.00000e+00
f035_d3             =  4.08882e-312
f035_d2             =  3.00000e+00
f035_d1             =  4.08882e-312
f035_d0             =  4.08882e-312
f035_complete       =  3.00000e+00
f035_invalid        =  0.00000e+00
f035_timeout        =  0.00000e+00
f035_sampled        =  -5.93775e-01
f035_input          =  -5.93775e-01
f035_tcomplete      =  1.78755e-05
f036_d7             =  0.00000e+00
f036_d6             =  3.00000e+00
f036_d5             =  0.00000e+00
f036_d4             =  3.00000e+00
f036_d3             =  4.08882e-312
f036_d2             =  3.00000e+00
f036_d1             =  4.08882e-312
f036_d0             =  4.08882e-312
f036_complete       =  3.00000e+00
f036_invalid        =  0.00000e+00
f036_timeout        =  0.00000e+00
f036_sampled        =  -6.00435e-01
f036_input          =  -6.00435e-01
f036_tcomplete      =  1.83755e-05
f037_d7             =  0.00000e+00
f037_d6             =  3.00000e+00
f037_d5             =  0.00000e+00
f037_d4             =  3.00000e+00
f037_d3             =  4.08882e-312
f037_d2             =  3.00000e+00
f037_d1             =  4.08882e-312
f037_d0             =  4.08882e-312
f037_complete       =  3.00000e+00
f037_invalid        =  0.00000e+00
f037_timeout        =  0.00000e+00
f037_sampled        =  -6.00435e-01
f037_input          =  -6.00435e-01
f037_tcomplete      =  1.88755e-05
f038_d7             =  0.00000e+00
f038_d6             =  3.00000e+00
f038_d5             =  0.00000e+00
f038_d4             =  3.00000e+00
f038_d3             =  4.08882e-312
f038_d2             =  3.00000e+00
f038_d1             =  4.08882e-312
f038_d0             =  3.00000e+00
f038_complete       =  3.00000e+00
f038_invalid        =  0.00000e+00
f038_timeout        =  0.00000e+00
f038_sampled        =  -5.80513e-01
f038_input          =  -5.80513e-01
f038_tcomplete      =  1.93755e-05
f039_d7             =  0.00000e+00
f039_d6             =  3.00000e+00
f039_d5             =  0.00000e+00
f039_d4             =  3.00000e+00
f039_d3             =  4.08882e-312
f039_d2             =  3.00000e+00
f039_d1             =  4.08882e-312
f039_d0             =  3.00000e+00
f039_complete       =  3.00000e+00
f039_invalid        =  0.00000e+00
f039_timeout        =  0.00000e+00
f039_sampled        =  -5.80513e-01
f039_input          =  -5.80513e-01
f039_tcomplete      =  1.98755e-05
f040_d7             =  0.00000e+00
f040_d6             =  3.00000e+00
f040_d5             =  0.00000e+00
f040_d4             =  3.00000e+00
f040_d3             =  4.08882e-312
f040_d2             =  3.00000e+00
f040_d1             =  4.08882e-312
f040_d0             =  3.00000e+00
f040_complete       =  3.00000e+00
f040_invalid        =  0.00000e+00
f040_timeout        =  0.00000e+00
f040_sampled        =  -5.87173e-01
f040_input          =  -5.87173e-01
f040_tcomplete      =  2.03755e-05
f041_d7             =  0.00000e+00
f041_d6             =  3.00000e+00
f041_d5             =  0.00000e+00
f041_d4             =  3.00000e+00
f041_d3             =  4.08882e-312
f041_d2             =  3.00000e+00
f041_d1             =  4.08882e-312
f041_d0             =  3.00000e+00
f041_complete       =  3.00000e+00
f041_invalid        =  0.00000e+00
f041_timeout        =  0.00000e+00
f041_sampled        =  -5.87173e-01
f041_input          =  -5.87173e-01
f041_tcomplete      =  2.08755e-05
f042_d7             =  0.00000e+00
f042_d6             =  3.00000e+00
f042_d5             =  0.00000e+00
f042_d4             =  3.00000e+00
f042_d3             =  4.08882e-312
f042_d2             =  3.00000e+00
f042_d1             =  3.00000e+00
f042_d0             =  5.81195e-297
f042_complete       =  3.00000e+00
f042_invalid        =  0.00000e+00
f042_timeout        =  0.00000e+00
f042_sampled        =  -5.67251e-01
f042_input          =  -5.67251e-01
f042_tcomplete      =  2.13755e-05
f043_d7             =  0.00000e+00
f043_d6             =  3.00000e+00
f043_d5             =  0.00000e+00
f043_d4             =  3.00000e+00
f043_d3             =  4.08882e-312
f043_d2             =  3.00000e+00
f043_d1             =  3.00000e+00
f043_d0             =  4.08882e-312
f043_complete       =  3.00000e+00
f043_invalid        =  0.00000e+00
f043_timeout        =  0.00000e+00
f043_sampled        =  -5.67251e-01
f043_input          =  -5.67251e-01
f043_tcomplete      =  2.18755e-05
f044_d7             =  0.00000e+00
f044_d6             =  3.00000e+00
f044_d5             =  0.00000e+00
f044_d4             =  3.00000e+00
f044_d3             =  4.08882e-312
f044_d2             =  3.00000e+00
f044_d1             =  3.00000e+00
f044_d0             =  4.08882e-312
f044_complete       =  3.00000e+00
f044_invalid        =  0.00000e+00
f044_timeout        =  0.00000e+00
f044_sampled        =  -5.73912e-01
f044_input          =  -5.73911e-01
f044_tcomplete      =  2.23755e-05
f045_d7             =  0.00000e+00
f045_d6             =  3.00000e+00
f045_d5             =  0.00000e+00
f045_d4             =  3.00000e+00
f045_d3             =  4.08882e-312
f045_d2             =  3.00000e+00
f045_d1             =  3.00000e+00
f045_d0             =  4.08882e-312
f045_complete       =  3.00000e+00
f045_invalid        =  0.00000e+00
f045_timeout        =  0.00000e+00
f045_sampled        =  -5.73912e-01
f045_input          =  -5.73911e-01
f045_tcomplete      =  2.28755e-05
f046_d7             =  0.00000e+00
f046_d6             =  3.00000e+00
f046_d5             =  0.00000e+00
f046_d4             =  3.00000e+00
f046_d3             =  4.08882e-312
f046_d2             =  3.00000e+00
f046_d1             =  3.00000e+00
f046_d0             =  3.00000e+00
f046_complete       =  3.00000e+00
f046_invalid        =  0.00000e+00
f046_timeout        =  0.00000e+00
f046_sampled        =  -5.53990e-01
f046_input          =  -5.53990e-01
f046_tcomplete      =  2.33755e-05
f047_d7             =  0.00000e+00
f047_d6             =  3.00000e+00
f047_d5             =  0.00000e+00
f047_d4             =  3.00000e+00
f047_d3             =  4.08882e-312
f047_d2             =  3.00000e+00
f047_d1             =  3.00000e+00
f047_d0             =  3.00000e+00
f047_complete       =  3.00000e+00
f047_invalid        =  0.00000e+00
f047_timeout        =  0.00000e+00
f047_sampled        =  -5.53990e-01
f047_input          =  -5.53990e-01
f047_tcomplete      =  2.38755e-05
f048_d7             =  0.00000e+00
f048_d6             =  3.00000e+00
f048_d5             =  0.00000e+00
f048_d4             =  3.00000e+00
f048_d3             =  4.08882e-312
f048_d2             =  3.00000e+00
f048_d1             =  3.00000e+00
f048_d0             =  3.00000e+00
f048_complete       =  3.00000e+00
f048_invalid        =  0.00000e+00
f048_timeout        =  0.00000e+00
f048_sampled        =  -5.60650e-01
f048_input          =  -5.60650e-01
f048_tcomplete      =  2.43755e-05
f049_d7             =  0.00000e+00
f049_d6             =  3.00000e+00
f049_d5             =  0.00000e+00
f049_d4             =  3.00000e+00
f049_d3             =  4.08882e-312
f049_d2             =  3.00000e+00
f049_d1             =  3.00000e+00
f049_d0             =  3.00000e+00
f049_complete       =  3.00000e+00
f049_invalid        =  0.00000e+00
f049_timeout        =  0.00000e+00
f049_sampled        =  -5.60650e-01
f049_input          =  -5.60650e-01
f049_tcomplete      =  2.48755e-05
f050_d7             =  0.00000e+00
f050_d6             =  3.00000e+00
f050_d5             =  0.00000e+00
f050_d4             =  3.00000e+00
f050_d3             =  3.00000e+00
f050_d2             =  5.84461e-297
f050_d1             =  5.84461e-297
f050_d0             =  5.84461e-297
f050_complete       =  3.00000e+00
f050_invalid        =  0.00000e+00
f050_timeout        =  0.00000e+00
f050_sampled        =  -5.40728e-01
f050_input          =  -5.40728e-01
f050_tcomplete      =  2.53755e-05
f051_d7             =  0.00000e+00
f051_d6             =  3.00000e+00
f051_d5             =  0.00000e+00
f051_d4             =  3.00000e+00
f051_d3             =  3.00000e+00
f051_d2             =  4.08882e-312
f051_d1             =  4.08882e-312
f051_d0             =  4.08882e-312
f051_complete       =  3.00000e+00
f051_invalid        =  0.00000e+00
f051_timeout        =  0.00000e+00
f051_sampled        =  -5.40728e-01
f051_input          =  -5.40728e-01
f051_tcomplete      =  2.58755e-05
f052_d7             =  0.00000e+00
f052_d6             =  3.00000e+00
f052_d5             =  0.00000e+00
f052_d4             =  3.00000e+00
f052_d3             =  3.00000e+00
f052_d2             =  4.08882e-312
f052_d1             =  4.08882e-312
f052_d0             =  4.08882e-312
f052_complete       =  3.00000e+00
f052_invalid        =  0.00000e+00
f052_timeout        =  0.00000e+00
f052_sampled        =  -5.47388e-01
f052_input          =  -5.47388e-01
f052_tcomplete      =  2.63755e-05
f053_d7             =  0.00000e+00
f053_d6             =  3.00000e+00
f053_d5             =  0.00000e+00
f053_d4             =  3.00000e+00
f053_d3             =  3.00000e+00
f053_d2             =  4.08882e-312
f053_d1             =  4.08882e-312
f053_d0             =  4.08882e-312
f053_complete       =  3.00000e+00
f053_invalid        =  0.00000e+00
f053_timeout        =  0.00000e+00
f053_sampled        =  -5.47388e-01
f053_input          =  -5.47388e-01
f053_tcomplete      =  2.68755e-05
f054_d7             =  0.00000e+00
f054_d6             =  3.00000e+00
f054_d5             =  0.00000e+00
f054_d4             =  3.00000e+00
f054_d3             =  3.00000e+00
f054_d2             =  4.08882e-312
f054_d1             =  4.08882e-312
f054_d0             =  3.00000e+00
f054_complete       =  3.00000e+00
f054_invalid        =  0.00000e+00
f054_timeout        =  0.00000e+00
f054_sampled        =  -5.27467e-01
f054_input          =  -5.27466e-01
f054_tcomplete      =  2.73755e-05
f055_d7             =  0.00000e+00
f055_d6             =  3.00000e+00
f055_d5             =  0.00000e+00
f055_d4             =  3.00000e+00
f055_d3             =  3.00000e+00
f055_d2             =  4.08882e-312
f055_d1             =  4.08882e-312
f055_d0             =  3.00000e+00
f055_complete       =  3.00000e+00
f055_invalid        =  0.00000e+00
f055_timeout        =  0.00000e+00
f055_sampled        =  -5.27467e-01
f055_input          =  -5.27466e-01
f055_tcomplete      =  2.78755e-05
f056_d7             =  0.00000e+00
f056_d6             =  3.00000e+00
f056_d5             =  0.00000e+00
f056_d4             =  3.00000e+00
f056_d3             =  3.00000e+00
f056_d2             =  4.08882e-312
f056_d1             =  4.08882e-312
f056_d0             =  3.00000e+00
f056_complete       =  3.00000e+00
f056_invalid        =  0.00000e+00
f056_timeout        =  0.00000e+00
f056_sampled        =  -5.34127e-01
f056_input          =  -5.34127e-01
f056_tcomplete      =  2.83755e-05
f057_d7             =  0.00000e+00
f057_d6             =  3.00000e+00
f057_d5             =  0.00000e+00
f057_d4             =  3.00000e+00
f057_d3             =  3.00000e+00
f057_d2             =  4.08882e-312
f057_d1             =  4.08882e-312
f057_d0             =  3.00000e+00
f057_complete       =  3.00000e+00
f057_invalid        =  0.00000e+00
f057_timeout        =  0.00000e+00
f057_sampled        =  -5.34127e-01
f057_input          =  -5.34127e-01
f057_tcomplete      =  2.88755e-05
f058_d7             =  0.00000e+00
f058_d6             =  3.00000e+00
f058_d5             =  0.00000e+00
f058_d4             =  3.00000e+00
f058_d3             =  3.00000e+00
f058_d2             =  4.08882e-312
f058_d1             =  3.00000e+00
f058_d0             =  5.87846e-297
f058_complete       =  3.00000e+00
f058_invalid        =  0.00000e+00
f058_timeout        =  0.00000e+00
f058_sampled        =  -5.14205e-01
f058_input          =  -5.14205e-01
f058_tcomplete      =  2.93755e-05
f059_d7             =  0.00000e+00
f059_d6             =  3.00000e+00
f059_d5             =  0.00000e+00
f059_d4             =  3.00000e+00
f059_d3             =  3.00000e+00
f059_d2             =  4.08882e-312
f059_d1             =  3.00000e+00
f059_d0             =  4.08882e-312
f059_complete       =  3.00000e+00
f059_invalid        =  0.00000e+00
f059_timeout        =  0.00000e+00
f059_sampled        =  -5.14205e-01
f059_input          =  -5.14205e-01
f059_tcomplete      =  2.98755e-05
f060_d7             =  0.00000e+00
f060_d6             =  3.00000e+00
f060_d5             =  0.00000e+00
f060_d4             =  3.00000e+00
f060_d3             =  3.00000e+00
f060_d2             =  4.08882e-312
f060_d1             =  3.00000e+00
f060_d0             =  4.08882e-312
f060_complete       =  3.00000e+00
f060_invalid        =  0.00000e+00
f060_timeout        =  0.00000e+00
f060_sampled        =  -5.20865e-01
f060_input          =  -5.20865e-01
f060_tcomplete      =  3.03755e-05
f061_d7             =  0.00000e+00
f061_d6             =  3.00000e+00
f061_d5             =  0.00000e+00
f061_d4             =  3.00000e+00
f061_d3             =  3.00000e+00
f061_d2             =  4.08882e-312
f061_d1             =  3.00000e+00
f061_d0             =  4.08882e-312
f061_complete       =  3.00000e+00
f061_invalid        =  0.00000e+00
f061_timeout        =  0.00000e+00
f061_sampled        =  -5.20865e-01
f061_input          =  -5.20865e-01
f061_tcomplete      =  3.08755e-05
f062_d7             =  0.00000e+00
f062_d6             =  3.00000e+00
f062_d5             =  0.00000e+00
f062_d4             =  3.00000e+00
f062_d3             =  3.00000e+00
f062_d2             =  4.08882e-312
f062_d1             =  3.00000e+00
f062_d0             =  3.00000e+00
f062_complete       =  3.00000e+00
f062_invalid        =  0.00000e+00
f062_timeout        =  0.00000e+00
f062_sampled        =  -5.00943e-01
f062_input          =  -5.00943e-01
f062_tcomplete      =  3.13755e-05
f063_d7             =  0.00000e+00
f063_d6             =  3.00000e+00
f063_d5             =  0.00000e+00
f063_d4             =  3.00000e+00
f063_d3             =  3.00000e+00
f063_d2             =  4.08882e-312
f063_d1             =  3.00000e+00
f063_d0             =  3.00000e+00
f063_complete       =  3.00000e+00
f063_invalid        =  0.00000e+00
f063_timeout        =  0.00000e+00
f063_sampled        =  -5.00943e-01
f063_input          =  -5.00943e-01
f063_tcomplete      =  3.18755e-05
ngspice-46 done
