{
  "campaign": "S044_TT",
  "excluded_by_user": [
    "symmetric strict replay",
    "dense scan"
  ],
  "full_curve_execution_complete": false,
  "nonclaims": [
    "nominal performance",
    "current population P95",
    "Monte Carlo pass rate",
    "production yield"
  ],
  "paired_effect_status": "NOT_EVALUATED",
  "stages": {
    "midpoint_overrange": "NOT_RUN",
    "pilot": "PASS",
    "qualification": "PASS_TWO_FRAME",
    "ramp": "NOT_RUN",
    "transitions": "NOT_RUN"
  },
  "state": "SIMULATION_EXECUTION_IN_PROGRESS",
  "updated_utc": "2026-07-28T04:21:14.248561+00:00"
}

