
Note: Compatibility modes selected: hs a

Warning: m=xx on .subckt line will override multiplier m hierarchy!


Circuit: * a44 actual analog core with fixed tt timed behavioral sar control.

Reducing trtol to 1 for xspice 'A' devices
Doing analysis at TEMP = -40.000000 and TNOM = 27.000000

Using SPARSE 1.3 as Direct Linear Solver

Initial Transient Solution
--------------------------

Node                                   Voltage
----                                   -------
legacy_rng_burn_01                           0
legacy_rng_burn_02                           0
legacy_rng_burn_03                           0
legacy_rng_burn_04                           0
legacy_rng_burn_05                           0
legacy_rng_burn_06                           0
legacy_rng_burn_07                           0
legacy_rng_burn_08                           0
legacy_rng_burn_09                           0
legacy_rng_burn_10                           0
legacy_rng_burn_11                           0
legacy_rng_burn_12                           0
legacy_rng_burn_13                           0
legacy_rng_burn_14                           0
legacy_rng_burn_15                           0
legacy_rng_burn_16                           0
legacy_rng_burn_17                           0
legacy_rng_burn_18                           0
legacy_rng_burn_19                           0
vdd                                        3.6
vrefp_src                                  2.5
vrefp                                      2.5
vrefp_cap                                  2.5
vrefn_src                                  0.8
vrefn                                      0.8
vrefn_cap                                  0.8
vinp_src                                2.2914
vinn_src                                1.0086
vinp                                    2.2914
vinn                                    1.0086
clks_src                                     0
clks                                         0
cmp_noise                          -0.00183127
xcore.xcdacp.vbot1                         2.5
dctrlp1                                      0
xcore.vresp_raw                    0.000412238
xcore.xcdacp.vbot2                         2.5
dctrlp2                                      0
xcore.xcdacp.vbot3                         2.5
dctrlp3                                      0
xcore.xcdacp.vbot4                         2.5
dctrlp4                                      0
xcore.xcdacp.vbot5                         2.5
dctrlp5                                      0
xcore.xcdacp.vbot6                         2.5
dctrlp6                                      0
xcore.xcdacp.vbot7                         2.5
dctrlp7                                      0
xcore.xcdacp.x1.clksb                      3.6
xcore.xcdacp.x1.net2                6.5028e-12
xcore.xcdacp.x1.net1                       3.6
xcore.xcdacp.x1.bottom_gate        4.58379e-09
xcore.xcdacp.x1.net4               2.29106e-09
xcore.xcdacp.x1.net3                       3.6
xcore.xcdacn.vbot1                         2.5
dctrln1                                      0
xcore.vresn_raw                   -0.000188801
xcore.xcdacn.vbot2                         2.5
dctrln2                                      0
xcore.xcdacn.vbot3                         2.5
dctrln3                                      0
xcore.xcdacn.vbot4                         2.5
dctrln4                                      0
xcore.xcdacn.vbot5                         2.5
dctrln5                                      0
xcore.xcdacn.vbot6                         2.5
dctrln6                                      0
xcore.xcdacn.vbot7                         2.5
dctrln7                                      0
xcore.xcdacn.x1.clksb                      3.6
xcore.xcdacn.x1.net2               4.62183e-12
xcore.xcdacn.x1.net1                       3.6
xcore.xcdacn.x1.bottom_gate        4.61489e-09
xcore.xcdacn.x1.net4               2.30317e-09
xcore.xcdacn.x1.net3                       3.6
vresp                             -0.000503397
vresn                              0.000726835
xcore.xcmp.net1                     0.00357239
cmpck                                        0
xcore.xcmp.xp                              3.6
xcore.xcmp.xn                              3.6
xcore.xcmp.ln                              3.6
xcore.xcmp.lp                              3.6
dcmpn                              3.72445e-09
dcmpp                              3.70315e-09
sampled_diff                       -0.00123023
input_diff                             1.28279
cmpck_drv                                    0
dctrlp7_drv                                  0
dctrlp6_drv                                  0
dctrlp5_drv                                  0
dctrlp4_drv                                  0
dctrlp3_drv                                  0
dctrlp2_drv                                  0
dctrlp1_drv                                  0
dctrln7_drv                                  0
dctrln6_drv                                  0
dctrln5_drv                                  0
dctrln4_drv                                  0
dctrln3_drv                                  0
dctrln2_drv                                  0
dctrln1_drv                                  0
dout7_drv                                    0
dout6_drv                                    0
dout5_drv                                    0
dout4_drv                                    0
dout3_drv                                    0
dout2_drv                                    0
dout1_drv                                    0
dout0_drv                                    0
eoc                                          0
invalid0                                     0
timeout0                                     0
complete                                     0
dout7_rx                                     0
dout6_rx                                     0
dout5_rx                                     0
dout4_rx                                     0
dout3_rx                                     0
dout2_rx                                     0
dout1_rx                                     0
dout0_rx                                     0
e_input_diff#branch               -1.28279e-10
e_sample_diff#branch               1.23023e-13
e.xcore.e_cmp_noise_n#branch      -7.26824e-14
e.xcore.e_cmp_noise_p#branch       5.03408e-14
vcmp_noise#branch                  1.83127e-13
vclks_id#branch                              0
vvinn_id#branch                   -4.15547e-10
vvinp_id#branch                   -9.44059e-10
vvrefn_id#branch                  -1.76661e-09
vvrefp_id#branch                  -1.49026e-08
vvdd#branch                       -1.95914e-08
a_status#branch_1_0                          0
a_status#branch_1_1                          0
a_status#branch_1_2                          0
a_status#branch_1_3                          0
a_dout#branch_1_0                            0
a_dout#branch_1_1                            0
a_dout#branch_1_2                            0
a_dout#branch_1_3                            0
a_dout#branch_1_4                            0
a_dout#branch_1_5                            0
a_dout#branch_1_6                            0
a_dout#branch_1_7                            0
a_dctrln#branch_1_0                          0
a_dctrln#branch_1_1                          0
a_dctrln#branch_1_2                          0
a_dctrln#branch_1_3                          0
a_dctrln#branch_1_4                          0
a_dctrln#branch_1_5                          0
a_dctrln#branch_1_6                          0
a_dctrlp#branch_1_0                          0
a_dctrlp#branch_1_1                          0
a_dctrlp#branch_1_2                          0
a_dctrlp#branch_1_3                          0
a_dctrlp#branch_1_4                          0
a_dctrlp#branch_1_5                          0
a_dctrlp#branch_1_6                          0
a_cmpck#branch_1_0                           0


Instance: abeh   Message: WARNING: output scheduled with impossible delay (-4.01e-12) at 5.01e-12/0.

Instance: abeh   Message: XSPICE time is behind vtime:
XSPICE 2.005092318850436e-07
Cosim  2.00542e-07

Instance: abeh   Message: XSPICE time is behind vtime:
XSPICE 7.005047275351917e-07
Cosim  7.00541e-07

Instance: abeh   Message: XSPICE time is behind vtime:
XSPICE 1.200520613051688e-06
Cosim  1.200544e-06

Instance: abeh   Message: XSPICE time is behind vtime:
XSPICE 2.200521130039992e-06
Cosim  2.200539e-06

Instance: abeh   Message: XSPICE time is behind vtime:
XSPICE 2.700504983554863e-06
Cosim  2.700541e-06

Instance: abeh   Message: XSPICE time is behind vtime:
XSPICE 3.200498202191204e-06
Cosim  3.200533e-06

Instance: abeh   Message: XSPICE time is behind vtime:
XSPICE 3.70053172589544e-06
Cosim  3.700541e-06

Instance: abeh   Message: XSPICE time is behind vtime:
XSPICE 4.700511094150563e-06
Cosim  4.700541e-06

Instance: abeh   Message: XSPICE time is behind vtime:
XSPICE 5.200496727535823e-06
Cosim  5.200533e-06

Instance: abeh   Message: XSPICE time is behind vtime:
XSPICE 5.700514015352995e-06
Cosim  5.700541e-06

Instance: abeh   Message: XSPICE time is behind vtime:
XSPICE 6.700527535137136e-06
Cosim  6.700541e-06

Instance: abeh   Message: XSPICE time is behind vtime:
XSPICE 7.200506983558834e-06
Cosim  7.200543e-06

Instance: abeh   Message: XSPICE time is behind vtime:
XSPICE 7.700505983559424e-06
Cosim  7.700542e-06

Instance: abeh   Message: XSPICE time is behind vtime:
XSPICE 8.200520073507027e-06
Cosim  8.200534e-06

Instance: abeh   Message: XSPICE time is behind vtime:
XSPICE 9.200514361032516e-06
Cosim  9.200541e-06

Instance: abeh   Message: XSPICE time is behind vtime:
XSPICE 9.700496727534859e-06
Cosim  9.700533e-06

Instance: abeh   Message: XSPICE time is behind vtime:
XSPICE 1.020050878883054e-05
Cosim  1.0200539e-05

Instance: abeh   Message: XSPICE time is behind vtime:
XSPICE 1.120053220357361e-05
Cosim  1.1200541e-05

Instance: abeh   Message: XSPICE time is behind vtime:
XSPICE 1.170049942837891e-05
Cosim  1.1700534e-05

Instance: abeh   Message: XSPICE time is behind vtime:
XSPICE 1.220050398355406e-05
Cosim  1.220054e-05

Instance: abeh   Message: XSPICE time is behind vtime:
XSPICE 1.270052369898005e-05
Cosim  1.2700542e-05

Instance: abeh   Message: XSPICE time is behind vtime:
XSPICE 1.370051899017879e-05
Cosim  1.3700542e-05

Instance: abeh   Message: XSPICE time is behind vtime:
XSPICE 1.420050472753442e-05
Cosim  1.4200541e-05

Instance: abeh   Message: XSPICE time is behind vtime:
XSPICE 1.470050796723798e-05
Cosim  1.4700541e-05

Instance: abeh   Message: XSPICE time is behind vtime:
XSPICE 1.520053300228665e-05
Cosim  1.5200539e-05

Instance: abeh   Message: XSPICE time is behind vtime:
XSPICE 1.620049994748282e-05
Cosim  1.6200532e-05

Instance: abeh   Message: XSPICE time is behind vtime:
XSPICE 1.67005069835558e-05
Cosim  1.6700543e-05

Instance: abeh   Message: XSPICE time is behind vtime:
XSPICE 1.720051663354872e-05
Cosim  1.7200539e-05

Instance: abeh   Message: XSPICE time is behind vtime:
XSPICE 1.820051995730086e-05
Cosim  1.8200539e-05

Instance: abeh   Message: XSPICE time is behind vtime:
XSPICE 1.8700505727534e-05
Cosim  1.8700542e-05

Instance: abeh   Message: XSPICE time is behind vtime:
XSPICE 1.920050258260309e-05
Cosim  1.9200538e-05

Instance: abeh   Message: XSPICE time is behind vtime:
XSPICE 1.970053028202805e-05
Cosim  1.9700541e-05

Instance: abeh   Message: XSPICE time is behind vtime:
XSPICE 2.070051190195914e-05
Cosim  2.0700541e-05

Instance: abeh   Message: XSPICE time is behind vtime:
XSPICE 2.120049898355652e-05
Cosim  2.1200535e-05

Instance: abeh   Message: XSPICE time is behind vtime:
XSPICE 2.170051491652455e-05
Cosim  2.1700541e-05

Instance: abeh   Message: XSPICE time is behind vtime:
XSPICE 2.270051622323919e-05
Cosim  2.2700531e-05

Instance: abeh   Message: XSPICE time is behind vtime:
XSPICE 2.320050672753427e-05
Cosim  2.3200543e-05

Instance: abeh   Message: XSPICE time is behind vtime:
XSPICE 2.370050472753485e-05
Cosim  2.3700541e-05

Instance: abeh   Message: XSPICE time is behind vtime:
XSPICE 2.420051878550283e-05
Cosim  2.4200534e-05

Instance: abeh   Message: XSPICE time is behind vtime:
XSPICE 2.52005172689678e-05
Cosim  2.5200543e-05

Instance: abeh   Message: XSPICE time is behind vtime:
XSPICE 2.570049898355666e-05
Cosim  2.5700535e-05

Instance: abeh   Message: XSPICE time is behind vtime:
XSPICE 2.62005115845765e-05
Cosim  2.6200541e-05

Instance: abeh   Message: XSPICE time is behind vtime:
XSPICE 2.720053074669127e-05
Cosim  2.7200541e-05

Instance: abeh   Message: XSPICE time is behind vtime:
XSPICE 2.770050280079878e-05
Cosim  2.7700538e-05

Instance: abeh   Message: XSPICE time is behind vtime:
XSPICE 2.820050672753451e-05
Cosim  2.8200543e-05

Instance: abeh   Message: XSPICE time is behind vtime:
XSPICE 2.870051954785751e-05
Cosim  2.8700539e-05

Instance: abeh   Message: XSPICE time is behind vtime:
XSPICE 2.970051901931937e-05
Cosim  2.9700541e-05

Instance: abeh   Message: XSPICE time is behind vtime:
XSPICE 3.020050698355487e-05
Cosim  3.0200543e-05

Instance: abeh   Message: XSPICE time is behind vtime:
XSPICE 3.070049966994586e-05
Cosim  3.0700532e-05

Instance: abeh   Message: XSPICE time is behind vtime:
XSPICE 3.12005365963573e-05
Cosim  3.1200541e-05

Instance: abeh   Message: XSPICE time is behind vtime:
XSPICE 3.170053248219639e-05
Cosim  3.1700538e-05

Instance: abeh   Message: XSPICE time is behind vtime:
XSPICE 3.22005092335755e-05
Cosim  3.2200542e-05

Instance: abeh   Message: XSPICE time is behind vtime:
XSPICE 3.270050472753461e-05
Cosim  3.2700541e-05

Instance: abeh   Message: XSPICE time is behind vtime:
XSPICE 3.320052061340725e-05
Cosim  3.3200544e-05

No. of Data Rows : 743073
f000_d7             =  3.60000e+00
f000_d6             =  3.60000e+00
f000_d5             =  0.00000e+00
f000_d4             =  3.60000e+00
f000_d3             =  3.60000e+00
f000_d2             =  3.60000e+00
f000_d1             =  3.60000e+00
f000_d0             =  3.60000e+00
f000_complete       =  3.60000e+00
f000_invalid        =  0.00000e+00
f000_timeout        =  0.00000e+00
f000_sampled        =  1.28096e+00
f000_input          =  1.28279e+00
f000_tcomplete      =  3.75490e-07
f001_d7             =  3.60000e+00
f001_d6             =  3.60000e+00
f001_d5             =  3.60000e+00
f001_d4             =  5.33162e-297
f001_d3             =  3.60000e+00
f001_d2             =  3.60000e+00
f001_d1             =  3.60000e+00
f001_d0             =  3.60000e+00
f001_complete       =  3.60000e+00
f001_invalid        =  0.00000e+00
f001_timeout        =  0.00000e+00
f001_sampled        =  1.48425e+00
f001_input          =  1.48491e+00
f001_tcomplete      =  8.75489e-07
f002_d7             =  3.60000e+00
f002_d6             =  3.60000e+00
f002_d5             =  5.62020e-297
f002_d4             =  4.08882e-312
f002_d3             =  3.60000e+00
f002_d2             =  5.62020e-297
f002_d1             =  3.60000e+00
f002_d0             =  3.60000e+00
f002_complete       =  3.60000e+00
f002_invalid        =  0.00000e+00
f002_timeout        =  0.00000e+00
f002_sampled        =  1.01204e+00
f002_input          =  1.01275e+00
f002_tcomplete      =  1.37549e-06
f003_d7             =  3.60000e+00
f003_d6             =  5.18396e-297
f003_d5             =  4.08882e-312
f003_d4             =  4.08882e-312
f003_d3             =  5.18396e-297
f003_d2             =  3.60000e+00
f003_d1             =  5.18396e-297
f003_d0             =  3.60000e+00
f003_complete       =  3.60000e+00
f003_invalid        =  0.00000e+00
f003_timeout        =  0.00000e+00
f003_sampled        =  7.79806e-02
f003_input          =  8.09413e-02
f003_tcomplete      =  1.87548e-06
f004_d7             =  5.17638e-297
f004_d6             =  4.08882e-312
f004_d5             =  3.60000e+00
f004_d4             =  3.60000e+00
f004_d3             =  3.60000e+00
f004_d2             =  3.60000e+00
f004_d1             =  4.08882e-312
f004_d0             =  5.17638e-297
f004_complete       =  3.60000e+00
f004_invalid        =  0.00000e+00
f004_timeout        =  0.00000e+00
f004_sampled        =  -8.86250e-01
f004_input          =  -8.87475e-01
f004_tcomplete      =  2.37549e-06
f005_d7             =  4.08882e-312
f005_d6             =  4.08882e-312
f005_d5             =  5.32825e-297
f005_d4             =  3.60000e+00
f005_d3             =  5.32825e-297
f005_d2             =  5.32825e-297
f005_d1             =  4.08882e-312
f005_d0             =  3.60000e+00
f005_complete       =  3.60000e+00
f005_invalid        =  0.00000e+00
f005_timeout        =  0.00000e+00
f005_sampled        =  -1.45271e+00
f005_input          =  -1.45323e+00
f005_tcomplete      =  2.87549e-06
f006_d7             =  4.08882e-312
f006_d6             =  4.08882e-312
f006_d5             =  4.08882e-312
f006_d4             =  3.60000e+00
f006_d3             =  3.60000e+00
f006_d2             =  4.08882e-312
f006_d1             =  4.08882e-312
f006_d0             =  5.05443e-297
f006_complete       =  3.60000e+00
f006_invalid        =  0.00000e+00
f006_timeout        =  0.00000e+00
f006_sampled        =  -1.36251e+00
f006_input          =  -1.35915e+00
f006_tcomplete      =  3.37548e-06
f007_d7             =  4.08882e-312
f007_d6             =  3.60000e+00
f007_d5             =  4.08882e-312
f007_d4             =  5.23217e-297
f007_d3             =  3.60000e+00
f007_d2             =  3.60000e+00
f007_d1             =  4.08882e-312
f007_d0             =  3.60000e+00
f007_complete       =  3.60000e+00
f007_invalid        =  0.00000e+00
f007_timeout        =  0.00000e+00
f007_sampled        =  -6.47681e-01
f007_input          =  -6.47902e-01
f007_tcomplete      =  3.87549e-06
f008_d7             =  3.60000e+00
f008_d6             =  5.35217e-297
f008_d5             =  4.08882e-312
f008_d4             =  3.60000e+00
f008_d3             =  3.60000e+00
f008_d2             =  5.35217e-297
f008_d1             =  3.60000e+00
f008_d0             =  5.35217e-297
f008_complete       =  3.60000e+00
f008_invalid        =  0.00000e+00
f008_timeout        =  0.00000e+00
f008_sampled        =  3.59121e-01
f008_input          =  3.57364e-01
f008_tcomplete      =  4.37549e-06
f009_d7             =  3.60000e+00
f009_d6             =  3.60000e+00
f009_d5             =  4.08882e-312
f009_d4             =  3.60000e+00
f009_d3             =  3.60000e+00
f009_d2             =  4.08882e-312
f009_d1             =  5.33362e-297
f009_d0             =  3.60000e+00
f009_complete       =  3.60000e+00
f009_invalid        =  0.00000e+00
f009_timeout        =  0.00000e+00
f009_sampled        =  1.20260e+00
f009_input          =  1.20044e+00
f009_tcomplete      =  4.87549e-06
f010_d7             =  3.60000e+00
f010_d6             =  3.60000e+00
f010_d5             =  3.60000e+00
f010_d4             =  3.60000e+00
f010_d3             =  5.04989e-297
f010_d2             =  4.08882e-312
f010_d1             =  4.08882e-312
f010_d0             =  5.04989e-297
f010_complete       =  3.60000e+00
f010_invalid        =  0.00000e+00
f010_timeout        =  0.00000e+00
f010_sampled        =  1.49789e+00
f010_input          =  1.49848e+00
f010_tcomplete      =  5.37548e-06
f011_d7             =  3.60000e+00
f011_d6             =  3.60000e+00
f011_d5             =  5.32921e-297
f011_d4             =  3.60000e+00
f011_d3             =  4.08882e-312
f011_d2             =  4.08882e-312
f011_d1             =  3.60000e+00
f011_d0             =  3.60000e+00
f011_complete       =  3.60000e+00
f011_invalid        =  0.00000e+00
f011_timeout        =  0.00000e+00
f011_sampled        =  1.11755e+00
f011_input          =  1.11632e+00
f011_tcomplete      =  5.87549e-06
f012_d7             =  3.60000e+00
f012_d6             =  5.53689e-297
f012_d5             =  4.08882e-312
f012_d4             =  3.60000e+00
f012_d3             =  4.08882e-312
f012_d2             =  4.08882e-312
f012_d1             =  5.53689e-297
f012_d0             =  5.53689e-297
f012_complete       =  3.60000e+00
f012_invalid        =  0.00000e+00
f012_timeout        =  0.00000e+00
f012_sampled        =  2.29333e-01
f012_input          =  2.27289e-01
f012_tcomplete      =  6.37549e-06
f013_d7             =  5.34042e-297
f013_d6             =  3.60000e+00
f013_d5             =  4.08882e-312
f013_d4             =  5.34042e-297
f013_d3             =  4.08882e-312
f013_d2             =  3.60000e+00
f013_d1             =  4.08882e-312
f013_d0             =  3.60000e+00
f013_complete       =  3.60000e+00
f013_invalid        =  0.00000e+00
f013_timeout        =  0.00000e+00
f013_sampled        =  -7.66791e-01
f013_input          =  -7.64722e-01
f013_tcomplete      =  6.87549e-06
f014_d7             =  4.08882e-312
f014_d6             =  5.35794e-297
f014_d5             =  4.08882e-312
f014_d4             =  3.60000e+00
f014_d3             =  4.08882e-312
f014_d2             =  3.60000e+00
f014_d1             =  4.08882e-312
f014_d0             =  5.35794e-297
f014_complete       =  3.60000e+00
f014_invalid        =  0.00000e+00
f014_timeout        =  0.00000e+00
f014_sampled        =  -1.41166e+00
f014_input          =  -1.40983e+00
f014_tcomplete      =  7.37549e-06
f015_d7             =  4.08882e-312
f015_d6             =  4.08882e-312
f015_d5             =  4.08882e-312
f015_d4             =  3.60000e+00
f015_d3             =  4.08882e-312
f015_d2             =  3.60000e+00
f015_d1             =  4.08882e-312
f015_d0             =  4.08882e-312
f015_complete       =  3.60000e+00
f015_invalid        =  0.00000e+00
f015_timeout        =  0.00000e+00
f015_sampled        =  -1.41633e+00
f015_input          =  -1.41464e+00
f015_tcomplete      =  7.87549e-06
f016_d7             =  4.08882e-312
f016_d6             =  3.60000e+00
f016_d5             =  4.08882e-312
f016_d4             =  5.04274e-297
f016_d3             =  4.08882e-312
f016_d2             =  3.60000e+00
f016_d1             =  4.08882e-312
f016_d0             =  4.08882e-312
f016_complete       =  3.60000e+00
f016_invalid        =  0.00000e+00
f016_timeout        =  0.00000e+00
f016_sampled        =  -7.77861e-01
f016_input          =  -7.77545e-01
f016_tcomplete      =  8.37548e-06
f017_d7             =  3.60000e+00
f017_d6             =  5.27964e-297
f017_d5             =  4.08882e-312
f017_d4             =  4.08882e-312
f017_d3             =  3.60000e+00
f017_d2             =  3.60000e+00
f017_d1             =  3.60000e+00
f017_d0             =  3.60000e+00
f017_complete       =  3.60000e+00
f017_invalid        =  0.00000e+00
f017_timeout        =  0.00000e+00
f017_sampled        =  2.15336e-01
f017_input          =  2.12930e-01
f017_tcomplete      =  8.87549e-06
f018_d7             =  3.60000e+00
f018_d6             =  3.60000e+00
f018_d5             =  4.08882e-312
f018_d4             =  3.60000e+00
f018_d3             =  5.32364e-297
f018_d2             =  5.32364e-297
f018_d1             =  3.60000e+00
f018_d0             =  5.32364e-297
f018_complete       =  3.60000e+00
f018_invalid        =  0.00000e+00
f018_timeout        =  0.00000e+00
f018_sampled        =  1.10597e+00
f018_input          =  1.10640e+00
f018_tcomplete      =  9.37549e-06
f019_d7             =  3.60000e+00
f019_d6             =  3.60000e+00
f019_d5             =  3.60000e+00
f019_d4             =  3.60000e+00
f019_d3             =  4.08882e-312
f019_d2             =  4.08882e-312
f019_d1             =  5.01826e-297
f019_d0             =  4.08882e-312
f019_complete       =  3.60000e+00
f019_invalid        =  0.00000e+00
f019_timeout        =  0.00000e+00
f019_sampled        =  1.49853e+00
f019_input          =  1.49783e+00
f019_tcomplete      =  9.87548e-06
f020_d7             =  3.60000e+00
f020_d6             =  3.60000e+00
f020_d5             =  5.22794e-297
f020_d4             =  3.60000e+00
f020_d3             =  3.60000e+00
f020_d2             =  4.08882e-312
f020_d1             =  3.60000e+00
f020_d0             =  4.08882e-312
f020_complete       =  3.60000e+00
f020_invalid        =  0.00000e+00
f020_timeout        =  0.00000e+00
f020_sampled        =  1.21083e+00
f020_input          =  1.20921e+00
f020_tcomplete      =  1.03755e-05
f021_d7             =  3.60000e+00
f021_d6             =  5.28487e-297
f021_d5             =  4.08882e-312
f021_d4             =  3.60000e+00
f021_d3             =  3.60000e+00
f021_d2             =  4.08882e-312
f021_d1             =  3.60000e+00
f021_d0             =  3.60000e+00
f021_complete       =  3.60000e+00
f021_invalid        =  0.00000e+00
f021_timeout        =  0.00000e+00
f021_sampled        =  3.71611e-01
f021_input          =  3.71676e-01
f021_tcomplete      =  1.08755e-05
f022_d7             =  5.33122e-297
f022_d6             =  3.60000e+00
f022_d5             =  4.08882e-312
f022_d4             =  5.33122e-297
f022_d3             =  3.60000e+00
f022_d2             =  3.60000e+00
f022_d1             =  3.60000e+00
f022_d0             =  3.60000e+00
f022_complete       =  3.60000e+00
f022_invalid        =  0.00000e+00
f022_timeout        =  0.00000e+00
f022_sampled        =  -6.34643e-01
f022_input          =  -6.34644e-01
f022_tcomplete      =  1.13755e-05
f023_d7             =  4.08882e-312
f023_d6             =  5.09471e-297
f023_d5             =  4.08882e-312
f023_d4             =  3.60000e+00
f023_d3             =  3.60000e+00
f023_d2             =  5.09471e-297
f023_d1             =  5.09471e-297
f023_d0             =  3.60000e+00
f023_complete       =  3.60000e+00
f023_invalid        =  0.00000e+00
f023_timeout        =  0.00000e+00
f023_sampled        =  -1.35230e+00
f023_input          =  -1.35288e+00
f023_tcomplete      =  1.18755e-05
f024_d7             =  4.08882e-312
f024_d6             =  4.08882e-312
f024_d5             =  4.08882e-312
f024_d4             =  3.60000e+00
f024_d3             =  5.47709e-297
f024_d2             =  4.08882e-312
f024_d1             =  4.08882e-312
f024_d0             =  3.60000e+00
f024_complete       =  3.60000e+00
f024_invalid        =  0.00000e+00
f024_timeout        =  0.00000e+00
f024_sampled        =  -1.45718e+00
f024_input          =  -1.45674e+00
f024_tcomplete      =  1.23755e-05
f025_d7             =  4.08882e-312
f025_d6             =  4.08882e-312
f025_d5             =  3.60000e+00
f025_d4             =  3.60000e+00
f025_d3             =  3.60000e+00
f025_d2             =  4.08882e-312
f025_d1             =  3.60000e+00
f025_d0             =  3.60000e+00
f025_complete       =  3.60000e+00
f025_invalid        =  0.00000e+00
f025_timeout        =  0.00000e+00
f025_sampled        =  -9.02876e-01
f025_input          =  -8.99432e-01
f025_tcomplete      =  1.28755e-05
f026_d7             =  3.60000e+00
f026_d6             =  4.08882e-312
f026_d5             =  5.05175e-297
f026_d4             =  5.05175e-297
f026_d3             =  5.05175e-297
f026_d2             =  3.60000e+00
f026_d1             =  5.05175e-297
f026_d0             =  5.05175e-297
f026_complete       =  3.60000e+00
f026_invalid        =  0.00000e+00
f026_timeout        =  0.00000e+00
f026_sampled        =  6.70123e-02
f026_input          =  6.63378e-02
f026_tcomplete      =  1.33755e-05
f027_d7             =  3.60000e+00
f027_d6             =  3.60000e+00
f027_d5             =  4.08882e-312
f027_d4             =  4.08882e-312
f027_d3             =  3.60000e+00
f027_d2             =  5.33183e-297
f027_d1             =  3.60000e+00
f027_d0             =  4.08882e-312
f027_complete       =  3.60000e+00
f027_invalid        =  0.00000e+00
f027_timeout        =  0.00000e+00
f027_sampled        =  1.00184e+00
f027_input          =  1.00193e+00
f027_tcomplete      =  1.38755e-05
f028_d7             =  3.60000e+00
f028_d6             =  3.60000e+00
f028_d5             =  3.60000e+00
f028_d4             =  4.08882e-312
f028_d3             =  3.60000e+00
f028_d2             =  3.60000e+00
f028_d1             =  3.60000e+00
f028_d0             =  4.08882e-312
f028_complete       =  3.60000e+00
f028_invalid        =  0.00000e+00
f028_timeout        =  0.00000e+00
f028_sampled        =  1.48270e+00
f028_input          =  1.48262e+00
f028_tcomplete      =  1.43755e-05
f029_d7             =  3.60000e+00
f029_d6             =  3.60000e+00
f029_d5             =  3.60000e+00
f029_d4             =  4.08882e-312
f029_d3             =  5.47989e-297
f029_d2             =  5.47989e-297
f029_d1             =  5.47989e-297
f029_d0             =  4.08882e-312
f029_complete       =  3.60000e+00
f029_invalid        =  0.00000e+00
f029_timeout        =  0.00000e+00
f029_sampled        =  1.28902e+00
f029_input          =  1.29044e+00
f029_tcomplete      =  1.48755e-05
f030_d7             =  3.60000e+00
f030_d6             =  5.20374e-297
f030_d5             =  3.60000e+00
f030_d4             =  4.08882e-312
f030_d3             =  4.08882e-312
f030_d2             =  3.60000e+00
f030_d1             =  4.08882e-312
f030_d0             =  3.60000e+00
f030_complete       =  3.60000e+00
f030_invalid        =  0.00000e+00
f030_timeout        =  0.00000e+00
f030_sampled        =  5.11623e-01
f030_input          =  5.12157e-01
f030_tcomplete      =  1.53755e-05
f031_d7             =  5.25048e-297
f031_d6             =  3.60000e+00
f031_d5             =  5.25048e-297
f031_d4             =  3.60000e+00
f031_d3             =  3.60000e+00
f031_d2             =  5.25048e-297
f031_d1             =  4.08882e-312
f031_d0             =  3.60000e+00
f031_complete       =  3.60000e+00
f031_invalid        =  0.00000e+00
f031_timeout        =  0.00000e+00
f031_sampled        =  -4.99012e-01
f031_input          =  -4.98466e-01
f031_tcomplete      =  1.58755e-05
f032_d7             =  4.08882e-312
f032_d6             =  5.06546e-297
f032_d5             =  4.08882e-312
f032_d4             =  3.60000e+00
f032_d3             =  3.60000e+00
f032_d2             =  3.60000e+00
f032_d1             =  3.60000e+00
f032_d0             =  5.06546e-297
f032_complete       =  3.60000e+00
f032_invalid        =  0.00000e+00
f032_timeout        =  0.00000e+00
f032_sampled        =  -1.28476e+00
f032_input          =  -1.28268e+00
f032_tcomplete      =  1.63755e-05
f033_d7             =  4.08882e-312
f033_d6             =  4.08882e-312
f033_d5             =  4.08882e-312
f033_d4             =  5.40496e-297
f033_d3             =  3.60000e+00
f033_d2             =  3.60000e+00
f033_d1             =  3.60000e+00
f033_d0             =  3.60000e+00
f033_complete       =  3.60000e+00
f033_invalid        =  0.00000e+00
f033_timeout        =  0.00000e+00
f033_sampled        =  -1.48335e+00
f033_input          =  -1.48477e+00
f033_tcomplete      =  1.68755e-05
f034_d7             =  4.08882e-312
f034_d6             =  4.08882e-312
f034_d5             =  3.60000e+00
f034_d4             =  3.60000e+00
f034_d3             =  5.23090e-297
f034_d2             =  5.23090e-297
f034_d1             =  3.60000e+00
f034_d0             =  5.23090e-297
f034_complete       =  3.60000e+00
f034_invalid        =  0.00000e+00
f034_timeout        =  0.00000e+00
f034_sampled        =  -1.01373e+00
f034_input          =  -1.01274e+00
f034_tcomplete      =  1.73755e-05
f035_d7             =  4.08882e-312
f035_d6             =  3.60000e+00
f035_d5             =  3.60000e+00
f035_d4             =  3.60000e+00
f035_d3             =  3.60000e+00
f035_d2             =  4.08882e-312
f035_d1             =  5.32770e-297
f035_d0             =  4.08882e-312
f035_complete       =  3.60000e+00
f035_invalid        =  0.00000e+00
f035_timeout        =  0.00000e+00
f035_sampled        =  -7.98000e-02
f035_input          =  -8.10053e-02
f035_tcomplete      =  1.78755e-05
f036_d7             =  3.60000e+00
f036_d6             =  3.60000e+00
f036_d5             =  5.21727e-297
f036_d4             =  5.21727e-297
f036_d3             =  5.21727e-297
f036_d2             =  4.08882e-312
f036_d1             =  4.08882e-312
f036_d0             =  3.60000e+00
f036_complete       =  3.60000e+00
f036_invalid        =  0.00000e+00
f036_timeout        =  0.00000e+00
f036_sampled        =  8.86964e-01
f036_input          =  8.87726e-01
f036_tcomplete      =  1.83755e-05
f037_d7             =  3.60000e+00
f037_d6             =  3.60000e+00
f037_d5             =  3.60000e+00
f037_d4             =  4.08882e-312
f037_d3             =  3.60000e+00
f037_d2             =  3.60000e+00
f037_d1             =  4.08882e-312
f037_d0             =  5.32636e-297
f037_complete       =  3.60000e+00
f037_invalid        =  0.00000e+00
f037_timeout        =  0.00000e+00
f037_sampled        =  1.45581e+00
f037_input          =  1.45318e+00
f037_tcomplete      =  1.88755e-05
f038_d7             =  3.60000e+00
f038_d6             =  3.60000e+00
f038_d5             =  3.60000e+00
f038_d4             =  4.08882e-312
f038_d3             =  5.17829e-297
f038_d2             =  3.60000e+00
f038_d1             =  4.08882e-312
f038_d0             =  3.60000e+00
f038_complete       =  3.60000e+00
f038_invalid        =  0.00000e+00
f038_timeout        =  0.00000e+00
f038_sampled        =  1.36004e+00
f038_input          =  1.35910e+00
f038_tcomplete      =  1.93755e-05
f039_d7             =  3.60000e+00
f039_d6             =  5.29672e-297
f039_d5             =  3.60000e+00
f039_d4             =  4.08882e-312
f039_d3             =  3.60000e+00
f039_d2             =  3.60000e+00
f039_d1             =  3.60000e+00
f039_d0             =  3.60000e+00
f039_complete       =  3.60000e+00
f039_invalid        =  0.00000e+00
f039_timeout        =  0.00000e+00
f039_sampled        =  6.47853e-01
f039_input          =  6.48031e-01
f039_tcomplete      =  1.98755e-05
f040_d7             =  5.19359e-297
f040_d6             =  3.60000e+00
f040_d5             =  3.60000e+00
f040_d4             =  4.08882e-312
f040_d3             =  5.19359e-297
f040_d2             =  3.60000e+00
f040_d1             =  5.19359e-297
f040_d0             =  5.19359e-297
f040_complete       =  3.60000e+00
f040_invalid        =  0.00000e+00
f040_timeout        =  0.00000e+00
f040_sampled        =  -3.55676e-01
f040_input          =  -3.57237e-01
f040_tcomplete      =  2.03755e-05
f041_d7             =  4.08882e-312
f041_d6             =  5.47663e-297
f041_d5             =  3.60000e+00
f041_d4             =  4.08882e-312
f041_d3             =  4.08882e-312
f041_d2             =  3.60000e+00
f041_d1             =  4.08882e-312
f041_d0             =  4.08882e-312
f041_complete       =  3.60000e+00
f041_invalid        =  0.00000e+00
f041_timeout        =  0.00000e+00
f041_sampled        =  -1.20110e+00
f041_input          =  -1.20034e+00
f041_tcomplete      =  2.08755e-05
f042_d7             =  4.08882e-312
f042_d6             =  4.08882e-312
f042_d5             =  5.10046e-297
f042_d4             =  4.08882e-312
f042_d3             =  3.60000e+00
f042_d2             =  3.60000e+00
f042_d1             =  3.60000e+00
f042_d0             =  4.08882e-312
f042_complete       =  3.60000e+00
f042_invalid        =  0.00000e+00
f042_timeout        =  0.00000e+00
f042_sampled        =  -1.49834e+00
f042_input          =  -1.49849e+00
f042_tcomplete      =  2.13755e-05
f043_d7             =  4.08882e-312
f043_d6             =  4.08882e-312
f043_d5             =  3.60000e+00
f043_d4             =  4.08882e-312
f043_d3             =  3.60000e+00
f043_d2             =  5.33358e-297
f043_d1             =  3.60000e+00
f043_d0             =  3.60000e+00
f043_complete       =  3.60000e+00
f043_invalid        =  0.00000e+00
f043_timeout        =  0.00000e+00
f043_sampled        =  -1.11573e+00
f043_input          =  -1.11630e+00
f043_tcomplete      =  2.18755e-05
f044_d7             =  4.08882e-312
f044_d6             =  3.60000e+00
f044_d5             =  3.60000e+00
f044_d4             =  4.08882e-312
f044_d3             =  3.60000e+00
f044_d2             =  3.60000e+00
f044_d1             =  3.60000e+00
f044_d0             =  5.31877e-297
f044_complete       =  3.60000e+00
f044_invalid        =  0.00000e+00
f044_timeout        =  0.00000e+00
f044_sampled        =  -2.27834e-01
f044_input          =  -2.27268e-01
f044_tcomplete      =  2.23755e-05
f045_d7             =  3.60000e+00
f045_d6             =  5.06727e-297
f045_d5             =  3.60000e+00
f045_d4             =  3.60000e+00
f045_d3             =  3.60000e+00
f045_d2             =  5.06727e-297
f045_d1             =  5.06727e-297
f045_d0             =  4.08882e-312
f045_complete       =  3.60000e+00
f045_invalid        =  0.00000e+00
f045_timeout        =  0.00000e+00
f045_sampled        =  7.65367e-01
f045_input          =  7.64921e-01
f045_tcomplete      =  2.28755e-05
f046_d7             =  3.60000e+00
f046_d6             =  3.60000e+00
f046_d5             =  3.60000e+00
f046_d4             =  5.33976e-297
f046_d3             =  3.60000e+00
f046_d2             =  4.08882e-312
f046_d1             =  4.08882e-312
f046_d0             =  3.60000e+00
f046_complete       =  3.60000e+00
f046_invalid        =  0.00000e+00
f046_timeout        =  0.00000e+00
f046_sampled        =  1.40813e+00
f046_input          =  1.40985e+00
f046_tcomplete      =  2.33755e-05
f047_d7             =  3.60000e+00
f047_d6             =  3.60000e+00
f047_d5             =  3.60000e+00
f047_d4             =  4.08882e-312
f047_d3             =  3.60000e+00
f047_d2             =  4.08882e-312
f047_d1             =  4.08882e-312
f047_d0             =  3.60000e+00
f047_complete       =  3.60000e+00
f047_invalid        =  0.00000e+00
f047_timeout        =  0.00000e+00
f047_sampled        =  1.41549e+00
f047_input          =  1.41478e+00
f047_tcomplete      =  2.38755e-05
f048_d7             =  3.60000e+00
f048_d6             =  5.10123e-297
f048_d5             =  3.60000e+00
f048_d4             =  3.60000e+00
f048_d3             =  3.60000e+00
f048_d2             =  4.08882e-312
f048_d1             =  4.08882e-312
f048_d0             =  3.60000e+00
f048_complete       =  3.60000e+00
f048_invalid        =  0.00000e+00
f048_timeout        =  0.00000e+00
f048_sampled        =  7.75333e-01
f048_input          =  7.77486e-01
f048_tcomplete      =  2.43755e-05
f049_d7             =  5.32418e-297
f049_d6             =  3.60000e+00
f049_d5             =  3.60000e+00
f049_d4             =  5.32418e-297
f049_d3             =  3.60000e+00
f049_d2             =  3.60000e+00
f049_d1             =  3.60000e+00
f049_d0             =  5.32418e-297
f049_complete       =  3.60000e+00
f049_invalid        =  0.00000e+00
f049_timeout        =  0.00000e+00
f049_sampled        =  -2.12170e-01
f049_input          =  -2.12794e-01
f049_tcomplete      =  2.48755e-05
f050_d7             =  4.08882e-312
f050_d6             =  5.39742e-297
f050_d5             =  3.60000e+00
f050_d4             =  4.08882e-312
f050_d3             =  3.60000e+00
f050_d2             =  5.39742e-297
f050_d1             =  3.60000e+00
f050_d0             =  3.60000e+00
f050_complete       =  3.60000e+00
f050_invalid        =  0.00000e+00
f050_timeout        =  0.00000e+00
f050_sampled        =  -1.10697e+00
f050_input          =  -1.10652e+00
f050_tcomplete      =  2.53755e-05
f051_d7             =  4.08882e-312
f051_d6             =  4.08882e-312
f051_d5             =  5.10457e-297
f051_d4             =  4.08882e-312
f051_d3             =  3.60000e+00
f051_d2             =  3.60000e+00
f051_d1             =  3.60000e+00
f051_d0             =  5.10457e-297
f051_complete       =  3.60000e+00
f051_invalid        =  0.00000e+00
f051_timeout        =  0.00000e+00
f051_sampled        =  -1.49798e+00
f051_input          =  -1.49777e+00
f051_tcomplete      =  2.58755e-05
f052_d7             =  4.08882e-312
f052_d6             =  4.08882e-312
f052_d5             =  3.60000e+00
f052_d4             =  4.08882e-312
f052_d3             =  5.28066e-297
f052_d2             =  3.60000e+00
f052_d1             =  5.28066e-297
f052_d0             =  4.08882e-312
f052_complete       =  3.60000e+00
f052_invalid        =  0.00000e+00
f052_timeout        =  0.00000e+00
f052_sampled        =  -1.20914e+00
f052_input          =  -1.20916e+00
f052_tcomplete      =  2.63755e-05
f053_d7             =  4.08882e-312
f053_d6             =  3.60000e+00
f053_d5             =  3.60000e+00
f053_d4             =  4.08882e-312
f053_d3             =  4.08882e-312
f053_d2             =  5.23036e-297
f053_d1             =  3.60000e+00
f053_d0             =  3.60000e+00
f053_complete       =  3.60000e+00
f053_invalid        =  0.00000e+00
f053_timeout        =  0.00000e+00
f053_sampled        =  -3.71893e-01
f053_input          =  -3.71531e-01
f053_tcomplete      =  2.68755e-05
f054_d7             =  3.60000e+00
f054_d6             =  5.33334e-297
f054_d5             =  3.60000e+00
f054_d4             =  4.08882e-312
f054_d3             =  3.60000e+00
f054_d2             =  3.60000e+00
f054_d1             =  3.60000e+00
f054_d0             =  3.60000e+00
f054_complete       =  3.60000e+00
f054_invalid        =  0.00000e+00
f054_timeout        =  0.00000e+00
f054_sampled        =  6.34478e-01
f054_input          =  6.34707e-01
f054_tcomplete      =  2.73755e-05
f055_d7             =  3.60000e+00
f055_d6             =  3.60000e+00
f055_d5             =  3.60000e+00
f055_d4             =  4.08882e-312
f055_d3             =  5.22414e-297
f055_d2             =  3.60000e+00
f055_d1             =  5.22414e-297
f055_d0             =  3.60000e+00
f055_complete       =  3.60000e+00
f055_invalid        =  0.00000e+00
f055_timeout        =  0.00000e+00
f055_sampled        =  1.35619e+00
f055_input          =  1.35284e+00
f055_tcomplete      =  2.78755e-05
f056_d7             =  3.60000e+00
f056_d6             =  3.60000e+00
f056_d5             =  3.60000e+00
f056_d4             =  4.08882e-312
f056_d3             =  3.60000e+00
f056_d2             =  3.60000e+00
f056_d1             =  4.08882e-312
f056_d0             =  3.60000e+00
f056_complete       =  3.60000e+00
f056_invalid        =  0.00000e+00
f056_timeout        =  0.00000e+00
f056_sampled        =  1.45388e+00
f056_input          =  1.45686e+00
f056_tcomplete      =  2.83755e-05
f057_d7             =  3.60000e+00
f057_d6             =  3.60000e+00
f057_d5             =  5.23166e-297
f057_d4             =  4.08882e-312
f057_d3             =  5.23166e-297
f057_d2             =  5.23166e-297
f057_d1             =  3.60000e+00
f057_d0             =  3.60000e+00
f057_complete       =  3.60000e+00
f057_invalid        =  0.00000e+00
f057_timeout        =  0.00000e+00
f057_sampled        =  9.00302e-01
f057_input          =  8.99471e-01
f057_tcomplete      =  2.88755e-05
f058_d7             =  5.31826e-297
f058_d6             =  3.60000e+00
f058_d5             =  3.60000e+00
f058_d4             =  3.60000e+00
f058_d3             =  3.60000e+00
f058_d2             =  4.08882e-312
f058_d1             =  5.31826e-297
f058_d0             =  3.60000e+00
f058_complete       =  3.60000e+00
f058_invalid        =  0.00000e+00
f058_timeout        =  0.00000e+00
f058_sampled        =  -6.51318e-02
f058_input          =  -6.63232e-02
f058_tcomplete      =  2.93755e-05
f059_d7             =  4.08882e-312
f059_d6             =  5.32804e-297
f059_d5             =  3.60000e+00
f059_d4             =  3.60000e+00
f059_d3             =  5.32804e-297
f059_d2             =  4.08882e-312
f059_d1             =  3.60000e+00
f059_d0             =  3.60000e+00
f059_complete       =  3.60000e+00
f059_invalid        =  0.00000e+00
f059_timeout        =  0.00000e+00
f059_sampled        =  -1.00355e+00
f059_input          =  -1.00201e+00
f059_tcomplete      =  2.98755e-05
f060_d7             =  4.08882e-312
f060_d6             =  4.08882e-312
f060_d5             =  5.40498e-297
f060_d4             =  5.40498e-297
f060_d3             =  3.60000e+00
f060_d2             =  3.60000e+00
f060_d1             =  3.60000e+00
f060_d0             =  3.60000e+00
f060_complete       =  3.60000e+00
f060_invalid        =  0.00000e+00
f060_timeout        =  0.00000e+00
f060_sampled        =  -1.48476e+00
f060_input          =  -1.48280e+00
f060_tcomplete      =  3.03755e-05
f061_d7             =  4.08882e-312
f061_d6             =  4.08882e-312
f061_d5             =  4.08882e-312
f061_d4             =  3.60000e+00
f061_d3             =  3.60000e+00
f061_d2             =  3.60000e+00
f061_d1             =  5.03397e-297
f061_d0             =  3.60000e+00
f061_complete       =  3.60000e+00
f061_invalid        =  0.00000e+00
f061_timeout        =  0.00000e+00
f061_sampled        =  -1.29153e+00
f061_input          =  -1.29039e+00
f061_tcomplete      =  3.08755e-05
f062_d7             =  4.08882e-312
f062_d6             =  3.60000e+00
f062_d5             =  4.08882e-312
f062_d4             =  3.60000e+00
f062_d3             =  3.60000e+00
f062_d2             =  5.28735e-297
f062_d1             =  4.08882e-312
f062_d0             =  5.28735e-297
f062_complete       =  3.60000e+00
f062_invalid        =  0.00000e+00
f062_timeout        =  0.00000e+00
f062_sampled        =  -5.11872e-01
f062_input          =  -5.12194e-01
f062_tcomplete      =  3.13755e-05
f063_d7             =  3.60000e+00
f063_d6             =  5.22044e-297
f063_d5             =  3.60000e+00
f063_d4             =  5.22044e-297
f063_d3             =  5.22044e-297
f063_d2             =  3.60000e+00
f063_d1             =  4.08882e-312
f063_d0             =  3.60000e+00
f063_complete       =  3.60000e+00
f063_invalid        =  0.00000e+00
f063_timeout        =  0.00000e+00
f063_sampled        =  4.97646e-01
f063_input          =  4.98402e-01
f063_tcomplete      =  3.18755e-05
f064_d7             =  3.60000e+00
f064_d6             =  3.60000e+00
f064_d5             =  5.32359e-297
f064_d4             =  3.60000e+00
f064_d3             =  3.60000e+00
f064_d2             =  3.60000e+00
f064_d1             =  3.60000e+00
f064_d0             =  3.60000e+00
f064_complete       =  3.60000e+00
f064_invalid        =  0.00000e+00
f064_timeout        =  0.00000e+00
f064_sampled        =  1.28649e+00
f064_input          =  1.28279e+00
f064_tcomplete      =  3.23755e-05
f065_d7             =  3.60000e+00
f065_d6             =  3.60000e+00
f065_d5             =  3.60000e+00
f065_d4             =  5.33303e-297
f065_d3             =  3.60000e+00
f065_d2             =  3.60000e+00
f065_d1             =  3.60000e+00
f065_d0             =  3.60000e+00
f065_complete       =  3.60000e+00
f065_invalid        =  0.00000e+00
f065_timeout        =  0.00000e+00
f065_sampled        =  1.48565e+00
f065_input          =  1.48482e+00
f065_tcomplete      =  3.28755e-05
f066_d7             =  3.60000e+00
f066_d6             =  3.60000e+00
f066_d5             =  5.61566e-297
f066_d4             =  4.08882e-312
f066_d3             =  3.60000e+00
f066_d2             =  5.61566e-297
f066_d1             =  3.60000e+00
f066_d0             =  3.60000e+00
f066_complete       =  3.60000e+00
f066_invalid        =  0.00000e+00
f066_timeout        =  0.00000e+00
f066_sampled        =  1.01417e+00
f066_input          =  1.01274e+00
f066_tcomplete      =  3.33755e-05
f067_d7             =  3.60000e+00
f067_d6             =  5.20103e-297
f067_d5             =  4.08882e-312
f067_d4             =  4.08882e-312
f067_d3             =  5.20103e-297
f067_d2             =  3.60000e+00
f067_d1             =  5.20103e-297
f067_d0             =  3.60000e+00
f067_complete       =  3.60000e+00
f067_invalid        =  0.00000e+00
f067_timeout        =  0.00000e+00
f067_sampled        =  8.17427e-02
f067_input          =  8.09152e-02
f067_tcomplete      =  3.38755e-05
p_f000_cmp7_p0      =  -1.50449e-06
p_f000_cmp7_n0      =  -1.51926e-06
p_f000_cmp7_p5      =  3.60000e+00
p_f000_cmp7_n5      =  -1.42849e-06
p_f000_cmp6_p0      =  -4.78564e-06
p_f000_cmp6_n0      =  -4.82901e-06
p_f000_cmp6_p5      =  3.60000e+00
p_f000_cmp6_n5      =  -1.68774e-06
p_f000_cmp5_p0      =  -1.61005e-06
p_f000_cmp5_n0      =  -1.62590e-06
p_f000_cmp5_p5      =  -1.40023e-06
p_f000_cmp5_n5      =  3.60000e+00
p_f000_cmp4_p0      =  -1.60192e-06
p_f000_cmp4_n0      =  -1.61703e-06
p_f000_cmp4_p5      =  3.60000e+00
p_f000_cmp4_n5      =  -1.36042e-06
p_f000_cmp3_p0      =  -4.69769e-06
p_f000_cmp3_n0      =  -4.74126e-06
p_f000_cmp3_p5      =  3.60000e+00
p_f000_cmp3_n5      =  -1.67281e-06
p_f000_cmp2_p0      =  -4.69682e-06
p_f000_cmp2_n0      =  -4.74049e-06
p_f000_cmp2_p5      =  3.60000e+00
p_f000_cmp2_n5      =  -1.67091e-06
p_f000_cmp1_p0      =  -1.57057e-06
p_f000_cmp1_n0      =  -1.58612e-06
p_f000_cmp1_p5      =  3.60000e+00
p_f000_cmp1_n5      =  -1.35611e-06
p_f000_cmp0_p0      =  -4.77098e-06
p_f000_cmp0_n0      =  -4.81464e-06
p_f000_cmp0_p5      =  3.60000e+00
p_f000_cmp0_n5      =  -1.67103e-06
p_f000_dctrl7_p     =  3.60001e+00
p_f000_dctrl7_n     =  3.34549e-01
p_f000_dctrl6_p     =  3.57230e+00
p_f000_dctrl6_n     =  1.25546e-06
p_f000_dctrl5_p     =  -9.22106e-07
p_f000_dctrl5_n     =  3.59977e+00
p_f000_dctrl4_p     =  3.59999e+00
p_f000_dctrl4_n     =  -6.95432e-08
p_f000_dctrl3_p     =  3.59999e+00
p_f000_dctrl3_n     =  -1.55449e-08
p_f000_dctrl2_p     =  3.59999e+00
p_f000_dctrl2_n     =  -7.22994e-09
p_f000_dctrl1_p     =  3.59999e+00
p_f000_dctrl1_n     =  -3.54318e-09
p_f000_do7_drv_470  =  3.60000e+00
p_f000_do7_rx_470   =  3.60000e+00
p_f000_do6_drv_470  =  3.60000e+00
p_f000_do6_rx_470   =  3.60000e+00
p_f000_do5_drv_470  =  0.00000e+00
p_f000_do5_rx_470   =  0.00000e+00
p_f000_do4_drv_470  =  3.60000e+00
p_f000_do4_rx_470   =  3.60000e+00
p_f000_do3_drv_470  =  3.60000e+00
p_f000_do3_rx_470   =  3.60000e+00
p_f000_do2_drv_470  =  3.60000e+00
p_f000_do2_rx_470   =  3.60000e+00
p_f000_do1_drv_470  =  3.60000e+00
p_f000_do1_rx_470   =  3.60000e+00
p_f000_do0_drv_470  =  3.60000e+00
p_f000_do0_rx_470   =  3.60000e+00
p_f000_do7_drv_480  =  3.60000e+00
p_f000_do7_rx_480   =  3.60000e+00
p_f000_do6_drv_480  =  3.60000e+00
p_f000_do6_rx_480   =  3.60000e+00
p_f000_do5_drv_480  =  0.00000e+00
p_f000_do5_rx_480   =  0.00000e+00
p_f000_do4_drv_480  =  3.60000e+00
p_f000_do4_rx_480   =  3.60000e+00
p_f000_do3_drv_480  =  3.60000e+00
p_f000_do3_rx_480   =  3.60000e+00
p_f000_do2_drv_480  =  3.60000e+00
p_f000_do2_rx_480   =  3.60000e+00
p_f000_do1_drv_480  =  3.60000e+00
p_f000_do1_rx_480   =  3.60000e+00
p_f000_do0_drv_480  =  3.60000e+00
p_f000_do0_rx_480   =  3.60000e+00
p_f001_cmp7_p0      =  -1.53288e-06
p_f001_cmp7_n0      =  -1.54768e-06
p_f001_cmp7_p5      =  3.60000e+00
p_f001_cmp7_n5      =  -1.43873e-06
p_f001_cmp6_p0      =  -4.71476e-06
p_f001_cmp6_n0      =  -4.75823e-06
p_f001_cmp6_p5      =  3.60000e+00
p_f001_cmp6_n5      =  -1.68386e-06
p_f001_cmp5_p0      =  -1.62630e-06
p_f001_cmp5_n0      =  -1.64105e-06
p_f001_cmp5_p5      =  3.60000e+00
p_f001_cmp5_n5      =  -1.35847e-06
p_f001_cmp4_p0      =  -1.58849e-06
p_f001_cmp4_n0      =  -1.60394e-06
p_f001_cmp4_p5      =  -1.39924e-06
p_f001_cmp4_n5      =  3.60000e+00
p_f001_cmp3_p0      =  -4.67674e-06
p_f001_cmp3_n0      =  -4.72257e-06
p_f001_cmp3_p5      =  3.60000e+00
p_f001_cmp3_n5      =  -1.66405e-06
p_f001_cmp2_p0      =  -4.62202e-06
p_f001_cmp2_n0      =  -4.66570e-06
p_f001_cmp2_p5      =  3.60000e+00
p_f001_cmp2_n5      =  -1.66605e-06
p_f001_cmp1_p0      =  -1.57311e-06
p_f001_cmp1_n0      =  -1.58846e-06
p_f001_cmp1_p5      =  3.60000e+00
p_f001_cmp1_n5      =  -1.35174e-06
p_f001_cmp0_p0      =  -4.69627e-06
p_f001_cmp0_n0      =  -4.73988e-06
p_f001_cmp0_p5      =  3.60000e+00
p_f001_cmp0_n5      =  -1.66450e-06
p_f001_dctrl7_p     =  3.60001e+00
p_f001_dctrl7_n     =  3.34494e-01
p_f001_dctrl6_p     =  3.57230e+00
p_f001_dctrl6_n     =  1.56318e-06
p_f001_dctrl5_p     =  3.59977e+00
p_f001_dctrl5_n     =  -1.05050e-06
p_f001_dctrl4_p     =  -9.26102e-08
p_f001_dctrl4_n     =  3.59999e+00
p_f001_dctrl3_p     =  3.59999e+00
p_f001_dctrl3_n     =  -1.57204e-08
p_f001_dctrl2_p     =  3.59999e+00
p_f001_dctrl2_n     =  -7.31939e-09
p_f001_dctrl1_p     =  3.59999e+00
p_f001_dctrl1_n     =  -3.60242e-09
p_f001_do7_drv_470  =  3.60000e+00
p_f001_do7_rx_470   =  3.60000e+00
p_f001_do6_drv_470  =  3.60000e+00
p_f001_do6_rx_470   =  3.60000e+00
p_f001_do5_drv_470  =  3.60000e+00
p_f001_do5_rx_470   =  3.60000e+00
p_f001_do4_drv_470  =  0.00000e+00
p_f001_do4_rx_470   =  1.51860e-268
p_f001_do3_drv_470  =  3.60000e+00
p_f001_do3_rx_470   =  3.60000e+00
p_f001_do2_drv_470  =  3.60000e+00
p_f001_do2_rx_470   =  3.60000e+00
p_f001_do1_drv_470  =  3.60000e+00
p_f001_do1_rx_470   =  3.60000e+00
p_f001_do0_drv_470  =  3.60000e+00
p_f001_do0_rx_470   =  3.60000e+00
p_f001_do7_drv_480  =  3.60000e+00
p_f001_do7_rx_480   =  3.60000e+00
p_f001_do6_drv_480  =  3.60000e+00
p_f001_do6_rx_480   =  3.60000e+00
p_f001_do5_drv_480  =  3.60000e+00
p_f001_do5_rx_480   =  3.60000e+00
p_f001_do4_drv_480  =  0.00000e+00
p_f001_do4_rx_480   =  5.33162e-297
p_f001_do3_drv_480  =  3.60000e+00
p_f001_do3_rx_480   =  3.60000e+00
p_f001_do2_drv_480  =  3.60000e+00
p_f001_do2_rx_480   =  3.60000e+00
p_f001_do1_drv_480  =  3.60000e+00
p_f001_do1_rx_480   =  3.60000e+00
p_f001_do0_drv_480  =  3.60000e+00
p_f001_do0_rx_480   =  3.60000e+00
p_f002_cmp7_p0      =  -1.50005e-06
p_f002_cmp7_n0      =  -1.51549e-06
p_f002_cmp7_p5      =  3.60000e+00
p_f002_cmp7_n5      =  -1.43377e-06
p_f002_cmp6_p0      =  -4.93080e-06
p_f002_cmp6_n0      =  -4.97423e-06
p_f002_cmp6_p5      =  3.60000e+00
p_f002_cmp6_n5      =  -1.69363e-06
p_f002_cmp5_p0      =  -1.62448e-06
p_f002_cmp5_n0      =  -1.64159e-06
p_f002_cmp5_p5      =  -1.41982e-06
p_f002_cmp5_n5      =  3.60000e+00
p_f002_cmp4_p0      =  -1.58111e-06
p_f002_cmp4_n0      =  -1.59710e-06
p_f002_cmp4_p5      =  -1.41401e-06
p_f002_cmp4_n5      =  3.60000e+00
p_f002_cmp3_p0      =  -4.84646e-06
p_f002_cmp3_n0      =  -4.89015e-06
p_f002_cmp3_p5      =  3.60000e+00
p_f002_cmp3_n5      =  -1.67631e-06
p_f002_cmp2_p0      =  -4.84608e-06
p_f002_cmp2_n0      =  -4.88972e-06
p_f002_cmp2_p5      =  -1.72525e-06
p_f002_cmp2_n5      =  3.60000e+00
p_f002_cmp1_p0      =  -1.56455e-06
p_f002_cmp1_n0      =  -1.58050e-06
p_f002_cmp1_p5      =  3.60000e+00
p_f002_cmp1_n5      =  -1.36150e-06
p_f002_cmp0_p0      =  -4.90687e-06
p_f002_cmp0_n0      =  -4.95250e-06
p_f002_cmp0_p5      =  3.60000e+00
p_f002_cmp0_n5      =  -1.68061e-06
p_f002_dctrl7_p     =  3.60001e+00
p_f002_dctrl7_n     =  3.34657e-01
p_f002_dctrl6_p     =  3.57228e+00
p_f002_dctrl6_n     =  7.50429e-07
p_f002_dctrl5_p     =  -8.18088e-07
p_f002_dctrl5_n     =  3.59977e+00
p_f002_dctrl4_p     =  -9.13048e-08
p_f002_dctrl4_n     =  3.59999e+00
p_f002_dctrl3_p     =  3.59999e+00
p_f002_dctrl3_n     =  -1.66947e-08
p_f002_dctrl2_p     =  -8.27165e-09
p_f002_dctrl2_n     =  3.59999e+00
p_f002_dctrl1_p     =  3.59999e+00
p_f002_dctrl1_n     =  -3.60931e-09
p_f002_do7_drv_470  =  3.60000e+00
p_f002_do7_rx_470   =  3.60000e+00
p_f002_do6_drv_470  =  3.60000e+00
p_f002_do6_rx_470   =  3.60000e+00
p_f002_do5_drv_470  =  0.00000e+00
p_f002_do5_rx_470   =  1.60079e-268
p_f002_do4_drv_470  =  0.00000e+00
p_f002_do4_rx_470   =  4.08882e-312
p_f002_do3_drv_470  =  3.60000e+00
p_f002_do3_rx_470   =  3.60000e+00
p_f002_do2_drv_470  =  0.00000e+00
p_f002_do2_rx_470   =  1.60079e-268
p_f002_do1_drv_470  =  3.60000e+00
p_f002_do1_rx_470   =  3.60000e+00
p_f002_do0_drv_470  =  3.60000e+00
p_f002_do0_rx_470   =  3.60000e+00
p_f002_do7_drv_480  =  3.60000e+00
p_f002_do7_rx_480   =  3.60000e+00
p_f002_do6_drv_480  =  3.60000e+00
p_f002_do6_rx_480   =  3.60000e+00
p_f002_do5_drv_480  =  0.00000e+00
p_f002_do5_rx_480   =  5.62020e-297
p_f002_do4_drv_480  =  0.00000e+00
p_f002_do4_rx_480   =  4.08882e-312
p_f002_do3_drv_480  =  3.60000e+00
p_f002_do3_rx_480   =  3.60000e+00
p_f002_do2_drv_480  =  0.00000e+00
p_f002_do2_rx_480   =  5.62020e-297
p_f002_do1_drv_480  =  3.60000e+00
p_f002_do1_rx_480   =  3.60000e+00
p_f002_do0_drv_480  =  3.60000e+00
p_f002_do0_rx_480   =  3.60000e+00
p_f003_cmp7_p0      =  -1.44218e-06
p_f003_cmp7_n0      =  -1.45575e-06
p_f003_cmp7_p5      =  3.60000e+00
p_f003_cmp7_n5      =  -1.41141e-06
p_f003_cmp6_p0      =  -4.41988e-06
p_f003_cmp6_n0      =  -4.46366e-06
p_f003_cmp6_p5      =  -1.72604e-06
p_f003_cmp6_n5      =  3.60000e+00
p_f003_cmp5_p0      =  -1.65547e-06
p_f003_cmp5_n0      =  -1.67208e-06
p_f003_cmp5_p5      =  -1.39539e-06
p_f003_cmp5_n5      =  3.60000e+00
p_f003_cmp4_p0      =  -1.61168e-06
p_f003_cmp4_n0      =  -1.62706e-06
p_f003_cmp4_p5      =  -1.39307e-06
p_f003_cmp4_n5      =  3.60000e+00
p_f003_cmp3_p0      =  -4.32365e-06
p_f003_cmp3_n0      =  -4.36699e-06
p_f003_cmp3_p5      =  -1.70407e-06
p_f003_cmp3_n5      =  3.60000e+00
p_f003_cmp2_p0      =  -4.32314e-06
p_f003_cmp2_n0      =  -4.36672e-06
p_f003_cmp2_p5      =  3.60000e+00
p_f003_cmp2_n5      =  -1.64897e-06
p_f003_cmp1_p0      =  -1.58454e-06
p_f003_cmp1_n0      =  -1.59914e-06
p_f003_cmp1_p5      =  -1.38624e-06
p_f003_cmp1_n5      =  3.60000e+00
p_f003_cmp0_p0      =  -4.39745e-06
p_f003_cmp0_n0      =  -4.44097e-06
p_f003_cmp0_p5      =  3.60000e+00
p_f003_cmp0_n5      =  -1.64933e-06
p_f003_dctrl7_p     =  3.60001e+00
p_f003_dctrl7_n     =  3.34270e-01
p_f003_dctrl6_p     =  1.91840e-05
p_f003_dctrl6_n     =  3.57233e+00
p_f003_dctrl5_p     =  -8.42927e-07
p_f003_dctrl5_n     =  3.59977e+00
p_f003_dctrl4_p     =  -8.34813e-08
p_f003_dctrl4_n     =  3.59999e+00
p_f003_dctrl3_p     =  -1.71964e-08
p_f003_dctrl3_n     =  3.59999e+00
p_f003_dctrl2_p     =  3.59999e+00
p_f003_dctrl2_n     =  -7.83936e-09
p_f003_dctrl1_p     =  -3.77795e-09
p_f003_dctrl1_n     =  3.59999e+00
p_f003_do7_drv_470  =  3.60000e+00
p_f003_do7_rx_470   =  3.60000e+00
p_f003_do6_drv_470  =  0.00000e+00
p_f003_do6_rx_470   =  1.47654e-268
p_f003_do5_drv_470  =  0.00000e+00
p_f003_do5_rx_470   =  4.08882e-312
p_f003_do4_drv_470  =  0.00000e+00
p_f003_do4_rx_470   =  4.08882e-312
p_f003_do3_drv_470  =  0.00000e+00
p_f003_do3_rx_470   =  1.47654e-268
p_f003_do2_drv_470  =  3.60000e+00
p_f003_do2_rx_470   =  3.60000e+00
p_f003_do1_drv_470  =  0.00000e+00
p_f003_do1_rx_470   =  1.47654e-268
p_f003_do0_drv_470  =  3.60000e+00
p_f003_do0_rx_470   =  3.60000e+00
p_f003_do7_drv_480  =  3.60000e+00
p_f003_do7_rx_480   =  3.60000e+00
p_f003_do6_drv_480  =  0.00000e+00
p_f003_do6_rx_480   =  5.18396e-297
p_f003_do5_drv_480  =  0.00000e+00
p_f003_do5_rx_480   =  4.08882e-312
p_f003_do4_drv_480  =  0.00000e+00
p_f003_do4_rx_480   =  4.08882e-312
p_f003_do3_drv_480  =  0.00000e+00
p_f003_do3_rx_480   =  5.18396e-297
p_f003_do2_drv_480  =  3.60000e+00
p_f003_do2_rx_480   =  3.60000e+00
p_f003_do1_drv_480  =  0.00000e+00
p_f003_do1_rx_480   =  5.18396e-297
p_f003_do0_drv_480  =  3.60000e+00
p_f003_do0_rx_480   =  3.60000e+00
p_f064_cmp7_p0      =  -1.49557e-06
p_f064_cmp7_n0      =  -1.51126e-06
p_f064_cmp7_p5      =  3.60000e+00
p_f064_cmp7_n5      =  -1.44373e-06
p_f064_cmp6_p0      =  -5.08347e-06
p_f064_cmp6_n0      =  -5.12670e-06
p_f064_cmp6_p5      =  3.60000e+00
p_f064_cmp6_n5      =  -1.70260e-06
p_f064_cmp5_p0      =  -1.62058e-06
p_f064_cmp5_n0      =  -1.63586e-06
p_f064_cmp5_p5      =  -1.38928e-06
p_f064_cmp5_n5      =  3.60000e+00
p_f064_cmp4_p0      =  -1.58759e-06
p_f064_cmp4_n0      =  -1.60372e-06
p_f064_cmp4_p5      =  3.60000e+00
p_f064_cmp4_n5      =  -1.37446e-06
p_f064_cmp3_p0      =  -4.39889e-06
p_f064_cmp3_n0      =  -4.44251e-06
p_f064_cmp3_p5      =  3.60000e+00
p_f064_cmp3_n5      =  -1.65811e-06
p_f064_cmp2_p0      =  -4.99564e-06
p_f064_cmp2_n0      =  -5.03932e-06
p_f064_cmp2_p5      =  3.60000e+00
p_f064_cmp2_n5      =  -1.68540e-06
p_f064_cmp1_p0      =  -1.57350e-06
p_f064_cmp1_n0      =  -1.58885e-06
p_f064_cmp1_p5      =  3.60000e+00
p_f064_cmp1_n5      =  -1.35272e-06
p_f064_cmp0_p0      =  -4.39743e-06
p_f064_cmp0_n0      =  -4.44101e-06
p_f064_cmp0_p5      =  3.60000e+00
p_f064_cmp0_n5      =  -1.65283e-06
p_f064_dctrl7_p     =  3.60001e+00
p_f064_dctrl7_n     =  3.34549e-01
p_f064_dctrl6_p     =  3.57227e+00
p_f064_dctrl6_n     =  1.25817e-06
p_f064_dctrl5_p     =  -9.22437e-07
p_f064_dctrl5_n     =  3.59977e+00
p_f064_dctrl4_p     =  3.59999e+00
p_f064_dctrl4_n     =  -6.95987e-08
p_f064_dctrl3_p     =  3.59999e+00
p_f064_dctrl3_n     =  -1.55627e-08
p_f064_dctrl2_p     =  3.59999e+00
p_f064_dctrl2_n     =  -7.25543e-09
p_f064_dctrl1_p     =  3.59999e+00
p_f064_dctrl1_n     =  -3.54780e-09
p_f064_do7_drv_470  =  3.60000e+00
p_f064_do7_rx_470   =  3.60000e+00
p_f064_do6_drv_470  =  3.60000e+00
p_f064_do6_rx_470   =  3.60000e+00
p_f064_do5_drv_470  =  0.00000e+00
p_f064_do5_rx_470   =  1.51631e-268
p_f064_do4_drv_470  =  3.60000e+00
p_f064_do4_rx_470   =  3.60000e+00
p_f064_do3_drv_470  =  3.60000e+00
p_f064_do3_rx_470   =  3.60000e+00
p_f064_do2_drv_470  =  3.60000e+00
p_f064_do2_rx_470   =  3.60000e+00
p_f064_do1_drv_470  =  3.60000e+00
p_f064_do1_rx_470   =  3.60000e+00
p_f064_do0_drv_470  =  3.60000e+00
p_f064_do0_rx_470   =  3.60000e+00
p_f064_do7_drv_480  =  3.60000e+00
p_f064_do7_rx_480   =  3.60000e+00
p_f064_do6_drv_480  =  3.60000e+00
p_f064_do6_rx_480   =  3.60000e+00
p_f064_do5_drv_480  =  0.00000e+00
p_f064_do5_rx_480   =  5.32359e-297
p_f064_do4_drv_480  =  3.60000e+00
p_f064_do4_rx_480   =  3.60000e+00
p_f064_do3_drv_480  =  3.60000e+00
p_f064_do3_rx_480   =  3.60000e+00
p_f064_do2_drv_480  =  3.60000e+00
p_f064_do2_rx_480   =  3.60000e+00
p_f064_do1_drv_480  =  3.60000e+00
p_f064_do1_rx_480   =  3.60000e+00
p_f064_do0_drv_480  =  3.60000e+00
p_f064_do0_rx_480   =  3.60000e+00
p_f065_cmp7_p0      =  -1.52141e-06
p_f065_cmp7_n0      =  -1.53708e-06
p_f065_cmp7_p5      =  3.60000e+00
p_f065_cmp7_n5      =  -1.45242e-06
p_f065_cmp6_p0      =  -5.01235e-06
p_f065_cmp6_n0      =  -5.05568e-06
p_f065_cmp6_p5      =  3.60000e+00
p_f065_cmp6_n5      =  -1.69849e-06
p_f065_cmp5_p0      =  -1.63797e-06
p_f065_cmp5_n0      =  -1.65194e-06
p_f065_cmp5_p5      =  3.60000e+00
p_f065_cmp5_n5      =  -1.34851e-06
p_f065_cmp4_p0      =  -1.57556e-06
p_f065_cmp4_n0      =  -1.59176e-06
p_f065_cmp4_p5      =  -1.41255e-06
p_f065_cmp4_n5      =  3.60000e+00
p_f065_cmp3_p0      =  -4.32323e-06
p_f065_cmp3_n0      =  -4.36698e-06
p_f065_cmp3_p5      =  3.60000e+00
p_f065_cmp3_n5      =  -1.65433e-06
p_f065_cmp2_p0      =  -4.92085e-06
p_f065_cmp2_n0      =  -4.96455e-06
p_f065_cmp2_p5      =  3.60000e+00
p_f065_cmp2_n5      =  -1.68080e-06
p_f065_cmp1_p0      =  -1.57605e-06
p_f065_cmp1_n0      =  -1.59120e-06
p_f065_cmp1_p5      =  3.60000e+00
p_f065_cmp1_n5      =  -1.34841e-06
p_f065_cmp0_p0      =  -4.32272e-06
p_f065_cmp0_n0      =  -4.36624e-06
p_f065_cmp0_p5      =  3.60000e+00
p_f065_cmp0_n5      =  -1.68214e-06
p_f065_dctrl7_p     =  3.60001e+00
p_f065_dctrl7_n     =  3.34494e-01
p_f065_dctrl6_p     =  3.57228e+00
p_f065_dctrl6_n     =  1.56135e-06
p_f065_dctrl5_p     =  3.59977e+00
p_f065_dctrl5_n     =  -1.05036e-06
p_f065_dctrl4_p     =  -9.26734e-08
p_f065_dctrl4_n     =  3.59999e+00
p_f065_dctrl3_p     =  3.59999e+00
p_f065_dctrl3_n     =  -1.56998e-08
p_f065_dctrl2_p     =  3.59999e+00
p_f065_dctrl2_n     =  -7.30220e-09
p_f065_dctrl1_p     =  3.59999e+00
p_f065_dctrl1_n     =  -3.60868e-09
p_f065_do7_drv_470  =  3.60000e+00
p_f065_do7_rx_470   =  3.60000e+00
p_f065_do6_drv_470  =  3.60000e+00
p_f065_do6_rx_470   =  3.60000e+00
p_f065_do5_drv_470  =  3.60000e+00
p_f065_do5_rx_470   =  3.60000e+00
p_f065_do4_drv_470  =  0.00000e+00
p_f065_do4_rx_470   =  1.51900e-268
p_f065_do3_drv_470  =  3.60000e+00
p_f065_do3_rx_470   =  3.60000e+00
p_f065_do2_drv_470  =  3.60000e+00
p_f065_do2_rx_470   =  3.60000e+00
p_f065_do1_drv_470  =  3.60000e+00
p_f065_do1_rx_470   =  3.60000e+00
p_f065_do0_drv_470  =  3.60000e+00
p_f065_do0_rx_470   =  3.60000e+00
p_f065_do7_drv_480  =  3.60000e+00
p_f065_do7_rx_480   =  3.60000e+00
p_f065_do6_drv_480  =  3.60000e+00
p_f065_do6_rx_480   =  3.60000e+00
p_f065_do5_drv_480  =  3.60000e+00
p_f065_do5_rx_480   =  3.60000e+00
p_f065_do4_drv_480  =  0.00000e+00
p_f065_do4_rx_480   =  5.33303e-297
p_f065_do3_drv_480  =  3.60000e+00
p_f065_do3_rx_480   =  3.60000e+00
p_f065_do2_drv_480  =  3.60000e+00
p_f065_do2_rx_480   =  3.60000e+00
p_f065_do1_drv_480  =  3.60000e+00
p_f065_do1_rx_480   =  3.60000e+00
p_f065_do0_drv_480  =  3.60000e+00
p_f065_do0_rx_480   =  3.60000e+00
p_f066_cmp7_p0      =  -1.49054e-06
p_f066_cmp7_n0      =  -1.50679e-06
p_f066_cmp7_p5      =  3.60000e+00
p_f066_cmp7_n5      =  -1.44775e-06
p_f066_cmp6_p0      =  -5.22888e-06
p_f066_cmp6_n0      =  -5.27222e-06
p_f066_cmp6_p5      =  3.60000e+00
p_f066_cmp6_n5      =  -1.70845e-06
p_f066_cmp5_p0      =  -1.63601e-06
p_f066_cmp5_n0      =  -1.65282e-06
p_f066_cmp5_p5      =  -1.40852e-06
p_f066_cmp5_n5      =  3.60000e+00
p_f066_cmp4_p0      =  -1.56817e-06
p_f066_cmp4_n0      =  -1.58480e-06
p_f066_cmp4_p5      =  -1.42788e-06
p_f066_cmp4_n5      =  3.60000e+00
p_f066_cmp3_p0      =  -4.54771e-06
p_f066_cmp3_n0      =  -4.59138e-06
p_f066_cmp3_p5      =  3.60000e+00
p_f066_cmp3_n5      =  -1.66175e-06
p_f066_cmp2_p0      =  -5.14488e-06
p_f066_cmp2_n0      =  -5.18860e-06
p_f066_cmp2_p5      =  -1.74075e-06
p_f066_cmp2_n5      =  3.60000e+00
p_f066_cmp1_p0      =  -1.56744e-06
p_f066_cmp1_n0      =  -1.58319e-06
p_f066_cmp1_p5      =  3.60000e+00
p_f066_cmp1_n5      =  -1.35826e-06
p_f066_cmp0_p0      =  -4.61596e-06
p_f066_cmp0_n0      =  -4.66240e-06
p_f066_cmp0_p5      =  3.60000e+00
p_f066_cmp0_n5      =  -1.65315e-06
p_f066_dctrl7_p     =  3.60001e+00
p_f066_dctrl7_n     =  3.34657e-01
p_f066_dctrl6_p     =  3.57225e+00
p_f066_dctrl6_n     =  7.54854e-07
p_f066_dctrl5_p     =  -8.17337e-07
p_f066_dctrl5_n     =  3.59977e+00
p_f066_dctrl4_p     =  -9.17537e-08
p_f066_dctrl4_n     =  3.59999e+00
p_f066_dctrl3_p     =  3.59999e+00
p_f066_dctrl3_n     =  -1.67366e-08
p_f066_dctrl2_p     =  -8.23383e-09
p_f066_dctrl2_n     =  3.59999e+00
p_f066_dctrl1_p     =  3.59999e+00
p_f066_dctrl1_n     =  -3.60239e-09
p_f066_do7_drv_470  =  3.60000e+00
p_f066_do7_rx_470   =  3.60000e+00
p_f066_do6_drv_470  =  3.60000e+00
p_f066_do6_rx_470   =  3.60000e+00
p_f066_do5_drv_470  =  0.00000e+00
p_f066_do5_rx_470   =  1.59950e-268
p_f066_do4_drv_470  =  0.00000e+00
p_f066_do4_rx_470   =  4.08882e-312
p_f066_do3_drv_470  =  3.60000e+00
p_f066_do3_rx_470   =  3.60000e+00
p_f066_do2_drv_470  =  0.00000e+00
p_f066_do2_rx_470   =  1.59950e-268
p_f066_do1_drv_470  =  3.60000e+00
p_f066_do1_rx_470   =  3.60000e+00
p_f066_do0_drv_470  =  3.60000e+00
p_f066_do0_rx_470   =  3.60000e+00
p_f066_do7_drv_480  =  3.60000e+00
p_f066_do7_rx_480   =  3.60000e+00
p_f066_do6_drv_480  =  3.60000e+00
p_f066_do6_rx_480   =  3.60000e+00
p_f066_do5_drv_480  =  0.00000e+00
p_f066_do5_rx_480   =  5.61566e-297
p_f066_do4_drv_480  =  0.00000e+00
p_f066_do4_rx_480   =  4.08882e-312
p_f066_do3_drv_480  =  3.60000e+00
p_f066_do3_rx_480   =  3.60000e+00
p_f066_do2_drv_480  =  0.00000e+00
p_f066_do2_rx_480   =  5.61566e-297
p_f066_do1_drv_480  =  3.60000e+00
p_f066_do1_rx_480   =  3.60000e+00
p_f066_do0_drv_480  =  3.60000e+00
p_f066_do0_rx_480   =  3.60000e+00
p_f067_cmp7_p0      =  -1.43828e-06
p_f067_cmp7_n0      =  -1.45267e-06
p_f067_cmp7_p5      =  3.60000e+00
p_f067_cmp7_n5      =  -1.42561e-06
p_f067_cmp6_p0      =  -4.71701e-06
p_f067_cmp6_n0      =  -4.76109e-06
p_f067_cmp6_p5      =  -1.74049e-06
p_f067_cmp6_n5      =  3.60000e+00
p_f067_cmp5_p0      =  -1.66735e-06
p_f067_cmp5_n0      =  -1.68370e-06
p_f067_cmp5_p5      =  -1.38538e-06
p_f067_cmp5_n5      =  3.60000e+00
p_f067_cmp4_p0      =  -1.59820e-06
p_f067_cmp4_n0      =  -1.61410e-06
p_f067_cmp4_p5      =  -1.40630e-06
p_f067_cmp4_n5      =  3.60000e+00
p_f067_cmp3_p0      =  -4.02492e-06
p_f067_cmp3_n0      =  -4.06812e-06
p_f067_cmp3_p5      =  -1.68956e-06
p_f067_cmp3_n5      =  3.60000e+00
p_f067_cmp2_p0      =  -4.62195e-06
p_f067_cmp2_n0      =  -4.66560e-06
p_f067_cmp2_p5      =  3.60000e+00
p_f067_cmp2_n5      =  -1.66424e-06
p_f067_cmp1_p0      =  -1.58749e-06
p_f067_cmp1_n0      =  -1.60190e-06
p_f067_cmp1_p5      =  -1.38363e-06
p_f067_cmp1_n5      =  3.60000e+00
p_f067_cmp0_p0      =  -4.02389e-06
p_f067_cmp0_n0      =  -4.06734e-06
p_f067_cmp0_p5      =  3.60000e+00
p_f067_cmp0_n5      =  -1.63313e-06
p_f067_dctrl7_p     =  3.60001e+00
p_f067_dctrl7_n     =  3.34270e-01
p_f067_dctrl6_p     =  1.91966e-05
p_f067_dctrl6_n     =  3.57230e+00
p_f067_dctrl5_p     =  -8.41981e-07
p_f067_dctrl5_n     =  3.59977e+00
p_f067_dctrl4_p     =  -8.36410e-08
p_f067_dctrl4_n     =  3.59999e+00
p_f067_dctrl3_p     =  -1.73131e-08
p_f067_dctrl3_n     =  3.59999e+00
p_f067_dctrl2_p     =  3.59999e+00
p_f067_dctrl2_n     =  -7.87203e-09
p_f067_dctrl1_p     =  -3.81332e-09
p_f067_dctrl1_n     =  3.59999e+00
p_f067_do7_drv_470  =  3.60000e+00
p_f067_do7_rx_470   =  3.60000e+00
p_f067_do6_drv_470  =  0.00000e+00
p_f067_do6_rx_470   =  1.48140e-268
p_f067_do5_drv_470  =  0.00000e+00
p_f067_do5_rx_470   =  4.08882e-312
p_f067_do4_drv_470  =  0.00000e+00
p_f067_do4_rx_470   =  4.08882e-312
p_f067_do3_drv_470  =  0.00000e+00
p_f067_do3_rx_470   =  1.48140e-268
p_f067_do2_drv_470  =  3.60000e+00
p_f067_do2_rx_470   =  3.60000e+00
p_f067_do1_drv_470  =  0.00000e+00
p_f067_do1_rx_470   =  1.48140e-268
p_f067_do0_drv_470  =  3.60000e+00
p_f067_do0_rx_470   =  3.60000e+00
p_f067_do7_drv_480  =  3.60000e+00
p_f067_do7_rx_480   =  3.60000e+00
p_f067_do6_drv_480  =  0.00000e+00
p_f067_do6_rx_480   =  5.20103e-297
p_f067_do5_drv_480  =  0.00000e+00
p_f067_do5_rx_480   =  4.08882e-312
p_f067_do4_drv_480  =  0.00000e+00
p_f067_do4_rx_480   =  4.08882e-312
p_f067_do3_drv_480  =  0.00000e+00
p_f067_do3_rx_480   =  5.20103e-297
p_f067_do2_drv_480  =  3.60000e+00
p_f067_do2_rx_480   =  3.60000e+00
p_f067_do1_drv_480  =  0.00000e+00
p_f067_do1_rx_480   =  5.20103e-297
p_f067_do0_drv_480  =  3.60000e+00
p_f067_do0_rx_480   =  3.60000e+00
ngspice-46 done
