
Note: Compatibility modes selected: hs a

Warning: m=xx on .subckt line will override multiplier m hierarchy!


Circuit: * a44 actual analog core with fixed tt timed behavioral sar control.

Reducing trtol to 1 for xspice 'A' devices
Doing analysis at TEMP = -40.000000 and TNOM = 27.000000

Using SPARSE 1.3 as Direct Linear Solver

Initial Transient Solution
--------------------------

Node                                   Voltage
----                                   -------
legacy_rng_burn_01                           0
legacy_rng_burn_02                           0
legacy_rng_burn_03                           0
legacy_rng_burn_04                           0
legacy_rng_burn_05                           0
legacy_rng_burn_06                           0
legacy_rng_burn_07                           0
legacy_rng_burn_08                           0
legacy_rng_burn_09                           0
legacy_rng_burn_10                           0
legacy_rng_burn_11                           0
legacy_rng_burn_12                           0
legacy_rng_burn_13                           0
legacy_rng_burn_14                           0
legacy_rng_burn_15                           0
legacy_rng_burn_16                           0
legacy_rng_burn_17                           0
legacy_rng_burn_18                           0
legacy_rng_burn_19                           0
vdd                                        3.6
vrefp_src                                  2.5
vrefp                                      2.5
vrefp_cap                                  2.5
vrefn_src                                  0.8
vrefn                                      0.8
vrefn_cap                                  0.8
vinp_src                               2.29136
vinn_src                               1.00864
vinp                                   2.29136
vinn                                   1.00864
clks_src                                     0
clks                                         0
cmp_noise                            0.0014684
xcore.xcdacp.vbot1                         2.5
dctrlp1                                      0
xcore.vresp_raw                   -0.000114429
xcore.xcdacp.vbot2                         2.5
dctrlp2                                      0
xcore.xcdacp.vbot3                         2.5
dctrlp3                                      0
xcore.xcdacp.vbot4                         2.5
dctrlp4                                      0
xcore.xcdacp.vbot5                         2.5
dctrlp5                                      0
xcore.xcdacp.vbot6                         2.5
dctrlp6                                      0
xcore.xcdacp.vbot7                         2.5
dctrlp7                                      0
xcore.xcdacp.x1.clksb                      3.6
xcore.xcdacp.x1.net2               4.75807e-12
xcore.xcdacp.x1.net1                       3.6
xcore.xcdacp.x1.bottom_gate        4.61376e-09
xcore.xcdacp.x1.net4               2.31149e-09
xcore.xcdacp.x1.net3                       3.6
xcore.xcdacn.vbot1                         2.5
dctrln1                                      0
xcore.vresn_raw                    0.000342125
xcore.xcdacn.vbot2                         2.5
dctrln2                                      0
xcore.xcdacn.vbot3                         2.5
dctrln3                                      0
xcore.xcdacn.vbot4                         2.5
dctrln4                                      0
xcore.xcdacn.vbot5                         2.5
dctrln5                                      0
xcore.xcdacn.vbot6                         2.5
dctrln6                                      0
xcore.xcdacn.vbot7                         2.5
dctrln7                                      0
xcore.xcdacn.x1.clksb                      3.6
xcore.xcdacn.x1.net2               4.60681e-12
xcore.xcdacn.x1.net1                       3.6
xcore.xcdacn.x1.bottom_gate        4.61295e-09
xcore.xcdacn.x1.net4               2.30623e-09
xcore.xcdacn.x1.net3                       3.6
vresp                              0.000619771
vresn                             -0.000392075
xcore.xcmp.net1                     0.00593492
cmpck                                        0
xcore.xcmp.xp                              3.6
xcore.xcmp.xn                              3.6
xcore.xcmp.ln                              3.6
xcore.xcmp.lp                              3.6
dcmpn                              3.73965e-09
dcmpp                              3.71888e-09
sampled_diff                        0.00101185
input_diff                             1.28272
cmpck_drv                                    0
dctrlp7_drv                                  0
dctrlp6_drv                                  0
dctrlp5_drv                                  0
dctrlp4_drv                                  0
dctrlp3_drv                                  0
dctrlp2_drv                                  0
dctrlp1_drv                                  0
dctrln7_drv                                  0
dctrln6_drv                                  0
dctrln5_drv                                  0
dctrln4_drv                                  0
dctrln3_drv                                  0
dctrln2_drv                                  0
dctrln1_drv                                  0
dout7_drv                                    0
dout6_drv                                    0
dout5_drv                                    0
dout4_drv                                    0
dout3_drv                                    0
dout2_drv                                    0
dout1_drv                                    0
dout0_drv                                    0
eoc                                          0
invalid0                                     0
timeout0                                     0
complete                                     0
dout7_rx                                     0
dout6_rx                                     0
dout5_rx                                     0
dout4_rx                                     0
dout3_rx                                     0
dout2_rx                                     0
dout1_rx                                     0
dout0_rx                                     0
e_input_diff#branch               -1.28272e-10
e_sample_diff#branch              -1.01185e-13
e.xcore.e_cmp_noise_n#branch       3.92082e-14
e.xcore.e_cmp_noise_p#branch      -6.19756e-14
vcmp_noise#branch                  -1.4684e-13
vclks_id#branch                              0
vvinn_id#branch                   -4.15562e-10
vvinp_id#branch                   -9.44045e-10
vvrefn_id#branch                  -1.76661e-09
vvrefp_id#branch                  -1.49024e-08
vvdd#branch                       -1.95924e-08
a_status#branch_1_0                          0
a_status#branch_1_1                          0
a_status#branch_1_2                          0
a_status#branch_1_3                          0
a_dout#branch_1_0                            0
a_dout#branch_1_1                            0
a_dout#branch_1_2                            0
a_dout#branch_1_3                            0
a_dout#branch_1_4                            0
a_dout#branch_1_5                            0
a_dout#branch_1_6                            0
a_dout#branch_1_7                            0
a_dctrln#branch_1_0                          0
a_dctrln#branch_1_1                          0
a_dctrln#branch_1_2                          0
a_dctrln#branch_1_3                          0
a_dctrln#branch_1_4                          0
a_dctrln#branch_1_5                          0
a_dctrln#branch_1_6                          0
a_dctrlp#branch_1_0                          0
a_dctrlp#branch_1_1                          0
a_dctrlp#branch_1_2                          0
a_dctrlp#branch_1_3                          0
a_dctrlp#branch_1_4                          0
a_dctrlp#branch_1_5                          0
a_dctrlp#branch_1_6                          0
a_cmpck#branch_1_0                           0


Instance: abeh   Message: WARNING: output scheduled with impossible delay (-4.01e-12) at 5.01e-12/0.

Instance: abeh   Message: XSPICE time is behind vtime:
XSPICE 2.005063785812872e-07
Cosim  2.00539e-07

Instance: abeh   Message: XSPICE time is behind vtime:
XSPICE 7.005047889769725e-07
Cosim  7.00541e-07

Instance: abeh   Message: XSPICE time is behind vtime:
XSPICE 1.200517834779048e-06
Cosim  1.200541e-06

Instance: abeh   Message: XSPICE time is behind vtime:
XSPICE 2.200519631849496e-06
Cosim  2.200539e-06

Instance: abeh   Message: XSPICE time is behind vtime:
XSPICE 2.700497662714155e-06
Cosim  2.700534e-06

Instance: abeh   Message: XSPICE time is behind vtime:
XSPICE 3.200501390593505e-06
Cosim  3.200537e-06

Instance: abeh   Message: XSPICE time is behind vtime:
XSPICE 3.700530880885824e-06
Cosim  3.700542e-06

Instance: abeh   Message: XSPICE time is behind vtime:
XSPICE 4.700510265739548e-06
Cosim  4.70054e-06

Instance: abeh   Message: XSPICE time is behind vtime:
XSPICE 5.200496788978036e-06
Cosim  5.200533e-06

Instance: abeh   Message: XSPICE time is behind vtime:
XSPICE 5.700514206900339e-06
Cosim  5.700541e-06

Instance: abeh   Message: XSPICE time is behind vtime:
XSPICE 6.70052786064017e-06
Cosim  6.700543e-06

Instance: abeh   Message: XSPICE time is behind vtime:
XSPICE 7.200509662715382e-06
Cosim  7.200546e-06

Instance: abeh   Message: XSPICE time is behind vtime:
XSPICE 7.700507662715281e-06
Cosim  7.700544000000001e-06

Instance: abeh   Message: XSPICE time is behind vtime:
XSPICE 8.200526422834573e-06
Cosim  8.200542e-06

Instance: abeh   Message: XSPICE time is behind vtime:
XSPICE 9.200514550276383e-06
Cosim  9.200541e-06

Instance: abeh   Message: XSPICE time is behind vtime:
XSPICE 9.700496788977577e-06
Cosim  9.700533e-06

Instance: abeh   Message: XSPICE time is behind vtime:
XSPICE 1.020051095285264e-05
Cosim  1.0200541e-05

Instance: abeh   Message: XSPICE time is behind vtime:
XSPICE 1.120052934309438e-05
Cosim  1.120054e-05

Instance: abeh   Message: XSPICE time is behind vtime:
XSPICE 1.170050060646741e-05
Cosim  1.1700536e-05

Instance: abeh   Message: XSPICE time is behind vtime:
XSPICE 1.220049566271412e-05
Cosim  1.2200532e-05

Instance: abeh   Message: XSPICE time is behind vtime:
XSPICE 1.270052122250656e-05
Cosim  1.2700541e-05

Instance: abeh   Message: XSPICE time is behind vtime:
XSPICE 1.370052021634857e-05
Cosim  1.3700543e-05

Instance: abeh   Message: XSPICE time is behind vtime:
XSPICE 1.420050678897716e-05
Cosim  1.4200543e-05

Instance: abeh   Message: XSPICE time is behind vtime:
XSPICE 1.470051011311332e-05
Cosim  1.4700543e-05

Instance: abeh   Message: XSPICE time is behind vtime:
XSPICE 1.520053336109904e-05
Cosim  1.5200539e-05

Instance: abeh   Message: XSPICE time is behind vtime:
XSPICE 1.570053303575305e-05
Cosim  1.5700539e-05

Instance: abeh   Message: XSPICE time is behind vtime:
XSPICE 1.620051101380397e-05
Cosim  1.6200544e-05

Instance: abeh   Message: XSPICE time is behind vtime:
XSPICE 1.67004976627136e-05
Cosim  1.6700534e-05

Instance: abeh   Message: XSPICE time is behind vtime:
XSPICE 1.720052031773132e-05
Cosim  1.7200544e-05

Instance: abeh   Message: XSPICE time is behind vtime:
XSPICE 1.820052221351713e-05
Cosim  1.8200541e-05

Instance: abeh   Message: XSPICE time is behind vtime:
XSPICE 1.870050678897686e-05
Cosim  1.8700543e-05

Instance: abeh   Message: XSPICE time is behind vtime:
XSPICE 1.92004967081175e-05
Cosim  1.9200532e-05

Instance: abeh   Message: XSPICE time is behind vtime:
XSPICE 1.970052959933522e-05
Cosim  1.970054e-05

Instance: abeh   Message: XSPICE time is behind vtime:
XSPICE 2.070050885600594e-05
Cosim  2.0700539e-05

Instance: abeh   Message: XSPICE time is behind vtime:
XSPICE 2.120050766271411e-05
Cosim  2.1200544e-05

Instance: abeh   Message: XSPICE time is behind vtime:
XSPICE 2.170050375296682e-05
Cosim  2.1700531e-05

Instance: abeh   Message: XSPICE time is behind vtime:
XSPICE 2.270052751650791e-05
Cosim  2.2700542e-05

Instance: abeh   Message: XSPICE time is behind vtime:
XSPICE 2.320050478897742e-05
Cosim  2.3200541e-05

Instance: abeh   Message: XSPICE time is behind vtime:
XSPICE 2.370050178897765e-05
Cosim  2.3700538e-05

Instance: abeh   Message: XSPICE time is behind vtime:
XSPICE 2.420052807547568e-05
Cosim  2.4200543e-05

Instance: abeh   Message: XSPICE time is behind vtime:
XSPICE 2.520051409147747e-05
Cosim  2.5200541e-05

Instance: abeh   Message: XSPICE time is behind vtime:
XSPICE 2.570050766271333e-05
Cosim  2.5700544e-05

Instance: abeh   Message: XSPICE time is behind vtime:
XSPICE 2.620051055133934e-05
Cosim  2.6200541e-05

Instance: abeh   Message: XSPICE time is behind vtime:
XSPICE 2.720053207040685e-05
Cosim  2.7200542e-05

Instance: abeh   Message: XSPICE time is behind vtime:
XSPICE 2.770050892549731e-05
Cosim  2.7700544e-05

Instance: abeh   Message: XSPICE time is behind vtime:
XSPICE 2.820050678897723e-05
Cosim  2.8200543e-05

Instance: abeh   Message: XSPICE time is behind vtime:
XSPICE 2.870051979752812e-05
Cosim  2.8700539e-05

Instance: abeh   Message: XSPICE time is behind vtime:
XSPICE 2.970051969150278e-05
Cosim  2.9700543e-05

Instance: abeh   Message: XSPICE time is behind vtime:
XSPICE 3.020049866271378e-05
Cosim  3.0200535e-05

Instance: abeh   Message: XSPICE time is behind vtime:
XSPICE 3.070049875655887e-05
Cosim  3.0700532e-05

Instance: abeh   Message: XSPICE time is behind vtime:
XSPICE 3.120053356029955e-05
Cosim  3.120054e-05

Instance: abeh   Message: XSPICE time is behind vtime:
XSPICE 3.170053384325872e-05
Cosim  3.1700539e-05

Instance: abeh   Message: XSPICE time is behind vtime:
XSPICE 3.220050638104327e-05
Cosim  3.2200539e-05

Instance: abeh   Message: XSPICE time is behind vtime:
XSPICE 3.270050478897621e-05
Cosim  3.2700541e-05

Instance: abeh   Message: XSPICE time is behind vtime:
XSPICE 3.320051783382413e-05
Cosim  3.3200541e-05

No. of Data Rows : 743016
f000_d7             =  3.60000e+00
f000_d6             =  3.60000e+00
f000_d5             =  3.60000e+00
f000_d4             =  0.00000e+00
f000_d3             =  0.00000e+00
f000_d2             =  0.00000e+00
f000_d1             =  0.00000e+00
f000_d0             =  3.60000e+00
f000_complete       =  3.60000e+00
f000_invalid        =  0.00000e+00
f000_timeout        =  0.00000e+00
f000_sampled        =  1.28419e+00
f000_input          =  1.28272e+00
f000_tcomplete      =  3.75487e-07
f001_d7             =  3.60000e+00
f001_d6             =  3.60000e+00
f001_d5             =  3.60000e+00
f001_d4             =  3.60000e+00
f001_d3             =  0.00000e+00
f001_d2             =  0.00000e+00
f001_d1             =  0.00000e+00
f001_d0             =  5.33700e-297
f001_complete       =  3.60000e+00
f001_invalid        =  0.00000e+00
f001_timeout        =  0.00000e+00
f001_sampled        =  1.48487e+00
f001_input          =  1.48478e+00
f001_tcomplete      =  8.75489e-07
f002_d7             =  3.60000e+00
f002_d6             =  3.60000e+00
f002_d5             =  5.25769e-297
f002_d4             =  5.25769e-297
f002_d3             =  3.60000e+00
f002_d2             =  3.60000e+00
f002_d1             =  0.00000e+00
f002_d0             =  3.60000e+00
f002_complete       =  3.60000e+00
f002_invalid        =  0.00000e+00
f002_timeout        =  0.00000e+00
f002_sampled        =  1.01363e+00
f002_input          =  1.01265e+00
f002_tcomplete      =  1.37549e-06
f003_d7             =  3.60000e+00
f003_d6             =  5.34110e-297
f003_d5             =  4.08882e-312
f003_d4             =  4.08882e-312
f003_d3             =  5.34110e-297
f003_d2             =  3.60000e+00
f003_d1             =  3.60000e+00
f003_d0             =  3.60000e+00
f003_complete       =  3.60000e+00
f003_invalid        =  0.00000e+00
f003_timeout        =  0.00000e+00
f003_sampled        =  7.91325e-02
f003_input          =  8.09683e-02
f003_tcomplete      =  1.87549e-06
f004_d7             =  5.24749e-297
f004_d6             =  4.08882e-312
f004_d5             =  3.60000e+00
f004_d4             =  3.60000e+00
f004_d3             =  3.60000e+00
f004_d2             =  3.60000e+00
f004_d1             =  5.24749e-297
f004_d0             =  3.60000e+00
f004_complete       =  3.60000e+00
f004_invalid        =  0.00000e+00
f004_timeout        =  0.00000e+00
f004_sampled        =  -8.85787e-01
f004_input          =  -8.87566e-01
f004_tcomplete      =  2.37549e-06
f005_d7             =  4.08882e-312
f005_d6             =  4.08882e-312
f005_d5             =  5.04632e-297
f005_d4             =  3.60000e+00
f005_d3             =  5.04632e-297
f005_d2             =  5.04632e-297
f005_d1             =  3.60000e+00
f005_d0             =  3.60000e+00
f005_complete       =  3.60000e+00
f005_invalid        =  0.00000e+00
f005_timeout        =  0.00000e+00
f005_sampled        =  -1.45358e+00
f005_input          =  -1.45331e+00
f005_tcomplete      =  2.87548e-06
f006_d7             =  4.08882e-312
f006_d6             =  4.08882e-312
f006_d5             =  4.08882e-312
f006_d4             =  3.60000e+00
f006_d3             =  3.60000e+00
f006_d2             =  4.08882e-312
f006_d1             =  3.60000e+00
f006_d0             =  5.20497e-297
f006_complete       =  3.60000e+00
f006_invalid        =  0.00000e+00
f006_timeout        =  0.00000e+00
f006_sampled        =  -1.35946e+00
f006_input          =  -1.35906e+00
f006_tcomplete      =  3.37548e-06
f007_d7             =  4.08882e-312
f007_d6             =  3.60000e+00
f007_d5             =  4.08882e-312
f007_d4             =  5.33906e-297
f007_d3             =  3.60000e+00
f007_d2             =  3.60000e+00
f007_d1             =  3.60000e+00
f007_d0             =  3.60000e+00
f007_complete       =  3.60000e+00
f007_invalid        =  0.00000e+00
f007_timeout        =  0.00000e+00
f007_sampled        =  -6.48324e-01
f007_input          =  -6.48041e-01
f007_tcomplete      =  3.87549e-06
f008_d7             =  3.60000e+00
f008_d6             =  5.37022e-297
f008_d5             =  4.08882e-312
f008_d4             =  3.60000e+00
f008_d3             =  3.60000e+00
f008_d2             =  5.37022e-297
f008_d1             =  3.60000e+00
f008_d0             =  3.60000e+00
f008_complete       =  3.60000e+00
f008_invalid        =  0.00000e+00
f008_timeout        =  0.00000e+00
f008_sampled        =  3.58360e-01
f008_input          =  3.57306e-01
f008_tcomplete      =  4.37549e-06
f009_d7             =  3.60000e+00
f009_d6             =  3.60000e+00
f009_d5             =  4.08882e-312
f009_d4             =  3.60000e+00
f009_d3             =  3.60000e+00
f009_d2             =  4.08882e-312
f009_d1             =  3.60000e+00
f009_d0             =  3.60000e+00
f009_complete       =  3.60000e+00
f009_invalid        =  0.00000e+00
f009_timeout        =  0.00000e+00
f009_sampled        =  1.20053e+00
f009_input          =  1.20031e+00
f009_tcomplete      =  4.87549e-06
f010_d7             =  3.60000e+00
f010_d6             =  3.60000e+00
f010_d5             =  3.60000e+00
f010_d4             =  3.60000e+00
f010_d3             =  5.06311e-297
f010_d2             =  4.08882e-312
f010_d1             =  5.06311e-297
f010_d0             =  3.60000e+00
f010_complete       =  3.60000e+00
f010_invalid        =  0.00000e+00
f010_timeout        =  0.00000e+00
f010_sampled        =  1.49862e+00
f010_input          =  1.49870e+00
f010_tcomplete      =  5.37548e-06
f011_d7             =  3.60000e+00
f011_d6             =  3.60000e+00
f011_d5             =  5.31776e-297
f011_d4             =  3.60000e+00
f011_d3             =  4.08882e-312
f011_d2             =  3.60000e+00
f011_d1             =  4.08882e-312
f011_d0             =  3.60000e+00
f011_complete       =  3.60000e+00
f011_invalid        =  0.00000e+00
f011_timeout        =  0.00000e+00
f011_sampled        =  1.11797e+00
f011_input          =  1.11627e+00
f011_tcomplete      =  5.87549e-06
f012_d7             =  3.60000e+00
f012_d6             =  5.36486e-297
f012_d5             =  4.08882e-312
f012_d4             =  3.60000e+00
f012_d3             =  4.08882e-312
f012_d2             =  5.36486e-297
f012_d1             =  3.60000e+00
f012_d0             =  5.36486e-297
f012_complete       =  3.60000e+00
f012_invalid        =  0.00000e+00
f012_timeout        =  0.00000e+00
f012_sampled        =  2.26417e-01
f012_input          =  2.27322e-01
f012_tcomplete      =  6.37549e-06
f013_d7             =  5.36961e-297
f013_d6             =  3.60000e+00
f013_d5             =  4.08882e-312
f013_d4             =  5.36961e-297
f013_d3             =  4.08882e-312
f013_d2             =  3.60000e+00
f013_d1             =  3.60000e+00
f013_d0             =  3.60000e+00
f013_complete       =  3.60000e+00
f013_invalid        =  0.00000e+00
f013_timeout        =  0.00000e+00
f013_sampled        =  -7.64589e-01
f013_input          =  -7.64792e-01
f013_tcomplete      =  6.87549e-06
f014_d7             =  4.08882e-312
f014_d6             =  5.49879e-297
f014_d5             =  4.08882e-312
f014_d4             =  3.60000e+00
f014_d3             =  4.08882e-312
f014_d2             =  3.60000e+00
f014_d1             =  3.60000e+00
f014_d0             =  5.49879e-297
f014_complete       =  3.60000e+00
f014_invalid        =  0.00000e+00
f014_timeout        =  0.00000e+00
f014_sampled        =  -1.40824e+00
f014_input          =  -1.40974e+00
f014_tcomplete      =  7.37549e-06
f015_d7             =  4.08882e-312
f015_d6             =  4.08882e-312
f015_d5             =  4.08882e-312
f015_d4             =  3.60000e+00
f015_d3             =  4.08882e-312
f015_d2             =  3.60000e+00
f015_d1             =  3.60000e+00
f015_d0             =  4.08882e-312
f015_complete       =  3.60000e+00
f015_invalid        =  0.00000e+00
f015_timeout        =  0.00000e+00
f015_sampled        =  -1.41676e+00
f015_input          =  -1.41476e+00
f015_tcomplete      =  7.87549e-06
f016_d7             =  4.08882e-312
f016_d6             =  3.60000e+00
f016_d5             =  4.08882e-312
f016_d4             =  5.36701e-297
f016_d3             =  4.08882e-312
f016_d2             =  3.60000e+00
f016_d1             =  3.60000e+00
f016_d0             =  4.08882e-312
f016_complete       =  3.60000e+00
f016_invalid        =  0.00000e+00
f016_timeout        =  0.00000e+00
f016_sampled        =  -7.75322e-01
f016_input          =  -7.77468e-01
f016_tcomplete      =  8.37549e-06
f017_d7             =  3.60000e+00
f017_d6             =  5.37163e-297
f017_d5             =  4.08882e-312
f017_d4             =  3.60000e+00
f017_d3             =  4.08882e-312
f017_d2             =  5.37163e-297
f017_d1             =  5.37163e-297
f017_d0             =  3.60000e+00
f017_complete       =  3.60000e+00
f017_invalid        =  0.00000e+00
f017_timeout        =  0.00000e+00
f017_sampled        =  2.11766e-01
f017_input          =  2.12982e-01
f017_tcomplete      =  8.87549e-06
f018_d7             =  3.60000e+00
f018_d6             =  3.60000e+00
f018_d5             =  4.08882e-312
f018_d4             =  3.60000e+00
f018_d3             =  4.08882e-312
f018_d2             =  3.60000e+00
f018_d1             =  4.08882e-312
f018_d0             =  5.33582e-297
f018_complete       =  3.60000e+00
f018_invalid        =  0.00000e+00
f018_timeout        =  0.00000e+00
f018_sampled        =  1.10782e+00
f018_input          =  1.10650e+00
f018_tcomplete      =  9.37549e-06
f019_d7             =  3.60000e+00
f019_d6             =  3.60000e+00
f019_d5             =  3.60000e+00
f019_d4             =  3.60000e+00
f019_d3             =  4.08882e-312
f019_d2             =  5.06356e-297
f019_d1             =  4.08882e-312
f019_d0             =  3.60000e+00
f019_complete       =  3.60000e+00
f019_invalid        =  0.00000e+00
f019_timeout        =  0.00000e+00
f019_sampled        =  1.49613e+00
f019_input          =  1.49777e+00
f019_tcomplete      =  9.87548e-06
f020_d7             =  3.60000e+00
f020_d6             =  3.60000e+00
f020_d5             =  5.33550e-297
f020_d4             =  3.60000e+00
f020_d3             =  3.60000e+00
f020_d2             =  3.60000e+00
f020_d1             =  4.08882e-312
f020_d0             =  5.33550e-297
f020_complete       =  3.60000e+00
f020_invalid        =  0.00000e+00
f020_timeout        =  0.00000e+00
f020_sampled        =  1.21151e+00
f020_input          =  1.20921e+00
f020_tcomplete      =  1.03755e-05
f021_d7             =  3.60000e+00
f021_d6             =  5.37172e-297
f021_d5             =  4.08882e-312
f021_d4             =  3.60000e+00
f021_d3             =  3.60000e+00
f021_d2             =  3.60000e+00
f021_d1             =  4.08882e-312
f021_d0             =  3.60000e+00
f021_complete       =  3.60000e+00
f021_invalid        =  0.00000e+00
f021_timeout        =  0.00000e+00
f021_sampled        =  3.72389e-01
f021_input          =  3.71703e-01
f021_tcomplete      =  1.08755e-05
f022_d7             =  5.27940e-297
f022_d6             =  3.60000e+00
f022_d5             =  4.08882e-312
f022_d4             =  3.60000e+00
f022_d3             =  5.27940e-297
f022_d2             =  5.27940e-297
f022_d1             =  4.08882e-312
f022_d0             =  3.60000e+00
f022_complete       =  3.60000e+00
f022_invalid        =  0.00000e+00
f022_timeout        =  0.00000e+00
f022_sampled        =  -6.31971e-01
f022_input          =  -6.34670e-01
f022_tcomplete      =  1.13755e-05
f023_d7             =  4.08882e-312
f023_d6             =  5.15844e-297
f023_d5             =  4.08882e-312
f023_d4             =  3.60000e+00
f023_d3             =  3.60000e+00
f023_d2             =  4.08882e-312
f023_d1             =  3.60000e+00
f023_d0             =  3.60000e+00
f023_complete       =  3.60000e+00
f023_invalid        =  0.00000e+00
f023_timeout        =  0.00000e+00
f023_sampled        =  -1.35055e+00
f023_input          =  -1.35281e+00
f023_tcomplete      =  1.18755e-05
f024_d7             =  4.08882e-312
f024_d6             =  4.08882e-312
f024_d5             =  4.08882e-312
f024_d4             =  3.60000e+00
f024_d3             =  5.20105e-297
f024_d2             =  4.08882e-312
f024_d1             =  3.60000e+00
f024_d0             =  3.60000e+00
f024_complete       =  3.60000e+00
f024_invalid        =  0.00000e+00
f024_timeout        =  0.00000e+00
f024_sampled        =  -1.45872e+00
f024_input          =  -1.45685e+00
f024_tcomplete      =  1.23755e-05
f025_d7             =  4.08882e-312
f025_d6             =  4.08882e-312
f025_d5             =  3.60000e+00
f025_d4             =  3.60000e+00
f025_d3             =  3.60000e+00
f025_d2             =  3.60000e+00
f025_d1             =  5.33779e-297
f025_d0             =  5.33779e-297
f025_complete       =  3.60000e+00
f025_invalid        =  0.00000e+00
f025_timeout        =  0.00000e+00
f025_sampled        =  -8.98911e-01
f025_input          =  -8.99416e-01
f025_tcomplete      =  1.28755e-05
f026_d7             =  3.60000e+00
f026_d6             =  4.08882e-312
f026_d5             =  5.09399e-297
f026_d4             =  5.09399e-297
f026_d3             =  5.09399e-297
f026_d2             =  3.60000e+00
f026_d1             =  4.08882e-312
f026_d0             =  3.60000e+00
f026_complete       =  3.60000e+00
f026_invalid        =  0.00000e+00
f026_timeout        =  0.00000e+00
f026_sampled        =  6.76996e-02
f026_input          =  6.61553e-02
f026_tcomplete      =  1.33755e-05
f027_d7             =  3.60000e+00
f027_d6             =  3.60000e+00
f027_d5             =  4.08882e-312
f027_d4             =  4.08882e-312
f027_d3             =  3.60000e+00
f027_d2             =  3.60000e+00
f027_d1             =  4.08882e-312
f027_d0             =  5.40209e-297
f027_complete       =  3.60000e+00
f027_invalid        =  0.00000e+00
f027_timeout        =  0.00000e+00
f027_sampled        =  1.00123e+00
f027_input          =  1.00180e+00
f027_tcomplete      =  1.38755e-05
f028_d7             =  3.60000e+00
f028_d6             =  3.60000e+00
f028_d5             =  3.60000e+00
f028_d4             =  3.60000e+00
f028_d3             =  5.40210e-297
f028_d2             =  5.40210e-297
f028_d1             =  4.08882e-312
f028_d0             =  4.08882e-312
f028_complete       =  3.60000e+00
f028_invalid        =  0.00000e+00
f028_timeout        =  0.00000e+00
f028_sampled        =  1.48247e+00
f028_input          =  1.48267e+00
f028_tcomplete      =  1.43755e-05
f029_d7             =  3.60000e+00
f029_d6             =  3.60000e+00
f029_d5             =  3.60000e+00
f029_d4             =  5.39535e-297
f029_d3             =  4.08882e-312
f029_d2             =  4.08882e-312
f029_d1             =  3.60000e+00
f029_d0             =  4.08882e-312
f029_complete       =  3.60000e+00
f029_invalid        =  0.00000e+00
f029_timeout        =  0.00000e+00
f029_sampled        =  1.29222e+00
f029_input          =  1.29032e+00
f029_tcomplete      =  1.48755e-05
f030_d7             =  3.60000e+00
f030_d6             =  5.24858e-297
f030_d5             =  3.60000e+00
f030_d4             =  4.08882e-312
f030_d3             =  4.08882e-312
f030_d2             =  3.60000e+00
f030_d1             =  3.60000e+00
f030_d0             =  3.60000e+00
f030_complete       =  3.60000e+00
f030_invalid        =  0.00000e+00
f030_timeout        =  0.00000e+00
f030_sampled        =  5.13096e-01
f030_input          =  5.12085e-01
f030_tcomplete      =  1.53755e-05
f031_d7             =  5.29200e-297
f031_d6             =  3.60000e+00
f031_d5             =  5.29200e-297
f031_d4             =  3.60000e+00
f031_d3             =  3.60000e+00
f031_d2             =  5.29200e-297
f031_d1             =  3.60000e+00
f031_d0             =  3.60000e+00
f031_complete       =  3.60000e+00
f031_invalid        =  0.00000e+00
f031_timeout        =  0.00000e+00
f031_sampled        =  -5.00237e-01
f031_input          =  -4.98439e-01
f031_tcomplete      =  1.58755e-05
f032_d7             =  4.08882e-312
f032_d6             =  5.42560e-297
f032_d5             =  3.60000e+00
f032_d4             =  5.42560e-297
f032_d3             =  5.42560e-297
f032_d2             =  4.08882e-312
f032_d1             =  5.42560e-297
f032_d0             =  5.42560e-297
f032_complete       =  3.60000e+00
f032_invalid        =  0.00000e+00
f032_timeout        =  0.00000e+00
f032_sampled        =  -1.28271e+00
f032_input          =  -1.28292e+00
f032_tcomplete      =  1.63755e-05
f033_d7             =  4.08882e-312
f033_d6             =  4.08882e-312
f033_d5             =  5.10837e-297
f033_d4             =  3.60000e+00
f033_d3             =  4.08882e-312
f033_d2             =  4.08882e-312
f033_d1             =  4.08882e-312
f033_d0             =  4.08882e-312
f033_complete       =  3.60000e+00
f033_invalid        =  0.00000e+00
f033_timeout        =  0.00000e+00
f033_sampled        =  -1.48556e+00
f033_input          =  -1.48487e+00
f033_tcomplete      =  1.68755e-05
f034_d7             =  4.08882e-312
f034_d6             =  4.08882e-312
f034_d5             =  3.60000e+00
f034_d4             =  3.60000e+00
f034_d3             =  4.08882e-312
f034_d2             =  3.60000e+00
f034_d1             =  4.08882e-312
f034_d0             =  4.08882e-312
f034_complete       =  3.60000e+00
f034_invalid        =  0.00000e+00
f034_timeout        =  0.00000e+00
f034_sampled        =  -1.01308e+00
f034_input          =  -1.01277e+00
f034_tcomplete      =  1.73755e-05
f035_d7             =  4.08882e-312
f035_d6             =  3.60000e+00
f035_d5             =  3.60000e+00
f035_d4             =  3.60000e+00
f035_d3             =  3.60000e+00
f035_d2             =  5.37003e-297
f035_d1             =  3.60000e+00
f035_d0             =  4.08882e-312
f035_complete       =  3.60000e+00
f035_invalid        =  0.00000e+00
f035_timeout        =  0.00000e+00
f035_sampled        =  -8.24648e-02
f035_input          =  -8.08728e-02
f035_tcomplete      =  1.78755e-05
f036_d7             =  3.60000e+00
f036_d6             =  3.60000e+00
f036_d5             =  5.30961e-297
f036_d4             =  5.30961e-297
f036_d3             =  5.30961e-297
f036_d2             =  4.08882e-312
f036_d1             =  3.60000e+00
f036_d0             =  3.60000e+00
f036_complete       =  3.60000e+00
f036_invalid        =  0.00000e+00
f036_timeout        =  0.00000e+00
f036_sampled        =  8.88556e-01
f036_input          =  8.87630e-01
f036_tcomplete      =  1.83755e-05
f037_d7             =  3.60000e+00
f037_d6             =  3.60000e+00
f037_d5             =  3.60000e+00
f037_d4             =  4.08882e-312
f037_d3             =  3.60000e+00
f037_d2             =  3.60000e+00
f037_d1             =  3.60000e+00
f037_d0             =  5.40157e-297
f037_complete       =  3.60000e+00
f037_invalid        =  0.00000e+00
f037_timeout        =  0.00000e+00
f037_sampled        =  1.45082e+00
f037_input          =  1.45329e+00
f037_tcomplete      =  1.88755e-05
f038_d7             =  3.60000e+00
f038_d6             =  3.60000e+00
f038_d5             =  3.60000e+00
f038_d4             =  4.08882e-312
f038_d3             =  5.03188e-297
f038_d2             =  3.60000e+00
f038_d1             =  3.60000e+00
f038_d0             =  3.60000e+00
f038_complete       =  3.60000e+00
f038_invalid        =  0.00000e+00
f038_timeout        =  0.00000e+00
f038_sampled        =  1.36153e+00
f038_input          =  1.35903e+00
f038_tcomplete      =  1.93755e-05
f039_d7             =  3.60000e+00
f039_d6             =  5.29891e-297
f039_d5             =  3.60000e+00
f039_d4             =  3.60000e+00
f039_d3             =  4.08882e-312
f039_d2             =  5.29891e-297
f039_d1             =  3.60000e+00
f039_d0             =  5.29891e-297
f039_complete       =  3.60000e+00
f039_invalid        =  0.00000e+00
f039_timeout        =  0.00000e+00
f039_sampled        =  6.47532e-01
f039_input          =  6.48084e-01
f039_tcomplete      =  1.98755e-05
f040_d7             =  5.37077e-297
f040_d6             =  3.60000e+00
f040_d5             =  3.60000e+00
f040_d4             =  5.37077e-297
f040_d3             =  4.08882e-312
f040_d2             =  3.60000e+00
f040_d1             =  5.37077e-297
f040_d0             =  3.60000e+00
f040_complete       =  3.60000e+00
f040_invalid        =  0.00000e+00
f040_timeout        =  0.00000e+00
f040_sampled        =  -3.55219e-01
f040_input          =  -3.57474e-01
f040_tcomplete      =  2.03755e-05
f041_d7             =  4.08882e-312
f041_d6             =  5.26959e-297
f041_d5             =  3.60000e+00
f041_d4             =  4.08882e-312
f041_d3             =  4.08882e-312
f041_d2             =  3.60000e+00
f041_d1             =  3.60000e+00
f041_d0             =  5.26959e-297
f041_complete       =  3.60000e+00
f041_invalid        =  0.00000e+00
f041_timeout        =  0.00000e+00
f041_sampled        =  -1.20268e+00
f041_input          =  -1.20040e+00
f041_tcomplete      =  2.08755e-05
f042_d7             =  4.08882e-312
f042_d6             =  4.08882e-312
f042_d5             =  5.40023e-297
f042_d4             =  4.08882e-312
f042_d3             =  3.60000e+00
f042_d2             =  3.60000e+00
f042_d1             =  3.60000e+00
f042_d0             =  3.60000e+00
f042_complete       =  3.60000e+00
f042_invalid        =  0.00000e+00
f042_timeout        =  0.00000e+00
f042_sampled        =  -1.49787e+00
f042_input          =  -1.49858e+00
f042_tcomplete      =  2.13755e-05
f043_d7             =  4.08882e-312
f043_d6             =  4.08882e-312
f043_d5             =  3.60000e+00
f043_d4             =  4.08882e-312
f043_d3             =  3.60000e+00
f043_d2             =  3.60000e+00
f043_d1             =  5.01053e-297
f043_d0             =  5.01053e-297
f043_complete       =  3.60000e+00
f043_invalid        =  0.00000e+00
f043_timeout        =  0.00000e+00
f043_sampled        =  -1.11654e+00
f043_input          =  -1.11627e+00
f043_tcomplete      =  2.18755e-05
f044_d7             =  4.08882e-312
f044_d6             =  3.60000e+00
f044_d5             =  3.60000e+00
f044_d4             =  4.08882e-312
f044_d3             =  3.60000e+00
f044_d2             =  3.60000e+00
f044_d1             =  3.60000e+00
f044_d0             =  3.60000e+00
f044_complete       =  3.60000e+00
f044_invalid        =  0.00000e+00
f044_timeout        =  0.00000e+00
f044_sampled        =  -2.29004e-01
f044_input          =  -2.27453e-01
f044_tcomplete      =  2.23755e-05
f045_d7             =  3.60000e+00
f045_d6             =  5.36951e-297
f045_d5             =  3.60000e+00
f045_d4             =  3.60000e+00
f045_d3             =  3.60000e+00
f045_d2             =  5.36951e-297
f045_d1             =  3.60000e+00
f045_d0             =  5.36951e-297
f045_complete       =  3.60000e+00
f045_invalid        =  0.00000e+00
f045_timeout        =  0.00000e+00
f045_sampled        =  7.64857e-01
f045_input          =  7.64732e-01
f045_tcomplete      =  2.28755e-05
f046_d7             =  3.60000e+00
f046_d6             =  3.60000e+00
f046_d5             =  3.60000e+00
f046_d4             =  5.30942e-297
f046_d3             =  3.60000e+00
f046_d2             =  4.08882e-312
f046_d1             =  3.60000e+00
f046_d0             =  3.60000e+00
f046_complete       =  3.60000e+00
f046_invalid        =  0.00000e+00
f046_timeout        =  0.00000e+00
f046_sampled        =  1.40793e+00
f046_input          =  1.40982e+00
f046_tcomplete      =  2.33755e-05
f047_d7             =  3.60000e+00
f047_d6             =  3.60000e+00
f047_d5             =  3.60000e+00
f047_d4             =  4.08882e-312
f047_d3             =  3.60000e+00
f047_d2             =  4.08882e-312
f047_d1             =  3.60000e+00
f047_d0             =  3.60000e+00
f047_complete       =  3.60000e+00
f047_invalid        =  0.00000e+00
f047_timeout        =  0.00000e+00
f047_sampled        =  1.41517e+00
f047_input          =  1.41492e+00
f047_tcomplete      =  2.38755e-05
f048_d7             =  3.60000e+00
f048_d6             =  5.37171e-297
f048_d5             =  3.60000e+00
f048_d4             =  3.60000e+00
f048_d3             =  3.60000e+00
f048_d2             =  4.08882e-312
f048_d1             =  3.60000e+00
f048_d0             =  3.60000e+00
f048_complete       =  3.60000e+00
f048_invalid        =  0.00000e+00
f048_timeout        =  0.00000e+00
f048_sampled        =  7.78337e-01
f048_input          =  7.77290e-01
f048_tcomplete      =  2.43755e-05
f049_d7             =  5.36924e-297
f049_d6             =  3.60000e+00
f049_d5             =  3.60000e+00
f049_d4             =  3.60000e+00
f049_d3             =  5.36924e-297
f049_d2             =  4.08882e-312
f049_d1             =  5.36924e-297
f049_d0             =  5.36924e-297
f049_complete       =  3.60000e+00
f049_invalid        =  0.00000e+00
f049_timeout        =  0.00000e+00
f049_sampled        =  -2.14841e-01
f049_input          =  -2.12969e-01
f049_tcomplete      =  2.48755e-05
f050_d7             =  4.08882e-312
f050_d6             =  5.30854e-297
f050_d5             =  3.60000e+00
f050_d4             =  5.30854e-297
f050_d3             =  3.60000e+00
f050_d2             =  3.60000e+00
f050_d1             =  4.08882e-312
f050_d0             =  3.60000e+00
f050_complete       =  3.60000e+00
f050_invalid        =  0.00000e+00
f050_timeout        =  0.00000e+00
f050_sampled        =  -1.10714e+00
f050_input          =  -1.10648e+00
f050_tcomplete      =  2.53755e-05
f051_d7             =  4.08882e-312
f051_d6             =  4.08882e-312
f051_d5             =  5.40100e-297
f051_d4             =  4.08882e-312
f051_d3             =  3.60000e+00
f051_d2             =  3.60000e+00
f051_d1             =  3.60000e+00
f051_d0             =  3.60000e+00
f051_complete       =  3.60000e+00
f051_invalid        =  0.00000e+00
f051_timeout        =  0.00000e+00
f051_sampled        =  -1.49652e+00
f051_input          =  -1.49784e+00
f051_tcomplete      =  2.58755e-05
f052_d7             =  4.08882e-312
f052_d6             =  4.08882e-312
f052_d5             =  3.60000e+00
f052_d4             =  4.08882e-312
f052_d3             =  5.30899e-297
f052_d2             =  3.60000e+00
f052_d1             =  5.30899e-297
f052_d0             =  3.60000e+00
f052_complete       =  3.60000e+00
f052_invalid        =  0.00000e+00
f052_timeout        =  0.00000e+00
f052_sampled        =  -1.20687e+00
f052_input          =  -1.20922e+00
f052_tcomplete      =  2.63755e-05
f053_d7             =  4.08882e-312
f053_d6             =  3.60000e+00
f053_d5             =  3.60000e+00
f053_d4             =  4.08882e-312
f053_d3             =  4.08882e-312
f053_d2             =  3.60000e+00
f053_d1             =  4.08882e-312
f053_d0             =  5.31294e-297
f053_complete       =  3.60000e+00
f053_invalid        =  0.00000e+00
f053_timeout        =  0.00000e+00
f053_sampled        =  -3.67556e-01
f053_input          =  -3.71510e-01
f053_tcomplete      =  2.68755e-05
f054_d7             =  3.60000e+00
f054_d6             =  5.37052e-297
f054_d5             =  3.60000e+00
f054_d4             =  3.60000e+00
f054_d3             =  4.08882e-312
f054_d2             =  5.37052e-297
f054_d1             =  4.08882e-312
f054_d0             =  4.08882e-312
f054_complete       =  3.60000e+00
f054_invalid        =  0.00000e+00
f054_timeout        =  0.00000e+00
f054_sampled        =  6.33300e-01
f054_input          =  6.34679e-01
f054_tcomplete      =  2.73755e-05
f055_d7             =  3.60000e+00
f055_d6             =  3.60000e+00
f055_d5             =  3.60000e+00
f055_d4             =  5.43477e-297
f055_d3             =  4.08882e-312
f055_d2             =  3.60000e+00
f055_d1             =  3.60000e+00
f055_d0             =  4.08882e-312
f055_complete       =  3.60000e+00
f055_invalid        =  0.00000e+00
f055_timeout        =  0.00000e+00
f055_sampled        =  1.35458e+00
f055_input          =  1.35285e+00
f055_tcomplete      =  2.78755e-05
f056_d7             =  3.60000e+00
f056_d6             =  3.60000e+00
f056_d5             =  3.60000e+00
f056_d4             =  4.08882e-312
f056_d3             =  3.60000e+00
f056_d2             =  3.60000e+00
f056_d1             =  3.60000e+00
f056_d0             =  4.08882e-312
f056_complete       =  3.60000e+00
f056_invalid        =  0.00000e+00
f056_timeout        =  0.00000e+00
f056_sampled        =  1.45639e+00
f056_input          =  1.45685e+00
f056_tcomplete      =  2.83755e-05
f057_d7             =  3.60000e+00
f057_d6             =  3.60000e+00
f057_d5             =  5.45125e-297
f057_d4             =  4.08882e-312
f057_d3             =  5.45125e-297
f057_d2             =  3.60000e+00
f057_d1             =  5.45125e-297
f057_d0             =  4.08882e-312
f057_complete       =  3.60000e+00
f057_invalid        =  0.00000e+00
f057_timeout        =  0.00000e+00
f057_sampled        =  9.00375e-01
f057_input          =  8.99472e-01
f057_tcomplete      =  2.88755e-05
f058_d7             =  5.33949e-297
f058_d6             =  3.60000e+00
f058_d5             =  3.60000e+00
f058_d4             =  3.60000e+00
f058_d3             =  3.60000e+00
f058_d2             =  5.33949e-297
f058_d1             =  3.60000e+00
f058_d0             =  3.60000e+00
f058_complete       =  3.60000e+00
f058_invalid        =  0.00000e+00
f058_timeout        =  0.00000e+00
f058_sampled        =  -6.49466e-02
f058_input          =  -6.61866e-02
f058_tcomplete      =  2.93755e-05
f059_d7             =  4.08882e-312
f059_d6             =  5.31106e-297
f059_d5             =  3.60000e+00
f059_d4             =  3.60000e+00
f059_d3             =  5.31106e-297
f059_d2             =  3.60000e+00
f059_d1             =  5.31106e-297
f059_d0             =  3.60000e+00
f059_complete       =  3.60000e+00
f059_invalid        =  0.00000e+00
f059_timeout        =  0.00000e+00
f059_sampled        =  -1.00123e+00
f059_input          =  -1.00194e+00
f059_tcomplete      =  2.98755e-05
f060_d7             =  4.08882e-312
f060_d6             =  4.08882e-312
f060_d5             =  5.29741e-297
f060_d4             =  3.60000e+00
f060_d3             =  4.08882e-312
f060_d2             =  5.29741e-297
f060_d1             =  4.08882e-312
f060_d0             =  3.60000e+00
f060_complete       =  3.60000e+00
f060_invalid        =  0.00000e+00
f060_timeout        =  0.00000e+00
f060_sampled        =  -1.48158e+00
f060_input          =  -1.48276e+00
f060_tcomplete      =  3.03755e-05
f061_d7             =  4.08882e-312
f061_d6             =  4.08882e-312
f061_d5             =  4.08882e-312
f061_d4             =  3.60000e+00
f061_d3             =  3.60000e+00
f061_d2             =  3.60000e+00
f061_d1             =  3.60000e+00
f061_d0             =  3.60000e+00
f061_complete       =  3.60000e+00
f061_invalid        =  0.00000e+00
f061_timeout        =  0.00000e+00
f061_sampled        =  -1.28918e+00
f061_input          =  -1.29037e+00
f061_tcomplete      =  3.08755e-05
f062_d7             =  4.08882e-312
f062_d6             =  3.60000e+00
f062_d5             =  4.08882e-312
f062_d4             =  3.60000e+00
f062_d3             =  3.60000e+00
f062_d2             =  5.30094e-297
f062_d1             =  3.60000e+00
f062_d0             =  5.30094e-297
f062_complete       =  3.60000e+00
f062_invalid        =  0.00000e+00
f062_timeout        =  0.00000e+00
f062_sampled        =  -5.12482e-01
f062_input          =  -5.12195e-01
f062_tcomplete      =  3.13755e-05
f063_d7             =  3.60000e+00
f063_d6             =  5.27191e-297
f063_d5             =  3.60000e+00
f063_d4             =  5.27191e-297
f063_d3             =  5.27191e-297
f063_d2             =  3.60000e+00
f063_d1             =  3.60000e+00
f063_d0             =  4.08882e-312
f063_complete       =  3.60000e+00
f063_invalid        =  0.00000e+00
f063_timeout        =  0.00000e+00
f063_sampled        =  4.98887e-01
f063_input          =  4.98373e-01
f063_tcomplete      =  3.18755e-05
f064_d7             =  3.60000e+00
f064_d6             =  3.60000e+00
f064_d5             =  3.60000e+00
f064_d4             =  4.08882e-312
f064_d3             =  4.08882e-312
f064_d2             =  5.24858e-297
f064_d1             =  5.24858e-297
f064_d0             =  3.60000e+00
f064_complete       =  3.60000e+00
f064_invalid        =  0.00000e+00
f064_timeout        =  0.00000e+00
f064_sampled        =  1.28376e+00
f064_input          =  1.28270e+00
f064_tcomplete      =  3.23755e-05
f065_d7             =  3.60000e+00
f065_d6             =  3.60000e+00
f065_d5             =  3.60000e+00
f065_d4             =  3.60000e+00
f065_d3             =  4.08882e-312
f065_d2             =  4.08882e-312
f065_d1             =  4.08882e-312
f065_d0             =  5.33688e-297
f065_complete       =  3.60000e+00
f065_invalid        =  0.00000e+00
f065_timeout        =  0.00000e+00
f065_sampled        =  1.48337e+00
f065_input          =  1.48471e+00
f065_tcomplete      =  3.28755e-05
f066_d7             =  3.60000e+00
f066_d6             =  3.60000e+00
f066_d5             =  5.31040e-297
f066_d4             =  5.31040e-297
f066_d3             =  3.60000e+00
f066_d2             =  3.60000e+00
f066_d1             =  4.08882e-312
f066_d0             =  3.60000e+00
f066_complete       =  3.60000e+00
f066_invalid        =  0.00000e+00
f066_timeout        =  0.00000e+00
f066_sampled        =  1.01272e+00
f066_input          =  1.01268e+00
f066_tcomplete      =  3.33755e-05
f067_d7             =  3.60000e+00
f067_d6             =  5.32155e-297
f067_d5             =  4.08882e-312
f067_d4             =  4.08882e-312
f067_d3             =  5.32155e-297
f067_d2             =  3.60000e+00
f067_d1             =  3.60000e+00
f067_d0             =  5.32155e-297
f067_complete       =  3.60000e+00
f067_invalid        =  0.00000e+00
f067_timeout        =  0.00000e+00
f067_sampled        =  8.04433e-02
f067_input          =  8.09157e-02
f067_tcomplete      =  3.38755e-05
p_f000_cmp7_p0      =  -1.70730e-06
p_f000_cmp7_n0      =  -1.72103e-06
p_f000_cmp7_p5      =  3.60000e+00
p_f000_cmp7_n5      =  -1.47144e-06
p_f000_cmp6_p0      =  -4.63468e-06
p_f000_cmp6_n0      =  -4.66632e-06
p_f000_cmp6_p5      =  3.60000e+00
p_f000_cmp6_n5      =  -1.72770e-06
p_f000_cmp5_p0      =  -1.83595e-06
p_f000_cmp5_n0      =  -1.85123e-06
p_f000_cmp5_p5      =  3.60000e+00
p_f000_cmp5_n5      =  -1.39598e-06
p_f000_cmp4_p0      =  -1.82250e-06
p_f000_cmp4_n0      =  -1.84020e-06
p_f000_cmp4_p5      =  -1.39877e-06
p_f000_cmp4_n5      =  3.60000e+00
p_f000_cmp3_p0      =  -4.60405e-06
p_f000_cmp3_n0      =  -4.63765e-06
p_f000_cmp3_p5      =  -1.70157e-06
p_f000_cmp3_n5      =  3.60000e+00
p_f000_cmp2_p0      =  -4.53737e-06
p_f000_cmp2_n0      =  -4.56917e-06
p_f000_cmp2_p5      =  -1.70422e-06
p_f000_cmp2_n5      =  3.60000e+00
p_f000_cmp1_p0      =  -1.80867e-06
p_f000_cmp1_n0      =  -1.82428e-06
p_f000_cmp1_p5      =  -1.39594e-06
p_f000_cmp1_n5      =  3.60000e+00
p_f000_cmp0_p0      =  -4.61497e-06
p_f000_cmp0_n0      =  -4.64570e-06
p_f000_cmp0_p5      =  3.60000e+00
p_f000_cmp0_n5      =  -1.71440e-06
p_f000_dctrl7_p     =  3.60001e+00
p_f000_dctrl7_n     =  3.34167e-01
p_f000_dctrl6_p     =  3.57238e+00
p_f000_dctrl6_n     =  1.28587e-06
p_f000_dctrl5_p     =  3.59977e+00
p_f000_dctrl5_n     =  -1.24162e-06
p_f000_dctrl4_p     =  -8.72559e-08
p_f000_dctrl4_n     =  3.59999e+00
p_f000_dctrl3_p     =  -1.76505e-08
p_f000_dctrl3_n     =  3.59999e+00
p_f000_dctrl2_p     =  -8.35819e-09
p_f000_dctrl2_n     =  3.59999e+00
p_f000_dctrl1_p     =  -4.02534e-09
p_f000_dctrl1_n     =  3.59999e+00
p_f000_do7_drv_470  =  3.60000e+00
p_f000_do7_rx_470   =  3.60000e+00
p_f000_do6_drv_470  =  3.60000e+00
p_f000_do6_rx_470   =  3.60000e+00
p_f000_do5_drv_470  =  3.60000e+00
p_f000_do5_rx_470   =  3.60000e+00
p_f000_do4_drv_470  =  0.00000e+00
p_f000_do4_rx_470   =  0.00000e+00
p_f000_do3_drv_470  =  0.00000e+00
p_f000_do3_rx_470   =  0.00000e+00
p_f000_do2_drv_470  =  0.00000e+00
p_f000_do2_rx_470   =  0.00000e+00
p_f000_do1_drv_470  =  0.00000e+00
p_f000_do1_rx_470   =  0.00000e+00
p_f000_do0_drv_470  =  3.60000e+00
p_f000_do0_rx_470   =  3.60000e+00
p_f000_do7_drv_480  =  3.60000e+00
p_f000_do7_rx_480   =  3.60000e+00
p_f000_do6_drv_480  =  3.60000e+00
p_f000_do6_rx_480   =  3.60000e+00
p_f000_do5_drv_480  =  3.60000e+00
p_f000_do5_rx_480   =  3.60000e+00
p_f000_do4_drv_480  =  0.00000e+00
p_f000_do4_rx_480   =  0.00000e+00
p_f000_do3_drv_480  =  0.00000e+00
p_f000_do3_rx_480   =  0.00000e+00
p_f000_do2_drv_480  =  0.00000e+00
p_f000_do2_rx_480   =  0.00000e+00
p_f000_do1_drv_480  =  0.00000e+00
p_f000_do1_rx_480   =  0.00000e+00
p_f000_do0_drv_480  =  3.60000e+00
p_f000_do0_rx_480   =  3.60000e+00
p_f001_cmp7_p0      =  -1.73354e-06
p_f001_cmp7_n0      =  -1.74830e-06
p_f001_cmp7_p5      =  3.60000e+00
p_f001_cmp7_n5      =  -1.49186e-06
p_f001_cmp6_p0      =  -4.78692e-06
p_f001_cmp6_n0      =  -4.81825e-06
p_f001_cmp6_p5      =  3.60000e+00
p_f001_cmp6_n5      =  -1.73460e-06
p_f001_cmp5_p0      =  -1.84346e-06
p_f001_cmp5_n0      =  -1.85668e-06
p_f001_cmp5_p5      =  3.60000e+00
p_f001_cmp5_n5      =  -1.41010e-06
p_f001_cmp4_p0      =  -1.79191e-06
p_f001_cmp4_n0      =  -1.80738e-06
p_f001_cmp4_p5      =  3.60000e+00
p_f001_cmp4_n5      =  -1.39935e-06
p_f001_cmp3_p0      =  -4.68682e-06
p_f001_cmp3_n0      =  -4.71848e-06
p_f001_cmp3_p5      =  -1.71461e-06
p_f001_cmp3_n5      =  3.60000e+00
p_f001_cmp2_p0      =  -4.68553e-06
p_f001_cmp2_n0      =  -4.71708e-06
p_f001_cmp2_p5      =  -1.71211e-06
p_f001_cmp2_n5      =  3.60000e+00
p_f001_cmp1_p0      =  -1.77153e-06
p_f001_cmp1_n0      =  -1.78720e-06
p_f001_cmp1_p5      =  -1.39960e-06
p_f001_cmp1_n5      =  3.60000e+00
p_f001_cmp0_p0      =  -4.73309e-06
p_f001_cmp0_n0      =  -4.76332e-06
p_f001_cmp0_p5      =  -1.71634e-06
p_f001_cmp0_n5      =  3.60000e+00
p_f001_dctrl7_p     =  3.60001e+00
p_f001_dctrl7_n     =  3.34278e-01
p_f001_dctrl6_p     =  3.57236e+00
p_f001_dctrl6_n     =  1.60606e-06
p_f001_dctrl5_p     =  3.59977e+00
p_f001_dctrl5_n     =  -1.08144e-06
p_f001_dctrl4_p     =  3.59999e+00
p_f001_dctrl4_n     =  -1.03596e-07
p_f001_dctrl3_p     =  -1.77428e-08
p_f001_dctrl3_n     =  3.59999e+00
p_f001_dctrl2_p     =  -8.28294e-09
p_f001_dctrl2_n     =  3.59999e+00
p_f001_dctrl1_p     =  -3.97706e-09
p_f001_dctrl1_n     =  3.59999e+00
p_f001_do7_drv_470  =  3.60000e+00
p_f001_do7_rx_470   =  3.60000e+00
p_f001_do6_drv_470  =  3.60000e+00
p_f001_do6_rx_470   =  3.60000e+00
p_f001_do5_drv_470  =  3.60000e+00
p_f001_do5_rx_470   =  3.60000e+00
p_f001_do4_drv_470  =  3.60000e+00
p_f001_do4_rx_470   =  3.60000e+00
p_f001_do3_drv_470  =  0.00000e+00
p_f001_do3_rx_470   =  0.00000e+00
p_f001_do2_drv_470  =  0.00000e+00
p_f001_do2_rx_470   =  0.00000e+00
p_f001_do1_drv_470  =  0.00000e+00
p_f001_do1_rx_470   =  0.00000e+00
p_f001_do0_drv_470  =  0.00000e+00
p_f001_do0_rx_470   =  1.52013e-268
p_f001_do7_drv_480  =  3.60000e+00
p_f001_do7_rx_480   =  3.60000e+00
p_f001_do6_drv_480  =  3.60000e+00
p_f001_do6_rx_480   =  3.60000e+00
p_f001_do5_drv_480  =  3.60000e+00
p_f001_do5_rx_480   =  3.60000e+00
p_f001_do4_drv_480  =  3.60000e+00
p_f001_do4_rx_480   =  3.60000e+00
p_f001_do3_drv_480  =  0.00000e+00
p_f001_do3_rx_480   =  0.00000e+00
p_f001_do2_drv_480  =  0.00000e+00
p_f001_do2_rx_480   =  0.00000e+00
p_f001_do1_drv_480  =  0.00000e+00
p_f001_do1_rx_480   =  0.00000e+00
p_f001_do0_drv_480  =  0.00000e+00
p_f001_do0_rx_480   =  5.33700e-297
p_f002_cmp7_p0      =  -1.69835e-06
p_f002_cmp7_n0      =  -1.71340e-06
p_f002_cmp7_p5      =  3.60000e+00
p_f002_cmp7_n5      =  -1.47588e-06
p_f002_cmp6_p0      =  -4.77558e-06
p_f002_cmp6_n0      =  -4.80691e-06
p_f002_cmp6_p5      =  3.60000e+00
p_f002_cmp6_n5      =  -1.73408e-06
p_f002_cmp5_p0      =  -1.84911e-06
p_f002_cmp5_n0      =  -1.86785e-06
p_f002_cmp5_p5      =  -1.40672e-06
p_f002_cmp5_n5      =  3.60000e+00
p_f002_cmp4_p0      =  -1.79250e-06
p_f002_cmp4_n0      =  -1.80848e-06
p_f002_cmp4_p5      =  -1.39946e-06
p_f002_cmp4_n5      =  3.60000e+00
p_f002_cmp3_p0      =  -4.68649e-06
p_f002_cmp3_n0      =  -4.71819e-06
p_f002_cmp3_p5      =  3.60000e+00
p_f002_cmp3_n5      =  -1.71776e-06
p_f002_cmp2_p0      =  -4.68528e-06
p_f002_cmp2_n0      =  -4.71701e-06
p_f002_cmp2_p5      =  3.60000e+00
p_f002_cmp2_n5      =  -1.71398e-06
p_f002_cmp1_p0      =  -1.77149e-06
p_f002_cmp1_n0      =  -1.78714e-06
p_f002_cmp1_p5      =  -1.39779e-06
p_f002_cmp1_n5      =  3.60000e+00
p_f002_cmp0_p0      =  -4.83307e-06
p_f002_cmp0_n0      =  -4.86723e-06
p_f002_cmp0_p5      =  3.60000e+00
p_f002_cmp0_n5      =  -1.70857e-06
p_f002_dctrl7_p     =  3.60001e+00
p_f002_dctrl7_n     =  3.34275e-01
p_f002_dctrl6_p     =  3.57236e+00
p_f002_dctrl6_n     =  7.64538e-07
p_f002_dctrl5_p     =  -8.71572e-07
p_f002_dctrl5_n     =  3.59977e+00
p_f002_dctrl4_p     =  -9.87705e-08
p_f002_dctrl4_n     =  3.59999e+00
p_f002_dctrl3_p     =  3.59999e+00
p_f002_dctrl3_n     =  -1.73221e-08
p_f002_dctrl2_p     =  3.59999e+00
p_f002_dctrl2_n     =  -8.46184e-09
p_f002_dctrl1_p     =  -4.00502e-09
p_f002_dctrl1_n     =  3.59999e+00
p_f002_do7_drv_470  =  3.60000e+00
p_f002_do7_rx_470   =  3.60000e+00
p_f002_do6_drv_470  =  3.60000e+00
p_f002_do6_rx_470   =  3.60000e+00
p_f002_do5_drv_470  =  0.00000e+00
p_f002_do5_rx_470   =  1.49754e-268
p_f002_do4_drv_470  =  0.00000e+00
p_f002_do4_rx_470   =  1.49754e-268
p_f002_do3_drv_470  =  3.60000e+00
p_f002_do3_rx_470   =  3.60000e+00
p_f002_do2_drv_470  =  3.60000e+00
p_f002_do2_rx_470   =  3.60000e+00
p_f002_do1_drv_470  =  0.00000e+00
p_f002_do1_rx_470   =  0.00000e+00
p_f002_do0_drv_470  =  3.60000e+00
p_f002_do0_rx_470   =  3.60000e+00
p_f002_do7_drv_480  =  3.60000e+00
p_f002_do7_rx_480   =  3.60000e+00
p_f002_do6_drv_480  =  3.60000e+00
p_f002_do6_rx_480   =  3.60000e+00
p_f002_do5_drv_480  =  0.00000e+00
p_f002_do5_rx_480   =  5.25769e-297
p_f002_do4_drv_480  =  0.00000e+00
p_f002_do4_rx_480   =  5.25769e-297
p_f002_do3_drv_480  =  3.60000e+00
p_f002_do3_rx_480   =  3.60000e+00
p_f002_do2_drv_480  =  3.60000e+00
p_f002_do2_rx_480   =  3.60000e+00
p_f002_do1_drv_480  =  0.00000e+00
p_f002_do1_rx_480   =  0.00000e+00
p_f002_do0_drv_480  =  3.60000e+00
p_f002_do0_rx_480   =  3.60000e+00
p_f003_cmp7_p0      =  -1.60366e-06
p_f003_cmp7_n0      =  -1.61857e-06
p_f003_cmp7_p5      =  3.60000e+00
p_f003_cmp7_n5      =  -1.48163e-06
p_f003_cmp6_p0      =  -4.84275e-06
p_f003_cmp6_n0      =  -4.87611e-06
p_f003_cmp6_p5      =  -1.73965e-06
p_f003_cmp6_n5      =  3.60000e+00
p_f003_cmp5_p0      =  -1.80392e-06
p_f003_cmp5_n0      =  -1.82262e-06
p_f003_cmp5_p5      =  -1.40558e-06
p_f003_cmp5_n5      =  3.60000e+00
p_f003_cmp4_p0      =  -1.79517e-06
p_f003_cmp4_n0      =  -1.81228e-06
p_f003_cmp4_p5      =  -1.40708e-06
p_f003_cmp4_n5      =  3.60000e+00
p_f003_cmp3_p0      =  -4.76005e-06
p_f003_cmp3_n0      =  -4.79153e-06
p_f003_cmp3_p5      =  -1.71108e-06
p_f003_cmp3_n5      =  3.60000e+00
p_f003_cmp2_p0      =  -4.75950e-06
p_f003_cmp2_n0      =  -4.79105e-06
p_f003_cmp2_p5      =  3.60000e+00
p_f003_cmp2_n5      =  -1.71991e-06
p_f003_cmp1_p0      =  -1.76610e-06
p_f003_cmp1_n0      =  -1.78167e-06
p_f003_cmp1_p5      =  3.60000e+00
p_f003_cmp1_n5      =  -1.40595e-06
p_f003_cmp0_p0      =  -4.83272e-06
p_f003_cmp0_n0      =  -4.86411e-06
p_f003_cmp0_p5      =  3.60000e+00
p_f003_cmp0_n5      =  -1.71801e-06
p_f003_dctrl7_p     =  3.60002e+00
p_f003_dctrl7_n     =  3.34325e-01
p_f003_dctrl6_p     =  1.95541e-05
p_f003_dctrl6_n     =  3.57236e+00
p_f003_dctrl5_p     =  -9.02011e-07
p_f003_dctrl5_n     =  3.59977e+00
p_f003_dctrl4_p     =  -9.10975e-08
p_f003_dctrl4_n     =  3.59999e+00
p_f003_dctrl3_p     =  -1.89836e-08
p_f003_dctrl3_n     =  3.59999e+00
p_f003_dctrl2_p     =  3.59999e+00
p_f003_dctrl2_n     =  -8.13158e-09
p_f003_dctrl1_p     =  3.59999e+00
p_f003_dctrl1_n     =  -3.87259e-09
p_f003_do7_drv_470  =  3.60000e+00
p_f003_do7_rx_470   =  3.60000e+00
p_f003_do6_drv_470  =  0.00000e+00
p_f003_do6_rx_470   =  1.52130e-268
p_f003_do5_drv_470  =  0.00000e+00
p_f003_do5_rx_470   =  4.08882e-312
p_f003_do4_drv_470  =  0.00000e+00
p_f003_do4_rx_470   =  4.08882e-312
p_f003_do3_drv_470  =  0.00000e+00
p_f003_do3_rx_470   =  1.52130e-268
p_f003_do2_drv_470  =  3.60000e+00
p_f003_do2_rx_470   =  3.60000e+00
p_f003_do1_drv_470  =  3.60000e+00
p_f003_do1_rx_470   =  3.60000e+00
p_f003_do0_drv_470  =  3.60000e+00
p_f003_do0_rx_470   =  3.60000e+00
p_f003_do7_drv_480  =  3.60000e+00
p_f003_do7_rx_480   =  3.60000e+00
p_f003_do6_drv_480  =  0.00000e+00
p_f003_do6_rx_480   =  5.34110e-297
p_f003_do5_drv_480  =  0.00000e+00
p_f003_do5_rx_480   =  4.08882e-312
p_f003_do4_drv_480  =  0.00000e+00
p_f003_do4_rx_480   =  4.08882e-312
p_f003_do3_drv_480  =  0.00000e+00
p_f003_do3_rx_480   =  5.34110e-297
p_f003_do2_drv_480  =  3.60000e+00
p_f003_do2_rx_480   =  3.60000e+00
p_f003_do1_drv_480  =  3.60000e+00
p_f003_do1_rx_480   =  3.60000e+00
p_f003_do0_drv_480  =  3.60000e+00
p_f003_do0_rx_480   =  3.60000e+00
p_f064_cmp7_p0      =  -1.68659e-06
p_f064_cmp7_n0      =  -1.70118e-06
p_f064_cmp7_p5      =  3.60000e+00
p_f064_cmp7_n5      =  -1.48542e-06
p_f064_cmp6_p0      =  -4.92934e-06
p_f064_cmp6_n0      =  -4.96022e-06
p_f064_cmp6_p5      =  3.60000e+00
p_f064_cmp6_n5      =  -1.74189e-06
p_f064_cmp5_p0      =  -1.85498e-06
p_f064_cmp5_n0      =  -1.86977e-06
p_f064_cmp5_p5      =  3.60000e+00
p_f064_cmp5_n5      =  -1.38597e-06
p_f064_cmp4_p0      =  -1.79731e-06
p_f064_cmp4_n0      =  -1.81508e-06
p_f064_cmp4_p5      =  -1.41243e-06
p_f064_cmp4_n5      =  3.60000e+00
p_f064_cmp3_p0      =  -4.24263e-06
p_f064_cmp3_n0      =  -4.27491e-06
p_f064_cmp3_p5      =  -1.69268e-06
p_f064_cmp3_n5      =  3.60000e+00
p_f064_cmp2_p0      =  -4.83349e-06
p_f064_cmp2_n0      =  -4.86482e-06
p_f064_cmp2_p5      =  -1.71795e-06
p_f064_cmp2_n5      =  3.60000e+00
p_f064_cmp1_p0      =  -1.78369e-06
p_f064_cmp1_n0      =  -1.79884e-06
p_f064_cmp1_p5      =  -1.38897e-06
p_f064_cmp1_n5      =  3.60000e+00
p_f064_cmp0_p0      =  -4.23938e-06
p_f064_cmp0_n0      =  -4.27198e-06
p_f064_cmp0_p5      =  3.60000e+00
p_f064_cmp0_n5      =  -1.69204e-06
p_f064_dctrl7_p     =  3.60001e+00
p_f064_dctrl7_n     =  3.34167e-01
p_f064_dctrl6_p     =  3.57236e+00
p_f064_dctrl6_n     =  1.28701e-06
p_f064_dctrl5_p     =  3.59977e+00
p_f064_dctrl5_n     =  -1.24223e-06
p_f064_dctrl4_p     =  -8.72143e-08
p_f064_dctrl4_n     =  3.59999e+00
p_f064_dctrl3_p     =  -1.75984e-08
p_f064_dctrl3_n     =  3.59999e+00
p_f064_dctrl2_p     =  -8.37505e-09
p_f064_dctrl2_n     =  3.59999e+00
p_f064_dctrl1_p     =  -4.02030e-09
p_f064_dctrl1_n     =  3.59999e+00
p_f064_do7_drv_470  =  3.60000e+00
p_f064_do7_rx_470   =  3.60000e+00
p_f064_do6_drv_470  =  3.60000e+00
p_f064_do6_rx_470   =  3.60000e+00
p_f064_do5_drv_470  =  3.60000e+00
p_f064_do5_rx_470   =  3.60000e+00
p_f064_do4_drv_470  =  0.00000e+00
p_f064_do4_rx_470   =  4.08882e-312
p_f064_do3_drv_470  =  0.00000e+00
p_f064_do3_rx_470   =  4.08882e-312
p_f064_do2_drv_470  =  0.00000e+00
p_f064_do2_rx_470   =  1.49495e-268
p_f064_do1_drv_470  =  0.00000e+00
p_f064_do1_rx_470   =  1.49495e-268
p_f064_do0_drv_470  =  3.60000e+00
p_f064_do0_rx_470   =  3.60000e+00
p_f064_do7_drv_480  =  3.60000e+00
p_f064_do7_rx_480   =  3.60000e+00
p_f064_do6_drv_480  =  3.60000e+00
p_f064_do6_rx_480   =  3.60000e+00
p_f064_do5_drv_480  =  3.60000e+00
p_f064_do5_rx_480   =  3.60000e+00
p_f064_do4_drv_480  =  0.00000e+00
p_f064_do4_rx_480   =  4.08882e-312
p_f064_do3_drv_480  =  0.00000e+00
p_f064_do3_rx_480   =  4.08882e-312
p_f064_do2_drv_480  =  0.00000e+00
p_f064_do2_rx_480   =  5.24858e-297
p_f064_do1_drv_480  =  0.00000e+00
p_f064_do1_rx_480   =  5.24858e-297
p_f064_do0_drv_480  =  3.60000e+00
p_f064_do0_rx_480   =  3.60000e+00
p_f065_cmp7_p0      =  -1.70974e-06
p_f065_cmp7_n0      =  -1.72523e-06
p_f065_cmp7_p5      =  3.60000e+00
p_f065_cmp7_n5      =  -1.50546e-06
p_f065_cmp6_p0      =  -5.08124e-06
p_f065_cmp6_n0      =  -5.11180e-06
p_f065_cmp6_p5      =  3.60000e+00
p_f065_cmp6_n5      =  -1.74904e-06
p_f065_cmp5_p0      =  -1.86368e-06
p_f065_cmp5_n0      =  -1.87607e-06
p_f065_cmp5_p5      =  3.60000e+00
p_f065_cmp5_n5      =  -1.40004e-06
p_f065_cmp4_p0      =  -1.76765e-06
p_f065_cmp4_n0      =  -1.78377e-06
p_f065_cmp4_p5      =  3.60000e+00
p_f065_cmp4_n5      =  -1.41305e-06
p_f065_cmp3_p0      =  -4.39079e-06
p_f065_cmp3_n0      =  -4.42286e-06
p_f065_cmp3_p5      =  -1.70017e-06
p_f065_cmp3_n5      =  3.60000e+00
p_f065_cmp2_p0      =  -4.98170e-06
p_f065_cmp2_n0      =  -5.01277e-06
p_f065_cmp2_p5      =  -1.72630e-06
p_f065_cmp2_n5      =  3.60000e+00
p_f065_cmp1_p0      =  -1.77724e-06
p_f065_cmp1_n0      =  -1.79279e-06
p_f065_cmp1_p5      =  -1.39624e-06
p_f065_cmp1_n5      =  3.60000e+00
p_f065_cmp0_p0      =  -4.41754e-06
p_f065_cmp0_n0      =  -4.45002e-06
p_f065_cmp0_p5      =  -1.73561e-06
p_f065_cmp0_n5      =  3.60000e+00
p_f065_dctrl7_p     =  3.60001e+00
p_f065_dctrl7_n     =  3.34278e-01
p_f065_dctrl6_p     =  3.57234e+00
p_f065_dctrl6_n     =  1.59988e-06
p_f065_dctrl5_p     =  3.59977e+00
p_f065_dctrl5_n     =  -1.08442e-06
p_f065_dctrl4_p     =  3.59999e+00
p_f065_dctrl4_n     =  -1.03762e-07
p_f065_dctrl3_p     =  -1.77348e-08
p_f065_dctrl3_n     =  3.59999e+00
p_f065_dctrl2_p     =  -8.25185e-09
p_f065_dctrl2_n     =  3.59999e+00
p_f065_dctrl1_p     =  -3.97422e-09
p_f065_dctrl1_n     =  3.59999e+00
p_f065_do7_drv_470  =  3.60000e+00
p_f065_do7_rx_470   =  3.60000e+00
p_f065_do6_drv_470  =  3.60000e+00
p_f065_do6_rx_470   =  3.60000e+00
p_f065_do5_drv_470  =  3.60000e+00
p_f065_do5_rx_470   =  3.60000e+00
p_f065_do4_drv_470  =  3.60000e+00
p_f065_do4_rx_470   =  3.60000e+00
p_f065_do3_drv_470  =  0.00000e+00
p_f065_do3_rx_470   =  4.08882e-312
p_f065_do2_drv_470  =  0.00000e+00
p_f065_do2_rx_470   =  4.08882e-312
p_f065_do1_drv_470  =  0.00000e+00
p_f065_do1_rx_470   =  4.08882e-312
p_f065_do0_drv_470  =  0.00000e+00
p_f065_do0_rx_470   =  1.52010e-268
p_f065_do7_drv_480  =  3.60000e+00
p_f065_do7_rx_480   =  3.60000e+00
p_f065_do6_drv_480  =  3.60000e+00
p_f065_do6_rx_480   =  3.60000e+00
p_f065_do5_drv_480  =  3.60000e+00
p_f065_do5_rx_480   =  3.60000e+00
p_f065_do4_drv_480  =  3.60000e+00
p_f065_do4_rx_480   =  3.60000e+00
p_f065_do3_drv_480  =  0.00000e+00
p_f065_do3_rx_480   =  4.08882e-312
p_f065_do2_drv_480  =  0.00000e+00
p_f065_do2_rx_480   =  4.08882e-312
p_f065_do1_drv_480  =  0.00000e+00
p_f065_do1_rx_480   =  4.08882e-312
p_f065_do0_drv_480  =  0.00000e+00
p_f065_do0_rx_480   =  5.33688e-297
p_f066_cmp7_p0      =  -1.67707e-06
p_f066_cmp7_n0      =  -1.69276e-06
p_f066_cmp7_p5      =  3.60000e+00
p_f066_cmp7_n5      =  -1.48990e-06
p_f066_cmp6_p0      =  -5.07071e-06
p_f066_cmp6_n0      =  -5.10132e-06
p_f066_cmp6_p5      =  3.60000e+00
p_f066_cmp6_n5      =  -1.74846e-06
p_f066_cmp5_p0      =  -1.86907e-06
p_f066_cmp5_n0      =  -1.88783e-06
p_f066_cmp5_p5      =  -1.39729e-06
p_f066_cmp5_n5      =  3.60000e+00
p_f066_cmp4_p0      =  -1.76869e-06
p_f066_cmp4_n0      =  -1.78518e-06
p_f066_cmp4_p5      =  -1.41331e-06
p_f066_cmp4_n5      =  3.60000e+00
p_f066_cmp3_p0      =  -4.39029e-06
p_f066_cmp3_n0      =  -4.42262e-06
p_f066_cmp3_p5      =  3.60000e+00
p_f066_cmp3_n5      =  -1.70318e-06
p_f066_cmp2_p0      =  -4.98154e-06
p_f066_cmp2_n0      =  -5.01270e-06
p_f066_cmp2_p5      =  3.60000e+00
p_f066_cmp2_n5      =  -1.72824e-06
p_f066_cmp1_p0      =  -1.77714e-06
p_f066_cmp1_n0      =  -1.79264e-06
p_f066_cmp1_p5      =  -1.39408e-06
p_f066_cmp1_n5      =  3.60000e+00
p_f066_cmp0_p0      =  -4.38600e-06
p_f066_cmp0_n0      =  -4.41818e-06
p_f066_cmp0_p5      =  3.60000e+00
p_f066_cmp0_n5      =  -1.69885e-06
p_f066_dctrl7_p     =  3.60001e+00
p_f066_dctrl7_n     =  3.34275e-01
p_f066_dctrl6_p     =  3.57234e+00
p_f066_dctrl6_n     =  7.69846e-07
p_f066_dctrl5_p     =  -8.69924e-07
p_f066_dctrl5_n     =  3.59977e+00
p_f066_dctrl4_p     =  -9.87112e-08
p_f066_dctrl4_n     =  3.59999e+00
p_f066_dctrl3_p     =  3.59999e+00
p_f066_dctrl3_n     =  -1.73202e-08
p_f066_dctrl2_p     =  3.59999e+00
p_f066_dctrl2_n     =  -8.41404e-09
p_f066_dctrl1_p     =  -4.01710e-09
p_f066_dctrl1_n     =  3.59999e+00
p_f066_do7_drv_470  =  3.60000e+00
p_f066_do7_rx_470   =  3.60000e+00
p_f066_do6_drv_470  =  3.60000e+00
p_f066_do6_rx_470   =  3.60000e+00
p_f066_do5_drv_470  =  0.00000e+00
p_f066_do5_rx_470   =  1.51256e-268
p_f066_do4_drv_470  =  0.00000e+00
p_f066_do4_rx_470   =  1.51256e-268
p_f066_do3_drv_470  =  3.60000e+00
p_f066_do3_rx_470   =  3.60000e+00
p_f066_do2_drv_470  =  3.60000e+00
p_f066_do2_rx_470   =  3.60000e+00
p_f066_do1_drv_470  =  0.00000e+00
p_f066_do1_rx_470   =  4.08882e-312
p_f066_do0_drv_470  =  3.60000e+00
p_f066_do0_rx_470   =  3.60000e+00
p_f066_do7_drv_480  =  3.60000e+00
p_f066_do7_rx_480   =  3.60000e+00
p_f066_do6_drv_480  =  3.60000e+00
p_f066_do6_rx_480   =  3.60000e+00
p_f066_do5_drv_480  =  0.00000e+00
p_f066_do5_rx_480   =  5.31040e-297
p_f066_do4_drv_480  =  0.00000e+00
p_f066_do4_rx_480   =  5.31040e-297
p_f066_do3_drv_480  =  3.60000e+00
p_f066_do3_rx_480   =  3.60000e+00
p_f066_do2_drv_480  =  3.60000e+00
p_f066_do2_rx_480   =  3.60000e+00
p_f066_do1_drv_480  =  0.00000e+00
p_f066_do1_rx_480   =  4.08882e-312
p_f066_do0_drv_480  =  3.60000e+00
p_f066_do0_rx_480   =  3.60000e+00
p_f067_cmp7_p0      =  -1.58929e-06
p_f067_cmp7_n0      =  -1.60484e-06
p_f067_cmp7_p5      =  3.60000e+00
p_f067_cmp7_n5      =  -1.49594e-06
p_f067_cmp6_p0      =  -5.22337e-06
p_f067_cmp6_n0      =  -5.25749e-06
p_f067_cmp6_p5      =  -1.74564e-06
p_f067_cmp6_n5      =  3.60000e+00
p_f067_cmp5_p0      =  -1.90480e-06
p_f067_cmp5_n0      =  -1.92386e-06
p_f067_cmp5_p5      =  -1.40724e-06
p_f067_cmp5_n5      =  3.60000e+00
p_f067_cmp4_p0      =  -1.77107e-06
p_f067_cmp4_n0      =  -1.78844e-06
p_f067_cmp4_p5      =  -1.42038e-06
p_f067_cmp4_n5      =  3.60000e+00
p_f067_cmp3_p0      =  -4.46392e-06
p_f067_cmp3_n0      =  -4.49593e-06
p_f067_cmp3_p5      =  -1.69676e-06
p_f067_cmp3_n5      =  3.60000e+00
p_f067_cmp2_p0      =  -5.05572e-06
p_f067_cmp2_n0      =  -5.08668e-06
p_f067_cmp2_p5      =  3.60000e+00
p_f067_cmp2_n5      =  -1.73437e-06
p_f067_cmp1_p0      =  -1.77173e-06
p_f067_cmp1_n0      =  -1.78717e-06
p_f067_cmp1_p5      =  3.60000e+00
p_f067_cmp1_n5      =  -1.40182e-06
p_f067_cmp0_p0      =  -4.46241e-06
p_f067_cmp0_n0      =  -4.49446e-06
p_f067_cmp0_p5      =  -1.68736e-06
p_f067_cmp0_n5      =  3.60000e+00
p_f067_dctrl7_p     =  3.60002e+00
p_f067_dctrl7_n     =  3.34325e-01
p_f067_dctrl6_p     =  1.95682e-05
p_f067_dctrl6_n     =  3.57234e+00
p_f067_dctrl5_p     =  -8.98752e-07
p_f067_dctrl5_n     =  3.59977e+00
p_f067_dctrl4_p     =  -9.11815e-08
p_f067_dctrl4_n     =  3.59999e+00
p_f067_dctrl3_p     =  -1.89824e-08
p_f067_dctrl3_n     =  3.59999e+00
p_f067_dctrl2_p     =  3.59999e+00
p_f067_dctrl2_n     =  -8.13154e-09
p_f067_dctrl1_p     =  3.59999e+00
p_f067_dctrl1_n     =  -3.89840e-09
p_f067_do7_drv_470  =  3.60000e+00
p_f067_do7_rx_470   =  3.60000e+00
p_f067_do6_drv_470  =  0.00000e+00
p_f067_do6_rx_470   =  1.51573e-268
p_f067_do5_drv_470  =  0.00000e+00
p_f067_do5_rx_470   =  4.08882e-312
p_f067_do4_drv_470  =  0.00000e+00
p_f067_do4_rx_470   =  4.08882e-312
p_f067_do3_drv_470  =  0.00000e+00
p_f067_do3_rx_470   =  1.51573e-268
p_f067_do2_drv_470  =  3.60000e+00
p_f067_do2_rx_470   =  3.60000e+00
p_f067_do1_drv_470  =  3.60000e+00
p_f067_do1_rx_470   =  3.60000e+00
p_f067_do0_drv_470  =  0.00000e+00
p_f067_do0_rx_470   =  1.51573e-268
p_f067_do7_drv_480  =  3.60000e+00
p_f067_do7_rx_480   =  3.60000e+00
p_f067_do6_drv_480  =  0.00000e+00
p_f067_do6_rx_480   =  5.32155e-297
p_f067_do5_drv_480  =  0.00000e+00
p_f067_do5_rx_480   =  4.08882e-312
p_f067_do4_drv_480  =  0.00000e+00
p_f067_do4_rx_480   =  4.08882e-312
p_f067_do3_drv_480  =  0.00000e+00
p_f067_do3_rx_480   =  5.32155e-297
p_f067_do2_drv_480  =  3.60000e+00
p_f067_do2_rx_480   =  3.60000e+00
p_f067_do1_drv_480  =  3.60000e+00
p_f067_do1_rx_480   =  3.60000e+00
p_f067_do0_drv_480  =  0.00000e+00
p_f067_do0_rx_480   =  5.32155e-297
ngspice-46 done
