
Note: Compatibility modes selected: hs a

Warning: m=xx on .subckt line will override multiplier m hierarchy!


Circuit: * a44 actual analog core with fixed tt timed behavioral sar control.

Reducing trtol to 1 for xspice 'A' devices
Doing analysis at TEMP = -40.000000 and TNOM = 27.000000

Using SPARSE 1.3 as Direct Linear Solver

Initial Transient Solution
--------------------------

Node                                   Voltage
----                                   -------
legacy_rng_burn_01                           0
legacy_rng_burn_02                           0
legacy_rng_burn_03                           0
legacy_rng_burn_04                           0
legacy_rng_burn_05                           0
legacy_rng_burn_06                           0
legacy_rng_burn_07                           0
legacy_rng_burn_08                           0
legacy_rng_burn_09                           0
legacy_rng_burn_10                           0
legacy_rng_burn_11                           0
legacy_rng_burn_12                           0
legacy_rng_burn_13                           0
legacy_rng_burn_14                           0
legacy_rng_burn_15                           0
legacy_rng_burn_16                           0
legacy_rng_burn_17                           0
legacy_rng_burn_18                           0
legacy_rng_burn_19                           0
vdd                                        3.6
vrefp_src                                  2.5
vrefp                                      2.5
vrefp_cap                                  2.5
vrefn_src                                  0.8
vrefn                                      0.8
vrefn_cap                                  0.8
vinp_src                               2.29144
vinn_src                               1.00856
vinp                                   2.29144
vinn                                   1.00856
clks_src                                     0
clks                                         0
cmp_noise                          -0.00158666
xcore.xcdacp.vbot1                         2.5
dctrlp1                                      0
xcore.vresp_raw                    0.000395942
xcore.xcdacp.vbot2                         2.5
dctrlp2                                      0
xcore.xcdacp.vbot3                         2.5
dctrlp3                                      0
xcore.xcdacp.vbot4                         2.5
dctrlp4                                      0
xcore.xcdacp.vbot5                         2.5
dctrlp5                                      0
xcore.xcdacp.vbot6                         2.5
dctrlp6                                      0
xcore.xcdacp.vbot7                         2.5
dctrlp7                                      0
xcore.xcdacp.x1.clksb                      3.6
xcore.xcdacp.x1.net2               5.10928e-12
xcore.xcdacp.x1.net1                       3.6
xcore.xcdacp.x1.bottom_gate        4.61936e-09
xcore.xcdacp.x1.net4               2.30656e-09
xcore.xcdacp.x1.net3                       3.6
xcore.xcdacn.vbot1                         2.5
dctrln1                                      0
xcore.vresn_raw                   -0.000153483
xcore.xcdacn.vbot2                         2.5
dctrln2                                      0
xcore.xcdacn.vbot3                         2.5
dctrln3                                      0
xcore.xcdacn.vbot4                         2.5
dctrln4                                      0
xcore.xcdacn.vbot5                         2.5
dctrln5                                      0
xcore.xcdacn.vbot6                         2.5
dctrln6                                      0
xcore.xcdacn.vbot7                         2.5
dctrln7                                      0
xcore.xcdacn.x1.clksb                      3.6
xcore.xcdacn.x1.net2               5.82867e-12
xcore.xcdacn.x1.net1                       3.6
xcore.xcdacn.x1.bottom_gate        4.60815e-09
xcore.xcdacn.x1.net4                2.3037e-09
xcore.xcdacn.x1.net3                       3.6
vresp                             -0.000397387
vresn                              0.000639846
xcore.xcmp.net1                     0.00360139
cmpck                                        0
xcore.xcmp.xp                              3.6
xcore.xcmp.xn                              3.6
xcore.xcmp.ln                              3.6
xcore.xcmp.lp                              3.6
dcmpn                              3.75027e-09
dcmpp                              3.68712e-09
sampled_diff                       -0.00103723
input_diff                             1.28289
cmpck_drv                                    0
dctrlp7_drv                                  0
dctrlp6_drv                                  0
dctrlp5_drv                                  0
dctrlp4_drv                                  0
dctrlp3_drv                                  0
dctrlp2_drv                                  0
dctrlp1_drv                                  0
dctrln7_drv                                  0
dctrln6_drv                                  0
dctrln5_drv                                  0
dctrln4_drv                                  0
dctrln3_drv                                  0
dctrln2_drv                                  0
dctrln1_drv                                  0
dout7_drv                                    0
dout6_drv                                    0
dout5_drv                                    0
dout4_drv                                    0
dout3_drv                                    0
dout2_drv                                    0
dout1_drv                                    0
dout0_drv                                    0
eoc                                          0
invalid0                                     0
timeout0                                     0
complete                                     0
dout7_rx                                     0
dout6_rx                                     0
dout5_rx                                     0
dout4_rx                                     0
dout3_rx                                     0
dout2_rx                                     0
dout1_rx                                     0
dout0_rx                                     0
e_input_diff#branch               -1.28289e-10
e_sample_diff#branch               1.03723e-13
e.xcore.e_cmp_noise_n#branch      -6.39839e-14
e.xcore.e_cmp_noise_p#branch       3.97399e-14
vcmp_noise#branch                  1.58666e-13
vclks_id#branch                              0
vvinn_id#branch                   -4.15529e-10
vvinp_id#branch                   -9.44089e-10
vvrefn_id#branch                  -1.76661e-09
vvrefp_id#branch                  -1.49024e-08
vvdd#branch                       -1.95914e-08
a_status#branch_1_0                          0
a_status#branch_1_1                          0
a_status#branch_1_2                          0
a_status#branch_1_3                          0
a_dout#branch_1_0                            0
a_dout#branch_1_1                            0
a_dout#branch_1_2                            0
a_dout#branch_1_3                            0
a_dout#branch_1_4                            0
a_dout#branch_1_5                            0
a_dout#branch_1_6                            0
a_dout#branch_1_7                            0
a_dctrln#branch_1_0                          0
a_dctrln#branch_1_1                          0
a_dctrln#branch_1_2                          0
a_dctrln#branch_1_3                          0
a_dctrln#branch_1_4                          0
a_dctrln#branch_1_5                          0
a_dctrln#branch_1_6                          0
a_dctrlp#branch_1_0                          0
a_dctrlp#branch_1_1                          0
a_dctrlp#branch_1_2                          0
a_dctrlp#branch_1_3                          0
a_dctrlp#branch_1_4                          0
a_dctrlp#branch_1_5                          0
a_dctrlp#branch_1_6                          0
a_cmpck#branch_1_0                           0


Instance: abeh   Message: WARNING: output scheduled with impossible delay (-4.01e-12) at 5.01e-12/0.

Instance: abeh   Message: XSPICE time is behind vtime:
XSPICE 2.005124905984778e-07
Cosim  2.00544e-07

Instance: abeh   Message: XSPICE time is behind vtime:
XSPICE 7.004960987150324e-07
Cosim  7.005319999999999e-07

Instance: abeh   Message: XSPICE time is behind vtime:
XSPICE 1.200519323868389e-06
Cosim  1.200541e-06

Instance: abeh   Message: XSPICE time is behind vtime:
XSPICE 2.200521757406622e-06
Cosim  2.20054e-06

Instance: abeh   Message: XSPICE time is behind vtime:
XSPICE 2.700494854102253e-06
Cosim  2.700531e-06

Instance: abeh   Message: XSPICE time is behind vtime:
XSPICE 3.200510107735584e-06
Cosim  3.200545e-06

Instance: abeh   Message: XSPICE time is behind vtime:
XSPICE 3.700532219382737e-06
Cosim  3.700542e-06

Instance: abeh   Message: XSPICE time is behind vtime:
XSPICE 4.7005134948074e-06
Cosim  4.700542e-06

Instance: abeh   Message: XSPICE time is behind vtime:
XSPICE 5.20050909871536e-06
Cosim  5.200545e-06

Instance: abeh   Message: XSPICE time is behind vtime:
XSPICE 5.700519551957391e-06
Cosim  5.700545e-06

Instance: abeh   Message: XSPICE time is behind vtime:
XSPICE 6.700520092190271e-06
Cosim  6.700534e-06

Instance: abeh   Message: XSPICE time is behind vtime:
XSPICE 7.200508854100944e-06
Cosim  7.200545e-06

Instance: abeh   Message: XSPICE time is behind vtime:
XSPICE 7.700507854100977e-06
Cosim  7.700544000000001e-06

Instance: abeh   Message: XSPICE time is behind vtime:
XSPICE 8.200527646742465e-06
Cosim  8.200542e-06

Instance: abeh   Message: XSPICE time is behind vtime:
XSPICE 9.200514915987088e-06
Cosim  9.200540000000001e-06

Instance: abeh   Message: XSPICE time is behind vtime:
XSPICE 9.700510098715614e-06
Cosim  9.700546000000001e-06

Instance: abeh   Message: XSPICE time is behind vtime:
XSPICE 1.020051117644242e-05
Cosim  1.020054e-05

Instance: abeh   Message: XSPICE time is behind vtime:
XSPICE 1.120053369106147e-05
Cosim  1.1200543e-05

Instance: abeh   Message: XSPICE time is behind vtime:
XSPICE 1.170050833792897e-05
Cosim  1.1700543e-05

Instance: abeh   Message: XSPICE time is behind vtime:
XSPICE 1.220050885410269e-05
Cosim  1.2200545e-05

Instance: abeh   Message: XSPICE time is behind vtime:
XSPICE 1.270052534095511e-05
Cosim  1.2700544e-05

Instance: abeh   Message: XSPICE time is behind vtime:
XSPICE 1.370052072252833e-05
Cosim  1.3700542e-05

Instance: abeh   Message: XSPICE time is behind vtime:
XSPICE 1.420049709871494e-05
Cosim  1.4200533e-05

Instance: abeh   Message: XSPICE time is behind vtime:
XSPICE 1.470050821786927e-05
Cosim  1.470054e-05

Instance: abeh   Message: XSPICE time is behind vtime:
XSPICE 1.570053650360638e-05
Cosim  1.5700541e-05

Instance: abeh   Message: XSPICE time is behind vtime:
XSPICE 1.620049880784308e-05
Cosim  1.6200531e-05

Instance: abeh   Message: XSPICE time is behind vtime:
XSPICE 1.670049485410508e-05
Cosim  1.6700531e-05

Instance: abeh   Message: XSPICE time is behind vtime:
XSPICE 1.720052133767641e-05
Cosim  1.7200544e-05

Instance: abeh   Message: XSPICE time is behind vtime:
XSPICE 1.820052588338934e-05
Cosim  1.8200543e-05

Instance: abeh   Message: XSPICE time is behind vtime:
XSPICE 1.870049609871359e-05
Cosim  1.8700532e-05

Instance: abeh   Message: XSPICE time is behind vtime:
XSPICE 1.920050871728823e-05
Cosim  1.9200543e-05

Instance: abeh   Message: XSPICE time is behind vtime:
XSPICE 1.970053360494462e-05
Cosim  1.9700542e-05

Instance: abeh   Message: XSPICE time is behind vtime:
XSPICE 2.070051071650726e-05
Cosim  2.070054e-05

Instance: abeh   Message: XSPICE time is behind vtime:
XSPICE 2.120050885410522e-05
Cosim  2.1200545e-05

Instance: abeh   Message: XSPICE time is behind vtime:
XSPICE 2.17005176820243e-05
Cosim  2.1700544e-05

Instance: abeh   Message: XSPICE time is behind vtime:
XSPICE 2.270052134986181e-05
Cosim  2.2700534e-05

Instance: abeh   Message: XSPICE time is behind vtime:
XSPICE 2.320050909871405e-05
Cosim  2.3200545e-05

Instance: abeh   Message: XSPICE time is behind vtime:
XSPICE 2.370050809871403e-05
Cosim  2.3700544e-05

Instance: abeh   Message: XSPICE time is behind vtime:
XSPICE 2.420052989088988e-05
Cosim  2.4200543e-05

Instance: abeh   Message: XSPICE time is behind vtime:
XSPICE 2.520051403503325e-05
Cosim  2.520054e-05

Instance: abeh   Message: XSPICE time is behind vtime:
XSPICE 2.570050885410574e-05
Cosim  2.5700545e-05

Instance: abeh   Message: XSPICE time is behind vtime:
XSPICE 2.620051040502866e-05
Cosim  2.620054e-05

Instance: abeh   Message: XSPICE time is behind vtime:
XSPICE 2.72005290904407e-05
Cosim  2.7200537e-05

Instance: abeh   Message: XSPICE time is behind vtime:
XSPICE 2.770049994705512e-05
Cosim  2.7700534e-05

Instance: abeh   Message: XSPICE time is behind vtime:
XSPICE 2.820050909871414e-05
Cosim  2.8200545e-05

Instance: abeh   Message: XSPICE time is behind vtime:
XSPICE 2.870052644746168e-05
Cosim  2.8700544e-05

Instance: abeh   Message: XSPICE time is behind vtime:
XSPICE 2.970050772623444e-05
Cosim  2.970053e-05

Instance: abeh   Message: XSPICE time is behind vtime:
XSPICE 3.020049585410424e-05
Cosim  3.0200532e-05

Instance: abeh   Message: XSPICE time is behind vtime:
XSPICE 3.070050754005082e-05
Cosim  3.070054e-05

Instance: abeh   Message: XSPICE time is behind vtime:
XSPICE 3.120053700991366e-05
Cosim  3.1200542e-05

Instance: abeh   Message: XSPICE time is behind vtime:
XSPICE 3.220051249205615e-05
Cosim  3.2200544e-05

Instance: abeh   Message: XSPICE time is behind vtime:
XSPICE 3.270049609871369e-05
Cosim  3.2700532e-05

Instance: abeh   Message: XSPICE time is behind vtime:
XSPICE 3.320051932278746e-05
Cosim  3.3200541e-05

No. of Data Rows : 742744
f000_d7             =  3.60000e+00
f000_d6             =  3.60000e+00
f000_d5             =  0.00000e+00
f000_d4             =  3.60000e+00
f000_d3             =  3.60000e+00
f000_d2             =  3.60000e+00
f000_d1             =  3.60000e+00
f000_d0             =  0.00000e+00
f000_complete       =  3.60000e+00
f000_invalid        =  0.00000e+00
f000_timeout        =  0.00000e+00
f000_sampled        =  1.28130e+00
f000_input          =  1.28289e+00
f000_tcomplete      =  3.75492e-07
f001_d7             =  3.60000e+00
f001_d6             =  3.60000e+00
f001_d5             =  3.60000e+00
f001_d4             =  5.00199e-297
f001_d3             =  3.60000e+00
f001_d2             =  3.60000e+00
f001_d1             =  5.00199e-297
f001_d0             =  3.60000e+00
f001_complete       =  3.60000e+00
f001_invalid        =  0.00000e+00
f001_timeout        =  0.00000e+00
f001_sampled        =  1.48430e+00
f001_input          =  1.48490e+00
f001_tcomplete      =  8.75480e-07
f002_d7             =  3.60000e+00
f002_d6             =  3.60000e+00
f002_d5             =  5.51216e-297
f002_d4             =  4.08882e-312
f002_d3             =  3.60000e+00
f002_d2             =  5.51216e-297
f002_d1             =  4.08882e-312
f002_d0             =  3.60000e+00
f002_complete       =  3.60000e+00
f002_invalid        =  0.00000e+00
f002_timeout        =  0.00000e+00
f002_sampled        =  1.01324e+00
f002_input          =  1.01280e+00
f002_tcomplete      =  1.37549e-06
f003_d7             =  3.60000e+00
f003_d6             =  5.40390e-297
f003_d5             =  4.08882e-312
f003_d4             =  4.08882e-312
f003_d3             =  5.40390e-297
f003_d2             =  4.08882e-312
f003_d1             =  3.60000e+00
f003_d0             =  3.60000e+00
f003_complete       =  3.60000e+00
f003_invalid        =  0.00000e+00
f003_timeout        =  0.00000e+00
f003_sampled        =  8.07697e-02
f003_input          =  8.09031e-02
f003_tcomplete      =  1.87549e-06
f004_d7             =  5.30810e-297
f004_d6             =  4.08882e-312
f004_d5             =  3.60000e+00
f004_d4             =  3.60000e+00
f004_d3             =  3.60000e+00
f004_d2             =  4.08882e-312
f004_d1             =  3.60000e+00
f004_d0             =  5.30810e-297
f004_complete       =  3.60000e+00
f004_invalid        =  0.00000e+00
f004_timeout        =  0.00000e+00
f004_sampled        =  -8.87903e-01
f004_input          =  -8.87657e-01
f004_tcomplete      =  2.37549e-06
f005_d7             =  4.08882e-312
f005_d6             =  4.08882e-312
f005_d5             =  4.96477e-297
f005_d4             =  4.96477e-297
f005_d3             =  3.60000e+00
f005_d2             =  3.60000e+00
f005_d1             =  3.60000e+00
f005_d0             =  3.60000e+00
f005_complete       =  3.60000e+00
f005_invalid        =  0.00000e+00
f005_timeout        =  0.00000e+00
f005_sampled        =  -1.45342e+00
f005_input          =  -1.45334e+00
f005_tcomplete      =  2.87548e-06
f006_d7             =  4.08882e-312
f006_d6             =  4.08882e-312
f006_d5             =  4.08882e-312
f006_d4             =  3.60000e+00
f006_d3             =  5.48313e-297
f006_d2             =  3.60000e+00
f006_d1             =  3.60000e+00
f006_d0             =  5.48313e-297
f006_complete       =  3.60000e+00
f006_invalid        =  0.00000e+00
f006_timeout        =  0.00000e+00
f006_sampled        =  -1.35949e+00
f006_input          =  -1.35923e+00
f006_tcomplete      =  3.37549e-06
f007_d7             =  4.08882e-312
f007_d6             =  3.60000e+00
f007_d5             =  4.08882e-312
f007_d4             =  5.38159e-297
f007_d3             =  3.60000e+00
f007_d2             =  3.60000e+00
f007_d1             =  5.38159e-297
f007_d0             =  4.08882e-312
f007_complete       =  3.60000e+00
f007_invalid        =  0.00000e+00
f007_timeout        =  0.00000e+00
f007_sampled        =  -6.49181e-01
f007_input          =  -6.47935e-01
f007_tcomplete      =  3.87549e-06
f008_d7             =  3.60000e+00
f008_d6             =  5.34290e-297
f008_d5             =  4.08882e-312
f008_d4             =  3.60000e+00
f008_d3             =  3.60000e+00
f008_d2             =  5.34290e-297
f008_d1             =  4.08882e-312
f008_d0             =  4.08882e-312
f008_complete       =  3.60000e+00
f008_invalid        =  0.00000e+00
f008_timeout        =  0.00000e+00
f008_sampled        =  3.58283e-01
f008_input          =  3.57372e-01
f008_tcomplete      =  4.37549e-06
f009_d7             =  3.60000e+00
f009_d6             =  3.60000e+00
f009_d5             =  4.08882e-312
f009_d4             =  3.60000e+00
f009_d3             =  3.60000e+00
f009_d2             =  4.08882e-312
f009_d1             =  4.08882e-312
f009_d0             =  4.08882e-312
f009_complete       =  3.60000e+00
f009_invalid        =  0.00000e+00
f009_timeout        =  0.00000e+00
f009_sampled        =  1.20339e+00
f009_input          =  1.20041e+00
f009_tcomplete      =  4.87549e-06
f010_d7             =  3.60000e+00
f010_d6             =  3.60000e+00
f010_d5             =  3.60000e+00
f010_d4             =  5.48759e-297
f010_d3             =  3.60000e+00
f010_d2             =  3.60000e+00
f010_d1             =  3.60000e+00
f010_d0             =  4.08882e-312
f010_complete       =  3.60000e+00
f010_invalid        =  0.00000e+00
f010_timeout        =  0.00000e+00
f010_sampled        =  1.50011e+00
f010_input          =  1.49859e+00
f010_tcomplete      =  5.37549e-06
f011_d7             =  3.60000e+00
f011_d6             =  3.60000e+00
f011_d5             =  5.47824e-297
f011_d4             =  3.60000e+00
f011_d3             =  5.47824e-297
f011_d2             =  5.47824e-297
f011_d1             =  5.47824e-297
f011_d0             =  3.60000e+00
f011_complete       =  3.60000e+00
f011_invalid        =  0.00000e+00
f011_timeout        =  0.00000e+00
f011_sampled        =  1.11643e+00
f011_input          =  1.11640e+00
f011_tcomplete      =  5.87549e-06
f012_d7             =  3.60000e+00
f012_d6             =  5.41221e-297
f012_d5             =  4.08882e-312
f012_d4             =  5.41221e-297
f012_d3             =  3.60000e+00
f012_d2             =  3.60000e+00
f012_d1             =  3.60000e+00
f012_d0             =  5.41221e-297
f012_complete       =  3.60000e+00
f012_invalid        =  0.00000e+00
f012_timeout        =  0.00000e+00
f012_sampled        =  2.28119e-01
f012_input          =  2.27236e-01
f012_tcomplete      =  6.37549e-06
f013_d7             =  5.07644e-297
f013_d6             =  3.60000e+00
f013_d5             =  4.08882e-312
f013_d4             =  4.08882e-312
f013_d3             =  5.07644e-297
f013_d2             =  5.07644e-297
f013_d1             =  3.60000e+00
f013_d0             =  3.60000e+00
f013_complete       =  3.60000e+00
f013_invalid        =  0.00000e+00
f013_timeout        =  0.00000e+00
f013_sampled        =  -7.66585e-01
f013_input          =  -7.64869e-01
f013_tcomplete      =  6.87548e-06
f014_d7             =  4.08882e-312
f014_d6             =  5.46664e-297
f014_d5             =  4.08882e-312
f014_d4             =  3.60000e+00
f014_d3             =  4.08882e-312
f014_d2             =  4.08882e-312
f014_d1             =  3.60000e+00
f014_d0             =  3.60000e+00
f014_complete       =  3.60000e+00
f014_invalid        =  0.00000e+00
f014_timeout        =  0.00000e+00
f014_sampled        =  -1.41253e+00
f014_input          =  -1.40981e+00
f014_tcomplete      =  7.37549e-06
f015_d7             =  4.08882e-312
f015_d6             =  4.08882e-312
f015_d5             =  4.08882e-312
f015_d4             =  3.60000e+00
f015_d3             =  4.08882e-312
f015_d2             =  4.08882e-312
f015_d1             =  3.60000e+00
f015_d0             =  5.63469e-297
f015_complete       =  3.60000e+00
f015_invalid        =  0.00000e+00
f015_timeout        =  0.00000e+00
f015_sampled        =  -1.41614e+00
f015_input          =  -1.41472e+00
f015_tcomplete      =  7.87549e-06
f016_d7             =  4.08882e-312
f016_d6             =  3.60000e+00
f016_d5             =  4.08882e-312
f016_d4             =  5.37126e-297
f016_d3             =  4.08882e-312
f016_d2             =  4.08882e-312
f016_d1             =  3.60000e+00
f016_d0             =  4.08882e-312
f016_complete       =  3.60000e+00
f016_invalid        =  0.00000e+00
f016_timeout        =  0.00000e+00
f016_sampled        =  -7.80758e-01
f016_input          =  -7.77443e-01
f016_tcomplete      =  8.37549e-06
f017_d7             =  3.60000e+00
f017_d6             =  5.39429e-297
f017_d5             =  4.08882e-312
f017_d4             =  4.08882e-312
f017_d3             =  3.60000e+00
f017_d2             =  3.60000e+00
f017_d1             =  5.39429e-297
f017_d0             =  3.60000e+00
f017_complete       =  3.60000e+00
f017_invalid        =  0.00000e+00
f017_timeout        =  0.00000e+00
f017_sampled        =  2.11258e-01
f017_input          =  2.12790e-01
f017_tcomplete      =  8.87549e-06
f018_d7             =  3.60000e+00
f018_d6             =  3.60000e+00
f018_d5             =  4.08882e-312
f018_d4             =  3.60000e+00
f018_d3             =  5.29461e-297
f018_d2             =  5.29461e-297
f018_d1             =  4.08882e-312
f018_d0             =  3.60000e+00
f018_complete       =  3.60000e+00
f018_invalid        =  0.00000e+00
f018_timeout        =  0.00000e+00
f018_sampled        =  1.10838e+00
f018_input          =  1.10645e+00
f018_tcomplete      =  9.37549e-06
f019_d7             =  3.60000e+00
f019_d6             =  3.60000e+00
f019_d5             =  3.60000e+00
f019_d4             =  5.52516e-297
f019_d3             =  3.60000e+00
f019_d2             =  3.60000e+00
f019_d1             =  3.60000e+00
f019_d0             =  5.52516e-297
f019_complete       =  3.60000e+00
f019_invalid        =  0.00000e+00
f019_timeout        =  0.00000e+00
f019_sampled        =  1.49717e+00
f019_input          =  1.49786e+00
f019_tcomplete      =  9.87549e-06
f020_d7             =  3.60000e+00
f020_d6             =  3.60000e+00
f020_d5             =  5.29989e-297
f020_d4             =  3.60000e+00
f020_d3             =  3.60000e+00
f020_d2             =  5.29989e-297
f020_d1             =  5.29989e-297
f020_d0             =  4.08882e-312
f020_complete       =  3.60000e+00
f020_invalid        =  0.00000e+00
f020_timeout        =  0.00000e+00
f020_sampled        =  1.20976e+00
f020_input          =  1.20913e+00
f020_tcomplete      =  1.03755e-05
f021_d7             =  3.60000e+00
f021_d6             =  5.25870e-297
f021_d5             =  4.08882e-312
f021_d4             =  3.60000e+00
f021_d3             =  3.60000e+00
f021_d2             =  4.08882e-312
f021_d1             =  4.08882e-312
f021_d0             =  3.60000e+00
f021_complete       =  3.60000e+00
f021_invalid        =  0.00000e+00
f021_timeout        =  0.00000e+00
f021_sampled        =  3.71209e-01
f021_input          =  3.71654e-01
f021_tcomplete      =  1.08755e-05
f022_d7             =  5.40417e-297
f022_d6             =  3.60000e+00
f022_d5             =  4.08882e-312
f022_d4             =  5.40417e-297
f022_d3             =  3.60000e+00
f022_d2             =  3.60000e+00
f022_d1             =  4.08882e-312
f022_d0             =  3.60000e+00
f022_complete       =  3.60000e+00
f022_invalid        =  0.00000e+00
f022_timeout        =  0.00000e+00
f022_sampled        =  -6.36118e-01
f022_input          =  -6.34615e-01
f022_tcomplete      =  1.13755e-05
f023_d7             =  4.08882e-312
f023_d6             =  5.39873e-297
f023_d5             =  4.08882e-312
f023_d4             =  3.60000e+00
f023_d3             =  5.39873e-297
f023_d2             =  3.60000e+00
f023_d1             =  3.60000e+00
f023_d0             =  3.60000e+00
f023_complete       =  3.60000e+00
f023_invalid        =  0.00000e+00
f023_timeout        =  0.00000e+00
f023_sampled        =  -1.35295e+00
f023_input          =  -1.35273e+00
f023_tcomplete      =  1.18755e-05
f024_d7             =  4.08882e-312
f024_d6             =  4.08882e-312
f024_d5             =  4.08882e-312
f024_d4             =  5.71954e-297
f024_d3             =  3.60000e+00
f024_d2             =  3.60000e+00
f024_d1             =  3.60000e+00
f024_d0             =  3.60000e+00
f024_complete       =  3.60000e+00
f024_invalid        =  0.00000e+00
f024_timeout        =  0.00000e+00
f024_sampled        =  -1.45540e+00
f024_input          =  -1.45680e+00
f024_tcomplete      =  1.23755e-05
f025_d7             =  4.08882e-312
f025_d6             =  4.08882e-312
f025_d5             =  3.60000e+00
f025_d4             =  3.60000e+00
f025_d3             =  3.60000e+00
f025_d2             =  5.42962e-297
f025_d1             =  5.42962e-297
f025_d0             =  3.60000e+00
f025_complete       =  3.60000e+00
f025_invalid        =  0.00000e+00
f025_timeout        =  0.00000e+00
f025_sampled        =  -8.99759e-01
f025_input          =  -8.99405e-01
f025_tcomplete      =  1.28755e-05
f026_d7             =  3.60000e+00
f026_d6             =  4.08882e-312
f026_d5             =  5.23666e-297
f026_d4             =  5.23666e-297
f026_d3             =  5.23666e-297
f026_d2             =  4.08882e-312
f026_d1             =  3.60000e+00
f026_d0             =  5.23666e-297
f026_complete       =  3.60000e+00
f026_invalid        =  0.00000e+00
f026_timeout        =  0.00000e+00
f026_sampled        =  6.71020e-02
f026_input          =  6.63089e-02
f026_tcomplete      =  1.33755e-05
f027_d7             =  3.60000e+00
f027_d6             =  3.60000e+00
f027_d5             =  4.08882e-312
f027_d4             =  4.08882e-312
f027_d3             =  3.60000e+00
f027_d2             =  4.08882e-312
f027_d1             =  5.37370e-297
f027_d0             =  4.08882e-312
f027_complete       =  3.60000e+00
f027_invalid        =  0.00000e+00
f027_timeout        =  0.00000e+00
f027_sampled        =  1.00264e+00
f027_input          =  1.00188e+00
f027_tcomplete      =  1.38755e-05
f028_d7             =  3.60000e+00
f028_d6             =  3.60000e+00
f028_d5             =  3.60000e+00
f028_d4             =  4.08882e-312
f028_d3             =  3.60000e+00
f028_d2             =  3.60000e+00
f028_d1             =  4.08882e-312
f028_d0             =  3.60000e+00
f028_complete       =  3.60000e+00
f028_invalid        =  0.00000e+00
f028_timeout        =  0.00000e+00
f028_sampled        =  1.48638e+00
f028_input          =  1.48266e+00
f028_tcomplete      =  1.43755e-05
f029_d7             =  3.60000e+00
f029_d6             =  3.60000e+00
f029_d5             =  5.24288e-297
f029_d4             =  3.60000e+00
f029_d3             =  3.60000e+00
f029_d2             =  3.60000e+00
f029_d1             =  3.60000e+00
f029_d0             =  5.24288e-297
f029_complete       =  3.60000e+00
f029_invalid        =  0.00000e+00
f029_timeout        =  0.00000e+00
f029_sampled        =  1.29152e+00
f029_input          =  1.29041e+00
f029_tcomplete      =  1.48755e-05
f030_d7             =  3.60000e+00
f030_d6             =  5.36986e-297
f030_d5             =  3.60000e+00
f030_d4             =  5.36986e-297
f030_d3             =  5.36986e-297
f030_d2             =  5.36986e-297
f030_d1             =  3.60000e+00
f030_d0             =  3.60000e+00
f030_complete       =  3.60000e+00
f030_invalid        =  0.00000e+00
f030_timeout        =  0.00000e+00
f030_sampled        =  5.12431e-01
f030_input          =  5.12337e-01
f030_tcomplete      =  1.53755e-05
f031_d7             =  5.33166e-297
f031_d6             =  3.60000e+00
f031_d5             =  5.33166e-297
f031_d4             =  3.60000e+00
f031_d3             =  4.08882e-312
f031_d2             =  3.60000e+00
f031_d1             =  3.60000e+00
f031_d0             =  3.60000e+00
f031_complete       =  3.60000e+00
f031_invalid        =  0.00000e+00
f031_timeout        =  0.00000e+00
f031_sampled        =  -4.98416e-01
f031_input          =  -4.98325e-01
f031_tcomplete      =  1.58755e-05
f032_d7             =  4.08882e-312
f032_d6             =  4.97497e-297
f032_d5             =  4.08882e-312
f032_d4             =  3.60000e+00
f032_d3             =  3.60000e+00
f032_d2             =  3.60000e+00
f032_d1             =  4.97497e-297
f032_d0             =  4.97497e-297
f032_complete       =  3.60000e+00
f032_invalid        =  0.00000e+00
f032_timeout        =  0.00000e+00
f032_sampled        =  -1.28177e+00
f032_input          =  -1.28276e+00
f032_tcomplete      =  1.63755e-05
f033_d7             =  4.08882e-312
f033_d6             =  4.08882e-312
f033_d5             =  4.08882e-312
f033_d4             =  4.98688e-297
f033_d3             =  3.60000e+00
f033_d2             =  3.60000e+00
f033_d1             =  4.08882e-312
f033_d0             =  3.60000e+00
f033_complete       =  3.60000e+00
f033_invalid        =  0.00000e+00
f033_timeout        =  0.00000e+00
f033_sampled        =  -1.48279e+00
f033_input          =  -1.48474e+00
f033_tcomplete      =  1.68755e-05
f034_d7             =  4.08882e-312
f034_d6             =  4.08882e-312
f034_d5             =  3.60000e+00
f034_d4             =  3.60000e+00
f034_d3             =  5.41775e-297
f034_d2             =  5.41775e-297
f034_d1             =  4.08882e-312
f034_d0             =  5.41775e-297
f034_complete       =  3.60000e+00
f034_invalid        =  0.00000e+00
f034_timeout        =  0.00000e+00
f034_sampled        =  -1.01039e+00
f034_input          =  -1.01280e+00
f034_tcomplete      =  1.73755e-05
f035_d7             =  4.08882e-312
f035_d6             =  3.60000e+00
f035_d5             =  3.60000e+00
f035_d4             =  3.60000e+00
f035_d3             =  4.08882e-312
f035_d2             =  3.60000e+00
f035_d1             =  3.60000e+00
f035_d0             =  3.60000e+00
f035_complete       =  3.60000e+00
f035_invalid        =  0.00000e+00
f035_timeout        =  0.00000e+00
f035_sampled        =  -8.03660e-02
f035_input          =  -8.09378e-02
f035_tcomplete      =  1.78755e-05
f036_d7             =  3.60000e+00
f036_d6             =  3.60000e+00
f036_d5             =  5.41392e-297
f036_d4             =  5.41392e-297
f036_d3             =  4.08882e-312
f036_d2             =  5.41392e-297
f036_d1             =  5.41392e-297
f036_d0             =  5.41392e-297
f036_complete       =  3.60000e+00
f036_invalid        =  0.00000e+00
f036_timeout        =  0.00000e+00
f036_sampled        =  8.90073e-01
f036_input          =  8.87602e-01
f036_tcomplete      =  1.83755e-05
f037_d7             =  3.60000e+00
f037_d6             =  3.60000e+00
f037_d5             =  3.60000e+00
f037_d4             =  4.08882e-312
f037_d3             =  3.60000e+00
f037_d2             =  4.08882e-312
f037_d1             =  3.60000e+00
f037_d0             =  4.08882e-312
f037_complete       =  3.60000e+00
f037_invalid        =  0.00000e+00
f037_timeout        =  0.00000e+00
f037_sampled        =  1.45170e+00
f037_input          =  1.45311e+00
f037_tcomplete      =  1.88755e-05
f038_d7             =  3.60000e+00
f038_d6             =  3.60000e+00
f038_d5             =  3.60000e+00
f038_d4             =  4.08882e-312
f038_d3             =  5.41786e-297
f038_d2             =  3.60000e+00
f038_d1             =  5.41786e-297
f038_d0             =  4.08882e-312
f038_complete       =  3.60000e+00
f038_invalid        =  0.00000e+00
f038_timeout        =  0.00000e+00
f038_sampled        =  1.35865e+00
f038_input          =  1.35911e+00
f038_tcomplete      =  1.93755e-05
f039_d7             =  3.60000e+00
f039_d6             =  5.38165e-297
f039_d5             =  3.60000e+00
f039_d4             =  4.08882e-312
f039_d3             =  3.60000e+00
f039_d2             =  3.60000e+00
f039_d1             =  3.60000e+00
f039_d0             =  4.08882e-312
f039_complete       =  3.60000e+00
f039_invalid        =  0.00000e+00
f039_timeout        =  0.00000e+00
f039_sampled        =  6.45928e-01
f039_input          =  6.47982e-01
f039_tcomplete      =  1.98755e-05
f040_d7             =  5.31171e-297
f040_d6             =  3.60000e+00
f040_d5             =  3.60000e+00
f040_d4             =  4.08882e-312
f040_d3             =  5.31171e-297
f040_d2             =  5.31171e-297
f040_d1             =  3.60000e+00
f040_d0             =  4.08882e-312
f040_complete       =  3.60000e+00
f040_invalid        =  0.00000e+00
f040_timeout        =  0.00000e+00
f040_sampled        =  -3.59513e-01
f040_input          =  -3.57256e-01
f040_tcomplete      =  2.03755e-05
f041_d7             =  4.08882e-312
f041_d6             =  5.47365e-297
f041_d5             =  3.60000e+00
f041_d4             =  4.08882e-312
f041_d3             =  4.08882e-312
f041_d2             =  4.08882e-312
f041_d1             =  3.60000e+00
f041_d0             =  4.08882e-312
f041_complete       =  3.60000e+00
f041_invalid        =  0.00000e+00
f041_timeout        =  0.00000e+00
f041_sampled        =  -1.20230e+00
f041_input          =  -1.20037e+00
f041_tcomplete      =  2.08755e-05
f042_d7             =  4.08882e-312
f042_d6             =  4.08882e-312
f042_d5             =  5.48858e-297
f042_d4             =  4.08882e-312
f042_d3             =  3.60000e+00
f042_d2             =  3.60000e+00
f042_d1             =  5.48858e-297
f042_d0             =  4.08882e-312
f042_complete       =  3.60000e+00
f042_invalid        =  0.00000e+00
f042_timeout        =  0.00000e+00
f042_sampled        =  -1.49931e+00
f042_input          =  -1.49878e+00
f042_tcomplete      =  2.13755e-05
f043_d7             =  4.08882e-312
f043_d6             =  4.08882e-312
f043_d5             =  3.60000e+00
f043_d4             =  4.08882e-312
f043_d3             =  3.60000e+00
f043_d2             =  5.43353e-297
f043_d1             =  4.08882e-312
f043_d0             =  3.60000e+00
f043_complete       =  3.60000e+00
f043_invalid        =  0.00000e+00
f043_timeout        =  0.00000e+00
f043_sampled        =  -1.11472e+00
f043_input          =  -1.11635e+00
f043_tcomplete      =  2.18755e-05
f044_d7             =  4.08882e-312
f044_d6             =  3.60000e+00
f044_d5             =  3.60000e+00
f044_d4             =  4.08882e-312
f044_d3             =  3.60000e+00
f044_d2             =  3.60000e+00
f044_d1             =  4.08882e-312
f044_d0             =  5.41803e-297
f044_complete       =  3.60000e+00
f044_invalid        =  0.00000e+00
f044_timeout        =  0.00000e+00
f044_sampled        =  -2.28350e-01
f044_input          =  -2.27413e-01
f044_tcomplete      =  2.23755e-05
f045_d7             =  3.60000e+00
f045_d6             =  5.08458e-297
f045_d5             =  3.60000e+00
f045_d4             =  3.60000e+00
f045_d3             =  5.08458e-297
f045_d2             =  3.60000e+00
f045_d1             =  3.60000e+00
f045_d0             =  3.60000e+00
f045_complete       =  3.60000e+00
f045_invalid        =  0.00000e+00
f045_timeout        =  0.00000e+00
f045_sampled        =  7.64704e-01
f045_input          =  7.64902e-01
f045_tcomplete      =  2.28755e-05
f046_d7             =  3.60000e+00
f046_d6             =  3.60000e+00
f046_d5             =  3.60000e+00
f046_d4             =  5.48021e-297
f046_d3             =  4.08882e-312
f046_d2             =  3.60000e+00
f046_d1             =  3.60000e+00
f046_d0             =  3.60000e+00
f046_complete       =  3.60000e+00
f046_invalid        =  0.00000e+00
f046_timeout        =  0.00000e+00
f046_sampled        =  1.41000e+00
f046_input          =  1.40990e+00
f046_tcomplete      =  2.33755e-05
f047_d7             =  3.60000e+00
f047_d6             =  3.60000e+00
f047_d5             =  3.60000e+00
f047_d4             =  4.08882e-312
f047_d3             =  3.60000e+00
f047_d2             =  5.44405e-297
f047_d1             =  5.44405e-297
f047_d0             =  5.44405e-297
f047_complete       =  3.60000e+00
f047_invalid        =  0.00000e+00
f047_timeout        =  0.00000e+00
f047_sampled        =  1.41489e+00
f047_input          =  1.41492e+00
f047_tcomplete      =  2.38755e-05
f048_d7             =  3.60000e+00
f048_d6             =  5.41843e-297
f048_d5             =  3.60000e+00
f048_d4             =  3.60000e+00
f048_d3             =  3.60000e+00
f048_d2             =  4.08882e-312
f048_d1             =  4.08882e-312
f048_d0             =  4.08882e-312
f048_complete       =  3.60000e+00
f048_invalid        =  0.00000e+00
f048_timeout        =  0.00000e+00
f048_sampled        =  7.77988e-01
f048_input          =  7.77472e-01
f048_tcomplete      =  2.43755e-05
f049_d7             =  5.39915e-297
f049_d6             =  3.60000e+00
f049_d5             =  3.60000e+00
f049_d4             =  5.39915e-297
f049_d3             =  3.60000e+00
f049_d2             =  3.60000e+00
f049_d1             =  4.08882e-312
f049_d0             =  3.60000e+00
f049_complete       =  3.60000e+00
f049_invalid        =  0.00000e+00
f049_timeout        =  0.00000e+00
f049_sampled        =  -2.12651e-01
f049_input          =  -2.12829e-01
f049_tcomplete      =  2.48755e-05
f050_d7             =  4.08882e-312
f050_d6             =  5.47426e-297
f050_d5             =  3.60000e+00
f050_d4             =  4.08882e-312
f050_d3             =  3.60000e+00
f050_d2             =  5.47426e-297
f050_d1             =  4.08882e-312
f050_d0             =  3.60000e+00
f050_complete       =  3.60000e+00
f050_invalid        =  0.00000e+00
f050_timeout        =  0.00000e+00
f050_sampled        =  -1.10596e+00
f050_input          =  -1.10639e+00
f050_tcomplete      =  2.53755e-05
f051_d7             =  4.08882e-312
f051_d6             =  4.08882e-312
f051_d5             =  5.48818e-297
f051_d4             =  4.08882e-312
f051_d3             =  3.60000e+00
f051_d2             =  3.60000e+00
f051_d1             =  4.08882e-312
f051_d0             =  5.48818e-297
f051_complete       =  3.60000e+00
f051_invalid        =  0.00000e+00
f051_timeout        =  0.00000e+00
f051_sampled        =  -1.49717e+00
f051_input          =  -1.49778e+00
f051_tcomplete      =  2.58755e-05
f052_d7             =  4.08882e-312
f052_d6             =  4.08882e-312
f052_d5             =  3.60000e+00
f052_d4             =  4.08882e-312
f052_d3             =  5.26352e-297
f052_d2             =  5.26352e-297
f052_d1             =  3.60000e+00
f052_d0             =  4.08882e-312
f052_complete       =  3.60000e+00
f052_invalid        =  0.00000e+00
f052_timeout        =  0.00000e+00
f052_sampled        =  -1.20951e+00
f052_input          =  -1.20918e+00
f052_tcomplete      =  2.63755e-05
f053_d7             =  4.08882e-312
f053_d6             =  3.60000e+00
f053_d5             =  3.60000e+00
f053_d4             =  4.08882e-312
f053_d3             =  4.08882e-312
f053_d2             =  4.08882e-312
f053_d1             =  5.26121e-297
f053_d0             =  3.60000e+00
f053_complete       =  3.60000e+00
f053_invalid        =  0.00000e+00
f053_timeout        =  0.00000e+00
f053_sampled        =  -3.72640e-01
f053_input          =  -3.71572e-01
f053_tcomplete      =  2.68755e-05
f054_d7             =  3.60000e+00
f054_d6             =  5.19249e-297
f054_d5             =  3.60000e+00
f054_d4             =  4.08882e-312
f054_d3             =  3.60000e+00
f054_d2             =  3.60000e+00
f054_d1             =  4.08882e-312
f054_d0             =  3.60000e+00
f054_complete       =  3.60000e+00
f054_invalid        =  0.00000e+00
f054_timeout        =  0.00000e+00
f054_sampled        =  6.34029e-01
f054_input          =  6.34697e-01
f054_tcomplete      =  2.73755e-05
f055_d7             =  3.60000e+00
f055_d6             =  3.60000e+00
f055_d5             =  3.60000e+00
f055_d4             =  4.08882e-312
f055_d3             =  5.07497e-297
f055_d2             =  5.07497e-297
f055_d1             =  3.60000e+00
f055_d0             =  3.60000e+00
f055_complete       =  3.60000e+00
f055_invalid        =  0.00000e+00
f055_timeout        =  0.00000e+00
f055_sampled        =  1.35309e+00
f055_input          =  1.35281e+00
f055_tcomplete      =  2.78755e-05
f056_d7             =  3.60000e+00
f056_d6             =  3.60000e+00
f056_d5             =  3.60000e+00
f056_d4             =  4.08882e-312
f056_d3             =  3.60000e+00
f056_d2             =  4.08882e-312
f056_d1             =  3.60000e+00
f056_d0             =  3.60000e+00
f056_complete       =  3.60000e+00
f056_invalid        =  0.00000e+00
f056_timeout        =  0.00000e+00
f056_sampled        =  1.45769e+00
f056_input          =  1.45679e+00
f056_tcomplete      =  2.83755e-05
f057_d7             =  3.60000e+00
f057_d6             =  3.60000e+00
f057_d5             =  5.61698e-297
f057_d4             =  4.08882e-312
f057_d3             =  5.61698e-297
f057_d2             =  4.08882e-312
f057_d1             =  5.61698e-297
f057_d0             =  3.60000e+00
f057_complete       =  3.60000e+00
f057_invalid        =  0.00000e+00
f057_timeout        =  0.00000e+00
f057_sampled        =  8.98647e-01
f057_input          =  8.99520e-01
f057_tcomplete      =  2.88755e-05
f058_d7             =  5.30556e-297
f058_d6             =  3.60000e+00
f058_d5             =  3.60000e+00
f058_d4             =  3.60000e+00
f058_d3             =  3.60000e+00
f058_d2             =  4.08882e-312
f058_d1             =  4.08882e-312
f058_d0             =  5.30556e-297
f058_complete       =  3.60000e+00
f058_invalid        =  0.00000e+00
f058_timeout        =  0.00000e+00
f058_sampled        =  -6.62008e-02
f058_input          =  -6.62988e-02
f058_tcomplete      =  2.93755e-05
f059_d7             =  4.08882e-312
f059_d6             =  4.89156e-297
f059_d5             =  3.60000e+00
f059_d4             =  3.60000e+00
f059_d3             =  4.89156e-297
f059_d2             =  4.08882e-312
f059_d1             =  4.08882e-312
f059_d0             =  3.60000e+00
f059_complete       =  3.60000e+00
f059_invalid        =  0.00000e+00
f059_timeout        =  0.00000e+00
f059_sampled        =  -9.99151e-01
f059_input          =  -1.00183e+00
f059_tcomplete      =  2.98755e-05
f060_d7             =  4.08882e-312
f060_d6             =  4.08882e-312
f060_d5             =  5.00120e-297
f060_d4             =  5.00120e-297
f060_d3             =  3.60000e+00
f060_d2             =  3.60000e+00
f060_d1             =  4.08882e-312
f060_d0             =  3.60000e+00
f060_complete       =  3.60000e+00
f060_invalid        =  0.00000e+00
f060_timeout        =  0.00000e+00
f060_sampled        =  -1.48082e+00
f060_input          =  -1.48278e+00
f060_tcomplete      =  3.03755e-05
f061_d7             =  4.08882e-312
f061_d6             =  4.08882e-312
f061_d5             =  4.08882e-312
f061_d4             =  3.60000e+00
f061_d3             =  3.60000e+00
f061_d2             =  5.29473e-297
f061_d1             =  3.60000e+00
f061_d0             =  3.60000e+00
f061_complete       =  3.60000e+00
f061_invalid        =  0.00000e+00
f061_timeout        =  0.00000e+00
f061_sampled        =  -1.29013e+00
f061_input          =  -1.29033e+00
f061_tcomplete      =  3.08755e-05
f062_d7             =  4.08882e-312
f062_d6             =  3.60000e+00
f062_d5             =  4.08882e-312
f062_d4             =  3.60000e+00
f062_d3             =  5.30805e-297
f062_d2             =  3.60000e+00
f062_d1             =  3.60000e+00
f062_d0             =  5.30805e-297
f062_complete       =  3.60000e+00
f062_invalid        =  0.00000e+00
f062_timeout        =  0.00000e+00
f062_sampled        =  -5.10336e-01
f062_input          =  -5.12256e-01
f062_tcomplete      =  3.13755e-05
f063_d7             =  3.60000e+00
f063_d6             =  5.31011e-297
f063_d5             =  3.60000e+00
f063_d4             =  5.31011e-297
f063_d3             =  4.08882e-312
f063_d2             =  5.31011e-297
f063_d1             =  3.60000e+00
f063_d0             =  4.08882e-312
f063_complete       =  3.60000e+00
f063_invalid        =  0.00000e+00
f063_timeout        =  0.00000e+00
f063_sampled        =  4.99809e-01
f063_input          =  4.98379e-01
f063_tcomplete      =  3.18755e-05
f064_d7             =  3.60000e+00
f064_d6             =  3.60000e+00
f064_d5             =  5.44606e-297
f064_d4             =  3.60000e+00
f064_d3             =  3.60000e+00
f064_d2             =  3.60000e+00
f064_d1             =  5.44606e-297
f064_d0             =  3.60000e+00
f064_complete       =  3.60000e+00
f064_invalid        =  0.00000e+00
f064_timeout        =  0.00000e+00
f064_sampled        =  1.28496e+00
f064_input          =  1.28290e+00
f064_tcomplete      =  3.23755e-05
f065_d7             =  3.60000e+00
f065_d6             =  3.60000e+00
f065_d5             =  3.60000e+00
f065_d4             =  5.02398e-297
f065_d3             =  3.60000e+00
f065_d2             =  3.60000e+00
f065_d1             =  4.08882e-312
f065_d0             =  3.60000e+00
f065_complete       =  3.60000e+00
f065_invalid        =  0.00000e+00
f065_timeout        =  0.00000e+00
f065_sampled        =  1.48502e+00
f065_input          =  1.48476e+00
f065_tcomplete      =  3.28755e-05
f066_d7             =  3.60000e+00
f066_d6             =  3.60000e+00
f066_d5             =  5.51375e-297
f066_d4             =  4.08882e-312
f066_d3             =  3.60000e+00
f066_d2             =  5.51375e-297
f066_d1             =  4.08882e-312
f066_d0             =  3.60000e+00
f066_complete       =  3.60000e+00
f066_invalid        =  0.00000e+00
f066_timeout        =  0.00000e+00
f066_sampled        =  1.01644e+00
f066_input          =  1.01282e+00
f066_tcomplete      =  3.33755e-05
f067_d7             =  3.60000e+00
f067_d6             =  5.40372e-297
f067_d5             =  4.08882e-312
f067_d4             =  4.08882e-312
f067_d3             =  5.40372e-297
f067_d2             =  4.08882e-312
f067_d1             =  3.60000e+00
f067_d0             =  3.60000e+00
f067_complete       =  3.60000e+00
f067_invalid        =  0.00000e+00
f067_timeout        =  0.00000e+00
f067_sampled        =  8.40694e-02
f067_input          =  8.09018e-02
f067_tcomplete      =  3.38755e-05
p_f000_cmp7_p0      =  -1.83318e-06
p_f000_cmp7_n0      =  -1.89142e-06
p_f000_cmp7_p5      =  3.60000e+00
p_f000_cmp7_n5      =  -1.50506e-06
p_f000_cmp6_p0      =  -4.90047e-06
p_f000_cmp6_n0      =  -5.01533e-06
p_f000_cmp6_p5      =  3.60000e+00
p_f000_cmp6_n5      =  -1.76221e-06
p_f000_cmp5_p0      =  -1.89484e-06
p_f000_cmp5_n0      =  -1.95424e-06
p_f000_cmp5_p5      =  -1.42462e-06
p_f000_cmp5_n5      =  3.60000e+00
p_f000_cmp4_p0      =  -1.88442e-06
p_f000_cmp4_n0      =  -1.94047e-06
p_f000_cmp4_p5      =  3.60000e+00
p_f000_cmp4_n5      =  -1.42730e-06
p_f000_cmp3_p0      =  -4.87838e-06
p_f000_cmp3_n0      =  -5.00059e-06
p_f000_cmp3_p5      =  3.60000e+00
p_f000_cmp3_n5      =  -1.74078e-06
p_f000_cmp2_p0      =  -4.87680e-06
p_f000_cmp2_n0      =  -4.99912e-06
p_f000_cmp2_p5      =  3.60000e+00
p_f000_cmp2_n5      =  -1.73770e-06
p_f000_cmp1_p0      =  -1.84058e-06
p_f000_cmp1_n0      =  -1.89838e-06
p_f000_cmp1_p5      =  3.60000e+00
p_f000_cmp1_n5      =  -1.41657e-06
p_f000_cmp0_p0      =  -4.94965e-06
p_f000_cmp0_n0      =  -5.07174e-06
p_f000_cmp0_p5      =  -1.73993e-06
p_f000_cmp0_n5      =  3.60000e+00
p_f000_dctrl7_p     =  3.60001e+00
p_f000_dctrl7_n     =  3.34483e-01
p_f000_dctrl6_p     =  3.57227e+00
p_f000_dctrl6_n     =  1.18481e-06
p_f000_dctrl5_p     =  -9.79421e-07
p_f000_dctrl5_n     =  3.59977e+00
p_f000_dctrl4_p     =  3.59999e+00
p_f000_dctrl4_n     =  -8.16527e-08
p_f000_dctrl3_p     =  3.59999e+00
p_f000_dctrl3_n     =  -1.74274e-08
p_f000_dctrl2_p     =  3.59999e+00
p_f000_dctrl2_n     =  -8.26491e-09
p_f000_dctrl1_p     =  3.59999e+00
p_f000_dctrl1_n     =  -4.12119e-09
p_f000_do7_drv_470  =  3.60000e+00
p_f000_do7_rx_470   =  3.60000e+00
p_f000_do6_drv_470  =  3.60000e+00
p_f000_do6_rx_470   =  3.60000e+00
p_f000_do5_drv_470  =  0.00000e+00
p_f000_do5_rx_470   =  0.00000e+00
p_f000_do4_drv_470  =  3.60000e+00
p_f000_do4_rx_470   =  3.60000e+00
p_f000_do3_drv_470  =  3.60000e+00
p_f000_do3_rx_470   =  3.60000e+00
p_f000_do2_drv_470  =  3.60000e+00
p_f000_do2_rx_470   =  3.60000e+00
p_f000_do1_drv_470  =  3.60000e+00
p_f000_do1_rx_470   =  3.60000e+00
p_f000_do0_drv_470  =  0.00000e+00
p_f000_do0_rx_470   =  0.00000e+00
p_f000_do7_drv_480  =  3.60000e+00
p_f000_do7_rx_480   =  3.60000e+00
p_f000_do6_drv_480  =  3.60000e+00
p_f000_do6_rx_480   =  3.60000e+00
p_f000_do5_drv_480  =  0.00000e+00
p_f000_do5_rx_480   =  0.00000e+00
p_f000_do4_drv_480  =  3.60000e+00
p_f000_do4_rx_480   =  3.60000e+00
p_f000_do3_drv_480  =  3.60000e+00
p_f000_do3_rx_480   =  3.60000e+00
p_f000_do2_drv_480  =  3.60000e+00
p_f000_do2_rx_480   =  3.60000e+00
p_f000_do1_drv_480  =  3.60000e+00
p_f000_do1_rx_480   =  3.60000e+00
p_f000_do0_drv_480  =  0.00000e+00
p_f000_do0_rx_480   =  0.00000e+00
p_f001_cmp7_p0      =  -1.88447e-06
p_f001_cmp7_n0      =  -1.93451e-06
p_f001_cmp7_p5      =  3.60000e+00
p_f001_cmp7_n5      =  -1.46778e-06
p_f001_cmp6_p0      =  -4.10181e-06
p_f001_cmp6_n0      =  -4.22635e-06
p_f001_cmp6_p5      =  3.60000e+00
p_f001_cmp6_n5      =  -1.71166e-06
p_f001_cmp5_p0      =  -2.02192e-06
p_f001_cmp5_n0      =  -2.07130e-06
p_f001_cmp5_p5      =  3.60000e+00
p_f001_cmp5_n5      =  -1.38660e-06
p_f001_cmp4_p0      =  -1.95689e-06
p_f001_cmp4_n0      =  -2.01075e-06
p_f001_cmp4_p5      =  -1.38576e-06
p_f001_cmp4_n5      =  3.60000e+00
p_f001_cmp3_p0      =  -4.00977e-06
p_f001_cmp3_n0      =  -4.13426e-06
p_f001_cmp3_p5      =  3.60000e+00
p_f001_cmp3_n5      =  -1.69459e-06
p_f001_cmp2_p0      =  -3.99139e-06
p_f001_cmp2_n0      =  -4.11532e-06
p_f001_cmp2_p5      =  3.60000e+00
p_f001_cmp2_n5      =  -1.69235e-06
p_f001_cmp1_p0      =  -1.93032e-06
p_f001_cmp1_n0      =  -1.98301e-06
p_f001_cmp1_p5      =  -1.38522e-06
p_f001_cmp1_n5      =  3.60000e+00
p_f001_cmp0_p0      =  -4.06414e-06
p_f001_cmp0_n0      =  -4.18787e-06
p_f001_cmp0_p5      =  3.60000e+00
p_f001_cmp0_n5      =  -1.69557e-06
p_f001_dctrl7_p     =  3.60001e+00
p_f001_dctrl7_n     =  3.33826e-01
p_f001_dctrl6_p     =  3.57237e+00
p_f001_dctrl6_n     =  1.49515e-06
p_f001_dctrl5_p     =  3.59977e+00
p_f001_dctrl5_n     =  -1.11140e-06
p_f001_dctrl4_p     =  -1.01731e-07
p_f001_dctrl4_n     =  3.59999e+00
p_f001_dctrl3_p     =  3.59999e+00
p_f001_dctrl3_n     =  -1.73829e-08
p_f001_dctrl2_p     =  3.59999e+00
p_f001_dctrl2_n     =  -8.41118e-09
p_f001_dctrl1_p     =  -4.15642e-09
p_f001_dctrl1_n     =  3.59999e+00
p_f001_do7_drv_470  =  3.60000e+00
p_f001_do7_rx_470   =  3.60000e+00
p_f001_do6_drv_470  =  3.60000e+00
p_f001_do6_rx_470   =  3.60000e+00
p_f001_do5_drv_470  =  3.60000e+00
p_f001_do5_rx_470   =  3.60000e+00
p_f001_do4_drv_470  =  0.00000e+00
p_f001_do4_rx_470   =  1.42471e-268
p_f001_do3_drv_470  =  3.60000e+00
p_f001_do3_rx_470   =  3.60000e+00
p_f001_do2_drv_470  =  3.60000e+00
p_f001_do2_rx_470   =  3.60000e+00
p_f001_do1_drv_470  =  0.00000e+00
p_f001_do1_rx_470   =  1.42471e-268
p_f001_do0_drv_470  =  3.60000e+00
p_f001_do0_rx_470   =  3.60000e+00
p_f001_do7_drv_480  =  3.60000e+00
p_f001_do7_rx_480   =  3.60000e+00
p_f001_do6_drv_480  =  3.60000e+00
p_f001_do6_rx_480   =  3.60000e+00
p_f001_do5_drv_480  =  3.60000e+00
p_f001_do5_rx_480   =  3.60000e+00
p_f001_do4_drv_480  =  0.00000e+00
p_f001_do4_rx_480   =  5.00199e-297
p_f001_do3_drv_480  =  3.60000e+00
p_f001_do3_rx_480   =  3.60000e+00
p_f001_do2_drv_480  =  3.60000e+00
p_f001_do2_rx_480   =  3.60000e+00
p_f001_do1_drv_480  =  0.00000e+00
p_f001_do1_rx_480   =  5.00199e-297
p_f001_do0_drv_480  =  3.60000e+00
p_f001_do0_rx_480   =  3.60000e+00
p_f002_cmp7_p0      =  -1.77900e-06
p_f002_cmp7_n0      =  -1.83367e-06
p_f002_cmp7_p5      =  3.60000e+00
p_f002_cmp7_n5      =  -1.48362e-06
p_f002_cmp6_p0      =  -4.74820e-06
p_f002_cmp6_n0      =  -4.87087e-06
p_f002_cmp6_p5      =  3.60000e+00
p_f002_cmp6_n5      =  -1.74236e-06
p_f002_cmp5_p0      =  -1.95294e-06
p_f002_cmp5_n0      =  -2.01548e-06
p_f002_cmp5_p5      =  -1.42165e-06
p_f002_cmp5_n5      =  3.60000e+00
p_f002_cmp4_p0      =  -1.89116e-06
p_f002_cmp4_n0      =  -1.94961e-06
p_f002_cmp4_p5      =  -1.41792e-06
p_f002_cmp4_n5      =  3.60000e+00
p_f002_cmp3_p0      =  -4.73340e-06
p_f002_cmp3_n0      =  -4.84885e-06
p_f002_cmp3_p5      =  3.60000e+00
p_f002_cmp3_n5      =  -1.73347e-06
p_f002_cmp2_p0      =  -4.65545e-06
p_f002_cmp2_n0      =  -4.77800e-06
p_f002_cmp2_p5      =  -1.72692e-06
p_f002_cmp2_n5      =  3.60000e+00
p_f002_cmp1_p0      =  -1.86299e-06
p_f002_cmp1_n0      =  -1.91952e-06
p_f002_cmp1_p5      =  -1.41050e-06
p_f002_cmp1_n5      =  3.60000e+00
p_f002_cmp0_p0      =  -4.72830e-06
p_f002_cmp0_n0      =  -4.85083e-06
p_f002_cmp0_p5      =  3.60000e+00
p_f002_cmp0_n5      =  -1.72862e-06
p_f002_dctrl7_p     =  3.60001e+00
p_f002_dctrl7_n     =  3.34318e-01
p_f002_dctrl6_p     =  3.57230e+00
p_f002_dctrl6_n     =  6.66053e-07
p_f002_dctrl5_p     =  -8.60428e-07
p_f002_dctrl5_n     =  3.59977e+00
p_f002_dctrl4_p     =  -9.97071e-08
p_f002_dctrl4_n     =  3.59999e+00
p_f002_dctrl3_p     =  3.59999e+00
p_f002_dctrl3_n     =  -1.89443e-08
p_f002_dctrl2_p     =  -8.59810e-09
p_f002_dctrl2_n     =  3.59999e+00
p_f002_dctrl1_p     =  -4.18702e-09
p_f002_dctrl1_n     =  3.59999e+00
p_f002_do7_drv_470  =  3.60000e+00
p_f002_do7_rx_470   =  3.60000e+00
p_f002_do6_drv_470  =  3.60000e+00
p_f002_do6_rx_470   =  3.60000e+00
p_f002_do5_drv_470  =  0.00000e+00
p_f002_do5_rx_470   =  1.57002e-268
p_f002_do4_drv_470  =  0.00000e+00
p_f002_do4_rx_470   =  4.08882e-312
p_f002_do3_drv_470  =  3.60000e+00
p_f002_do3_rx_470   =  3.60000e+00
p_f002_do2_drv_470  =  0.00000e+00
p_f002_do2_rx_470   =  1.57002e-268
p_f002_do1_drv_470  =  0.00000e+00
p_f002_do1_rx_470   =  4.08882e-312
p_f002_do0_drv_470  =  3.60000e+00
p_f002_do0_rx_470   =  3.60000e+00
p_f002_do7_drv_480  =  3.60000e+00
p_f002_do7_rx_480   =  3.60000e+00
p_f002_do6_drv_480  =  3.60000e+00
p_f002_do6_rx_480   =  3.60000e+00
p_f002_do5_drv_480  =  0.00000e+00
p_f002_do5_rx_480   =  5.51216e-297
p_f002_do4_drv_480  =  0.00000e+00
p_f002_do4_rx_480   =  4.08882e-312
p_f002_do3_drv_480  =  3.60000e+00
p_f002_do3_rx_480   =  3.60000e+00
p_f002_do2_drv_480  =  0.00000e+00
p_f002_do2_rx_480   =  5.51216e-297
p_f002_do1_drv_480  =  0.00000e+00
p_f002_do1_rx_480   =  4.08882e-312
p_f002_do0_drv_480  =  3.60000e+00
p_f002_do0_rx_480   =  3.60000e+00
p_f003_cmp7_p0      =  -1.66838e-06
p_f003_cmp7_n0      =  -1.72254e-06
p_f003_cmp7_p5      =  3.60000e+00
p_f003_cmp7_n5      =  -1.49213e-06
p_f003_cmp6_p0      =  -5.09890e-06
p_f003_cmp6_n0      =  -5.21474e-06
p_f003_cmp6_p5      =  -1.76120e-06
p_f003_cmp6_n5      =  3.60000e+00
p_f003_cmp5_p0      =  -1.94826e-06
p_f003_cmp5_n0      =  -2.01189e-06
p_f003_cmp5_p5      =  -1.42702e-06
p_f003_cmp5_n5      =  3.60000e+00
p_f003_cmp4_p0      =  -1.88604e-06
p_f003_cmp4_n0      =  -1.94658e-06
p_f003_cmp4_p5      =  -1.42837e-06
p_f003_cmp4_n5      =  3.60000e+00
p_f003_cmp3_p0      =  -4.99769e-06
p_f003_cmp3_n0      =  -5.14198e-06
p_f003_cmp3_p5      =  -1.73556e-06
p_f003_cmp3_n5      =  3.60000e+00
p_f003_cmp2_p0      =  -4.80296e-06
p_f003_cmp2_n0      =  -4.92532e-06
p_f003_cmp2_p5      =  -1.73053e-06
p_f003_cmp2_n5      =  3.60000e+00
p_f003_cmp1_p0      =  -1.84884e-06
p_f003_cmp1_n0      =  -1.90598e-06
p_f003_cmp1_p5      =  3.60000e+00
p_f003_cmp1_n5      =  -1.41864e-06
p_f003_cmp0_p0      =  -4.87587e-06
p_f003_cmp0_n0      =  -4.99812e-06
p_f003_cmp0_p5      =  3.60000e+00
p_f003_cmp0_n5      =  -1.73541e-06
p_f003_dctrl7_p     =  3.60002e+00
p_f003_dctrl7_n     =  3.34423e-01
p_f003_dctrl6_p     =  1.91497e-05
p_f003_dctrl6_n     =  3.57227e+00
p_f003_dctrl5_p     =  -8.77472e-07
p_f003_dctrl5_n     =  3.59977e+00
p_f003_dctrl4_p     =  -9.10631e-08
p_f003_dctrl4_n     =  3.59999e+00
p_f003_dctrl3_p     =  -1.82157e-08
p_f003_dctrl3_n     =  3.59999e+00
p_f003_dctrl2_p     =  -8.92608e-09
p_f003_dctrl2_n     =  3.59999e+00
p_f003_dctrl1_p     =  3.59999e+00
p_f003_dctrl1_n     =  -4.04122e-09
p_f003_do7_drv_470  =  3.60000e+00
p_f003_do7_rx_470   =  3.60000e+00
p_f003_do6_drv_470  =  0.00000e+00
p_f003_do6_rx_470   =  1.53919e-268
p_f003_do5_drv_470  =  0.00000e+00
p_f003_do5_rx_470   =  4.08882e-312
p_f003_do4_drv_470  =  0.00000e+00
p_f003_do4_rx_470   =  4.08882e-312
p_f003_do3_drv_470  =  0.00000e+00
p_f003_do3_rx_470   =  1.53919e-268
p_f003_do2_drv_470  =  0.00000e+00
p_f003_do2_rx_470   =  4.08882e-312
p_f003_do1_drv_470  =  3.60000e+00
p_f003_do1_rx_470   =  3.60000e+00
p_f003_do0_drv_470  =  3.60000e+00
p_f003_do0_rx_470   =  3.60000e+00
p_f003_do7_drv_480  =  3.60000e+00
p_f003_do7_rx_480   =  3.60000e+00
p_f003_do6_drv_480  =  0.00000e+00
p_f003_do6_rx_480   =  5.40390e-297
p_f003_do5_drv_480  =  0.00000e+00
p_f003_do5_rx_480   =  4.08882e-312
p_f003_do4_drv_480  =  0.00000e+00
p_f003_do4_rx_480   =  4.08882e-312
p_f003_do3_drv_480  =  0.00000e+00
p_f003_do3_rx_480   =  5.40390e-297
p_f003_do2_drv_480  =  0.00000e+00
p_f003_do2_rx_480   =  4.08882e-312
p_f003_do1_drv_480  =  3.60000e+00
p_f003_do1_rx_480   =  3.60000e+00
p_f003_do0_drv_480  =  3.60000e+00
p_f003_do0_rx_480   =  3.60000e+00
p_f064_cmp7_p0      =  -1.72917e-06
p_f064_cmp7_n0      =  -1.78630e-06
p_f064_cmp7_p5      =  3.60000e+00
p_f064_cmp7_n5      =  -1.51057e-06
p_f064_cmp6_p0      =  -5.21047e-06
p_f064_cmp6_n0      =  -5.31890e-06
p_f064_cmp6_p5      =  3.60000e+00
p_f064_cmp6_n5      =  -1.77966e-06
p_f064_cmp5_p0      =  -1.91925e-06
p_f064_cmp5_n0      =  -1.97739e-06
p_f064_cmp5_p5      =  -1.41397e-06
p_f064_cmp5_n5      =  3.60000e+00
p_f064_cmp4_p0      =  -1.85095e-06
p_f064_cmp4_n0      =  -1.90933e-06
p_f064_cmp4_p5      =  3.60000e+00
p_f064_cmp4_n5      =  -1.44190e-06
p_f064_cmp3_p0      =  -4.58347e-06
p_f064_cmp3_n0      =  -4.70631e-06
p_f064_cmp3_p5      =  3.60000e+00
p_f064_cmp3_n5      =  -1.72654e-06
p_f064_cmp2_p0      =  -5.17193e-06
p_f064_cmp2_n0      =  -5.29368e-06
p_f064_cmp2_p5      =  3.60000e+00
p_f064_cmp2_n5      =  -1.75239e-06
p_f064_cmp1_p0      =  -1.84799e-06
p_f064_cmp1_n0      =  -1.90537e-06
p_f064_cmp1_p5      =  -1.40935e-06
p_f064_cmp1_n5      =  3.60000e+00
p_f064_cmp0_p0      =  -4.58068e-06
p_f064_cmp0_n0      =  -4.70350e-06
p_f064_cmp0_p5      =  3.60000e+00
p_f064_cmp0_n5      =  -1.72326e-06
p_f064_dctrl7_p     =  3.60001e+00
p_f064_dctrl7_n     =  3.34483e-01
p_f064_dctrl6_p     =  3.57225e+00
p_f064_dctrl6_n     =  1.18845e-06
p_f064_dctrl5_p     =  -9.79215e-07
p_f064_dctrl5_n     =  3.59977e+00
p_f064_dctrl4_p     =  3.59999e+00
p_f064_dctrl4_n     =  -8.10868e-08
p_f064_dctrl3_p     =  3.59999e+00
p_f064_dctrl3_n     =  -1.73796e-08
p_f064_dctrl2_p     =  3.59999e+00
p_f064_dctrl2_n     =  -8.33769e-09
p_f064_dctrl1_p     =  -4.22987e-09
p_f064_dctrl1_n     =  3.59999e+00
p_f064_do7_drv_470  =  3.60000e+00
p_f064_do7_rx_470   =  3.60000e+00
p_f064_do6_drv_470  =  3.60000e+00
p_f064_do6_rx_470   =  3.60000e+00
p_f064_do5_drv_470  =  0.00000e+00
p_f064_do5_rx_470   =  1.55120e-268
p_f064_do4_drv_470  =  3.60000e+00
p_f064_do4_rx_470   =  3.60000e+00
p_f064_do3_drv_470  =  3.60000e+00
p_f064_do3_rx_470   =  3.60000e+00
p_f064_do2_drv_470  =  3.60000e+00
p_f064_do2_rx_470   =  3.60000e+00
p_f064_do1_drv_470  =  0.00000e+00
p_f064_do1_rx_470   =  1.55120e-268
p_f064_do0_drv_470  =  3.60000e+00
p_f064_do0_rx_470   =  3.60000e+00
p_f064_do7_drv_480  =  3.60000e+00
p_f064_do7_rx_480   =  3.60000e+00
p_f064_do6_drv_480  =  3.60000e+00
p_f064_do6_rx_480   =  3.60000e+00
p_f064_do5_drv_480  =  0.00000e+00
p_f064_do5_rx_480   =  5.44606e-297
p_f064_do4_drv_480  =  3.60000e+00
p_f064_do4_rx_480   =  3.60000e+00
p_f064_do3_drv_480  =  3.60000e+00
p_f064_do3_rx_480   =  3.60000e+00
p_f064_do2_drv_480  =  3.60000e+00
p_f064_do2_rx_480   =  3.60000e+00
p_f064_do1_drv_480  =  0.00000e+00
p_f064_do1_rx_480   =  5.44606e-297
p_f064_do0_drv_480  =  3.60000e+00
p_f064_do0_rx_480   =  3.60000e+00
p_f065_cmp7_p0      =  -1.85370e-06
p_f065_cmp7_n0      =  -1.90572e-06
p_f065_cmp7_p5      =  3.60000e+00
p_f065_cmp7_n5      =  -1.48173e-06
p_f065_cmp6_p0      =  -4.39463e-06
p_f065_cmp6_n0      =  -4.51838e-06
p_f065_cmp6_p5      =  3.60000e+00
p_f065_cmp6_n5      =  -1.72611e-06
p_f065_cmp5_p0      =  -2.04739e-06
p_f065_cmp5_n0      =  -2.09503e-06
p_f065_cmp5_p5      =  3.60000e+00
p_f065_cmp5_n5      =  -1.37697e-06
p_f065_cmp4_p0      =  -1.92545e-06
p_f065_cmp4_n0      =  -1.98092e-06
p_f065_cmp4_p5      =  -1.39882e-06
p_f065_cmp4_n5      =  3.60000e+00
p_f065_cmp3_p0      =  -3.70019e-06
p_f065_cmp3_n0      =  -3.82594e-06
p_f065_cmp3_p5      =  3.60000e+00
p_f065_cmp3_n5      =  -1.68370e-06
p_f065_cmp2_p0      =  -4.28652e-06
p_f065_cmp2_n0      =  -4.40994e-06
p_f065_cmp2_p5      =  3.60000e+00
p_f065_cmp2_n5      =  -1.70781e-06
p_f065_cmp1_p0      =  -1.93782e-06
p_f065_cmp1_n0      =  -1.99007e-06
p_f065_cmp1_p5      =  -1.38197e-06
p_f065_cmp1_n5      =  3.60000e+00
p_f065_cmp0_p0      =  -3.69517e-06
p_f065_cmp0_n0      =  -3.81954e-06
p_f065_cmp0_p5      =  3.60000e+00
p_f065_cmp0_n5      =  -1.71251e-06
p_f065_dctrl7_p     =  3.60001e+00
p_f065_dctrl7_n     =  3.33826e-01
p_f065_dctrl6_p     =  3.57235e+00
p_f065_dctrl6_n     =  1.49262e-06
p_f065_dctrl5_p     =  3.59977e+00
p_f065_dctrl5_n     =  -1.11131e-06
p_f065_dctrl4_p     =  -1.01784e-07
p_f065_dctrl4_n     =  3.59999e+00
p_f065_dctrl3_p     =  3.59999e+00
p_f065_dctrl3_n     =  -1.73084e-08
p_f065_dctrl2_p     =  3.59999e+00
p_f065_dctrl2_n     =  -8.39155e-09
p_f065_dctrl1_p     =  -4.14017e-09
p_f065_dctrl1_n     =  3.59999e+00
p_f065_do7_drv_470  =  3.60000e+00
p_f065_do7_rx_470   =  3.60000e+00
p_f065_do6_drv_470  =  3.60000e+00
p_f065_do6_rx_470   =  3.60000e+00
p_f065_do5_drv_470  =  3.60000e+00
p_f065_do5_rx_470   =  3.60000e+00
p_f065_do4_drv_470  =  0.00000e+00
p_f065_do4_rx_470   =  1.43097e-268
p_f065_do3_drv_470  =  3.60000e+00
p_f065_do3_rx_470   =  3.60000e+00
p_f065_do2_drv_470  =  3.60000e+00
p_f065_do2_rx_470   =  3.60000e+00
p_f065_do1_drv_470  =  0.00000e+00
p_f065_do1_rx_470   =  4.08882e-312
p_f065_do0_drv_470  =  3.60000e+00
p_f065_do0_rx_470   =  3.60000e+00
p_f065_do7_drv_480  =  3.60000e+00
p_f065_do7_rx_480   =  3.60000e+00
p_f065_do6_drv_480  =  3.60000e+00
p_f065_do6_rx_480   =  3.60000e+00
p_f065_do5_drv_480  =  3.60000e+00
p_f065_do5_rx_480   =  3.60000e+00
p_f065_do4_drv_480  =  0.00000e+00
p_f065_do4_rx_480   =  5.02398e-297
p_f065_do3_drv_480  =  3.60000e+00
p_f065_do3_rx_480   =  3.60000e+00
p_f065_do2_drv_480  =  3.60000e+00
p_f065_do2_rx_480   =  3.60000e+00
p_f065_do1_drv_480  =  0.00000e+00
p_f065_do1_rx_480   =  4.08882e-312
p_f065_do0_drv_480  =  3.60000e+00
p_f065_do0_rx_480   =  3.60000e+00
p_f066_cmp7_p0      =  -1.75086e-06
p_f066_cmp7_n0      =  -1.80740e-06
p_f066_cmp7_p5      =  3.60000e+00
p_f066_cmp7_n5      =  -1.49799e-06
p_f066_cmp6_p0      =  -5.04193e-06
p_f066_cmp6_n0      =  -5.16391e-06
p_f066_cmp6_p5      =  3.60000e+00
p_f066_cmp6_n5      =  -1.75671e-06
p_f066_cmp5_p0      =  -1.97957e-06
p_f066_cmp5_n0      =  -2.04151e-06
p_f066_cmp5_p5      =  -1.41233e-06
p_f066_cmp5_n5      =  3.60000e+00
p_f066_cmp4_p0      =  -1.85959e-06
p_f066_cmp4_n0      =  -1.91947e-06
p_f066_cmp4_p5      =  -1.43095e-06
p_f066_cmp4_n5      =  3.60000e+00
p_f066_cmp3_p0      =  -4.35940e-06
p_f066_cmp3_n0      =  -4.48206e-06
p_f066_cmp3_p5      =  3.60000e+00
p_f066_cmp3_n5      =  -1.71348e-06
p_f066_cmp2_p0      =  -4.89461e-06
p_f066_cmp2_n0      =  -5.00943e-06
p_f066_cmp2_p5      =  -1.74875e-06
p_f066_cmp2_n5      =  3.60000e+00
p_f066_cmp1_p0      =  -1.87047e-06
p_f066_cmp1_n0      =  -1.92658e-06
p_f066_cmp1_p5      =  -1.40858e-06
p_f066_cmp1_n5      =  3.60000e+00
p_f066_cmp0_p0      =  -4.35928e-06
p_f066_cmp0_n0      =  -4.48250e-06
p_f066_cmp0_p5      =  3.60000e+00
p_f066_cmp0_n5      =  -1.71150e-06
p_f066_dctrl7_p     =  3.60001e+00
p_f066_dctrl7_n     =  3.34317e-01
p_f066_dctrl6_p     =  3.57227e+00
p_f066_dctrl6_n     =  6.69094e-07
p_f066_dctrl5_p     =  -8.59814e-07
p_f066_dctrl5_n     =  3.59977e+00
p_f066_dctrl4_p     =  -9.99212e-08
p_f066_dctrl4_n     =  3.59999e+00
p_f066_dctrl3_p     =  3.59999e+00
p_f066_dctrl3_n     =  -1.90063e-08
p_f066_dctrl2_p     =  -8.55710e-09
p_f066_dctrl2_n     =  3.59999e+00
p_f066_dctrl1_p     =  -4.21064e-09
p_f066_dctrl1_n     =  3.59999e+00
p_f066_do7_drv_470  =  3.60000e+00
p_f066_do7_rx_470   =  3.60000e+00
p_f066_do6_drv_470  =  3.60000e+00
p_f066_do6_rx_470   =  3.60000e+00
p_f066_do5_drv_470  =  0.00000e+00
p_f066_do5_rx_470   =  1.57048e-268
p_f066_do4_drv_470  =  0.00000e+00
p_f066_do4_rx_470   =  4.08882e-312
p_f066_do3_drv_470  =  3.60000e+00
p_f066_do3_rx_470   =  3.60000e+00
p_f066_do2_drv_470  =  0.00000e+00
p_f066_do2_rx_470   =  1.57048e-268
p_f066_do1_drv_470  =  0.00000e+00
p_f066_do1_rx_470   =  4.08882e-312
p_f066_do0_drv_470  =  3.60000e+00
p_f066_do0_rx_470   =  3.60000e+00
p_f066_do7_drv_480  =  3.60000e+00
p_f066_do7_rx_480   =  3.60000e+00
p_f066_do6_drv_480  =  3.60000e+00
p_f066_do6_rx_480   =  3.60000e+00
p_f066_do5_drv_480  =  0.00000e+00
p_f066_do5_rx_480   =  5.51375e-297
p_f066_do4_drv_480  =  0.00000e+00
p_f066_do4_rx_480   =  4.08882e-312
p_f066_do3_drv_480  =  3.60000e+00
p_f066_do3_rx_480   =  3.60000e+00
p_f066_do2_drv_480  =  0.00000e+00
p_f066_do2_rx_480   =  5.51375e-297
p_f066_do1_drv_480  =  0.00000e+00
p_f066_do1_rx_480   =  4.08882e-312
p_f066_do0_drv_480  =  3.60000e+00
p_f066_do0_rx_480   =  3.60000e+00
p_f067_cmp7_p0      =  -1.64720e-06
p_f067_cmp7_n0      =  -1.70328e-06
p_f067_cmp7_p5      =  3.60000e+00
p_f067_cmp7_n5      =  -1.50688e-06
p_f067_cmp6_p0      =  -5.20479e-06
p_f067_cmp6_n0      =  -5.32772e-06
p_f067_cmp6_p5      =  -1.76737e-06
p_f067_cmp6_n5      =  3.60000e+00
p_f067_cmp5_p0      =  -1.97453e-06
p_f067_cmp5_n0      =  -2.03756e-06
p_f067_cmp5_p5      =  -1.41777e-06
p_f067_cmp5_n5      =  3.60000e+00
p_f067_cmp4_p0      =  -1.85353e-06
p_f067_cmp4_n0      =  -1.91521e-06
p_f067_cmp4_p5      =  -1.44183e-06
p_f067_cmp4_n5      =  3.60000e+00
p_f067_cmp3_p0      =  -4.50918e-06
p_f067_cmp3_n0      =  -4.63199e-06
p_f067_cmp3_p5      =  -1.72161e-06
p_f067_cmp3_n5      =  3.60000e+00
p_f067_cmp2_p0      =  -5.09805e-06
p_f067_cmp2_n0      =  -5.21990e-06
p_f067_cmp2_p5      =  -1.74456e-06
p_f067_cmp2_n5      =  3.60000e+00
p_f067_cmp1_p0      =  -1.85633e-06
p_f067_cmp1_n0      =  -1.91301e-06
p_f067_cmp1_p5      =  3.60000e+00
p_f067_cmp1_n5      =  -1.41517e-06
p_f067_cmp0_p0      =  -4.50690e-06
p_f067_cmp0_n0      =  -4.62982e-06
p_f067_cmp0_p5      =  3.60000e+00
p_f067_cmp0_n5      =  -1.71713e-06
p_f067_dctrl7_p     =  3.60002e+00
p_f067_dctrl7_n     =  3.34426e-01
p_f067_dctrl6_p     =  1.91659e-05
p_f067_dctrl6_n     =  3.57224e+00
p_f067_dctrl5_p     =  -8.77570e-07
p_f067_dctrl5_n     =  3.59977e+00
p_f067_dctrl4_p     =  -9.07855e-08
p_f067_dctrl4_n     =  3.59999e+00
p_f067_dctrl3_p     =  -1.82122e-08
p_f067_dctrl3_n     =  3.59999e+00
p_f067_dctrl2_p     =  -8.89544e-09
p_f067_dctrl2_n     =  3.59999e+00
p_f067_dctrl1_p     =  3.59999e+00
p_f067_dctrl1_n     =  -4.04553e-09
p_f067_do7_drv_470  =  3.60000e+00
p_f067_do7_rx_470   =  3.60000e+00
p_f067_do6_drv_470  =  0.00000e+00
p_f067_do6_rx_470   =  1.53914e-268
p_f067_do5_drv_470  =  0.00000e+00
p_f067_do5_rx_470   =  4.08882e-312
p_f067_do4_drv_470  =  0.00000e+00
p_f067_do4_rx_470   =  4.08882e-312
p_f067_do3_drv_470  =  0.00000e+00
p_f067_do3_rx_470   =  1.53914e-268
p_f067_do2_drv_470  =  0.00000e+00
p_f067_do2_rx_470   =  4.08882e-312
p_f067_do1_drv_470  =  3.60000e+00
p_f067_do1_rx_470   =  3.60000e+00
p_f067_do0_drv_470  =  3.60000e+00
p_f067_do0_rx_470   =  3.60000e+00
p_f067_do7_drv_480  =  3.60000e+00
p_f067_do7_rx_480   =  3.60000e+00
p_f067_do6_drv_480  =  0.00000e+00
p_f067_do6_rx_480   =  5.40372e-297
p_f067_do5_drv_480  =  0.00000e+00
p_f067_do5_rx_480   =  4.08882e-312
p_f067_do4_drv_480  =  0.00000e+00
p_f067_do4_rx_480   =  4.08882e-312
p_f067_do3_drv_480  =  0.00000e+00
p_f067_do3_rx_480   =  5.40372e-297
p_f067_do2_drv_480  =  0.00000e+00
p_f067_do2_rx_480   =  4.08882e-312
p_f067_do1_drv_480  =  3.60000e+00
p_f067_do1_rx_480   =  3.60000e+00
p_f067_do0_drv_480  =  3.60000e+00
p_f067_do0_rx_480   =  3.60000e+00
ngspice-46 done
