
Note: Compatibility modes selected: hs a

Warning: m=xx on .subckt line will override multiplier m hierarchy!


Circuit: * a44 actual analog core with fixed tt timed behavioral sar control.

Reducing trtol to 1 for xspice 'A' devices
Doing analysis at TEMP = 27.000000 and TNOM = 27.000000

Using SPARSE 1.3 as Direct Linear Solver

Initial Transient Solution
--------------------------

Node                                   Voltage
----                                   -------
vdd                                        3.3
vrefp_src                                  2.5
vrefp                                      2.5
vrefp_cap                                  2.5
vrefn_src                                  0.8
vrefn                                      0.8
vrefn_cap                                  0.8
vinp_src                              0.798345
vinn_src                               2.50166
vinp                                  0.798345
vinn                                   2.50166
clks_src                                     0
clks                                         0
xcore.xcdacp.vbot1                         2.5
dctrlp1                                      0
vresp                                0.0113845
xcore.xcdacp.vbot2                         2.5
dctrlp2                                      0
xcore.xcdacp.vbot3                         2.5
dctrlp3                                      0
xcore.xcdacp.vbot4                         2.5
dctrlp4                                      0
xcore.xcdacp.vbot5                         2.5
dctrlp5                                      0
xcore.xcdacp.vbot6                         2.5
dctrlp6                                      0
xcore.xcdacp.vbot7                         2.5
dctrlp7                                      0
xcore.xcdacp.x1.clksb                      3.3
xcore.xcdacp.x1.net2               1.28146e-10
xcore.xcdacp.x1.net1                       3.3
xcore.xcdacp.x1.bottom_gate        6.14473e-09
xcore.xcdacp.x1.net4               3.06728e-09
xcore.xcdacp.x1.net3                       3.3
xcore.xcdacn.vbot1                         2.5
dctrln1                                      0
vresn                                0.0136817
xcore.xcdacn.vbot2                         2.5
dctrln2                                      0
xcore.xcdacn.vbot3                         2.5
dctrln3                                      0
xcore.xcdacn.vbot4                         2.5
dctrln4                                      0
xcore.xcdacn.vbot5                         2.5
dctrln5                                      0
xcore.xcdacn.vbot6                         2.5
dctrln6                                      0
xcore.xcdacn.vbot7                         2.5
dctrln7                                      0
xcore.xcdacn.x1.clksb                      3.3
xcore.xcdacn.x1.net2               1.58898e-10
xcore.xcdacn.x1.net1                       3.3
xcore.xcdacn.x1.bottom_gate        6.16329e-09
xcore.xcdacn.x1.net4               3.10703e-09
xcore.xcdacn.x1.net3                       3.3
xcore.xcmp.net1                      0.0780222
cmpck                                        0
xcore.xcmp.xp                              3.3
xcore.xcmp.xn                              3.3
xcore.xcmp.ln                              3.3
xcore.xcmp.lp                              3.3
dcmpn                              3.63813e-09
dcmpp                               3.6375e-09
sampled_diff                       -0.00229722
input_diff                            -1.70331
cmpck_drv                                    0
dctrlp7_drv                                  0
dctrlp6_drv                                  0
dctrlp5_drv                                  0
dctrlp4_drv                                  0
dctrlp3_drv                                  0
dctrlp2_drv                                  0
dctrlp1_drv                                  0
dctrln7_drv                                  0
dctrln6_drv                                  0
dctrln5_drv                                  0
dctrln4_drv                                  0
dctrln3_drv                                  0
dctrln2_drv                                  0
dctrln1_drv                                  0
dout7_drv                                    0
dout6_drv                                    0
dout5_drv                                    0
dout4_drv                                    0
dout3_drv                                    0
dout2_drv                                    0
dout1_drv                                    0
dout0_drv                                    0
eoc                                          0
invalid0                                     0
timeout0                                     0
complete                                     0
dout7_rx                                     0
dout6_rx                                     0
dout5_rx                                     0
dout4_rx                                     0
dout3_rx                                     0
dout2_rx                                     0
dout1_rx                                     0
dout0_rx                                     0
e_input_diff#branch                1.70331e-12
e_sample_diff#branch               2.29722e-15
vclks_id#branch                              0
vvinn_id#branch                   -4.02575e-11
vvinp_id#branch                    -1.2924e-11
vvrefn_id#branch                  -4.20154e-10
vvrefp_id#branch                  -6.05482e-10
vvdd#branch                       -1.08363e-09
a_status#branch_1_0                          0
a_status#branch_1_1                          0
a_status#branch_1_2                          0
a_status#branch_1_3                          0
a_dout#branch_1_0                            0
a_dout#branch_1_1                            0
a_dout#branch_1_2                            0
a_dout#branch_1_3                            0
a_dout#branch_1_4                            0
a_dout#branch_1_5                            0
a_dout#branch_1_6                            0
a_dout#branch_1_7                            0
a_dctrln#branch_1_0                          0
a_dctrln#branch_1_1                          0
a_dctrln#branch_1_2                          0
a_dctrln#branch_1_3                          0
a_dctrln#branch_1_4                          0
a_dctrln#branch_1_5                          0
a_dctrln#branch_1_6                          0
a_dctrlp#branch_1_0                          0
a_dctrlp#branch_1_1                          0
a_dctrlp#branch_1_2                          0
a_dctrlp#branch_1_3                          0
a_dctrlp#branch_1_4                          0
a_dctrlp#branch_1_5                          0
a_dctrlp#branch_1_6                          0
a_cmpck#branch_1_0                           0


Instance: abeh   Message: WARNING: output scheduled with impossible delay (-4.01e-12) at 5.01e-12/0.

Instance: abeh   Message: XSPICE time is behind vtime:
XSPICE 2.004944144872617e-07
Cosim  2.00535e-07

Instance: abeh   Message: XSPICE time is behind vtime:
XSPICE 5.503482144246578e-07
Cosim  5.503483346862238e-07

Instance: abeh   Message: XSPICE time is behind vtime:
XSPICE 7.004934139910166e-07
Cosim  7.00534e-07

Instance: abeh   Message: XSPICE time is behind vtime:
XSPICE 1.050346040685553e-06
Cosim  1.050346087946155e-06

Instance: abeh   Message: XSPICE time is behind vtime:
XSPICE 1.550348200931799e-06
Cosim  1.550348321171989e-06

Instance: abeh   Message: XSPICE time is behind vtime:
XSPICE 2.050348160855676e-06
Cosim  2.050348281274008e-06

Instance: abeh   Message: XSPICE time is behind vtime:
XSPICE 2.550348200767487e-06
Cosim  2.550348320943313e-06

Instance: abeh   Message: XSPICE time is behind vtime:
XSPICE 3.05034619260522e-06
Cosim  3.050346253079481e-06

Instance: abeh   Message: XSPICE time is behind vtime:
XSPICE 3.550348200261516e-06
Cosim  3.550348320394472e-06

Instance: abeh   Message: XSPICE time is behind vtime:
XSPICE 4.050346388118869e-06
Cosim  4.050346451073274e-06

Instance: abeh   Message: XSPICE time is behind vtime:
XSPICE 4.200492110325468e-06
Cosim  4.200536e-06

Instance: abeh   Message: XSPICE time is behind vtime:
XSPICE 4.550348212916412e-06
Cosim  4.550348332937294e-06

Instance: abeh   Message: XSPICE time is behind vtime:
XSPICE 4.700486120214662e-06
Cosim  4.70053e-06

No. of Data Rows : 122078
f000_d7             =  0.00000e+00
f000_d6             =  0.00000e+00
f000_d5             =  0.00000e+00
f000_d4             =  0.00000e+00
f000_d3             =  0.00000e+00
f000_d2             =  0.00000e+00
f000_d1             =  0.00000e+00
f000_d0             =  0.00000e+00
f000_complete       =  3.30000e+00
f000_invalid        =  0.00000e+00
f000_timeout        =  0.00000e+00
f000_sampled        =  -1.70331e+00
f000_input          =  -1.70331e+00
f000_tcomplete      =  3.75485e-07
f001_d7             =  0.00000e+00
f001_d6             =  0.00000e+00
f001_d5             =  0.00000e+00
f001_d4             =  0.00000e+00
f001_d3             =  0.00000e+00
f001_d2             =  0.00000e+00
f001_d1             =  0.00000e+00
f001_d0             =  0.00000e+00
f001_complete       =  3.30000e+00
f001_invalid        =  0.00000e+00
f001_timeout        =  0.00000e+00
f001_sampled        =  -1.70331e+00
f001_input          =  -1.70331e+00
f001_tcomplete      =  8.75484e-07
f002_d7             =  0.00000e+00
f002_d6             =  0.00000e+00
f002_d5             =  3.30000e+00
f002_d4             =  3.30000e+00
f002_d3             =  3.30000e+00
f002_d2             =  3.30000e+00
f002_d1             =  3.30000e+00
f002_d0             =  3.30000e+00
f002_complete       =  3.30000e+00
f002_invalid        =  0.00000e+00
f002_timeout        =  0.00000e+00
f002_sampled        =  -8.73232e-01
f002_input          =  -8.73232e-01
f002_tcomplete      =  1.37548e-06
f003_d7             =  0.00000e+00
f003_d6             =  0.00000e+00
f003_d5             =  3.30000e+00
f003_d4             =  3.30000e+00
f003_d3             =  3.30000e+00
f003_d2             =  3.30000e+00
f003_d1             =  3.30000e+00
f003_d0             =  3.30000e+00
f003_complete       =  3.30000e+00
f003_invalid        =  0.00000e+00
f003_timeout        =  0.00000e+00
f003_sampled        =  -8.73232e-01
f003_input          =  -8.73232e-01
f003_tcomplete      =  1.87548e-06
f004_d7             =  3.30000e+00
f004_d6             =  0.00000e+00
f004_d5             =  7.40844e-297
f004_d4             =  7.40844e-297
f004_d3             =  7.40844e-297
f004_d2             =  7.40844e-297
f004_d1             =  7.40844e-297
f004_d0             =  7.40844e-297
f004_complete       =  3.30000e+00
f004_invalid        =  0.00000e+00
f004_timeout        =  0.00000e+00
f004_sampled        =  -1.65916e-02
f004_input          =  -1.65916e-02
f004_tcomplete      =  2.37548e-06
f005_d7             =  3.30000e+00
f005_d6             =  0.00000e+00
f005_d5             =  4.08882e-312
f005_d4             =  4.08882e-312
f005_d3             =  4.08882e-312
f005_d2             =  4.08882e-312
f005_d1             =  4.08882e-312
f005_d0             =  4.08882e-312
f005_complete       =  3.30000e+00
f005_invalid        =  0.00000e+00
f005_timeout        =  0.00000e+00
f005_sampled        =  -1.65916e-02
f005_input          =  -1.65916e-02
f005_tcomplete      =  2.87548e-06
f006_d7             =  3.30000e+00
f006_d6             =  0.00000e+00
f006_d5             =  3.30000e+00
f006_d4             =  3.30000e+00
f006_d3             =  3.30000e+00
f006_d2             =  3.30000e+00
f006_d1             =  3.30000e+00
f006_d0             =  4.08882e-312
f006_complete       =  3.30000e+00
f006_invalid        =  0.00000e+00
f006_timeout        =  0.00000e+00
f006_sampled        =  8.16807e-01
f006_input          =  8.16807e-01
f006_tcomplete      =  3.37548e-06
f007_d7             =  3.30000e+00
f007_d6             =  0.00000e+00
f007_d5             =  3.30000e+00
f007_d4             =  3.30000e+00
f007_d3             =  3.30000e+00
f007_d2             =  3.30000e+00
f007_d1             =  3.30000e+00
f007_d0             =  4.08882e-312
f007_complete       =  3.30000e+00
f007_invalid        =  0.00000e+00
f007_timeout        =  0.00000e+00
f007_sampled        =  8.16807e-01
f007_input          =  8.16807e-01
f007_tcomplete      =  3.87549e-06
f008_d7             =  3.30000e+00
f008_d6             =  3.30000e+00
f008_d5             =  3.30000e+00
f008_d4             =  3.30000e+00
f008_d3             =  3.30000e+00
f008_d2             =  3.30000e+00
f008_d1             =  3.30000e+00
f008_d0             =  3.30000e+00
f008_complete       =  3.30000e+00
f008_invalid        =  0.00000e+00
f008_timeout        =  0.00000e+00
f008_sampled        =  1.67013e+00
f008_input          =  1.67013e+00
f008_tcomplete      =  4.37549e-06
f009_d7             =  3.30000e+00
f009_d6             =  3.30000e+00
f009_d5             =  3.30000e+00
f009_d4             =  3.30000e+00
f009_d3             =  3.30000e+00
f009_d2             =  3.30000e+00
f009_d1             =  3.30000e+00
f009_d0             =  3.30000e+00
f009_complete       =  3.30000e+00
f009_invalid        =  0.00000e+00
f009_timeout        =  0.00000e+00
f009_sampled        =  1.67013e+00
f009_input          =  1.67013e+00
f009_tcomplete      =  4.87548e-06
ngspice-46 done
